make: Entering directory '/tmp/astra68-k6-04524898-soak-src/sw/boot'
rm -f *.elf *.bin *.map *.rom
rm -rf build
make -C ../kernel clean
make[1]: Entering directory '/tmp/astra68-k6-04524898-soak-src/sw/kernel'
rm -rf build astra_kernel.elf astra_kernel.bin astra_kernel.map
make[1]: Leaving directory '/tmp/astra68-k6-04524898-soak-src/sw/kernel'
make -C ../kernel all CROSS=m68k-linux-gnu- \
	KERNEL_VERSION=0.1.0-dev PANIC_SELFTEST=0 \
	SCHED_TRACE=0 SOAK_SELFTEST=1
make[1]: Entering directory '/tmp/astra68-k6-04524898-soak-src/sw/kernel'
mkdir -p build
python3 gen_build_info.py --version "0.1.0-dev" \
	--panic-selftest "0" \
	--sched-trace "0" \
	--soak-selftest "1" --output "build/kernel_build_info.h"
m68k-linux-gnu-gcc -I../include -Ibuild -include build/kernel_build_info.h -m68030 -msoft-float -std=gnu11 -Os -ffreestanding -fno-builtin -fno-common -fno-pic -fno-pie -fno-stack-protector -Wa,--noexecstack -Wall -Wextra -Werror -c -o build/entry.o entry.S
m68k-linux-gnu-gcc -I../include -Ibuild -include build/kernel_build_info.h -m68030 -msoft-float -std=gnu11 -Os -ffreestanding -fno-builtin -fno-common -fno-pic -fno-pie -fno-stack-protector -Wa,--noexecstack -Wall -Wextra -Werror -c -o build/vectors.o vectors.S
m68k-linux-gnu-gcc -I../include -Ibuild -include build/kernel_build_info.h -m68030 -msoft-float -std=gnu11 -Os -ffreestanding -fno-builtin -fno-common -fno-pic -fno-pie -fno-stack-protector -Wa,--noexecstack -Wall -Wextra -Werror -c -o build/kernel.o kernel.c
m68k-linux-gnu-gcc -I../include -Ibuild -include build/kernel_build_info.h -m68030 -msoft-float -std=gnu11 -Os -ffreestanding -fno-builtin -fno-common -fno-pic -fno-pie -fno-stack-protector -Wa,--noexecstack -Wall -Wextra -Werror -c -o build/platform.o platform.c
m68k-linux-gnu-gcc -I../include -Ibuild -include build/kernel_build_info.h -m68030 -msoft-float -std=gnu11 -Os -ffreestanding -fno-builtin -fno-common -fno-pic -fno-pie -fno-stack-protector -Wa,--noexecstack -Wall -Wextra -Werror -c -o build/memory.o memory.c
m68k-linux-gnu-gcc -I../include -Ibuild -include build/kernel_build_info.h -m68030 -msoft-float -std=gnu11 -Os -ffreestanding -fno-builtin -fno-common -fno-pic -fno-pie -fno-stack-protector -Wa,--noexecstack -Wall -Wextra -Werror -c -o build/dma.o dma.c
m68k-linux-gnu-gcc -I../include -Ibuild -include build/kernel_build_info.h -m68030 -msoft-float -std=gnu11 -Os -ffreestanding -fno-builtin -fno-common -fno-pic -fno-pie -fno-stack-protector -Wa,--noexecstack -Wall -Wextra -Werror -c -o build/block.o block.c
m68k-linux-gnu-gcc -I../include -Ibuild -include build/kernel_build_info.h -m68030 -msoft-float -std=gnu11 -Os -ffreestanding -fno-builtin -fno-common -fno-pic -fno-pie -fno-stack-protector -Wa,--noexecstack -Wall -Wextra -Werror -c -o build/handle.o handle.c
m68k-linux-gnu-gcc -I../include -Ibuild -include build/kernel_build_info.h -m68030 -msoft-float -std=gnu11 -Os -ffreestanding -fno-builtin -fno-common -fno-pic -fno-pie -fno-stack-protector -Wa,--noexecstack -Wall -Wextra -Werror -c -o build/bytes.o bytes.c
m68k-linux-gnu-gcc -I../include -Ibuild -include build/kernel_build_info.h -m68030 -msoft-float -std=gnu11 -Os -ffreestanding -fno-builtin -fno-common -fno-pic -fno-pie -fno-stack-protector -Wa,--noexecstack -Wall -Wextra -Werror -c -o build/context.o context.c
m68k-linux-gnu-gcc -I../include -Ibuild -include build/kernel_build_info.h -m68030 -msoft-float -std=gnu11 -Os -ffreestanding -fno-builtin -fno-common -fno-pic -fno-pie -fno-stack-protector -Wa,--noexecstack -Wall -Wextra -Werror -c -o build/performance.o performance.c
m68k-linux-gnu-gcc -I../include -Ibuild -include build/kernel_build_info.h -m68030 -msoft-float -std=gnu11 -Os -ffreestanding -fno-builtin -fno-common -fno-pic -fno-pie -fno-stack-protector -Wa,--noexecstack -Wall -Wextra -Werror -c -o build/thread.o thread.c
m68k-linux-gnu-gcc -I../include -Ibuild -include build/kernel_build_info.h -m68030 -msoft-float -std=gnu11 -Os -ffreestanding -fno-builtin -fno-common -fno-pic -fno-pie -fno-stack-protector -Wa,--noexecstack -Wall -Wextra -Werror -c -o build/sync.o sync.c
m68k-linux-gnu-gcc -I../include -Ibuild -include build/kernel_build_info.h -m68030 -msoft-float -std=gnu11 -Os -ffreestanding -fno-builtin -fno-common -fno-pic -fno-pie -fno-stack-protector -Wa,--noexecstack -Wall -Wextra -Werror -c -o build/process.o process.c
m68k-linux-gnu-gcc -I../include -Ibuild -include build/kernel_build_info.h -m68030 -msoft-float -std=gnu11 -Os -ffreestanding -fno-builtin -fno-common -fno-pic -fno-pie -fno-stack-protector -Wa,--noexecstack -Wall -Wextra -Werror -c -o build/user_test.o user_test.S
m68k-linux-gnu-gcc -I../include -Ibuild -include build/kernel_build_info.h -m68030 -msoft-float -std=gnu11 -Os -ffreestanding -fno-builtin -fno-common -fno-pic -fno-pie -fno-stack-protector -Wa,--noexecstack -Wall -Wextra -Werror -c -o build/dispatch.o dispatch.c
m68k-linux-gnu-gcc -I../include -Ibuild -include build/kernel_build_info.h -m68030 -msoft-float -std=gnu11 -Os -ffreestanding -fno-builtin -fno-common -fno-pic -fno-pie -fno-stack-protector -Wa,--noexecstack -Wall -Wextra -Werror -c -o build/worker.o worker.c
m68k-linux-gnu-gcc -I../include -Ibuild -include build/kernel_build_info.h -m68030 -msoft-float -std=gnu11 -Os -ffreestanding -fno-builtin -fno-common -fno-pic -fno-pie -fno-stack-protector -Wa,--noexecstack -Wall -Wextra -Werror -c -o build/worker_asm.o worker.S
m68k-linux-gnu-gcc -I../include -Ibuild -include build/kernel_build_info.h -m68030 -msoft-float -std=gnu11 -Os -ffreestanding -fno-builtin -fno-common -fno-pic -fno-pie -fno-stack-protector -Wa,--noexecstack -Wall -Wextra -Werror -c -o build/pmmu.o pmmu.S
m68k-linux-gnu-gcc -I../include -Ibuild -include build/kernel_build_info.h -m68030 -msoft-float -std=gnu11 -Os -ffreestanding -fno-builtin -fno-common -fno-pic -fno-pie -fno-stack-protector -Wa,--noexecstack -Wall -Wextra -Werror -c -o build/vm.o vm.c
m68k-linux-gnu-gcc -I../include -Ibuild -include build/kernel_build_info.h -m68030 -msoft-float -std=gnu11 -Os -ffreestanding -fno-builtin -fno-common -fno-pic -fno-pie -fno-stack-protector -Wa,--noexecstack -Wall -Wextra -Werror -c -o build/exception.o exception.c
m68k-linux-gnu-gcc -I../include -Ibuild -include build/kernel_build_info.h -m68030 -msoft-float -std=gnu11 -Os -ffreestanding -fno-builtin -fno-common -fno-pic -fno-pie -fno-stack-protector -Wa,--noexecstack -Wall -Wextra -Werror -c -o build/user_copy.o user_copy.c
m68k-linux-gnu-gcc -I../include -Ibuild -include build/kernel_build_info.h -m68030 -msoft-float -std=gnu11 -Os -ffreestanding -fno-builtin -fno-common -fno-pic -fno-pie -fno-stack-protector -Wa,--noexecstack -Wall -Wextra -Werror -c -o build/user_copy_asm.o user_copy.S
m68k-linux-gnu-gcc -I../include -Ibuild -include build/kernel_build_info.h -m68030 -msoft-float -std=gnu11 -Os -ffreestanding -fno-builtin -fno-common -fno-pic -fno-pie -fno-stack-protector -Wa,--noexecstack -Wall -Wextra -Werror -c -o build/boot_contract.o ../common/boot_contract.c
m68k-linux-gnu-gcc -m68030 -msoft-float -std=gnu11 -Os -ffreestanding -fno-builtin -fno-common -fno-pic -fno-pie -fno-stack-protector -Wa,--noexecstack -Wall -Wextra -Werror -T kernel.ld -nostdlib -no-pie -Wl,--build-id=none,-Map=astra_kernel.map -o astra_kernel.elf build/entry.o build/vectors.o build/kernel.o build/platform.o build/memory.o build/dma.o build/block.o build/handle.o build/bytes.o build/context.o build/performance.o build/thread.o build/sync.o build/process.o build/user_test.o build/dispatch.o build/worker.o build/worker_asm.o build/pmmu.o build/vm.o build/exception.o build/user_copy.o build/user_copy_asm.o build/boot_contract.o
m68k-linux-gnu-objcopy -O binary astra_kernel.elf astra_kernel.bin
make[1]: Leaving directory '/tmp/astra68-k6-04524898-soak-src/sw/kernel'
m68k-linux-gnu-gcc -m68030 -msoft-float -Os -ffreestanding -fno-builtin -nostdlib -Wa,--noexecstack -Wall -Wextra -I../include -I../../ndk/include -Ibuild  -T astra_st.ld -nostdlib -Wl,--build-id=none,-Map=astra_boot.map -o astra_boot.elf crt0.S kernel_blob.S boot.c \
	../common/boot_contract.c ../../ndk/src/front_panel.c
m68k-linux-gnu-objcopy -O binary astra_boot.elf astra_boot.bin
python3 package_rom.py astra_boot.bin astra68.rom
astra68.rom: 70684 payload bytes, crc32=7425f4b9
make: Leaving directory '/tmp/astra68-k6-04524898-soak-src/sw/boot'
