make: Entering directory '/tmp/astra68-k6-04524898-final/emu'
rustup run 1.97.0 cargo fmt --all -- --check
make: Leaving directory '/tmp/astra68-k6-04524898-final/emu'
make: Entering directory '/tmp/astra68-k6-04524898-final/emu'
rustup run 1.97.0 cargo clippy --workspace --all-targets -- -D warnings
    Finished `dev` profile [unoptimized + debuginfo] target(s) in 0.18s
make: Leaving directory '/tmp/astra68-k6-04524898-final/emu'
    Finished `test` profile [unoptimized + debuginfo] target(s) in 0.14s
     Running unittests src/main.rs (target/debug/deps/astravm-8efb1cda3b4c4a7b)

running 0 tests

test result: ok. 0 passed; 0 failed; 0 ignored; 0 measured; 0 filtered out; finished in 0.00s

     Running unittests src/lib.rs (target/debug/deps/astravm_machine-9e12c21661b49052)

running 15 tests
test bus::tests::malformed_roms_are_rejected ... ok
test bus::tests::astraea_fill_and_copy_use_sdram_offsets ... ok
test bus::tests::identity_matches_the_hardware_contract ... ok
test bus::tests::vesta_periodic_timer_drives_a_vectored_interrupt ... ok
test bus::tests::memory_is_big_endian_and_supports_unaligned_access ... ok
test bus::tests::pmmu_table_bus_rejects_unmapped_physical_addresses ... ok
test tests::console_matches_vega_geometry ... ok
test tests::reset_vectors_enter_the_physical_rom ... ok
test bus::tests::kernel_status_controls_machine_completion ... ok
test tests::pause_stops_virtual_time ... ok
test bus::tests::bist_is_busy_before_it_completes ... ok
test tests::reset_restores_power_on_state ... ok
test tests::post_completion_does_not_halt_the_machine ... ok
test tests::unchanged_boot_rom_completes_post ... ok
test tests::timeslice_chunking_does_not_change_rom_output ... ok

test result: ok. 15 passed; 0 failed; 0 ignored; 0 measured; 0 filtered out; finished in 2.67s

   Doc-tests astravm_machine

running 0 tests

test result: ok. 0 passed; 0 failed; 0 ignored; 0 measured; 0 filtered out; finished in 0.00s

