OK
AstraHost ROM ..... OK
ROM CRC32 ........ 0x8E57D4DA
Starting system ROM
ASTRA 68 SYSTEM ROM v0.3
Built: 2026-07-26T02:43:12Z  Git: 03660014d7af6d3662504fc076700f04929117ab

Vesta:  v1.0
CPU:    TG68K.C 68030 MMU2 @ 12500000 Hz
MMU:    integrated 68030 PMMU
RAM:    32 MiB @ 0x02000000
ROM:    256 KiB @ 0xFFE00000
BUILD:  0x7DDD9C03
Chips:  VSTA v1.0, ASTR v1.0, VEGA v1.0, OHCI v1.0
NVRAM:  not present; defaults active

POST
  SDRAM init ........ OK
  Front panel ....... OK
  Data/byte lanes .... OK
  Address lines ...... OK
  Cache coherence .... OK
  CPU BRAM cycles (256 bytes payload)
    8-bit  write=3897 read=4660
    16-bit write=1719 read=2103
    32-bit write=1143 read=1074
  CPU memory cycles (16384 bytes payload)
    8-bit  write=147512 read=189737
      write dmiss=0 rdreq=29 wrreq=16384 wait=89 lhit=16 lmiss=5 post=16384
      read  dmiss=1024 rdreq=1040 wrreq=0 wait=9564 lhit=15 lmiss=1033 post=0
      hot read=189740
    16-bit write=73766 read=99831
      write dmiss=0 rdreq=20 wrreq=8192 wait=83 lhit=14 lmiss=5 post=8192
      read  dmiss=1024 rdreq=1041 wrreq=0 wait=9760 lhit=18 lmiss=1030 post=0
      hot read=99834
    32-bit write=45093 read=49972
      write dmiss=0 rdreq=20 wrreq=4096 wait=64 lhit=12 lmiss=3 post=4096
      read  dmiss=1024 rdreq=1039 wrreq=0 wait=9049 lhit=15 lmiss=1031 post=0
      hot read=49953
  Astraea DMA (64 KiB)
    fill=9324 copy=21642
  Full-range BIST ... [stage0] OK

POST PASS
  Kernel image ...... OK
Starting Axiom kernel
AXIOM KERNEL v0.1.0-dev
Built: 2026-07-26T02:43:12Z
Git:   03660014d7af6d3662504fc076700f04929117ab

BootInfo ........... OK
Early log .......... OK @ 0x02000000
VBR ................ OK @ 0x02010400
Kernel image ....... 90132 bytes @ 0x02010000
CPU ................ MC68030 @ 12500000 Hz
PMMU ............... enabled, SRP 0x02004000
Physical pages ..... 7960 free / 8192 total
Emergency reserve .. 32 / 32 pages
Allocators ......... runtime, ledger OK
User copy .......... OK, fault recovery verified
Kernel worker ...... OK, guarded MSP
Thread ISPs ........ 16 guarded, 8 KiB each
Vesta timer ........ OK, one-shot 5 ms
AstraHost runtime ... OK, media not provisioned
Input queue ......... OK
User processes ...... 2 ready, cache isolation armed
User threads ........ 3 ready, priority scheduler armed

User tasks .......... OK, 5 ms one-shot quantum
Fault containment ... OK, offender reaped
Context switches .... 33
Thread scheduler .... 2 live, priority queues OK
Same-CRP switches ... 16
Wait/wake ........... 12 blocks, 5 wake, 6 priority handoff
Deadlines ........... 2 expired, 1 priority handoff
Sync objects ........ 6 event, 1 sem; cancel/close/death 1/1/1
Thread ISP max ...... 1664 / 8192 bytes
Thread lifecycle .... 3 exit, 4 waits, 3 reaped
Wait multiple ....... 7 calls, 4 block, 4 wake; max 2 members
Wait registrations .. 1 live, 3 max
Waitable timers ..... 1 created, 1 armed, 1 expired
Process death ....... 1 waits, 0 blocked wakes
Message ports ....... 3 send, 3 receive, 1 backpressure
Handle transfer ..... 2 committed, max detached 1
Shared areas ........ 1 create, 1/1 map/unmap, 0 active
Bulk rings .......... 1 create, 1/1 notify, 1 blocked wake, 0 active
K2 PERF irq syscall=42176/50000 timer=27965/50000 fault=37590/125000
K2 PERF sched pick=1494/10000 same=3176/15000 cross=4374/50000
K2 PERF wait block=4798/15000 wake=7846/15000 overruns=0
K3 PERF deadline expire=10165/20000 overruns=0
K5 PERF thread create=140539/150000 exit=26021/50000 reap=31524/125000 overruns=0
K6 PERF wait-set block=6289/50000 wake=10021/50000 overruns=0
K7 PERF port send=21228/25000 receive=24838/30000 overruns=0
K8 PERF area create=39909/250000 map=78175/125000 unmap=75891/100000 notify=29535/30000 overruns=0
K2 PERFORMANCE PASS

K8 SHARED BULK IPC PASS

K7 MESSAGE PORTS PASS

K6 BOUNDED WAIT-MULTIPLE PASS

K5 THREAD LIFECYCLE PASS

K4 HANDLE SYNCHRONIZATION PASS

K3 ONE-SHOT SCHEDULER PASS

K3 DEADLINE QUEUE PASS

K2 BLOCKING SUBSTRATE PASS

K2 THREAD SUBSTRATE PASS

K1 PROTECTED ENTRY PASS
K8 shared bulk IPC capture elapsed=3.914s events=[(1.1712252590805292, 'R'), (1.1713135316967964, '.'), (1.1715181274339557, '.'), (1.17157993465662, '.'), (1.1716263582929969, '.'), (1.1717578396201134, '.'), (1.7466316455975175, 'R'), (1.7471917867660522, 'R'), (1.7475224891677499, '.'), (1.7475475147366524, '.'), (1.7475707856938243, '.'), (1.7475936282426119, '.'), (1.7476172298192978, '.'), (1.7476400695741177, '.'), (1.7481982177123427, '.'), (1.7482432955875993, '.'), (1.7506963750347495, 'R'), (1.7543914811685681, 'R'), (1.7554890755563974, 'R'), (1.7563053807243705, '.'), (1.7645128667354584, '.'), (1.7658419692888856, '.'), (1.7713101198896766, 'R'), (1.773565604351461, 'R'), (1.779287425801158, '.'), (1.7796436352655292, 'R'), (1.780290948227048, '.'), (1.781288806349039, '.'), (1.782289476133883, '.'), (1.7825908260419965, 'R'), (1.7866509016603231, 'R'), (1.7875662297010422, '.'), (1.7876074723899364, '.'), (1.7876488603651524, '.'), (1.7876889454200864, '.'), (1.7877286421135068, '.'), (1.7877680454403162, '.'), (1.7882623625919223, '.'), (1.7883986681699753, '.'), (1.7897380087524652, '.'), (1.7897796388715506, '.'), (1.790261042304337, '.'), (1.7903990782797337, '.'), (1.790448410436511, '.'), (1.7904925215989351, '.'), (1.7905358551070094, '.'), (1.7927670869976282, '.'), (1.7928100246936083, '.'), (1.792852308601141, '.'), (1.7932788338512182, '.'), (1.7957208743318915, '.'), (1.7957658851519227, '.'), (1.795809573493898, '.'), (1.7958534574136138, '.'), (1.7958969306200743, '.'), (1.7959400778636336, '.'), (1.7994978511705995, '.'), (1.7995432605966926, '.'), (1.799587868154049, '.'), (1.7996316608041525, '.'), (1.8014143090695143, 'R'), (1.9582067811861634, '.'), (1.9584874957799911, '.'), (1.9585833381861448, '.'), (1.9592346157878637, ']'), (1.9622567035257816, '.'), (1.962479847483337, '.'), (1.9625770784914494, '.'), (1.9626581631600857, '.'), (1.9627350084483624, '.'), (1.962809738703072, '.'), (2.278395837172866, 'R'), (2.2789805503562093, '.'), (2.2791343983262777, '.'), (2.390013166703284, '.'), (2.3900956474244595, '.'), (2.390175310894847, '.'), (2.390255142003298, '.'), (2.390333498828113, '.'), (2.390435733832419, '.'), (2.3905157316476107, '.'), (2.3905936433002353, '.'), (2.3906718781217933, '.'), (2.3907835884019732, '.'), (2.3908680910244584, '.'), (2.3925649523735046, '.'), (2.392645069397986, '.'), (2.392724584788084, '.'), (2.3928279718384147, '.'), (2.3929080488160253, '.'), (2.3929869728162885, '.'), (2.393065775744617, '.'), (2.39314441755414, '.'), (2.393223195336759, '.'), (2.393301940523088, '.'), (2.3951673479750752, 'R'), (2.395326578989625, '.'), (2.395575987175107, '.'), (2.395781443454325, '.'), (2.395877900533378, '.'), (2.3959611812606454, '.'), (2.3962115766480565, '.'), (2.396474431268871, '.'), (2.3965602200478315, '.'), (2.3966419976204634, '.'), (2.396722831763327, '.'), (2.3968293871730566, '.'), (2.396911301650107, '.'), (2.3969922941178083, '.'), (2.3970750141888857, '.'), (2.397155980579555, '.'), (2.3972369572147727, '.'), (2.399872182868421, '.'), (2.3999543357640505, '.'), (2.400036512874067, '.'), (2.400118174031377, '.'), (2.400199756026268, '.'), (2.4002810921519995, '.'), (2.400388056412339, '.'), (2.4031705046072602, '.'), (2.4032536493614316, '.'), (2.40333669539541, '.'), (2.403446665033698, '.'), (2.4035309366881847, '.'), (2.4036139473319054, '.'), (2.4037116365507245, '.'), (2.4038263307884336, '.'), (2.403912229463458, '.'), (2.4039964573457837, '.'), (2.4040809450671077, '.'), (2.4041639463976026, '.'), (2.4042472103610635, '.'), (2.4043298615142703, '.'), (2.404423788189888, '.'), (2.4045071732252836, '.'), (2.407296296209097, '.'), (2.4074487863108516, '.'), (2.4075378077104688, '.'), (2.4076232071965933, '.'), (2.4077076325193048, '.'), (2.4078188305720687, '.'), (2.407904375344515, '.'), (2.4079890390858054, '.'), (2.4080733992159367, '.'), (2.4081574277952313, '.'), (2.4082412272691727, '.'), (2.408325203694403, '.'), (2.408433529548347, '.'), (2.4085200745612383, '.'), (2.4086056174710393, '.'), (2.4096573796123266, 'R'), (2.4122701920568943, '.'), (2.412375232204795, '.'), (2.4124657344073057, '.'), (2.4125520465895534, '.'), (2.4126374451443553, '.'), (2.416584928520024, '.'), (2.4166724774986506, '.'), (2.4192139403894544, '.'), (2.4193021822720766, '.'), (2.4194007320329547, '.'), (2.419488999992609, '.'), (2.419576868414879, '.'), (2.419694227166474, '.'), (2.419808976352215, '.'), (2.419899425469339, '.'), (2.4199874894693494, '.'), (2.4229035284370184, '.'), (2.422993155196309, '.'), (2.4230827055871487, '.'), (2.423171864822507, '.'), (2.4232613891363144, '.'), (2.4233610946685076, '.'), (2.4234557626768947, '.'), (2.423641978763044, '.'), (2.4237977052107453, '.'), (2.423894001170993, '.'), (2.428590103983879, '.'), (2.428684323094785, '.'), (2.4287980711087584, '.'), (2.4288926888257265, '.'), (2.4289847910404205, '.'), (2.4291137950494885, '.'), (2.4320914037525654, '.'), (2.4321838226169348, '.'), (2.4322755075991154, '.'), (2.4324009343981743, '.'), (2.4325204379856586, '.'), (2.4326440701261163, '.'), (2.432738371193409, '.'), (2.4328563045710325, '.'), (2.4452458834275603, '.'), (2.445341393351555, '.'), (2.4457191172987223, '.'), (2.4461024776101112, '.'), (2.4462887002155185, '.'), (2.446480566635728, '.'), (2.446789271198213, '.'), (2.4471589270979166, '.'), (2.459025694988668, '.'), (2.4592981664463878, '.'), (2.459527271799743, '.'), (2.473038244061172, '.'), (2.473420695401728, '.'), (2.4737645676359534, '.'), (2.474155536852777, '.'), (2.474428636021912, '.'), (2.474530743435025, '.'), (2.474629867821932, '.'), (2.4747271882370114, '.'), (2.4748240020126104, '.'), (2.62080514524132, '.'), (2.6209040731191635, '.'), (2.6210020408034325, '.'), (2.62109936401248, '.'), (2.621196575462818, '.'), (2.6212941501289606, '.'), (2.6301674488931894, '.'), (2.6303438656032085, '.'), (2.6304613035172224, '.'), (2.6305623278021812, '.'), (2.630662498064339, '.'), (2.630761788226664, '.'), (2.6308607077226043, '.'), (2.6309597613289952, '.'), (3.296592215076089, '.'), (3.2966939797624946, '.'), (3.296807956881821, '.'), (3.2969104256480932, '.'), (3.2970112580806017, '.'), (3.2971117310225964, '.'), (3.2972124749794602, '.'), (3.2973132422193885, '.'), (3.2974323024973273, '.'), (3.297534119337797, '.'), (3.30225339718163, '.'), (3.302370937541127, '.'), (3.3024787781760097, '.'), (3.3067694762721658, '.'), (3.3068735850974917, '.'), (3.3069768752902746, '.'), (3.3070801300927997, '.'), (3.309394361451268, '.'), (3.309499560855329, '.'), (3.3096040757372975, '.'), (3.3097086092457175, '.'), (3.318848247639835, 'R'), (3.3202923415228724, '.'), (3.3204221967607737, '.'), (3.3205295698717237, '.'), (3.328139452263713, 'W'), (3.329580832272768, '.'), (3.329688949510455, '.'), (3.329796423204243, '.'), (3.3299035048112273, '.'), (3.330010469071567, '.'), (3.3301176140084863, '.'), (3.33022472076118, '.'), (3.330331591889262, '.'), (3.3307444658130407, '.'), (3.331193142570555, '.'), (3.3316293684765697, '.'), (3.344636174850166, '.'), (3.345076515339315, '.'), (3.3454512702301145, '.'), (3.3456414565443993, '.'), (3.3460871633142233, '.'), (3.3465396258980036, '.'), (3.3469782564789057, '.'), (3.347427761182189, '.'), (3.3477204693481326, '.'), (3.347833282314241, '.'), (3.3479436254128814, '.'), (3.3564044311642647, '.'), (3.3566211173310876, '.'), (3.35706377774477, '.'), (3.357480090111494, '.'), (3.3578160647302866, '.'), (3.357931721024215, '.'), (3.358246585354209, '.'), (3.3584801703691483, '.'), (3.3698084242641926, '.'), (3.3699229760095477, '.'), (3.3700654841959476, '.'), (3.3701782105490565, '.'), (3.3702906956896186, '.'), (3.370415668003261, '.'), (3.3816429618746042, '.'), (3.381758626550436, '.'), (3.381872587837279, '.'), (3.381986279040575, '.'), (3.39102950040251, 'W'), (3.3929750630632043, '.'), (3.393127964809537, '.'), (3.3932471554726362, '.'), (3.3934010257944465, '.'), (3.3937381207942963, '.'), (3.393862701021135, '.'), (3.3939795130863786, '.'), (3.404203198850155, 'W'), (3.4082563323900104, '.'), (3.4083999656140804, '.'), (3.4150229981169105, 'W'), (3.4184573190286756, '.'), (3.418951343744993, '.'), (3.4193915920332074, '.'), (3.41951412986964, '.'), (3.41963398642838, '.'), (3.4305902756750584, '.'), (3.4307158440351486, '.'), (3.4308382868766785, '.'), (3.430959602817893, '.'), (3.431080751121044, '.'), (3.431201172992587, '.'), (3.4313218407332897, '.'), (3.442016249522567, '.'), (3.4421414844691753, '.'), (3.4422640092670918, '.'), (3.4423968456685543, '.'), (3.442519538104534, '.'), (3.442836665548384, '.'), (3.4431847371160984, '.'), (3.459322282113135, '.'), (3.459884016774595, '.'), (3.4604383055120707, '.'), (3.4607969764620066, '.'), (3.4611263116821647, '.'), (3.473336996510625, '.'), (3.4738686261698604, '.'), (3.474166562780738, '.'), (3.474452848546207, '.'), (3.4745816281065345, '.'), (3.4747091103345156, '.'), (3.474835267290473, '.'), (3.4749608132988214, '.'), (3.487443466670811, '.'), (3.487984105013311, '.'), (3.4884112840518355, '.'), (3.488656798377633, '.'), (3.489149359986186, '.'), (3.489481261000037, '.'), (3.490010840818286, '.'), (3.4905573669821024, '.'), (3.491080199368298, '.'), (3.4916768996044993, '.'), (3.515819321386516, 'R'), (3.543221168220043, 'R'), (3.568298394791782, 'R'), (3.5910197468474507, 'R'), (3.607131435535848, 'R'), (3.6224918523803353, 'R'), (3.634407696314156, 'R'), (3.644707036204636, 'R'), (3.670170991681516, 'R'), (3.674406511709094, 'R'), (3.6949926782399416, 'R'), (3.725704651325941, 'R'), (3.743138791061938, 'W'), (3.764610055834055, 'R'), (3.7965271063148975, 'R'), (3.826416051015258, 'R'), (3.8655722131952643, 'R'), (3.8777760956436396, 'R'), (3.88786840159446, 'R'), (3.8993346076458693, 'R'), (3.907777669839561, 'R')]
CPU memory 8-bit: write=52.553 MB/s read=43.948 MB/s
CPU memory 16-bit: write=119.139 MB/s read=97.385 MB/s
CPU memory 32-bit: write=179.178 MB/s read=190.689 MB/s
CPU memory 8-bit: write=1.388 MB/s read=1.079 MB/s
CPU memory 16-bit: write=2.776 MB/s read=2.051 MB/s
CPU memory 32-bit: write=4.542 MB/s read=4.098 MB/s
Astraea DMA: fill=87.859 MB/s copy=37.852 MB/s
