POR GSR: PASS (25536 TRELLIS_FF cells enabled)
POST font ROM: PASS (g_hdmi.post_console_i.font_rom.0.0, one DP16KD, 11 address bits)
route input timing waiver cleared (was 00000000000000000000000000000001)
route input serialized controls removed: router
nextpnr split route complete; check yosys_k9_0366001.log and pnr_k9_0366001.log
ECP5 LUT-permutation gate passed: 13424 cells, 17654 routed inputs
Timing gate:
  $glbnet$clk: 15.058201 MHz (constraint 12.500000 MHz)
  $glbnet$clk25_mhz$TRELLIS_IO_IN: 38.429024 MHz (constraint 25.000000 MHz)
  $glbnet$sd_clk_in: 100.020004 MHz (constraint 20.000000 MHz)
  $glbnet$sdram_domain_clk: 66.907532 MHz (constraint 60.002399 MHz)
  $glbnet$usb_phy_domain_clk: 79.693970 MHz (constraint 48.000767 MHz)
  $glbnet$video_pixel_clk: 53.267990 MHz (constraint 27.000029 MHz)
  $glbnet$video_shift_clk: 289.771088 MHz (constraint 135.025650 MHz)
Timing gate PASS
Resource budget: kernel_platform_v1 - Kernel Platform v1; physical ECP5 capacity is the only utilization limit
  DP16KD: 101/208 (48.56%), profile headroom 107, physical reserve 107
  MULT18X18D: 18/156 (11.54%), profile headroom 138, physical reserve 138
  TRELLIS_COMB: 66523/83640 (79.53%), profile headroom 17117, physical reserve 17117
Resource budget PASS
"nextpnr-ecp5" -- Next Generation Place and Route (Version nextpnr-0.10-45-g98c18d7f)
built astra.bit from /tmp/astra68-k9-0366001/sw/stage0/stage0.hex; manifest=build_k9_0366001.manifest
