OK
AstraHost ROM ..... OK
ROM CRC32 ........ 0x8E57D4DA
Starting system ROM
ASTRA 68 SYSTEM ROM v0.3
Built: 2026-07-26T02:43:12Z  Git: 03660014d7af6d3662504fc076700f04929117ab

Vesta:  v1.0
CPU:    TG68K.C 68030 MMU2 @ 12500000 Hz
MMU:    integrated 68030 PMMU
RAM:    32 MiB @ 0x02000000
ROM:    256 KiB @ 0xFFE00000
BUILD:  0x7DDD9C03
Chips:  VSTA v1.0, ASTR v1.0, VEGA v1.0, OHCI v1.0
NVRAM:  not present; defaults active

POST
  SDRAM init ........ OK
  Front panel ....... OK
  Data/byte lanes .... OK
  Address lines ...... OK
  Cache coherence .... OK
  CPU BRAM cycles (256 bytes payload)
    8-bit  write=3897 read=4660
    16-bit write=1719 read=2103
    32-bit write=1143 read=1074
  CPU memory cycles (16384 bytes payload)
    8-bit  write=147512 read=189737
      write dmiss=0 rdreq=29 wrreq=16384 wait=89 lhit=16 lmiss=5 post=16384
      read  dmiss=1024 rdreq=1040 wrreq=0 wait=9564 lhit=15 lmiss=1033 post=0
      hot read=189740
    16-bit write=73766 read=99831
      write dmiss=0 rdreq=20 wrreq=8192 wait=83 lhit=14 lmiss=5 post=8192
      read  dmiss=1024 rdreq=1041 wrreq=0 wait=9760 lhit=18 lmiss=1030 post=0
      hot read=99834
    32-bit write=45093 read=49972
      write dmiss=0 rdreq=20 wrreq=4096 wait=64 lhit=12 lmiss=3 post=4096
      read  dmiss=1024 rdreq=1039 wrreq=0 wait=9049 lhit=15 lmiss=1031 post=0
      hot read=49953
  Astraea DMA (64 KiB)
    fill=9324 copy=21642
  Full-range BIST ... [stage0] OK

POST PASS
  Kernel image ...... OK
Starting Axiom kernel
AXIOM KERNEL v0.1.0-dev
Built: 2026-07-26T02:43:12Z
Git:   03660014d7af6d3662504fc076700f04929117ab

BootInfo ........... OK
Early log .......... OK @ 0x02000000
VBR ................ OK @ 0x02010400
Kernel image ....... 90132 bytes @ 0x02010000
CPU ................ MC68030 @ 12500000 Hz
PMMU ............... enabled, SRP 0x02004000
Physical pages ..... 7960 free / 8192 total
Emergency reserve .. 32 / 32 pages
Allocators ......... runtime, ledger OK
User copy .......... OK, fault recovery verified
Kernel worker ...... OK, guarded MSP
Thread ISPs ........ 16 guarded, 8 KiB each
Vesta timer ........ OK, one-shot 5 ms
AstraHost runtime ... OK, media not provisioned
Input queue ......... OK
User processes ...... 2 ready, cache isolation armed
User threads ........ 3 ready, priority scheduler armed

User tasks .......... OK, 5 ms one-shot quantum
Fault containment ... OK, offender reaped
Context switches .... 33
Thread scheduler .... 2 live, priority queues OK
Same-CRP switches ... 16
Wait/wake ........... 12 blocks, 5 wake, 6 priority handoff
Deadlines ........... 2 expired, 1 priority handoff
Sync objects ........ 6 event, 1 sem; cancel/close/death 1/1/1
Thread ISP max ...... 1664 / 8192 bytes
Thread lifecycle .... 3 exit, 4 waits, 3 reaped
Wait multiple ....... 7 calls, 4 block, 4 wake; max 2 members
Wait registrations .. 1 live, 3 max
Waitable timers ..... 1 created, 1 armed, 1 expired
Process death ....... 1 waits, 0 blocked wakes
Message ports ....... 3 send, 3 receive, 1 backpressure
Handle transfer ..... 2 committed, max detached 1
Shared areas ........ 1 create, 1/1 map/unmap, 0 active
Bulk rings .......... 1 create, 1/1 notify, 1 blocked wake, 0 active
K2 PERF irq syscall=42138/50000 timer=27964/50000 fault=37593/125000
K2 PERF sched pick=1494/10000 same=3187/15000 cross=4388/50000
K2 PERF wait block=4791/15000 wake=7845/15000 overruns=0
K3 PERF deadline expire=10144/20000 overruns=0
K5 PERF thread create=140493/150000 exit=26014/50000 reap=31525/125000 overruns=0
K6 PERF wait-set block=6305/50000 wake=10021/50000 overruns=0
K7 PERF port send=21228/25000 receive=24838/30000 overruns=0
K8 PERF area create=39909/250000 map=78175/125000 unmap=75904/100000 notify=29548/30000 overruns=0
K2 PERFORMANCE PASS

K8 SHARED BULK IPC PASS

K7 MESSAGE PORTS PASS

K6 BOUNDED WAIT-MULTIPLE PASS

K5 THREAD LIFECYCLE PASS

K4 HANDLE SYNCHRONIZATION PASS

K3 ONE-SHOT SCHEDULER PASS

K3 DEADLINE QUEUE PASS

K2 BLOCKING SUBSTRATE PASS

K2 THREAD SUBSTRATE PASS

K1 PROTECTED ENTRY PASS
K8 shared bulk IPC capture elapsed=4.022s events=[(1.135194256901741, 'R'), (1.1352948965504766, '.'), (1.1353145306929946, '.'), (1.1353335082530975, '.'), (1.1353742647916079, '.'), (1.1354170255362988, '.'), (1.7118505546823144, 'R'), (1.712038703262806, 'R'), (1.7127507729455829, '.'), (1.7127717956900597, '.'), (1.7127917651087046, '.'), (1.7128114765509963, '.'), (1.712831106968224, '.'), (1.7128508863970637, '.'), (1.7128699934110045, '.'), (1.7128893649205565, '.'), (1.7158891325816512, 'R'), (1.7197977881878614, 'R'), (1.720830311998725, 'R'), (1.7217024499550462, '.'), (1.729779819957912, '.'), (1.7308824127539992, '.'), (1.7362271323800087, 'R'), (1.7388081001117826, 'R'), (1.7441398641094565, '.'), (1.744955774396658, 'R'), (1.7450908310711384, '.'), (1.7460798174142838, '.'), (1.747079941444099, '.'), (1.7479891255497932, 'R'), (1.7520614983513951, 'R'), (1.7529323976486921, '.'), (1.7529699420556426, '.'), (1.7530069695785642, '.'), (1.7530431961640716, '.'), (1.7530793994665146, '.'), (1.7531149489805102, '.'), (1.753151430748403, '.'), (1.7531875940039754, '.'), (1.7550526903942227, '.'), (1.7550906809046865, '.'), (1.7551282802596688, '.'), (1.7551654884591699, '.'), (1.755717989988625, '.'), (1.7557764202356339, '.'), (1.7558512790128589, '.'), (1.7585370261222124, '.'), (1.7585755810141563, '.'), (1.7586137494072318, '.'), (1.7586619649082422, '.'), (1.7608654284849763, '.'), (1.7609073417261243, '.'), (1.760947578586638, '.'), (1.7609870387241244, '.'), (1.7610256671905518, '.'), (1.7610639184713364, '.'), (1.764860276132822, '.'), (1.7649032473564148, '.'), (1.7649441082030535, '.'), (1.7649845834821463, '.'), (1.7660642676055431, 'R'), (1.9451332334429026, '.'), (1.9452149793505669, '.'), (1.9452952658757567, '.'), (1.9470660332590342, ']'), (1.9539833460003138, '.'), (1.9542850675061345, '.'), (1.9544187681749463, '.'), (1.9545040214434266, '.'), (1.9545882502570748, '.'), (1.954671292565763, '.'), (2.243608856573701, 'R'), (2.2443352937698364, '.'), (2.244517765007913, '.'), (2.3553165644407272, '.'), (2.355419828556478, '.'), (2.3555005602538586, '.'), (2.3555785873904824, '.'), (2.355653096921742, '.'), (2.3557266453281045, '.'), (2.3557998836040497, '.'), (2.355872801505029, '.'), (2.3559456393122673, '.'), (2.3560185991227627, '.'), (2.356091618537903, '.'), (2.3584714205935597, '.'), (2.3585486337542534, '.'), (2.3586250161752105, '.'), (2.3587013436481357, '.'), (2.3587772315368056, '.'), (2.358852985315025, '.'), (2.3589287754148245, '.'), (2.359023460187018, '.'), (2.3591020721942186, '.'), (2.3591797165572643, '.'), (2.362488958053291, 'R'), (2.3626462910324335, '.'), (2.3627243796363473, '.'), (2.362802304327488, '.'), (2.3628796692937613, '.'), (2.362956848926842, '.'), (2.3630341701209545, '.'), (2.3631111159920692, '.'), (2.363187773153186, '.'), (2.3632646212354302, '.'), (2.3633464192971587, '.'), (2.3635687427595258, '.'), (2.363653381355107, '.'), (2.363732572644949, '.'), (2.363813180476427, '.'), (2.3638915456831455, '.'), (2.3639698680490255, '.'), (2.367755581624806, '.'), (2.3678399063646793, '.'), (2.36807575263083, '.'), (2.3684977293014526, '.'), (2.368911216966808, '.'), (2.3692640475928783, '.'), (2.369421638548374, '.'), (2.3739579878747463, '.'), (2.3740441389381886, '.'), (2.3743453565984964, '.'), (2.3746078331023455, '.'), (2.3748692497611046, '.'), (2.375065563246608, '.'), (2.3753764694556594, '.'), (2.375664085149765, '.'), (2.375984719954431, '.'), (2.376173984259367, '.'), (2.3764021517708898, '.'), (2.3767060125246644, '.'), (2.376961107365787, '.'), (2.3771723434329033, '.'), (2.377508834004402, '.'), (2.3777985060587525, '.'), (2.38609660603106, '.'), (2.3864079816266894, '.'), (2.386725278571248, '.'), (2.3869487922638655, '.'), (2.387282962910831, '.'), (2.3875173572450876, '.'), (2.3878054367378354, '.'), (2.388175155967474, '.'), (2.3885566759854555, '.'), (2.388918900862336, '.'), (2.3892837315797806, '.'), (2.389512182213366, '.'), (2.389829622581601, '.'), (2.390049104578793, '.'), (2.390353170223534, '.'), (2.394068108871579, 'R'), (2.4037423375993967, '.'), (2.4041218077763915, '.'), (2.4044716423377395, '.'), (2.4046532036736608, '.'), (2.4049143278971314, '.'), (2.4185442086309195, '.'), (2.418640951626003, '.'), (2.421607888303697, '.'), (2.4217575611546636, '.'), (2.4221263732761145, '.'), (2.422520002350211, '.'), (2.422751142643392, '.'), (2.422880264930427, '.'), (2.422977733425796, '.'), (2.4230739725753665, '.'), (2.423170373775065, '.'), (2.427837655879557, '.'), (2.427963262423873, '.'), (2.4280634289607406, '.'), (2.428161785006523, '.'), (2.4282595310360193, '.'), (2.4283773275092244, '.'), (2.4284972650930285, '.'), (2.428597981110215, '.'), (2.4287168020382524, '.'), (2.428818006068468, '.'), (2.4338556742295623, '.'), (2.4339545434340835, '.'), (2.434052827768028, '.'), (2.434150805696845, '.'), (2.434248698875308, '.'), (2.43435728456825, '.'), (2.4390852320939302, '.'), (2.439181870780885, '.'), (2.439277794212103, '.'), (2.439473464153707, '.'), (2.4396888529881835, '.'), (2.4398005129769444, '.'), (2.4398994809016585, '.'), (2.4399969624355435, '.'), (2.4445621175691485, '.'), (2.4446603460237384, '.'), (2.444758222438395, '.'), (2.4448563419282436, '.'), (2.4449538327753544, '.'), (2.4450512705370784, '.'), (2.445148404687643, '.'), (2.445245754905045, '.'), (2.449754850938916, '.'), (2.449855700135231, '.'), (2.4499580590054393, '.'), (2.4595294911414385, '.'), (2.459673922508955, '.'), (2.4597799060866237, '.'), (2.4601171668618917, '.'), (2.4604094605892897, '.'), (2.4605149533599615, '.'), (2.4606188284233212, '.'), (2.4607217209413648, '.'), (2.4608231633901596, '.'), (2.5850257789716125, '.'), (2.585117525421083, '.'), (2.5852085752412677, '.'), (2.5853000041097403, '.'), (2.5854021245613694, '.'), (2.5855288794264197, '.'), (2.590687179006636, '.'), (2.5907807294279337, '.'), (2.590873713605106, '.'), (2.5909780114889145, '.'), (2.5910718580707908, '.'), (2.5911641204729676, '.'), (2.5912567004561424, '.'), (2.591371374204755, '.'), (3.264246094971895, '.'), (3.264613376930356, '.'), (3.2650690991431475, '.'), (3.2654358576983213, '.'), (3.265655441209674, '.'), (3.265773255378008, '.'), (3.265886618755758, '.'), (3.265998736023903, '.'), (3.266273668035865, '.'), (3.2665403336286545, '.'), (3.2827568827196956, '.'), (3.28381238412112, '.'), (3.284545535221696, '.'), (3.295509378425777, '.'), (3.2956282775849104, '.'), (3.2957464726641774, '.'), (3.2958640875294805, '.'), (3.299447209574282, '.'), (3.29956943821162, '.'), (3.299689075909555, '.'), (3.2999594574794173, '.'), (3.3055628892034292, 'R'), (3.307010365650058, '.'), (3.307131204754114, '.'), (3.3072562981396914, '.'), (3.3078759517520666, 'W'), (3.310198415070772, '.'), (3.3106237910687923, '.'), (3.311121504753828, '.'), (3.3116461895406246, '.'), (3.312150999903679, '.'), (3.3126166136935353, '.'), (3.313102774322033, '.'), (3.3136034552007914, '.'), (3.3141386145725846, '.'), (3.3146533155813813, '.'), (3.3151560267433524, '.'), (3.328193025663495, '.'), (3.3283134335651994, '.'), (3.3284469172358513, '.'), (3.3285666536539793, '.'), (3.3286856105551124, '.'), (3.328804044984281, '.'), (3.3289232067763805, '.'), (3.329044783487916, '.'), (3.3291635252535343, '.'), (3.329282633960247, '.'), (3.3294800128787756, '.'), (3.339915568009019, '.'), (3.340037270449102, '.'), (3.34015762899071, '.'), (3.340278481133282, '.'), (3.3405374232679605, '.'), (3.3406625846400857, '.'), (3.3407844686880708, '.'), (3.340934678912163, '.'), (3.3534233402460814, '.'), (3.353548288345337, '.'), (3.353672065772116, '.'), (3.3538671284914017, '.'), (3.3543829573318362, '.'), (3.3545339917764068, '.'), (3.359405307099223, '.'), (3.35953108407557, '.'), (3.3596549537032843, '.'), (3.3597783325240016, '.'), (3.366564608179033, 'W'), (3.368704746477306, '.'), (3.368834207765758, '.'), (3.3689622320234776, '.'), (3.3690891610458493, '.'), (3.3692151494324207, '.'), (3.3693582555279136, '.'), (3.3694968912750483, '.'), (3.3784846626222134, 'W'), (3.3813979234546423, '.'), (3.3815297465771437, '.'), (3.384239599108696, 'W'), (3.3865737356245518, '.'), (3.386704705655575, '.'), (3.3868792429566383, '.'), (3.3870115196332335, '.'), (3.38714156486094, '.'), (3.395156149752438, '.'), (3.3952908096835017, '.'), (3.395512456074357, '.'), (3.3956466196104884, '.'), (3.3957778876647353, '.'), (3.395908296108246, '.'), (3.396038738079369, '.'), (3.4080335050821304, '.'), (3.408162947744131, '.'), (3.408290888182819, '.'), (3.408598800189793, '.'), (3.408735364675522, '.'), (3.408867015503347, '.'), (3.4090274274349213, '.'), (3.4225027142092586, '.'), (3.4226337736472487, '.'), (3.4227630365639925, '.'), (3.422891558147967, '.'), (3.42302028555423, '.'), (3.432891226373613, '.'), (3.4330358477309346, '.'), (3.4331746883690357, '.'), (3.4333122903481126, '.'), (3.4334734715521336, '.'), (3.433611190877855, '.'), (3.4337478717789054, '.'), (3.433883821591735, '.'), (3.446118053048849, '.'), (3.4464232735335827, '.'), (3.4466901067644358, '.'), (3.446956836618483, '.'), (3.447219641879201, '.'), (3.4475169675424695, '.'), (3.4477967834100127, '.'), (3.448068303987384, '.'), (3.4483603965491056, '.'), (3.4486344307661057, '.'), (3.4639363354071975, 'R'), (3.4828591886907816, 'R'), (3.492397040128708, 'R'), (3.5012840516865253, 'R'), (3.510944495908916, 'R'), (3.5276969661936164, 'R'), (3.542949730530381, 'R'), (3.552521012723446, 'R'), (3.589014516212046, 'R'), (3.5930661726742983, 'R'), (3.618908790871501, 'R'), (3.6628595553338528, 'R'), (3.693023174069822, 'W'), (3.735232117585838, 'R'), (3.7945302072912455, 'R'), (3.849410595372319, 'R'), (3.923767334781587, 'R'), (3.9448414091020823, 'R'), (3.961236904375255, 'R'), (3.982659114524722, 'R'), (4.003815630450845, 'R')]
CPU memory 8-bit: write=52.553 MB/s read=43.948 MB/s
CPU memory 16-bit: write=119.139 MB/s read=97.385 MB/s
CPU memory 32-bit: write=179.178 MB/s read=190.689 MB/s
CPU memory 8-bit: write=1.388 MB/s read=1.079 MB/s
CPU memory 16-bit: write=2.776 MB/s read=2.051 MB/s
CPU memory 32-bit: write=4.542 MB/s read=4.098 MB/s
Astraea DMA: fill=87.859 MB/s copy=37.852 MB/s
