make: Entering directory '/tmp/astra68-k6-04524898-final/sw/boot'
rm -f *.elf *.bin *.map *.rom
rm -rf build
make -C ../kernel clean
make[1]: Entering directory '/tmp/astra68-k6-04524898-final/sw/kernel'
rm -rf build astra_kernel.elf astra_kernel.bin astra_kernel.map
make[1]: Leaving directory '/tmp/astra68-k6-04524898-final/sw/kernel'
make -C ../kernel all CROSS=m68k-linux-gnu- \
	KERNEL_VERSION=0.1.0-dev PANIC_SELFTEST=0 \
	SCHED_TRACE=0 SOAK_SELFTEST=0
make[1]: Entering directory '/tmp/astra68-k6-04524898-final/sw/kernel'
mkdir -p build
python3 gen_build_info.py --version "0.1.0-dev" \
	--panic-selftest "0" \
	--sched-trace "0" \
	--soak-selftest "0" --output "build/kernel_build_info.h"
m68k-linux-gnu-gcc -I../include -Ibuild -include build/kernel_build_info.h -m68030 -msoft-float -std=gnu11 -Os -ffreestanding -fno-builtin -fno-common -fno-pic -fno-pie -fno-stack-protector -Wa,--noexecstack -Wall -Wextra -Werror -c -o build/entry.o entry.S
m68k-linux-gnu-gcc -I../include -Ibuild -include build/kernel_build_info.h -m68030 -msoft-float -std=gnu11 -Os -ffreestanding -fno-builtin -fno-common -fno-pic -fno-pie -fno-stack-protector -Wa,--noexecstack -Wall -Wextra -Werror -c -o build/vectors.o vectors.S
m68k-linux-gnu-gcc -I../include -Ibuild -include build/kernel_build_info.h -m68030 -msoft-float -std=gnu11 -Os -ffreestanding -fno-builtin -fno-common -fno-pic -fno-pie -fno-stack-protector -Wa,--noexecstack -Wall -Wextra -Werror -c -o build/kernel.o kernel.c
m68k-linux-gnu-gcc -I../include -Ibuild -include build/kernel_build_info.h -m68030 -msoft-float -std=gnu11 -Os -ffreestanding -fno-builtin -fno-common -fno-pic -fno-pie -fno-stack-protector -Wa,--noexecstack -Wall -Wextra -Werror -c -o build/platform.o platform.c
m68k-linux-gnu-gcc -I../include -Ibuild -include build/kernel_build_info.h -m68030 -msoft-float -std=gnu11 -Os -ffreestanding -fno-builtin -fno-common -fno-pic -fno-pie -fno-stack-protector -Wa,--noexecstack -Wall -Wextra -Werror -c -o build/memory.o memory.c
m68k-linux-gnu-gcc -I../include -Ibuild -include build/kernel_build_info.h -m68030 -msoft-float -std=gnu11 -Os -ffreestanding -fno-builtin -fno-common -fno-pic -fno-pie -fno-stack-protector -Wa,--noexecstack -Wall -Wextra -Werror -c -o build/dma.o dma.c
m68k-linux-gnu-gcc -I../include -Ibuild -include build/kernel_build_info.h -m68030 -msoft-float -std=gnu11 -Os -ffreestanding -fno-builtin -fno-common -fno-pic -fno-pie -fno-stack-protector -Wa,--noexecstack -Wall -Wextra -Werror -c -o build/block.o block.c
m68k-linux-gnu-gcc -I../include -Ibuild -include build/kernel_build_info.h -m68030 -msoft-float -std=gnu11 -Os -ffreestanding -fno-builtin -fno-common -fno-pic -fno-pie -fno-stack-protector -Wa,--noexecstack -Wall -Wextra -Werror -c -o build/handle.o handle.c
m68k-linux-gnu-gcc -I../include -Ibuild -include build/kernel_build_info.h -m68030 -msoft-float -std=gnu11 -Os -ffreestanding -fno-builtin -fno-common -fno-pic -fno-pie -fno-stack-protector -Wa,--noexecstack -Wall -Wextra -Werror -c -o build/bytes.o bytes.c
m68k-linux-gnu-gcc -I../include -Ibuild -include build/kernel_build_info.h -m68030 -msoft-float -std=gnu11 -Os -ffreestanding -fno-builtin -fno-common -fno-pic -fno-pie -fno-stack-protector -Wa,--noexecstack -Wall -Wextra -Werror -c -o build/context.o context.c
m68k-linux-gnu-gcc -I../include -Ibuild -include build/kernel_build_info.h -m68030 -msoft-float -std=gnu11 -Os -ffreestanding -fno-builtin -fno-common -fno-pic -fno-pie -fno-stack-protector -Wa,--noexecstack -Wall -Wextra -Werror -c -o build/performance.o performance.c
m68k-linux-gnu-gcc -I../include -Ibuild -include build/kernel_build_info.h -m68030 -msoft-float -std=gnu11 -Os -ffreestanding -fno-builtin -fno-common -fno-pic -fno-pie -fno-stack-protector -Wa,--noexecstack -Wall -Wextra -Werror -c -o build/thread.o thread.c
m68k-linux-gnu-gcc -I../include -Ibuild -include build/kernel_build_info.h -m68030 -msoft-float -std=gnu11 -Os -ffreestanding -fno-builtin -fno-common -fno-pic -fno-pie -fno-stack-protector -Wa,--noexecstack -Wall -Wextra -Werror -c -o build/sync.o sync.c
m68k-linux-gnu-gcc -I../include -Ibuild -include build/kernel_build_info.h -m68030 -msoft-float -std=gnu11 -Os -ffreestanding -fno-builtin -fno-common -fno-pic -fno-pie -fno-stack-protector -Wa,--noexecstack -Wall -Wextra -Werror -c -o build/process.o process.c
m68k-linux-gnu-gcc -I../include -Ibuild -include build/kernel_build_info.h -m68030 -msoft-float -std=gnu11 -Os -ffreestanding -fno-builtin -fno-common -fno-pic -fno-pie -fno-stack-protector -Wa,--noexecstack -Wall -Wextra -Werror -c -o build/user_test.o user_test.S
m68k-linux-gnu-gcc -I../include -Ibuild -include build/kernel_build_info.h -m68030 -msoft-float -std=gnu11 -Os -ffreestanding -fno-builtin -fno-common -fno-pic -fno-pie -fno-stack-protector -Wa,--noexecstack -Wall -Wextra -Werror -c -o build/dispatch.o dispatch.c
m68k-linux-gnu-gcc -I../include -Ibuild -include build/kernel_build_info.h -m68030 -msoft-float -std=gnu11 -Os -ffreestanding -fno-builtin -fno-common -fno-pic -fno-pie -fno-stack-protector -Wa,--noexecstack -Wall -Wextra -Werror -c -o build/worker.o worker.c
m68k-linux-gnu-gcc -I../include -Ibuild -include build/kernel_build_info.h -m68030 -msoft-float -std=gnu11 -Os -ffreestanding -fno-builtin -fno-common -fno-pic -fno-pie -fno-stack-protector -Wa,--noexecstack -Wall -Wextra -Werror -c -o build/worker_asm.o worker.S
m68k-linux-gnu-gcc -I../include -Ibuild -include build/kernel_build_info.h -m68030 -msoft-float -std=gnu11 -Os -ffreestanding -fno-builtin -fno-common -fno-pic -fno-pie -fno-stack-protector -Wa,--noexecstack -Wall -Wextra -Werror -c -o build/pmmu.o pmmu.S
m68k-linux-gnu-gcc -I../include -Ibuild -include build/kernel_build_info.h -m68030 -msoft-float -std=gnu11 -Os -ffreestanding -fno-builtin -fno-common -fno-pic -fno-pie -fno-stack-protector -Wa,--noexecstack -Wall -Wextra -Werror -c -o build/vm.o vm.c
m68k-linux-gnu-gcc -I../include -Ibuild -include build/kernel_build_info.h -m68030 -msoft-float -std=gnu11 -Os -ffreestanding -fno-builtin -fno-common -fno-pic -fno-pie -fno-stack-protector -Wa,--noexecstack -Wall -Wextra -Werror -c -o build/exception.o exception.c
m68k-linux-gnu-gcc -I../include -Ibuild -include build/kernel_build_info.h -m68030 -msoft-float -std=gnu11 -Os -ffreestanding -fno-builtin -fno-common -fno-pic -fno-pie -fno-stack-protector -Wa,--noexecstack -Wall -Wextra -Werror -c -o build/user_copy.o user_copy.c
m68k-linux-gnu-gcc -I../include -Ibuild -include build/kernel_build_info.h -m68030 -msoft-float -std=gnu11 -Os -ffreestanding -fno-builtin -fno-common -fno-pic -fno-pie -fno-stack-protector -Wa,--noexecstack -Wall -Wextra -Werror -c -o build/user_copy_asm.o user_copy.S
m68k-linux-gnu-gcc -I../include -Ibuild -include build/kernel_build_info.h -m68030 -msoft-float -std=gnu11 -Os -ffreestanding -fno-builtin -fno-common -fno-pic -fno-pie -fno-stack-protector -Wa,--noexecstack -Wall -Wextra -Werror -c -o build/boot_contract.o ../common/boot_contract.c
m68k-linux-gnu-gcc -m68030 -msoft-float -std=gnu11 -Os -ffreestanding -fno-builtin -fno-common -fno-pic -fno-pie -fno-stack-protector -Wa,--noexecstack -Wall -Wextra -Werror -T kernel.ld -nostdlib -no-pie -Wl,--build-id=none,-Map=astra_kernel.map -o astra_kernel.elf build/entry.o build/vectors.o build/kernel.o build/platform.o build/memory.o build/dma.o build/block.o build/handle.o build/bytes.o build/context.o build/performance.o build/thread.o build/sync.o build/process.o build/user_test.o build/dispatch.o build/worker.o build/worker_asm.o build/pmmu.o build/vm.o build/exception.o build/user_copy.o build/user_copy_asm.o build/boot_contract.o
m68k-linux-gnu-objcopy -O binary astra_kernel.elf astra_kernel.bin
make[1]: Leaving directory '/tmp/astra68-k6-04524898-final/sw/kernel'
m68k-linux-gnu-gcc -m68030 -msoft-float -Os -ffreestanding -fno-builtin -nostdlib -Wa,--noexecstack -Wall -Wextra -I../include -I../../ndk/include -Ibuild -DMEM_BENCH_BYTES=256 -DDMA_BENCH_BYTES=1024  -T astra_st.ld -nostdlib -Wl,--build-id=none,-Map=astra_boot.map -o astra_boot.elf crt0.S kernel_blob.S boot.c \
	../common/boot_contract.c ../../ndk/src/front_panel.c
m68k-linux-gnu-objcopy -O binary astra_boot.elf astra_boot.bin
python3 package_rom.py astra_boot.bin astra68.rom
astra68.rom: 68796 payload bytes, crc32=5d3b3bc9
make: Leaving directory '/tmp/astra68-k6-04524898-final/sw/boot'
fpga/soc/sim/rom_init.hex: 17199 words from sw/boot/astra_boot.bin
../../cpu/tg68k_c_030_mmu2/TG68K_ALU.vhd:220:26:warning: declaration of "flags" hides port "Flags" [-Whide]
                variable flags : std_logic_vector(3 downto 0) := (others => '0');
                         ^
../../cpu/tg68k_c_030_mmu2/TG68K_ALU.vhd:298:26:warning: declaration of "flags" hides port "Flags" [-Whide]
                variable flags : std_logic_vector(3 downto 0) := (others => '0');
                         ^
../../cpu/tg68k_c_030_mmu2/TG68K_ALU.vhd:337:17:warning: declaration of "dividend" hides signal "dividend" [-Whide]
                dividend      : std_logic_vector(31 downto 0);
                ^
../../cpu/tg68k_c_030_mmu2/TG68K_ALU.vhd:341:26:warning: declaration of "flags" hides port "Flags" [-Whide]
                variable flags : std_logic_vector(3 downto 0) := current_flags;
                         ^
../../cpu/tg68k_c_030_mmu2/TG68K_ALU.vhd:368:26:warning: declaration of "flags" hides port "Flags" [-Whide]
                variable flags : std_logic_vector(3 downto 0) := current_flags;
                         ^
../../cpu/tg68k_c_030_mmu2/TG68K_ALU.vhd:379:17:warning: declaration of "dividend" hides signal "dividend" [-Whide]
                dividend : std_logic_vector(31 downto 0);
                ^
../../cpu/tg68k_c_030_mmu2/TG68K_ALU.vhd:383:26:warning: declaration of "flags" hides port "Flags" [-Whide]
                variable flags        : std_logic_vector(3 downto 0) := (others => '0');
                         ^
../../cpu/tg68k_c_030_mmu2/TG68K_ALU.vhd:419:26:warning: declaration of "flags" hides port "Flags" [-Whide]
                variable flags     : std_logic_vector(3 downto 0) := (others => '0');
                         ^
../../cpu/tg68k_c_030_mmu2/TG68K_PMMU_030.vhd:525:7:warning: declaration of "fc" hides port "fc" [-Whide]
      fc        : in  std_logic_vector(2 downto 0);
      ^
../../cpu/tg68k_c_030_mmu2/TG68K_PMMU_030.vhd:526:7:warning: declaration of "is_insn" hides port "is_insn" [-Whide]
      is_insn   : in  std_logic;
      ^
../../cpu/tg68k_c_030_mmu2/TG68K_PMMU_030.vhd:527:7:warning: declaration of "rw" hides port "rw" [-Whide]
      rw        : in  std_logic;  -- '1'=read, '0'=write
      ^
../../cpu/tg68k_c_030_mmu2/TG68K_PMMU_030.vhd:528:7:warning: declaration of "rmw" hides port "rmw" [-Whide]
      rmw       : in  std_logic;  -- read-modify-write sequence; requires TTR RWM=1
      ^
../../cpu/tg68k_c_030_mmu2/TG68K_PMMU_030.vhd:645:7:warning: declaration of "fc" hides port "fc" [-Whide]
      fc      : in  std_logic_vector(2 downto 0);
      ^
../../cpu/tg68k_c_030_mmu2/TG68K_PMMU_030.vhd:646:7:warning: declaration of "is_insn" hides port "is_insn" [-Whide]
      is_insn : in  std_logic;
      ^
../../cpu/tg68k_c_030_mmu2/TG68K_PMMU_030.vhd:720:28:warning: declaration of "fc" hides port "fc" [-Whide]
                           fc   : std_logic_vector(2 downto 0);
                           ^
../../cpu/tg68k_c_030_mmu2/TG68K_PMMU_030.vhd:731:32:warning: declaration of "fc" hides port "fc" [-Whide]
                               fc   : std_logic_vector(2 downto 0);
                               ^
../../cpu/tg68k_c_030_mmu2/TG68K_PMMU_030.vhd:831:26:warning: declaration of "tc" hides signal "TC" [-Whide]
  function tc_total_bits(tc : std_logic_vector(31 downto 0)) return integer is
                         ^
../../cpu/tg68k_c_030_mmu2/TG68K_PMMU_030.vhd:861:30:warning: declaration of "tc" hides signal "TC" [-Whide]
  function tc_config_invalid(tc : std_logic_vector(31 downto 0)) return boolean is
                             ^
../../cpu/tg68k_c_030_mmu2/TG68K_PMMU_030.vhd:905:26:warning: declaration of "fc" hides port "fc" [-Whide]
                         fc : std_logic_vector(2 downto 0);
                         ^
../../cpu/tg68k_c_030_mmu2/TG68K_PMMU_030.vhd:943:5:warning: declaration of "write_protect" hides port "write_protect" [-Whide]
    write_protect : std_logic;
    ^
../../cpu/tg68k_c_030_mmu2/TG68K_PMMU_030.vhd:974:5:warning: declaration of "write_protect" hides port "write_protect" [-Whide]
    write_protect : std_logic;
    ^
../../cpu/tg68k_c_030_mmu2/TG68K_PMMU_030.vhd:997:5:warning: declaration of "write_protect" hides port "write_protect" [-Whide]
    write_protect : std_logic;
    ^
../../cpu/tg68k_c_030_mmu2/TG68K_PMMU_030.vhd:1013:5:warning: declaration of "fc" hides port "fc" [-Whide]
    fc : std_logic_vector(2 downto 0);
    ^
../../cpu/tg68k_c_030_mmu2/TG68K_ALU.vhd:134:16:warning: no assignment for offsets 32:63 of signal "mulu_reg"
        signal mulu_reg                 : std_logic_vector(63 downto 0);
               ^
wrote boot_sdram_core.v (26 initial blocks)
make: Entering directory '/tmp/astra68-k6-04524898-final/fpga/soc/sim/obj_dir_boot_sdram'
g++ -Os  -I.  -MMD -I/home/barry/oss-cad-suite-install/oss-cad-suite/share/verilator/include -I/home/barry/oss-cad-suite-install/oss-cad-suite/share/verilator/include/vltstd -DVERILATOR=1 -DVM_COVERAGE=0 -DVM_SC=0 -DVM_TIMING=1 -DVM_TRACE=0 -DVM_TRACE_FST=0 -DVM_TRACE_VCD=0 -DVM_TRACE_SAIF=0 -faligned-new -fcf-protection=none -Wno-bool-operation -Wno-int-in-bool-context -Wno-shadow -Wno-sign-compare -Wno-subobject-linkage -Wno-tautological-compare -Wno-uninitialized -Wno-unused-but-set-parameter -Wno-unused-but-set-variable -Wno-unused-parameter -Wno-unused-variable    -DVL_TIME_CONTEXT   -fcoroutines -c -o verilated.o /home/barry/oss-cad-suite-install/oss-cad-suite/share/verilator/include/verilated.cpp
g++ -Os  -I.  -MMD -I/home/barry/oss-cad-suite-install/oss-cad-suite/share/verilator/include -I/home/barry/oss-cad-suite-install/oss-cad-suite/share/verilator/include/vltstd -DVERILATOR=1 -DVM_COVERAGE=0 -DVM_SC=0 -DVM_TIMING=1 -DVM_TRACE=0 -DVM_TRACE_FST=0 -DVM_TRACE_VCD=0 -DVM_TRACE_SAIF=0 -faligned-new -fcf-protection=none -Wno-bool-operation -Wno-int-in-bool-context -Wno-shadow -Wno-sign-compare -Wno-subobject-linkage -Wno-tautological-compare -Wno-uninitialized -Wno-unused-but-set-parameter -Wno-unused-but-set-variable -Wno-unused-parameter -Wno-unused-variable    -DVL_TIME_CONTEXT   -fcoroutines -c -o verilated_timing.o /home/barry/oss-cad-suite-install/oss-cad-suite/share/verilator/include/verilated_timing.cpp
g++ -Os  -I.  -MMD -I/home/barry/oss-cad-suite-install/oss-cad-suite/share/verilator/include -I/home/barry/oss-cad-suite-install/oss-cad-suite/share/verilator/include/vltstd -DVERILATOR=1 -DVM_COVERAGE=0 -DVM_SC=0 -DVM_TIMING=1 -DVM_TRACE=0 -DVM_TRACE_FST=0 -DVM_TRACE_VCD=0 -DVM_TRACE_SAIF=0 -faligned-new -fcf-protection=none -Wno-bool-operation -Wno-int-in-bool-context -Wno-shadow -Wno-sign-compare -Wno-subobject-linkage -Wno-tautological-compare -Wno-uninitialized -Wno-unused-but-set-parameter -Wno-unused-but-set-variable -Wno-unused-parameter -Wno-unused-variable    -DVL_TIME_CONTEXT   -fcoroutines -c -o verilated_threads.o /home/barry/oss-cad-suite-install/oss-cad-suite/share/verilator/include/verilated_threads.cpp
g++ -Os  -I.  -MMD -I/home/barry/oss-cad-suite-install/oss-cad-suite/share/verilator/include -I/home/barry/oss-cad-suite-install/oss-cad-suite/share/verilator/include/vltstd -DVERILATOR=1 -DVM_COVERAGE=0 -DVM_SC=0 -DVM_TIMING=1 -DVM_TRACE=0 -DVM_TRACE_FST=0 -DVM_TRACE_VCD=0 -DVM_TRACE_SAIF=0 -faligned-new -fcf-protection=none -Wno-bool-operation -Wno-int-in-bool-context -Wno-shadow -Wno-sign-compare -Wno-subobject-linkage -Wno-tautological-compare -Wno-uninitialized -Wno-unused-but-set-parameter -Wno-unused-but-set-variable -Wno-unused-parameter -Wno-unused-variable    -DVL_TIME_CONTEXT   -fcoroutines -x c++-header Vtb_boot_sdram__pch.h -o Vtb_boot_sdram__pch.h.fast.gch
g++   -I.  -MMD -I/home/barry/oss-cad-suite-install/oss-cad-suite/share/verilator/include -I/home/barry/oss-cad-suite-install/oss-cad-suite/share/verilator/include/vltstd -DVERILATOR=1 -DVM_COVERAGE=0 -DVM_SC=0 -DVM_TIMING=1 -DVM_TRACE=0 -DVM_TRACE_FST=0 -DVM_TRACE_VCD=0 -DVM_TRACE_SAIF=0 -faligned-new -fcf-protection=none -Wno-bool-operation -Wno-int-in-bool-context -Wno-shadow -Wno-sign-compare -Wno-subobject-linkage -Wno-tautological-compare -Wno-uninitialized -Wno-unused-but-set-parameter -Wno-unused-but-set-variable -Wno-unused-parameter -Wno-unused-variable    -DVL_TIME_CONTEXT   -fcoroutines -x c++-header Vtb_boot_sdram__pch.h -o Vtb_boot_sdram__pch.h.slow.gch
g++   -I.  -MMD -I/home/barry/oss-cad-suite-install/oss-cad-suite/share/verilator/include -I/home/barry/oss-cad-suite-install/oss-cad-suite/share/verilator/include/vltstd -DVERILATOR=1 -DVM_COVERAGE=0 -DVM_SC=0 -DVM_TIMING=1 -DVM_TRACE=0 -DVM_TRACE_FST=0 -DVM_TRACE_VCD=0 -DVM_TRACE_SAIF=0 -faligned-new -fcf-protection=none -Wno-bool-operation -Wno-int-in-bool-context -Wno-shadow -Wno-sign-compare -Wno-subobject-linkage -Wno-tautological-compare -Wno-uninitialized -Wno-unused-but-set-parameter -Wno-unused-but-set-variable -Wno-unused-parameter -Wno-unused-variable    -DVL_TIME_CONTEXT   -fcoroutines -include Vtb_boot_sdram__pch.h.slow -c Vtb_boot_sdram__ConstPool__0__Slow.cpp
g++   -I.  -MMD -I/home/barry/oss-cad-suite-install/oss-cad-suite/share/verilator/include -I/home/barry/oss-cad-suite-install/oss-cad-suite/share/verilator/include/vltstd -DVERILATOR=1 -DVM_COVERAGE=0 -DVM_SC=0 -DVM_TIMING=1 -DVM_TRACE=0 -DVM_TRACE_FST=0 -DVM_TRACE_VCD=0 -DVM_TRACE_SAIF=0 -faligned-new -fcf-protection=none -Wno-bool-operation -Wno-int-in-bool-context -Wno-shadow -Wno-sign-compare -Wno-subobject-linkage -Wno-tautological-compare -Wno-uninitialized -Wno-unused-but-set-parameter -Wno-unused-but-set-variable -Wno-unused-parameter -Wno-unused-variable    -DVL_TIME_CONTEXT   -fcoroutines -include Vtb_boot_sdram__pch.h.slow -c Vtb_boot_sdram___024root__Slow.cpp
g++   -I.  -MMD -I/home/barry/oss-cad-suite-install/oss-cad-suite/share/verilator/include -I/home/barry/oss-cad-suite-install/oss-cad-suite/share/verilator/include/vltstd -DVERILATOR=1 -DVM_COVERAGE=0 -DVM_SC=0 -DVM_TIMING=1 -DVM_TRACE=0 -DVM_TRACE_FST=0 -DVM_TRACE_VCD=0 -DVM_TRACE_SAIF=0 -faligned-new -fcf-protection=none -Wno-bool-operation -Wno-int-in-bool-context -Wno-shadow -Wno-sign-compare -Wno-subobject-linkage -Wno-tautological-compare -Wno-uninitialized -Wno-unused-but-set-parameter -Wno-unused-but-set-variable -Wno-unused-parameter -Wno-unused-variable    -DVL_TIME_CONTEXT   -fcoroutines -include Vtb_boot_sdram__pch.h.slow -c Vtb_boot_sdram___024root__0__Slow.cpp
g++   -I.  -MMD -I/home/barry/oss-cad-suite-install/oss-cad-suite/share/verilator/include -I/home/barry/oss-cad-suite-install/oss-cad-suite/share/verilator/include/vltstd -DVERILATOR=1 -DVM_COVERAGE=0 -DVM_SC=0 -DVM_TIMING=1 -DVM_TRACE=0 -DVM_TRACE_FST=0 -DVM_TRACE_VCD=0 -DVM_TRACE_SAIF=0 -faligned-new -fcf-protection=none -Wno-bool-operation -Wno-int-in-bool-context -Wno-shadow -Wno-sign-compare -Wno-subobject-linkage -Wno-tautological-compare -Wno-uninitialized -Wno-unused-but-set-parameter -Wno-unused-but-set-variable -Wno-unused-parameter -Wno-unused-variable    -DVL_TIME_CONTEXT   -fcoroutines -include Vtb_boot_sdram__pch.h.slow -c Vtb_boot_sdram___024root__1__Slow.cpp
g++   -I.  -MMD -I/home/barry/oss-cad-suite-install/oss-cad-suite/share/verilator/include -I/home/barry/oss-cad-suite-install/oss-cad-suite/share/verilator/include/vltstd -DVERILATOR=1 -DVM_COVERAGE=0 -DVM_SC=0 -DVM_TIMING=1 -DVM_TRACE=0 -DVM_TRACE_FST=0 -DVM_TRACE_VCD=0 -DVM_TRACE_SAIF=0 -faligned-new -fcf-protection=none -Wno-bool-operation -Wno-int-in-bool-context -Wno-shadow -Wno-sign-compare -Wno-subobject-linkage -Wno-tautological-compare -Wno-uninitialized -Wno-unused-but-set-parameter -Wno-unused-but-set-variable -Wno-unused-parameter -Wno-unused-variable    -DVL_TIME_CONTEXT   -fcoroutines -include Vtb_boot_sdram__pch.h.slow -c Vtb_boot_sdram___024root__2__Slow.cpp
g++   -I.  -MMD -I/home/barry/oss-cad-suite-install/oss-cad-suite/share/verilator/include -I/home/barry/oss-cad-suite-install/oss-cad-suite/share/verilator/include/vltstd -DVERILATOR=1 -DVM_COVERAGE=0 -DVM_SC=0 -DVM_TIMING=1 -DVM_TRACE=0 -DVM_TRACE_FST=0 -DVM_TRACE_VCD=0 -DVM_TRACE_SAIF=0 -faligned-new -fcf-protection=none -Wno-bool-operation -Wno-int-in-bool-context -Wno-shadow -Wno-sign-compare -Wno-subobject-linkage -Wno-tautological-compare -Wno-uninitialized -Wno-unused-but-set-parameter -Wno-unused-but-set-variable -Wno-unused-parameter -Wno-unused-variable    -DVL_TIME_CONTEXT   -fcoroutines -include Vtb_boot_sdram__pch.h.slow -c Vtb_boot_sdram___024root__3__Slow.cpp
g++   -I.  -MMD -I/home/barry/oss-cad-suite-install/oss-cad-suite/share/verilator/include -I/home/barry/oss-cad-suite-install/oss-cad-suite/share/verilator/include/vltstd -DVERILATOR=1 -DVM_COVERAGE=0 -DVM_SC=0 -DVM_TIMING=1 -DVM_TRACE=0 -DVM_TRACE_FST=0 -DVM_TRACE_VCD=0 -DVM_TRACE_SAIF=0 -faligned-new -fcf-protection=none -Wno-bool-operation -Wno-int-in-bool-context -Wno-shadow -Wno-sign-compare -Wno-subobject-linkage -Wno-tautological-compare -Wno-uninitialized -Wno-unused-but-set-parameter -Wno-unused-but-set-variable -Wno-unused-parameter -Wno-unused-variable    -DVL_TIME_CONTEXT   -fcoroutines -include Vtb_boot_sdram__pch.h.slow -c Vtb_boot_sdram___024root__4__Slow.cpp
g++   -I.  -MMD -I/home/barry/oss-cad-suite-install/oss-cad-suite/share/verilator/include -I/home/barry/oss-cad-suite-install/oss-cad-suite/share/verilator/include/vltstd -DVERILATOR=1 -DVM_COVERAGE=0 -DVM_SC=0 -DVM_TIMING=1 -DVM_TRACE=0 -DVM_TRACE_FST=0 -DVM_TRACE_VCD=0 -DVM_TRACE_SAIF=0 -faligned-new -fcf-protection=none -Wno-bool-operation -Wno-int-in-bool-context -Wno-shadow -Wno-sign-compare -Wno-subobject-linkage -Wno-tautological-compare -Wno-uninitialized -Wno-unused-but-set-parameter -Wno-unused-but-set-variable -Wno-unused-parameter -Wno-unused-variable    -DVL_TIME_CONTEXT   -fcoroutines -include Vtb_boot_sdram__pch.h.slow -c Vtb_boot_sdram___024root__5__Slow.cpp
g++   -I.  -MMD -I/home/barry/oss-cad-suite-install/oss-cad-suite/share/verilator/include -I/home/barry/oss-cad-suite-install/oss-cad-suite/share/verilator/include/vltstd -DVERILATOR=1 -DVM_COVERAGE=0 -DVM_SC=0 -DVM_TIMING=1 -DVM_TRACE=0 -DVM_TRACE_FST=0 -DVM_TRACE_VCD=0 -DVM_TRACE_SAIF=0 -faligned-new -fcf-protection=none -Wno-bool-operation -Wno-int-in-bool-context -Wno-shadow -Wno-sign-compare -Wno-subobject-linkage -Wno-tautological-compare -Wno-uninitialized -Wno-unused-but-set-parameter -Wno-unused-but-set-variable -Wno-unused-parameter -Wno-unused-variable    -DVL_TIME_CONTEXT   -fcoroutines -include Vtb_boot_sdram__pch.h.slow -c Vtb_boot_sdram___024root__6__Slow.cpp
g++   -I.  -MMD -I/home/barry/oss-cad-suite-install/oss-cad-suite/share/verilator/include -I/home/barry/oss-cad-suite-install/oss-cad-suite/share/verilator/include/vltstd -DVERILATOR=1 -DVM_COVERAGE=0 -DVM_SC=0 -DVM_TIMING=1 -DVM_TRACE=0 -DVM_TRACE_FST=0 -DVM_TRACE_VCD=0 -DVM_TRACE_SAIF=0 -faligned-new -fcf-protection=none -Wno-bool-operation -Wno-int-in-bool-context -Wno-shadow -Wno-sign-compare -Wno-subobject-linkage -Wno-tautological-compare -Wno-uninitialized -Wno-unused-but-set-parameter -Wno-unused-but-set-variable -Wno-unused-parameter -Wno-unused-variable    -DVL_TIME_CONTEXT   -fcoroutines -include Vtb_boot_sdram__pch.h.slow -c Vtb_boot_sdram___024root__7__Slow.cpp
g++   -I.  -MMD -I/home/barry/oss-cad-suite-install/oss-cad-suite/share/verilator/include -I/home/barry/oss-cad-suite-install/oss-cad-suite/share/verilator/include/vltstd -DVERILATOR=1 -DVM_COVERAGE=0 -DVM_SC=0 -DVM_TIMING=1 -DVM_TRACE=0 -DVM_TRACE_FST=0 -DVM_TRACE_VCD=0 -DVM_TRACE_SAIF=0 -faligned-new -fcf-protection=none -Wno-bool-operation -Wno-int-in-bool-context -Wno-shadow -Wno-sign-compare -Wno-subobject-linkage -Wno-tautological-compare -Wno-uninitialized -Wno-unused-but-set-parameter -Wno-unused-but-set-variable -Wno-unused-parameter -Wno-unused-variable    -DVL_TIME_CONTEXT   -fcoroutines -include Vtb_boot_sdram__pch.h.slow -c Vtb_boot_sdram___024root__8__Slow.cpp
g++   -I.  -MMD -I/home/barry/oss-cad-suite-install/oss-cad-suite/share/verilator/include -I/home/barry/oss-cad-suite-install/oss-cad-suite/share/verilator/include/vltstd -DVERILATOR=1 -DVM_COVERAGE=0 -DVM_SC=0 -DVM_TIMING=1 -DVM_TRACE=0 -DVM_TRACE_FST=0 -DVM_TRACE_VCD=0 -DVM_TRACE_SAIF=0 -faligned-new -fcf-protection=none -Wno-bool-operation -Wno-int-in-bool-context -Wno-shadow -Wno-sign-compare -Wno-subobject-linkage -Wno-tautological-compare -Wno-uninitialized -Wno-unused-but-set-parameter -Wno-unused-but-set-variable -Wno-unused-parameter -Wno-unused-variable    -DVL_TIME_CONTEXT   -fcoroutines -include Vtb_boot_sdram__pch.h.slow -c Vtb_boot_sdram___024root__9__Slow.cpp
g++   -I.  -MMD -I/home/barry/oss-cad-suite-install/oss-cad-suite/share/verilator/include -I/home/barry/oss-cad-suite-install/oss-cad-suite/share/verilator/include/vltstd -DVERILATOR=1 -DVM_COVERAGE=0 -DVM_SC=0 -DVM_TIMING=1 -DVM_TRACE=0 -DVM_TRACE_FST=0 -DVM_TRACE_VCD=0 -DVM_TRACE_SAIF=0 -faligned-new -fcf-protection=none -Wno-bool-operation -Wno-int-in-bool-context -Wno-shadow -Wno-sign-compare -Wno-subobject-linkage -Wno-tautological-compare -Wno-uninitialized -Wno-unused-but-set-parameter -Wno-unused-but-set-variable -Wno-unused-parameter -Wno-unused-variable    -DVL_TIME_CONTEXT   -fcoroutines -include Vtb_boot_sdram__pch.h.slow -c Vtb_boot_sdram___024root__10__Slow.cpp
g++   -I.  -MMD -I/home/barry/oss-cad-suite-install/oss-cad-suite/share/verilator/include -I/home/barry/oss-cad-suite-install/oss-cad-suite/share/verilator/include/vltstd -DVERILATOR=1 -DVM_COVERAGE=0 -DVM_SC=0 -DVM_TIMING=1 -DVM_TRACE=0 -DVM_TRACE_FST=0 -DVM_TRACE_VCD=0 -DVM_TRACE_SAIF=0 -faligned-new -fcf-protection=none -Wno-bool-operation -Wno-int-in-bool-context -Wno-shadow -Wno-sign-compare -Wno-subobject-linkage -Wno-tautological-compare -Wno-uninitialized -Wno-unused-but-set-parameter -Wno-unused-but-set-variable -Wno-unused-parameter -Wno-unused-variable    -DVL_TIME_CONTEXT   -fcoroutines -include Vtb_boot_sdram__pch.h.slow -c Vtb_boot_sdram___024root__11__Slow.cpp
g++   -I.  -MMD -I/home/barry/oss-cad-suite-install/oss-cad-suite/share/verilator/include -I/home/barry/oss-cad-suite-install/oss-cad-suite/share/verilator/include/vltstd -DVERILATOR=1 -DVM_COVERAGE=0 -DVM_SC=0 -DVM_TIMING=1 -DVM_TRACE=0 -DVM_TRACE_FST=0 -DVM_TRACE_VCD=0 -DVM_TRACE_SAIF=0 -faligned-new -fcf-protection=none -Wno-bool-operation -Wno-int-in-bool-context -Wno-shadow -Wno-sign-compare -Wno-subobject-linkage -Wno-tautological-compare -Wno-uninitialized -Wno-unused-but-set-parameter -Wno-unused-but-set-variable -Wno-unused-parameter -Wno-unused-variable    -DVL_TIME_CONTEXT   -fcoroutines -include Vtb_boot_sdram__pch.h.slow -c Vtb_boot_sdram___024root__12__Slow.cpp
g++   -I.  -MMD -I/home/barry/oss-cad-suite-install/oss-cad-suite/share/verilator/include -I/home/barry/oss-cad-suite-install/oss-cad-suite/share/verilator/include/vltstd -DVERILATOR=1 -DVM_COVERAGE=0 -DVM_SC=0 -DVM_TIMING=1 -DVM_TRACE=0 -DVM_TRACE_FST=0 -DVM_TRACE_VCD=0 -DVM_TRACE_SAIF=0 -faligned-new -fcf-protection=none -Wno-bool-operation -Wno-int-in-bool-context -Wno-shadow -Wno-sign-compare -Wno-subobject-linkage -Wno-tautological-compare -Wno-uninitialized -Wno-unused-but-set-parameter -Wno-unused-but-set-variable -Wno-unused-parameter -Wno-unused-variable    -DVL_TIME_CONTEXT   -fcoroutines -include Vtb_boot_sdram__pch.h.slow -c Vtb_boot_sdram___024root__13__Slow.cpp
g++   -I.  -MMD -I/home/barry/oss-cad-suite-install/oss-cad-suite/share/verilator/include -I/home/barry/oss-cad-suite-install/oss-cad-suite/share/verilator/include/vltstd -DVERILATOR=1 -DVM_COVERAGE=0 -DVM_SC=0 -DVM_TIMING=1 -DVM_TRACE=0 -DVM_TRACE_FST=0 -DVM_TRACE_VCD=0 -DVM_TRACE_SAIF=0 -faligned-new -fcf-protection=none -Wno-bool-operation -Wno-int-in-bool-context -Wno-shadow -Wno-sign-compare -Wno-subobject-linkage -Wno-tautological-compare -Wno-uninitialized -Wno-unused-but-set-parameter -Wno-unused-but-set-variable -Wno-unused-parameter -Wno-unused-variable    -DVL_TIME_CONTEXT   -fcoroutines -include Vtb_boot_sdram__pch.h.slow -c Vtb_boot_sdram___024root__14__Slow.cpp
g++   -I.  -MMD -I/home/barry/oss-cad-suite-install/oss-cad-suite/share/verilator/include -I/home/barry/oss-cad-suite-install/oss-cad-suite/share/verilator/include/vltstd -DVERILATOR=1 -DVM_COVERAGE=0 -DVM_SC=0 -DVM_TIMING=1 -DVM_TRACE=0 -DVM_TRACE_FST=0 -DVM_TRACE_VCD=0 -DVM_TRACE_SAIF=0 -faligned-new -fcf-protection=none -Wno-bool-operation -Wno-int-in-bool-context -Wno-shadow -Wno-sign-compare -Wno-subobject-linkage -Wno-tautological-compare -Wno-uninitialized -Wno-unused-but-set-parameter -Wno-unused-but-set-variable -Wno-unused-parameter -Wno-unused-variable    -DVL_TIME_CONTEXT   -fcoroutines -include Vtb_boot_sdram__pch.h.slow -c Vtb_boot_sdram___024root__15__Slow.cpp
g++   -I.  -MMD -I/home/barry/oss-cad-suite-install/oss-cad-suite/share/verilator/include -I/home/barry/oss-cad-suite-install/oss-cad-suite/share/verilator/include/vltstd -DVERILATOR=1 -DVM_COVERAGE=0 -DVM_SC=0 -DVM_TIMING=1 -DVM_TRACE=0 -DVM_TRACE_FST=0 -DVM_TRACE_VCD=0 -DVM_TRACE_SAIF=0 -faligned-new -fcf-protection=none -Wno-bool-operation -Wno-int-in-bool-context -Wno-shadow -Wno-sign-compare -Wno-subobject-linkage -Wno-tautological-compare -Wno-uninitialized -Wno-unused-but-set-parameter -Wno-unused-but-set-variable -Wno-unused-parameter -Wno-unused-variable    -DVL_TIME_CONTEXT   -fcoroutines -include Vtb_boot_sdram__pch.h.slow -c Vtb_boot_sdram___024root__16__Slow.cpp
g++   -I.  -MMD -I/home/barry/oss-cad-suite-install/oss-cad-suite/share/verilator/include -I/home/barry/oss-cad-suite-install/oss-cad-suite/share/verilator/include/vltstd -DVERILATOR=1 -DVM_COVERAGE=0 -DVM_SC=0 -DVM_TIMING=1 -DVM_TRACE=0 -DVM_TRACE_FST=0 -DVM_TRACE_VCD=0 -DVM_TRACE_SAIF=0 -faligned-new -fcf-protection=none -Wno-bool-operation -Wno-int-in-bool-context -Wno-shadow -Wno-sign-compare -Wno-subobject-linkage -Wno-tautological-compare -Wno-uninitialized -Wno-unused-but-set-parameter -Wno-unused-but-set-variable -Wno-unused-parameter -Wno-unused-variable    -DVL_TIME_CONTEXT   -fcoroutines -include Vtb_boot_sdram__pch.h.slow -c Vtb_boot_sdram___024root__17__Slow.cpp
g++   -I.  -MMD -I/home/barry/oss-cad-suite-install/oss-cad-suite/share/verilator/include -I/home/barry/oss-cad-suite-install/oss-cad-suite/share/verilator/include/vltstd -DVERILATOR=1 -DVM_COVERAGE=0 -DVM_SC=0 -DVM_TIMING=1 -DVM_TRACE=0 -DVM_TRACE_FST=0 -DVM_TRACE_VCD=0 -DVM_TRACE_SAIF=0 -faligned-new -fcf-protection=none -Wno-bool-operation -Wno-int-in-bool-context -Wno-shadow -Wno-sign-compare -Wno-subobject-linkage -Wno-tautological-compare -Wno-uninitialized -Wno-unused-but-set-parameter -Wno-unused-but-set-variable -Wno-unused-parameter -Wno-unused-variable    -DVL_TIME_CONTEXT   -fcoroutines -include Vtb_boot_sdram__pch.h.slow -c Vtb_boot_sdram___024root__18__Slow.cpp
g++   -I.  -MMD -I/home/barry/oss-cad-suite-install/oss-cad-suite/share/verilator/include -I/home/barry/oss-cad-suite-install/oss-cad-suite/share/verilator/include/vltstd -DVERILATOR=1 -DVM_COVERAGE=0 -DVM_SC=0 -DVM_TIMING=1 -DVM_TRACE=0 -DVM_TRACE_FST=0 -DVM_TRACE_VCD=0 -DVM_TRACE_SAIF=0 -faligned-new -fcf-protection=none -Wno-bool-operation -Wno-int-in-bool-context -Wno-shadow -Wno-sign-compare -Wno-subobject-linkage -Wno-tautological-compare -Wno-uninitialized -Wno-unused-but-set-parameter -Wno-unused-but-set-variable -Wno-unused-parameter -Wno-unused-variable    -DVL_TIME_CONTEXT   -fcoroutines -include Vtb_boot_sdram__pch.h.slow -c Vtb_boot_sdram___024root__19__Slow.cpp
g++   -I.  -MMD -I/home/barry/oss-cad-suite-install/oss-cad-suite/share/verilator/include -I/home/barry/oss-cad-suite-install/oss-cad-suite/share/verilator/include/vltstd -DVERILATOR=1 -DVM_COVERAGE=0 -DVM_SC=0 -DVM_TIMING=1 -DVM_TRACE=0 -DVM_TRACE_FST=0 -DVM_TRACE_VCD=0 -DVM_TRACE_SAIF=0 -faligned-new -fcf-protection=none -Wno-bool-operation -Wno-int-in-bool-context -Wno-shadow -Wno-sign-compare -Wno-subobject-linkage -Wno-tautological-compare -Wno-uninitialized -Wno-unused-but-set-parameter -Wno-unused-but-set-variable -Wno-unused-parameter -Wno-unused-variable    -DVL_TIME_CONTEXT   -fcoroutines -include Vtb_boot_sdram__pch.h.slow -c Vtb_boot_sdram___024root__20__Slow.cpp
g++   -I.  -MMD -I/home/barry/oss-cad-suite-install/oss-cad-suite/share/verilator/include -I/home/barry/oss-cad-suite-install/oss-cad-suite/share/verilator/include/vltstd -DVERILATOR=1 -DVM_COVERAGE=0 -DVM_SC=0 -DVM_TIMING=1 -DVM_TRACE=0 -DVM_TRACE_FST=0 -DVM_TRACE_VCD=0 -DVM_TRACE_SAIF=0 -faligned-new -fcf-protection=none -Wno-bool-operation -Wno-int-in-bool-context -Wno-shadow -Wno-sign-compare -Wno-subobject-linkage -Wno-tautological-compare -Wno-uninitialized -Wno-unused-but-set-parameter -Wno-unused-but-set-variable -Wno-unused-parameter -Wno-unused-variable    -DVL_TIME_CONTEXT   -fcoroutines -include Vtb_boot_sdram__pch.h.slow -c Vtb_boot_sdram___024root__21__Slow.cpp
g++   -I.  -MMD -I/home/barry/oss-cad-suite-install/oss-cad-suite/share/verilator/include -I/home/barry/oss-cad-suite-install/oss-cad-suite/share/verilator/include/vltstd -DVERILATOR=1 -DVM_COVERAGE=0 -DVM_SC=0 -DVM_TIMING=1 -DVM_TRACE=0 -DVM_TRACE_FST=0 -DVM_TRACE_VCD=0 -DVM_TRACE_SAIF=0 -faligned-new -fcf-protection=none -Wno-bool-operation -Wno-int-in-bool-context -Wno-shadow -Wno-sign-compare -Wno-subobject-linkage -Wno-tautological-compare -Wno-uninitialized -Wno-unused-but-set-parameter -Wno-unused-but-set-variable -Wno-unused-parameter -Wno-unused-variable    -DVL_TIME_CONTEXT   -fcoroutines -include Vtb_boot_sdram__pch.h.slow -c Vtb_boot_sdram__Syms__Slow.cpp
g++ -Os  -I.  -MMD -I/home/barry/oss-cad-suite-install/oss-cad-suite/share/verilator/include -I/home/barry/oss-cad-suite-install/oss-cad-suite/share/verilator/include/vltstd -DVERILATOR=1 -DVM_COVERAGE=0 -DVM_SC=0 -DVM_TIMING=1 -DVM_TRACE=0 -DVM_TRACE_FST=0 -DVM_TRACE_VCD=0 -DVM_TRACE_SAIF=0 -faligned-new -fcf-protection=none -Wno-bool-operation -Wno-int-in-bool-context -Wno-shadow -Wno-sign-compare -Wno-subobject-linkage -Wno-tautological-compare -Wno-uninitialized -Wno-unused-but-set-parameter -Wno-unused-but-set-variable -Wno-unused-parameter -Wno-unused-variable    -DVL_TIME_CONTEXT   -fcoroutines -include Vtb_boot_sdram__pch.h.fast -c Vtb_boot_sdram.cpp
g++ -Os  -I.  -MMD -I/home/barry/oss-cad-suite-install/oss-cad-suite/share/verilator/include -I/home/barry/oss-cad-suite-install/oss-cad-suite/share/verilator/include/vltstd -DVERILATOR=1 -DVM_COVERAGE=0 -DVM_SC=0 -DVM_TIMING=1 -DVM_TRACE=0 -DVM_TRACE_FST=0 -DVM_TRACE_VCD=0 -DVM_TRACE_SAIF=0 -faligned-new -fcf-protection=none -Wno-bool-operation -Wno-int-in-bool-context -Wno-shadow -Wno-sign-compare -Wno-subobject-linkage -Wno-tautological-compare -Wno-uninitialized -Wno-unused-but-set-parameter -Wno-unused-but-set-variable -Wno-unused-parameter -Wno-unused-variable    -DVL_TIME_CONTEXT   -fcoroutines -include Vtb_boot_sdram__pch.h.fast -c Vtb_boot_sdram___024root__0.cpp
g++ -Os  -I.  -MMD -I/home/barry/oss-cad-suite-install/oss-cad-suite/share/verilator/include -I/home/barry/oss-cad-suite-install/oss-cad-suite/share/verilator/include/vltstd -DVERILATOR=1 -DVM_COVERAGE=0 -DVM_SC=0 -DVM_TIMING=1 -DVM_TRACE=0 -DVM_TRACE_FST=0 -DVM_TRACE_VCD=0 -DVM_TRACE_SAIF=0 -faligned-new -fcf-protection=none -Wno-bool-operation -Wno-int-in-bool-context -Wno-shadow -Wno-sign-compare -Wno-subobject-linkage -Wno-tautological-compare -Wno-uninitialized -Wno-unused-but-set-parameter -Wno-unused-but-set-variable -Wno-unused-parameter -Wno-unused-variable    -DVL_TIME_CONTEXT   -fcoroutines -include Vtb_boot_sdram__pch.h.fast -c Vtb_boot_sdram___024root__1.cpp
g++ -Os  -I.  -MMD -I/home/barry/oss-cad-suite-install/oss-cad-suite/share/verilator/include -I/home/barry/oss-cad-suite-install/oss-cad-suite/share/verilator/include/vltstd -DVERILATOR=1 -DVM_COVERAGE=0 -DVM_SC=0 -DVM_TIMING=1 -DVM_TRACE=0 -DVM_TRACE_FST=0 -DVM_TRACE_VCD=0 -DVM_TRACE_SAIF=0 -faligned-new -fcf-protection=none -Wno-bool-operation -Wno-int-in-bool-context -Wno-shadow -Wno-sign-compare -Wno-subobject-linkage -Wno-tautological-compare -Wno-uninitialized -Wno-unused-but-set-parameter -Wno-unused-but-set-variable -Wno-unused-parameter -Wno-unused-variable    -DVL_TIME_CONTEXT   -fcoroutines -include Vtb_boot_sdram__pch.h.fast -c Vtb_boot_sdram___024root__2.cpp
g++ -Os  -I.  -MMD -I/home/barry/oss-cad-suite-install/oss-cad-suite/share/verilator/include -I/home/barry/oss-cad-suite-install/oss-cad-suite/share/verilator/include/vltstd -DVERILATOR=1 -DVM_COVERAGE=0 -DVM_SC=0 -DVM_TIMING=1 -DVM_TRACE=0 -DVM_TRACE_FST=0 -DVM_TRACE_VCD=0 -DVM_TRACE_SAIF=0 -faligned-new -fcf-protection=none -Wno-bool-operation -Wno-int-in-bool-context -Wno-shadow -Wno-sign-compare -Wno-subobject-linkage -Wno-tautological-compare -Wno-uninitialized -Wno-unused-but-set-parameter -Wno-unused-but-set-variable -Wno-unused-parameter -Wno-unused-variable    -DVL_TIME_CONTEXT   -fcoroutines -include Vtb_boot_sdram__pch.h.fast -c Vtb_boot_sdram___024root__3.cpp
g++ -Os  -I.  -MMD -I/home/barry/oss-cad-suite-install/oss-cad-suite/share/verilator/include -I/home/barry/oss-cad-suite-install/oss-cad-suite/share/verilator/include/vltstd -DVERILATOR=1 -DVM_COVERAGE=0 -DVM_SC=0 -DVM_TIMING=1 -DVM_TRACE=0 -DVM_TRACE_FST=0 -DVM_TRACE_VCD=0 -DVM_TRACE_SAIF=0 -faligned-new -fcf-protection=none -Wno-bool-operation -Wno-int-in-bool-context -Wno-shadow -Wno-sign-compare -Wno-subobject-linkage -Wno-tautological-compare -Wno-uninitialized -Wno-unused-but-set-parameter -Wno-unused-but-set-variable -Wno-unused-parameter -Wno-unused-variable    -DVL_TIME_CONTEXT   -fcoroutines -include Vtb_boot_sdram__pch.h.fast -c Vtb_boot_sdram___024root__4.cpp
g++ -Os  -I.  -MMD -I/home/barry/oss-cad-suite-install/oss-cad-suite/share/verilator/include -I/home/barry/oss-cad-suite-install/oss-cad-suite/share/verilator/include/vltstd -DVERILATOR=1 -DVM_COVERAGE=0 -DVM_SC=0 -DVM_TIMING=1 -DVM_TRACE=0 -DVM_TRACE_FST=0 -DVM_TRACE_VCD=0 -DVM_TRACE_SAIF=0 -faligned-new -fcf-protection=none -Wno-bool-operation -Wno-int-in-bool-context -Wno-shadow -Wno-sign-compare -Wno-subobject-linkage -Wno-tautological-compare -Wno-uninitialized -Wno-unused-but-set-parameter -Wno-unused-but-set-variable -Wno-unused-parameter -Wno-unused-variable    -DVL_TIME_CONTEXT   -fcoroutines -include Vtb_boot_sdram__pch.h.fast -c Vtb_boot_sdram___024root__5.cpp
g++ -Os  -I.  -MMD -I/home/barry/oss-cad-suite-install/oss-cad-suite/share/verilator/include -I/home/barry/oss-cad-suite-install/oss-cad-suite/share/verilator/include/vltstd -DVERILATOR=1 -DVM_COVERAGE=0 -DVM_SC=0 -DVM_TIMING=1 -DVM_TRACE=0 -DVM_TRACE_FST=0 -DVM_TRACE_VCD=0 -DVM_TRACE_SAIF=0 -faligned-new -fcf-protection=none -Wno-bool-operation -Wno-int-in-bool-context -Wno-shadow -Wno-sign-compare -Wno-subobject-linkage -Wno-tautological-compare -Wno-uninitialized -Wno-unused-but-set-parameter -Wno-unused-but-set-variable -Wno-unused-parameter -Wno-unused-variable    -DVL_TIME_CONTEXT   -fcoroutines -include Vtb_boot_sdram__pch.h.fast -c Vtb_boot_sdram___024root__6.cpp
g++ -Os  -I.  -MMD -I/home/barry/oss-cad-suite-install/oss-cad-suite/share/verilator/include -I/home/barry/oss-cad-suite-install/oss-cad-suite/share/verilator/include/vltstd -DVERILATOR=1 -DVM_COVERAGE=0 -DVM_SC=0 -DVM_TIMING=1 -DVM_TRACE=0 -DVM_TRACE_FST=0 -DVM_TRACE_VCD=0 -DVM_TRACE_SAIF=0 -faligned-new -fcf-protection=none -Wno-bool-operation -Wno-int-in-bool-context -Wno-shadow -Wno-sign-compare -Wno-subobject-linkage -Wno-tautological-compare -Wno-uninitialized -Wno-unused-but-set-parameter -Wno-unused-but-set-variable -Wno-unused-parameter -Wno-unused-variable    -DVL_TIME_CONTEXT   -fcoroutines -include Vtb_boot_sdram__pch.h.fast -c Vtb_boot_sdram___024root__7.cpp
g++ -Os  -I.  -MMD -I/home/barry/oss-cad-suite-install/oss-cad-suite/share/verilator/include -I/home/barry/oss-cad-suite-install/oss-cad-suite/share/verilator/include/vltstd -DVERILATOR=1 -DVM_COVERAGE=0 -DVM_SC=0 -DVM_TIMING=1 -DVM_TRACE=0 -DVM_TRACE_FST=0 -DVM_TRACE_VCD=0 -DVM_TRACE_SAIF=0 -faligned-new -fcf-protection=none -Wno-bool-operation -Wno-int-in-bool-context -Wno-shadow -Wno-sign-compare -Wno-subobject-linkage -Wno-tautological-compare -Wno-uninitialized -Wno-unused-but-set-parameter -Wno-unused-but-set-variable -Wno-unused-parameter -Wno-unused-variable    -DVL_TIME_CONTEXT   -fcoroutines -include Vtb_boot_sdram__pch.h.fast -c Vtb_boot_sdram___024root__8.cpp
g++ -Os  -I.  -MMD -I/home/barry/oss-cad-suite-install/oss-cad-suite/share/verilator/include -I/home/barry/oss-cad-suite-install/oss-cad-suite/share/verilator/include/vltstd -DVERILATOR=1 -DVM_COVERAGE=0 -DVM_SC=0 -DVM_TIMING=1 -DVM_TRACE=0 -DVM_TRACE_FST=0 -DVM_TRACE_VCD=0 -DVM_TRACE_SAIF=0 -faligned-new -fcf-protection=none -Wno-bool-operation -Wno-int-in-bool-context -Wno-shadow -Wno-sign-compare -Wno-subobject-linkage -Wno-tautological-compare -Wno-uninitialized -Wno-unused-but-set-parameter -Wno-unused-but-set-variable -Wno-unused-parameter -Wno-unused-variable    -DVL_TIME_CONTEXT   -fcoroutines -include Vtb_boot_sdram__pch.h.fast -c Vtb_boot_sdram___024root__9.cpp
g++ -Os  -I.  -MMD -I/home/barry/oss-cad-suite-install/oss-cad-suite/share/verilator/include -I/home/barry/oss-cad-suite-install/oss-cad-suite/share/verilator/include/vltstd -DVERILATOR=1 -DVM_COVERAGE=0 -DVM_SC=0 -DVM_TIMING=1 -DVM_TRACE=0 -DVM_TRACE_FST=0 -DVM_TRACE_VCD=0 -DVM_TRACE_SAIF=0 -faligned-new -fcf-protection=none -Wno-bool-operation -Wno-int-in-bool-context -Wno-shadow -Wno-sign-compare -Wno-subobject-linkage -Wno-tautological-compare -Wno-uninitialized -Wno-unused-but-set-parameter -Wno-unused-but-set-variable -Wno-unused-parameter -Wno-unused-variable    -DVL_TIME_CONTEXT   -fcoroutines -include Vtb_boot_sdram__pch.h.fast -c Vtb_boot_sdram___024root__10.cpp
g++ -Os  -I.  -MMD -I/home/barry/oss-cad-suite-install/oss-cad-suite/share/verilator/include -I/home/barry/oss-cad-suite-install/oss-cad-suite/share/verilator/include/vltstd -DVERILATOR=1 -DVM_COVERAGE=0 -DVM_SC=0 -DVM_TIMING=1 -DVM_TRACE=0 -DVM_TRACE_FST=0 -DVM_TRACE_VCD=0 -DVM_TRACE_SAIF=0 -faligned-new -fcf-protection=none -Wno-bool-operation -Wno-int-in-bool-context -Wno-shadow -Wno-sign-compare -Wno-subobject-linkage -Wno-tautological-compare -Wno-uninitialized -Wno-unused-but-set-parameter -Wno-unused-but-set-variable -Wno-unused-parameter -Wno-unused-variable    -DVL_TIME_CONTEXT   -fcoroutines -include Vtb_boot_sdram__pch.h.fast -c Vtb_boot_sdram___024root__11.cpp
g++ -Os  -I.  -MMD -I/home/barry/oss-cad-suite-install/oss-cad-suite/share/verilator/include -I/home/barry/oss-cad-suite-install/oss-cad-suite/share/verilator/include/vltstd -DVERILATOR=1 -DVM_COVERAGE=0 -DVM_SC=0 -DVM_TIMING=1 -DVM_TRACE=0 -DVM_TRACE_FST=0 -DVM_TRACE_VCD=0 -DVM_TRACE_SAIF=0 -faligned-new -fcf-protection=none -Wno-bool-operation -Wno-int-in-bool-context -Wno-shadow -Wno-sign-compare -Wno-subobject-linkage -Wno-tautological-compare -Wno-uninitialized -Wno-unused-but-set-parameter -Wno-unused-but-set-variable -Wno-unused-parameter -Wno-unused-variable    -DVL_TIME_CONTEXT   -fcoroutines -include Vtb_boot_sdram__pch.h.fast -c Vtb_boot_sdram___024root__12.cpp
g++ -Os  -I.  -MMD -I/home/barry/oss-cad-suite-install/oss-cad-suite/share/verilator/include -I/home/barry/oss-cad-suite-install/oss-cad-suite/share/verilator/include/vltstd -DVERILATOR=1 -DVM_COVERAGE=0 -DVM_SC=0 -DVM_TIMING=1 -DVM_TRACE=0 -DVM_TRACE_FST=0 -DVM_TRACE_VCD=0 -DVM_TRACE_SAIF=0 -faligned-new -fcf-protection=none -Wno-bool-operation -Wno-int-in-bool-context -Wno-shadow -Wno-sign-compare -Wno-subobject-linkage -Wno-tautological-compare -Wno-uninitialized -Wno-unused-but-set-parameter -Wno-unused-but-set-variable -Wno-unused-parameter -Wno-unused-variable    -DVL_TIME_CONTEXT   -fcoroutines -include Vtb_boot_sdram__pch.h.fast -c Vtb_boot_sdram___024root__13.cpp
g++ -Os  -I.  -MMD -I/home/barry/oss-cad-suite-install/oss-cad-suite/share/verilator/include -I/home/barry/oss-cad-suite-install/oss-cad-suite/share/verilator/include/vltstd -DVERILATOR=1 -DVM_COVERAGE=0 -DVM_SC=0 -DVM_TIMING=1 -DVM_TRACE=0 -DVM_TRACE_FST=0 -DVM_TRACE_VCD=0 -DVM_TRACE_SAIF=0 -faligned-new -fcf-protection=none -Wno-bool-operation -Wno-int-in-bool-context -Wno-shadow -Wno-sign-compare -Wno-subobject-linkage -Wno-tautological-compare -Wno-uninitialized -Wno-unused-but-set-parameter -Wno-unused-but-set-variable -Wno-unused-parameter -Wno-unused-variable    -DVL_TIME_CONTEXT   -fcoroutines -include Vtb_boot_sdram__pch.h.fast -c Vtb_boot_sdram___024root__14.cpp
g++ -Os  -I.  -MMD -I/home/barry/oss-cad-suite-install/oss-cad-suite/share/verilator/include -I/home/barry/oss-cad-suite-install/oss-cad-suite/share/verilator/include/vltstd -DVERILATOR=1 -DVM_COVERAGE=0 -DVM_SC=0 -DVM_TIMING=1 -DVM_TRACE=0 -DVM_TRACE_FST=0 -DVM_TRACE_VCD=0 -DVM_TRACE_SAIF=0 -faligned-new -fcf-protection=none -Wno-bool-operation -Wno-int-in-bool-context -Wno-shadow -Wno-sign-compare -Wno-subobject-linkage -Wno-tautological-compare -Wno-uninitialized -Wno-unused-but-set-parameter -Wno-unused-but-set-variable -Wno-unused-parameter -Wno-unused-variable    -DVL_TIME_CONTEXT   -fcoroutines -include Vtb_boot_sdram__pch.h.fast -c Vtb_boot_sdram___024root__15.cpp
g++ -Os  -I.  -MMD -I/home/barry/oss-cad-suite-install/oss-cad-suite/share/verilator/include -I/home/barry/oss-cad-suite-install/oss-cad-suite/share/verilator/include/vltstd -DVERILATOR=1 -DVM_COVERAGE=0 -DVM_SC=0 -DVM_TIMING=1 -DVM_TRACE=0 -DVM_TRACE_FST=0 -DVM_TRACE_VCD=0 -DVM_TRACE_SAIF=0 -faligned-new -fcf-protection=none -Wno-bool-operation -Wno-int-in-bool-context -Wno-shadow -Wno-sign-compare -Wno-subobject-linkage -Wno-tautological-compare -Wno-uninitialized -Wno-unused-but-set-parameter -Wno-unused-but-set-variable -Wno-unused-parameter -Wno-unused-variable    -DVL_TIME_CONTEXT   -fcoroutines -include Vtb_boot_sdram__pch.h.fast -c Vtb_boot_sdram___024root__16.cpp
g++ -Os  -I.  -MMD -I/home/barry/oss-cad-suite-install/oss-cad-suite/share/verilator/include -I/home/barry/oss-cad-suite-install/oss-cad-suite/share/verilator/include/vltstd -DVERILATOR=1 -DVM_COVERAGE=0 -DVM_SC=0 -DVM_TIMING=1 -DVM_TRACE=0 -DVM_TRACE_FST=0 -DVM_TRACE_VCD=0 -DVM_TRACE_SAIF=0 -faligned-new -fcf-protection=none -Wno-bool-operation -Wno-int-in-bool-context -Wno-shadow -Wno-sign-compare -Wno-subobject-linkage -Wno-tautological-compare -Wno-uninitialized -Wno-unused-but-set-parameter -Wno-unused-but-set-variable -Wno-unused-parameter -Wno-unused-variable    -DVL_TIME_CONTEXT   -fcoroutines -include Vtb_boot_sdram__pch.h.fast -c Vtb_boot_sdram___024root__17.cpp
g++ -Os  -I.  -MMD -I/home/barry/oss-cad-suite-install/oss-cad-suite/share/verilator/include -I/home/barry/oss-cad-suite-install/oss-cad-suite/share/verilator/include/vltstd -DVERILATOR=1 -DVM_COVERAGE=0 -DVM_SC=0 -DVM_TIMING=1 -DVM_TRACE=0 -DVM_TRACE_FST=0 -DVM_TRACE_VCD=0 -DVM_TRACE_SAIF=0 -faligned-new -fcf-protection=none -Wno-bool-operation -Wno-int-in-bool-context -Wno-shadow -Wno-sign-compare -Wno-subobject-linkage -Wno-tautological-compare -Wno-uninitialized -Wno-unused-but-set-parameter -Wno-unused-but-set-variable -Wno-unused-parameter -Wno-unused-variable    -DVL_TIME_CONTEXT   -fcoroutines -include Vtb_boot_sdram__pch.h.fast -c Vtb_boot_sdram___024root__18.cpp
g++ -Os  -I.  -MMD -I/home/barry/oss-cad-suite-install/oss-cad-suite/share/verilator/include -I/home/barry/oss-cad-suite-install/oss-cad-suite/share/verilator/include/vltstd -DVERILATOR=1 -DVM_COVERAGE=0 -DVM_SC=0 -DVM_TIMING=1 -DVM_TRACE=0 -DVM_TRACE_FST=0 -DVM_TRACE_VCD=0 -DVM_TRACE_SAIF=0 -faligned-new -fcf-protection=none -Wno-bool-operation -Wno-int-in-bool-context -Wno-shadow -Wno-sign-compare -Wno-subobject-linkage -Wno-tautological-compare -Wno-uninitialized -Wno-unused-but-set-parameter -Wno-unused-but-set-variable -Wno-unused-parameter -Wno-unused-variable    -DVL_TIME_CONTEXT   -fcoroutines -include Vtb_boot_sdram__pch.h.fast -c Vtb_boot_sdram___024root__19.cpp
g++ -Os  -I.  -MMD -I/home/barry/oss-cad-suite-install/oss-cad-suite/share/verilator/include -I/home/barry/oss-cad-suite-install/oss-cad-suite/share/verilator/include/vltstd -DVERILATOR=1 -DVM_COVERAGE=0 -DVM_SC=0 -DVM_TIMING=1 -DVM_TRACE=0 -DVM_TRACE_FST=0 -DVM_TRACE_VCD=0 -DVM_TRACE_SAIF=0 -faligned-new -fcf-protection=none -Wno-bool-operation -Wno-int-in-bool-context -Wno-shadow -Wno-sign-compare -Wno-subobject-linkage -Wno-tautological-compare -Wno-uninitialized -Wno-unused-but-set-parameter -Wno-unused-but-set-variable -Wno-unused-parameter -Wno-unused-variable    -DVL_TIME_CONTEXT   -fcoroutines -include Vtb_boot_sdram__pch.h.fast -c Vtb_boot_sdram___024root__20.cpp
g++ -Os  -I.  -MMD -I/home/barry/oss-cad-suite-install/oss-cad-suite/share/verilator/include -I/home/barry/oss-cad-suite-install/oss-cad-suite/share/verilator/include/vltstd -DVERILATOR=1 -DVM_COVERAGE=0 -DVM_SC=0 -DVM_TIMING=1 -DVM_TRACE=0 -DVM_TRACE_FST=0 -DVM_TRACE_VCD=0 -DVM_TRACE_SAIF=0 -faligned-new -fcf-protection=none -Wno-bool-operation -Wno-int-in-bool-context -Wno-shadow -Wno-sign-compare -Wno-subobject-linkage -Wno-tautological-compare -Wno-uninitialized -Wno-unused-but-set-parameter -Wno-unused-but-set-variable -Wno-unused-parameter -Wno-unused-variable    -DVL_TIME_CONTEXT   -fcoroutines -include Vtb_boot_sdram__pch.h.fast -c Vtb_boot_sdram___024root__21.cpp
g++ -Os  -I.  -MMD -I/home/barry/oss-cad-suite-install/oss-cad-suite/share/verilator/include -I/home/barry/oss-cad-suite-install/oss-cad-suite/share/verilator/include/vltstd -DVERILATOR=1 -DVM_COVERAGE=0 -DVM_SC=0 -DVM_TIMING=1 -DVM_TRACE=0 -DVM_TRACE_FST=0 -DVM_TRACE_VCD=0 -DVM_TRACE_SAIF=0 -faligned-new -fcf-protection=none -Wno-bool-operation -Wno-int-in-bool-context -Wno-shadow -Wno-sign-compare -Wno-subobject-linkage -Wno-tautological-compare -Wno-uninitialized -Wno-unused-but-set-parameter -Wno-unused-but-set-variable -Wno-unused-parameter -Wno-unused-variable    -DVL_TIME_CONTEXT   -fcoroutines -include Vtb_boot_sdram__pch.h.fast -c Vtb_boot_sdram___024root__22.cpp
g++ -Os  -I.  -MMD -I/home/barry/oss-cad-suite-install/oss-cad-suite/share/verilator/include -I/home/barry/oss-cad-suite-install/oss-cad-suite/share/verilator/include/vltstd -DVERILATOR=1 -DVM_COVERAGE=0 -DVM_SC=0 -DVM_TIMING=1 -DVM_TRACE=0 -DVM_TRACE_FST=0 -DVM_TRACE_VCD=0 -DVM_TRACE_SAIF=0 -faligned-new -fcf-protection=none -Wno-bool-operation -Wno-int-in-bool-context -Wno-shadow -Wno-sign-compare -Wno-subobject-linkage -Wno-tautological-compare -Wno-uninitialized -Wno-unused-but-set-parameter -Wno-unused-but-set-variable -Wno-unused-parameter -Wno-unused-variable    -DVL_TIME_CONTEXT   -fcoroutines -include Vtb_boot_sdram__pch.h.fast -c Vtb_boot_sdram___024root__23.cpp
g++ -Os  -I.  -MMD -I/home/barry/oss-cad-suite-install/oss-cad-suite/share/verilator/include -I/home/barry/oss-cad-suite-install/oss-cad-suite/share/verilator/include/vltstd -DVERILATOR=1 -DVM_COVERAGE=0 -DVM_SC=0 -DVM_TIMING=1 -DVM_TRACE=0 -DVM_TRACE_FST=0 -DVM_TRACE_VCD=0 -DVM_TRACE_SAIF=0 -faligned-new -fcf-protection=none -Wno-bool-operation -Wno-int-in-bool-context -Wno-shadow -Wno-sign-compare -Wno-subobject-linkage -Wno-tautological-compare -Wno-uninitialized -Wno-unused-but-set-parameter -Wno-unused-but-set-variable -Wno-unused-parameter -Wno-unused-variable    -DVL_TIME_CONTEXT   -fcoroutines -include Vtb_boot_sdram__pch.h.fast -c Vtb_boot_sdram___024root__24.cpp
g++ -Os  -I.  -MMD -I/home/barry/oss-cad-suite-install/oss-cad-suite/share/verilator/include -I/home/barry/oss-cad-suite-install/oss-cad-suite/share/verilator/include/vltstd -DVERILATOR=1 -DVM_COVERAGE=0 -DVM_SC=0 -DVM_TIMING=1 -DVM_TRACE=0 -DVM_TRACE_FST=0 -DVM_TRACE_VCD=0 -DVM_TRACE_SAIF=0 -faligned-new -fcf-protection=none -Wno-bool-operation -Wno-int-in-bool-context -Wno-shadow -Wno-sign-compare -Wno-subobject-linkage -Wno-tautological-compare -Wno-uninitialized -Wno-unused-but-set-parameter -Wno-unused-but-set-variable -Wno-unused-parameter -Wno-unused-variable    -DVL_TIME_CONTEXT   -fcoroutines -include Vtb_boot_sdram__pch.h.fast -c Vtb_boot_sdram___024root__25.cpp
g++ -Os  -I.  -MMD -I/home/barry/oss-cad-suite-install/oss-cad-suite/share/verilator/include -I/home/barry/oss-cad-suite-install/oss-cad-suite/share/verilator/include/vltstd -DVERILATOR=1 -DVM_COVERAGE=0 -DVM_SC=0 -DVM_TIMING=1 -DVM_TRACE=0 -DVM_TRACE_FST=0 -DVM_TRACE_VCD=0 -DVM_TRACE_SAIF=0 -faligned-new -fcf-protection=none -Wno-bool-operation -Wno-int-in-bool-context -Wno-shadow -Wno-sign-compare -Wno-subobject-linkage -Wno-tautological-compare -Wno-uninitialized -Wno-unused-but-set-parameter -Wno-unused-but-set-variable -Wno-unused-parameter -Wno-unused-variable    -DVL_TIME_CONTEXT   -fcoroutines -include Vtb_boot_sdram__pch.h.fast -c Vtb_boot_sdram___024root__26.cpp
g++ -Os  -I.  -MMD -I/home/barry/oss-cad-suite-install/oss-cad-suite/share/verilator/include -I/home/barry/oss-cad-suite-install/oss-cad-suite/share/verilator/include/vltstd -DVERILATOR=1 -DVM_COVERAGE=0 -DVM_SC=0 -DVM_TIMING=1 -DVM_TRACE=0 -DVM_TRACE_FST=0 -DVM_TRACE_VCD=0 -DVM_TRACE_SAIF=0 -faligned-new -fcf-protection=none -Wno-bool-operation -Wno-int-in-bool-context -Wno-shadow -Wno-sign-compare -Wno-subobject-linkage -Wno-tautological-compare -Wno-uninitialized -Wno-unused-but-set-parameter -Wno-unused-but-set-variable -Wno-unused-parameter -Wno-unused-variable    -DVL_TIME_CONTEXT   -fcoroutines -include Vtb_boot_sdram__pch.h.fast -c Vtb_boot_sdram___024root__27.cpp
g++ -Os  -I.  -MMD -I/home/barry/oss-cad-suite-install/oss-cad-suite/share/verilator/include -I/home/barry/oss-cad-suite-install/oss-cad-suite/share/verilator/include/vltstd -DVERILATOR=1 -DVM_COVERAGE=0 -DVM_SC=0 -DVM_TIMING=1 -DVM_TRACE=0 -DVM_TRACE_FST=0 -DVM_TRACE_VCD=0 -DVM_TRACE_SAIF=0 -faligned-new -fcf-protection=none -Wno-bool-operation -Wno-int-in-bool-context -Wno-shadow -Wno-sign-compare -Wno-subobject-linkage -Wno-tautological-compare -Wno-uninitialized -Wno-unused-but-set-parameter -Wno-unused-but-set-variable -Wno-unused-parameter -Wno-unused-variable    -DVL_TIME_CONTEXT   -fcoroutines -include Vtb_boot_sdram__pch.h.fast -c Vtb_boot_sdram___024root__28.cpp
g++ -Os  -I.  -MMD -I/home/barry/oss-cad-suite-install/oss-cad-suite/share/verilator/include -I/home/barry/oss-cad-suite-install/oss-cad-suite/share/verilator/include/vltstd -DVERILATOR=1 -DVM_COVERAGE=0 -DVM_SC=0 -DVM_TIMING=1 -DVM_TRACE=0 -DVM_TRACE_FST=0 -DVM_TRACE_VCD=0 -DVM_TRACE_SAIF=0 -faligned-new -fcf-protection=none -Wno-bool-operation -Wno-int-in-bool-context -Wno-shadow -Wno-sign-compare -Wno-subobject-linkage -Wno-tautological-compare -Wno-uninitialized -Wno-unused-but-set-parameter -Wno-unused-but-set-variable -Wno-unused-parameter -Wno-unused-variable    -DVL_TIME_CONTEXT   -fcoroutines -include Vtb_boot_sdram__pch.h.fast -c Vtb_boot_sdram___024root__29.cpp
g++ -Os  -I.  -MMD -I/home/barry/oss-cad-suite-install/oss-cad-suite/share/verilator/include -I/home/barry/oss-cad-suite-install/oss-cad-suite/share/verilator/include/vltstd -DVERILATOR=1 -DVM_COVERAGE=0 -DVM_SC=0 -DVM_TIMING=1 -DVM_TRACE=0 -DVM_TRACE_FST=0 -DVM_TRACE_VCD=0 -DVM_TRACE_SAIF=0 -faligned-new -fcf-protection=none -Wno-bool-operation -Wno-int-in-bool-context -Wno-shadow -Wno-sign-compare -Wno-subobject-linkage -Wno-tautological-compare -Wno-uninitialized -Wno-unused-but-set-parameter -Wno-unused-but-set-variable -Wno-unused-parameter -Wno-unused-variable    -DVL_TIME_CONTEXT   -fcoroutines -include Vtb_boot_sdram__pch.h.fast -c Vtb_boot_sdram___024root__30.cpp
g++ -Os  -I.  -MMD -I/home/barry/oss-cad-suite-install/oss-cad-suite/share/verilator/include -I/home/barry/oss-cad-suite-install/oss-cad-suite/share/verilator/include/vltstd -DVERILATOR=1 -DVM_COVERAGE=0 -DVM_SC=0 -DVM_TIMING=1 -DVM_TRACE=0 -DVM_TRACE_FST=0 -DVM_TRACE_VCD=0 -DVM_TRACE_SAIF=0 -faligned-new -fcf-protection=none -Wno-bool-operation -Wno-int-in-bool-context -Wno-shadow -Wno-sign-compare -Wno-subobject-linkage -Wno-tautological-compare -Wno-uninitialized -Wno-unused-but-set-parameter -Wno-unused-but-set-variable -Wno-unused-parameter -Wno-unused-variable    -DVL_TIME_CONTEXT   -fcoroutines -include Vtb_boot_sdram__pch.h.fast -c Vtb_boot_sdram___024root__31.cpp
g++ -Os  -I.  -MMD -I/home/barry/oss-cad-suite-install/oss-cad-suite/share/verilator/include -I/home/barry/oss-cad-suite-install/oss-cad-suite/share/verilator/include/vltstd -DVERILATOR=1 -DVM_COVERAGE=0 -DVM_SC=0 -DVM_TIMING=1 -DVM_TRACE=0 -DVM_TRACE_FST=0 -DVM_TRACE_VCD=0 -DVM_TRACE_SAIF=0 -faligned-new -fcf-protection=none -Wno-bool-operation -Wno-int-in-bool-context -Wno-shadow -Wno-sign-compare -Wno-subobject-linkage -Wno-tautological-compare -Wno-uninitialized -Wno-unused-but-set-parameter -Wno-unused-but-set-variable -Wno-unused-parameter -Wno-unused-variable    -DVL_TIME_CONTEXT   -fcoroutines -include Vtb_boot_sdram__pch.h.fast -c Vtb_boot_sdram___024root__32.cpp
g++ -Os  -I.  -MMD -I/home/barry/oss-cad-suite-install/oss-cad-suite/share/verilator/include -I/home/barry/oss-cad-suite-install/oss-cad-suite/share/verilator/include/vltstd -DVERILATOR=1 -DVM_COVERAGE=0 -DVM_SC=0 -DVM_TIMING=1 -DVM_TRACE=0 -DVM_TRACE_FST=0 -DVM_TRACE_VCD=0 -DVM_TRACE_SAIF=0 -faligned-new -fcf-protection=none -Wno-bool-operation -Wno-int-in-bool-context -Wno-shadow -Wno-sign-compare -Wno-subobject-linkage -Wno-tautological-compare -Wno-uninitialized -Wno-unused-but-set-parameter -Wno-unused-but-set-variable -Wno-unused-parameter -Wno-unused-variable    -DVL_TIME_CONTEXT   -fcoroutines -include Vtb_boot_sdram__pch.h.fast -c Vtb_boot_sdram___024root__33.cpp
g++ -Os  -I.  -MMD -I/home/barry/oss-cad-suite-install/oss-cad-suite/share/verilator/include -I/home/barry/oss-cad-suite-install/oss-cad-suite/share/verilator/include/vltstd -DVERILATOR=1 -DVM_COVERAGE=0 -DVM_SC=0 -DVM_TIMING=1 -DVM_TRACE=0 -DVM_TRACE_FST=0 -DVM_TRACE_VCD=0 -DVM_TRACE_SAIF=0 -faligned-new -fcf-protection=none -Wno-bool-operation -Wno-int-in-bool-context -Wno-shadow -Wno-sign-compare -Wno-subobject-linkage -Wno-tautological-compare -Wno-uninitialized -Wno-unused-but-set-parameter -Wno-unused-but-set-variable -Wno-unused-parameter -Wno-unused-variable    -DVL_TIME_CONTEXT   -fcoroutines -include Vtb_boot_sdram__pch.h.fast -c Vtb_boot_sdram___024root__34.cpp
g++ -Os  -I.  -MMD -I/home/barry/oss-cad-suite-install/oss-cad-suite/share/verilator/include -I/home/barry/oss-cad-suite-install/oss-cad-suite/share/verilator/include/vltstd -DVERILATOR=1 -DVM_COVERAGE=0 -DVM_SC=0 -DVM_TIMING=1 -DVM_TRACE=0 -DVM_TRACE_FST=0 -DVM_TRACE_VCD=0 -DVM_TRACE_SAIF=0 -faligned-new -fcf-protection=none -Wno-bool-operation -Wno-int-in-bool-context -Wno-shadow -Wno-sign-compare -Wno-subobject-linkage -Wno-tautological-compare -Wno-uninitialized -Wno-unused-but-set-parameter -Wno-unused-but-set-variable -Wno-unused-parameter -Wno-unused-variable    -DVL_TIME_CONTEXT   -fcoroutines -include Vtb_boot_sdram__pch.h.fast -c Vtb_boot_sdram___024root__35.cpp
g++ -Os  -I.  -MMD -I/home/barry/oss-cad-suite-install/oss-cad-suite/share/verilator/include -I/home/barry/oss-cad-suite-install/oss-cad-suite/share/verilator/include/vltstd -DVERILATOR=1 -DVM_COVERAGE=0 -DVM_SC=0 -DVM_TIMING=1 -DVM_TRACE=0 -DVM_TRACE_FST=0 -DVM_TRACE_VCD=0 -DVM_TRACE_SAIF=0 -faligned-new -fcf-protection=none -Wno-bool-operation -Wno-int-in-bool-context -Wno-shadow -Wno-sign-compare -Wno-subobject-linkage -Wno-tautological-compare -Wno-uninitialized -Wno-unused-but-set-parameter -Wno-unused-but-set-variable -Wno-unused-parameter -Wno-unused-variable    -DVL_TIME_CONTEXT   -fcoroutines -include Vtb_boot_sdram__pch.h.fast -c Vtb_boot_sdram___024root__36.cpp
g++ -Os  -I.  -MMD -I/home/barry/oss-cad-suite-install/oss-cad-suite/share/verilator/include -I/home/barry/oss-cad-suite-install/oss-cad-suite/share/verilator/include/vltstd -DVERILATOR=1 -DVM_COVERAGE=0 -DVM_SC=0 -DVM_TIMING=1 -DVM_TRACE=0 -DVM_TRACE_FST=0 -DVM_TRACE_VCD=0 -DVM_TRACE_SAIF=0 -faligned-new -fcf-protection=none -Wno-bool-operation -Wno-int-in-bool-context -Wno-shadow -Wno-sign-compare -Wno-subobject-linkage -Wno-tautological-compare -Wno-uninitialized -Wno-unused-but-set-parameter -Wno-unused-but-set-variable -Wno-unused-parameter -Wno-unused-variable    -DVL_TIME_CONTEXT   -fcoroutines -include Vtb_boot_sdram__pch.h.fast -c Vtb_boot_sdram___024root__37.cpp
g++ -Os  -I.  -MMD -I/home/barry/oss-cad-suite-install/oss-cad-suite/share/verilator/include -I/home/barry/oss-cad-suite-install/oss-cad-suite/share/verilator/include/vltstd -DVERILATOR=1 -DVM_COVERAGE=0 -DVM_SC=0 -DVM_TIMING=1 -DVM_TRACE=0 -DVM_TRACE_FST=0 -DVM_TRACE_VCD=0 -DVM_TRACE_SAIF=0 -faligned-new -fcf-protection=none -Wno-bool-operation -Wno-int-in-bool-context -Wno-shadow -Wno-sign-compare -Wno-subobject-linkage -Wno-tautological-compare -Wno-uninitialized -Wno-unused-but-set-parameter -Wno-unused-but-set-variable -Wno-unused-parameter -Wno-unused-variable    -DVL_TIME_CONTEXT   -fcoroutines -include Vtb_boot_sdram__pch.h.fast -c Vtb_boot_sdram___024root__38.cpp
g++ -Os  -I.  -MMD -I/home/barry/oss-cad-suite-install/oss-cad-suite/share/verilator/include -I/home/barry/oss-cad-suite-install/oss-cad-suite/share/verilator/include/vltstd -DVERILATOR=1 -DVM_COVERAGE=0 -DVM_SC=0 -DVM_TIMING=1 -DVM_TRACE=0 -DVM_TRACE_FST=0 -DVM_TRACE_VCD=0 -DVM_TRACE_SAIF=0 -faligned-new -fcf-protection=none -Wno-bool-operation -Wno-int-in-bool-context -Wno-shadow -Wno-sign-compare -Wno-subobject-linkage -Wno-tautological-compare -Wno-uninitialized -Wno-unused-but-set-parameter -Wno-unused-but-set-variable -Wno-unused-parameter -Wno-unused-variable    -DVL_TIME_CONTEXT   -fcoroutines -include Vtb_boot_sdram__pch.h.fast -c Vtb_boot_sdram___024root__39.cpp
g++ -Os  -I.  -MMD -I/home/barry/oss-cad-suite-install/oss-cad-suite/share/verilator/include -I/home/barry/oss-cad-suite-install/oss-cad-suite/share/verilator/include/vltstd -DVERILATOR=1 -DVM_COVERAGE=0 -DVM_SC=0 -DVM_TIMING=1 -DVM_TRACE=0 -DVM_TRACE_FST=0 -DVM_TRACE_VCD=0 -DVM_TRACE_SAIF=0 -faligned-new -fcf-protection=none -Wno-bool-operation -Wno-int-in-bool-context -Wno-shadow -Wno-sign-compare -Wno-subobject-linkage -Wno-tautological-compare -Wno-uninitialized -Wno-unused-but-set-parameter -Wno-unused-but-set-variable -Wno-unused-parameter -Wno-unused-variable    -DVL_TIME_CONTEXT   -fcoroutines -include Vtb_boot_sdram__pch.h.fast -c Vtb_boot_sdram___024root__40.cpp
g++ -Os  -I.  -MMD -I/home/barry/oss-cad-suite-install/oss-cad-suite/share/verilator/include -I/home/barry/oss-cad-suite-install/oss-cad-suite/share/verilator/include/vltstd -DVERILATOR=1 -DVM_COVERAGE=0 -DVM_SC=0 -DVM_TIMING=1 -DVM_TRACE=0 -DVM_TRACE_FST=0 -DVM_TRACE_VCD=0 -DVM_TRACE_SAIF=0 -faligned-new -fcf-protection=none -Wno-bool-operation -Wno-int-in-bool-context -Wno-shadow -Wno-sign-compare -Wno-subobject-linkage -Wno-tautological-compare -Wno-uninitialized -Wno-unused-but-set-parameter -Wno-unused-but-set-variable -Wno-unused-parameter -Wno-unused-variable    -DVL_TIME_CONTEXT   -fcoroutines -include Vtb_boot_sdram__pch.h.fast -c Vtb_boot_sdram___024root__41.cpp
g++ -Os  -I.  -MMD -I/home/barry/oss-cad-suite-install/oss-cad-suite/share/verilator/include -I/home/barry/oss-cad-suite-install/oss-cad-suite/share/verilator/include/vltstd -DVERILATOR=1 -DVM_COVERAGE=0 -DVM_SC=0 -DVM_TIMING=1 -DVM_TRACE=0 -DVM_TRACE_FST=0 -DVM_TRACE_VCD=0 -DVM_TRACE_SAIF=0 -faligned-new -fcf-protection=none -Wno-bool-operation -Wno-int-in-bool-context -Wno-shadow -Wno-sign-compare -Wno-subobject-linkage -Wno-tautological-compare -Wno-uninitialized -Wno-unused-but-set-parameter -Wno-unused-but-set-variable -Wno-unused-parameter -Wno-unused-variable    -DVL_TIME_CONTEXT   -fcoroutines -include Vtb_boot_sdram__pch.h.fast -c Vtb_boot_sdram___024root__42.cpp
g++ -Os  -I.  -MMD -I/home/barry/oss-cad-suite-install/oss-cad-suite/share/verilator/include -I/home/barry/oss-cad-suite-install/oss-cad-suite/share/verilator/include/vltstd -DVERILATOR=1 -DVM_COVERAGE=0 -DVM_SC=0 -DVM_TIMING=1 -DVM_TRACE=0 -DVM_TRACE_FST=0 -DVM_TRACE_VCD=0 -DVM_TRACE_SAIF=0 -faligned-new -fcf-protection=none -Wno-bool-operation -Wno-int-in-bool-context -Wno-shadow -Wno-sign-compare -Wno-subobject-linkage -Wno-tautological-compare -Wno-uninitialized -Wno-unused-but-set-parameter -Wno-unused-but-set-variable -Wno-unused-parameter -Wno-unused-variable    -DVL_TIME_CONTEXT   -fcoroutines -include Vtb_boot_sdram__pch.h.fast -c Vtb_boot_sdram___024root__43.cpp
g++ -Os  -I.  -MMD -I/home/barry/oss-cad-suite-install/oss-cad-suite/share/verilator/include -I/home/barry/oss-cad-suite-install/oss-cad-suite/share/verilator/include/vltstd -DVERILATOR=1 -DVM_COVERAGE=0 -DVM_SC=0 -DVM_TIMING=1 -DVM_TRACE=0 -DVM_TRACE_FST=0 -DVM_TRACE_VCD=0 -DVM_TRACE_SAIF=0 -faligned-new -fcf-protection=none -Wno-bool-operation -Wno-int-in-bool-context -Wno-shadow -Wno-sign-compare -Wno-subobject-linkage -Wno-tautological-compare -Wno-uninitialized -Wno-unused-but-set-parameter -Wno-unused-but-set-variable -Wno-unused-parameter -Wno-unused-variable    -DVL_TIME_CONTEXT   -fcoroutines -include Vtb_boot_sdram__pch.h.fast -c Vtb_boot_sdram___024root__44.cpp
g++ -Os  -I.  -MMD -I/home/barry/oss-cad-suite-install/oss-cad-suite/share/verilator/include -I/home/barry/oss-cad-suite-install/oss-cad-suite/share/verilator/include/vltstd -DVERILATOR=1 -DVM_COVERAGE=0 -DVM_SC=0 -DVM_TIMING=1 -DVM_TRACE=0 -DVM_TRACE_FST=0 -DVM_TRACE_VCD=0 -DVM_TRACE_SAIF=0 -faligned-new -fcf-protection=none -Wno-bool-operation -Wno-int-in-bool-context -Wno-shadow -Wno-sign-compare -Wno-subobject-linkage -Wno-tautological-compare -Wno-uninitialized -Wno-unused-but-set-parameter -Wno-unused-but-set-variable -Wno-unused-parameter -Wno-unused-variable    -DVL_TIME_CONTEXT   -fcoroutines -include Vtb_boot_sdram__pch.h.fast -c Vtb_boot_sdram___024root__45.cpp
g++ -Os  -I.  -MMD -I/home/barry/oss-cad-suite-install/oss-cad-suite/share/verilator/include -I/home/barry/oss-cad-suite-install/oss-cad-suite/share/verilator/include/vltstd -DVERILATOR=1 -DVM_COVERAGE=0 -DVM_SC=0 -DVM_TIMING=1 -DVM_TRACE=0 -DVM_TRACE_FST=0 -DVM_TRACE_VCD=0 -DVM_TRACE_SAIF=0 -faligned-new -fcf-protection=none -Wno-bool-operation -Wno-int-in-bool-context -Wno-shadow -Wno-sign-compare -Wno-subobject-linkage -Wno-tautological-compare -Wno-uninitialized -Wno-unused-but-set-parameter -Wno-unused-but-set-variable -Wno-unused-parameter -Wno-unused-variable    -DVL_TIME_CONTEXT   -fcoroutines -include Vtb_boot_sdram__pch.h.fast -c Vtb_boot_sdram___024root__46.cpp
g++ -Os  -I.  -MMD -I/home/barry/oss-cad-suite-install/oss-cad-suite/share/verilator/include -I/home/barry/oss-cad-suite-install/oss-cad-suite/share/verilator/include/vltstd -DVERILATOR=1 -DVM_COVERAGE=0 -DVM_SC=0 -DVM_TIMING=1 -DVM_TRACE=0 -DVM_TRACE_FST=0 -DVM_TRACE_VCD=0 -DVM_TRACE_SAIF=0 -faligned-new -fcf-protection=none -Wno-bool-operation -Wno-int-in-bool-context -Wno-shadow -Wno-sign-compare -Wno-subobject-linkage -Wno-tautological-compare -Wno-uninitialized -Wno-unused-but-set-parameter -Wno-unused-but-set-variable -Wno-unused-parameter -Wno-unused-variable    -DVL_TIME_CONTEXT   -fcoroutines -include Vtb_boot_sdram__pch.h.fast -c Vtb_boot_sdram___024root__47.cpp
g++ -Os  -I.  -MMD -I/home/barry/oss-cad-suite-install/oss-cad-suite/share/verilator/include -I/home/barry/oss-cad-suite-install/oss-cad-suite/share/verilator/include/vltstd -DVERILATOR=1 -DVM_COVERAGE=0 -DVM_SC=0 -DVM_TIMING=1 -DVM_TRACE=0 -DVM_TRACE_FST=0 -DVM_TRACE_VCD=0 -DVM_TRACE_SAIF=0 -faligned-new -fcf-protection=none -Wno-bool-operation -Wno-int-in-bool-context -Wno-shadow -Wno-sign-compare -Wno-subobject-linkage -Wno-tautological-compare -Wno-uninitialized -Wno-unused-but-set-parameter -Wno-unused-but-set-variable -Wno-unused-parameter -Wno-unused-variable    -DVL_TIME_CONTEXT   -fcoroutines -include Vtb_boot_sdram__pch.h.fast -c Vtb_boot_sdram___024root__48.cpp
g++ -Os  -I.  -MMD -I/home/barry/oss-cad-suite-install/oss-cad-suite/share/verilator/include -I/home/barry/oss-cad-suite-install/oss-cad-suite/share/verilator/include/vltstd -DVERILATOR=1 -DVM_COVERAGE=0 -DVM_SC=0 -DVM_TIMING=1 -DVM_TRACE=0 -DVM_TRACE_FST=0 -DVM_TRACE_VCD=0 -DVM_TRACE_SAIF=0 -faligned-new -fcf-protection=none -Wno-bool-operation -Wno-int-in-bool-context -Wno-shadow -Wno-sign-compare -Wno-subobject-linkage -Wno-tautological-compare -Wno-uninitialized -Wno-unused-but-set-parameter -Wno-unused-but-set-variable -Wno-unused-parameter -Wno-unused-variable    -DVL_TIME_CONTEXT   -fcoroutines -include Vtb_boot_sdram__pch.h.fast -c Vtb_boot_sdram__main.cpp
g++    verilated.o verilated_timing.o verilated_threads.o Vtb_boot_sdram__ALL.a    -pthread -lpthread -latomic   -o Vtb_boot_sdram
rm Vtb_boot_sdram__ALL.verilator_deplist.tmp
make: Leaving directory '/tmp/astra68-k6-04524898-final/fpga/soc/sim/obj_dir_boot_sdram'
- V e r i l a t i o n   R e p o r t: Verilator 5.047 devel rev v5.046-339-g42ea9fda1 (mod)
- Verilator: Built from 16.943 MB sources in 38 modules, into 123.582 MB in 76 C++ files needing 0.100 MB
- Verilator: Walltime 25.568 s (elab=0.874, cvt=11.997, bld=11.456); cpu 14.797 s on 32 threads; allocated 3528.359 MB
UART: ASTRA 68 SYSTEM ROM v0.3
UART: Built: 2026-07-24T20:22:57Z  Git: 0208cb516801fe452bf59ef053d6daa0a118ee7e-dirty-04524898314d
UART: 
UART: Vesta:  v1.0
UART: CPU:    TG68K.C 68030 MMU2 @ 12500000 Hz
UART: MMU:    integrated 68030 PMMU
UART: RAM:    32 MiB @ 0x02000000
UART: ROM:    256 KiB @ 0xFFE00000
UART: BUILD:  0x00000000
UART: Chips:  VSTA v1.0, ASTR v1.0
UART: NVRAM:  not present; defaults active
UART: 
UART: POST
UART:   SDRAM init ........ OK
UART:   Front panel ....... OK
UART:   Data/byte lanes .... OK
UART:   Address lines ...... OK
UART:   Cache coherence .... OK
UART:   CPU BRAM cycles (256 bytes payload)
UART:     8-bit  write=3884 read=4647
UART:     16-bit write=1706 read=2091
UART:     32-bit write=1130 read=1061
UART:   CPU memory cycles (256 bytes payload)
UART:     8-bit  write=2347 read=2991
UART:       write dmiss=0 rdreq=0 wrreq=256 wait=0 lhit=0 lmiss=0 post=256
UART:       read  dmiss=16 rdreq=16 wrreq=0 wait=144 lhit=0 lmiss=16 post=0
UART:       hot read=2916
UART:     16-bit write=1183 read=1583
UART:       write dmiss=0 rdreq=0 wrreq=128 wait=0 lhit=0 lmiss=0 post=128
UART:       read  dmiss=16 rdreq=16 wrreq=0 wait=144 lhit=0 lmiss=16 post=0
UART:       hot read=1508
UART:     32-bit write=734 read=814
UART:       write dmiss=0 rdreq=0 wrreq=64 wait=0 lhit=0 lmiss=0 post=64
UART:       read  dmiss=16 rdreq=16 wrreq=0 wait=137 lhit=0 lmiss=16 post=0
UART:       hot read=737
UART:   Astraea DMA (1 KiB)
UART:     fill=342 copy=537
UART:   Full-range BIST ... [................................] OK
UART: 
UART: POST PASS
BOOT SDRAM PASS BIST=115.03 MB/s cycles=136739 I$=99652/8335 D$=5028
UART:   Kernel image ...... OK
UART: Starting Axiom kernel
UART: AXIOM KERNEL v0.1.0-dev
UART: Built: 2026-07-24T20:22:57Z
UART: Git:   0208cb516801fe452bf59ef053d6daa0a118ee7e-dirty-04524898314d
UART: 
UART: BootInfo ........... OK
UART: Early log .......... OK @ 0x02000000
UART: VBR ................ OK @ 0x02010400
UART: Kernel image ....... 57412 bytes @ 0x02010000
UART: CPU ................ MC68030 @ 12500000 Hz
UART: PMMU ............... enabled, SRP 0x02004000
UART: Physical pages ..... 7992 free / 8192 total
UART: User copy .......... OK, fault recovery verified
UART: Kernel worker ...... OK, guarded MSP
UART: Thread ISPs ........ 16 guarded, 8 KiB each
UART: Vesta timer ........ OK, one-shot 5 ms
UART: AstraHost runtime ... not present
UART: User processes ...... 2 ready, cache isolation armed
UART: User threads ........ 3 ready, priority scheduler armed
UART: 
UART: User tasks .......... OK, 5 ms one-shot quantum
UART: Fault containment ... OK, offender reaped
UART: Context switches .... 29
UART: Thread scheduler .... 2 live, priority queues OK
UART: Same-CRP switches ... 12
UART: Wait/wake ........... 11 blocks, 5 wake, 5 priority handoff
UART: Deadlines ........... 2 expired, 1 priority handoff
UART: Sync objects ........ 4 event, 1 sem; cancel/close/death 1/1/1
UART: Thread ISP max ...... 944 / 8192 bytes
UART: Thread lifecycle .... 2 exit, 3 waits, 2 reaped
UART: Wait multiple ....... 7 calls, 4 block, 4 wake; max 2 members
UART: Wait registrations .. 1 live, 3 max
UART: Waitable timers ..... 1 created, 1 armed, 1 expired
UART: Process death ....... 1 waits, 0 blocked wakes
UART: K2 PERF irq syscall=38986/50000 timer=27656/50000 fault=31966/125000
UART: K2 PERF sched pick=1506/10000 same=3092/15000 cross=4327/50000
UART: K2 PERF wait block=4782/15000 wake=7888/15000 overruns=0
UART: K3 PERF deadline expire=10234/20000 overruns=0
UART: K5 PERF thread create=124512/150000 exit=25681/50000 reap=28879/125000 overruns=0
UART: K6 PERF wait-set block=6259/50000 wake=10049/50000 overruns=0
UART: K2 PERFORMANCE PASS
UART: 
UART: K6 BOUNDED WAIT-MULTIPLE PASS
UART: 
UART: K5 THREAD LIFECYCLE PASS
UART: 
UART: K4 HANDLE SYNCHRONIZATION PASS
UART: 
UART: K3 ONE-SHOT SCHEDULER PASS
UART: 
UART: K3 DEADLINE QUEUE PASS
UART: 
UART: K2 BLOCKING SUBSTRATE PASS
UART: 
UART: K2 THREAD SUBSTRATE PASS
UART: 
UART: K1 PROTECTED ENTRY PASS
UART: KERNEL MULTITASKING
KERNEL ENTRY PASS status=4b314f4b log_write=2062 wraps=0
- tb_boot_sdram.sv:564: Verilog $finish
- S i m u l a t i o n   R e p o r t: Verilator 5.047 devel
- Verilator: $finish at 789ms; walltime 266.550 s; speed 2.963 ms/s
- Verilator: cpu 266.430 s on 1 threads; allocated 44 MB
