make: Entering directory '/tmp/astra68-k6-04524898-host-src/sw/kernel'
rm -rf build astra_kernel.elf astra_kernel.bin astra_kernel.map
make: Leaving directory '/tmp/astra68-k6-04524898-host-src/sw/kernel'
make: Entering directory '/tmp/astra68-k6-04524898-host-src/sw/kernel'
mkdir -p build
cc -std=c11 -Wall -Wextra -Werror  -I../include \
	../common/boot_contract.c tests/test_boot_contract.c -o build/test_boot_contract
cc -std=c11 -Wall -Wextra -Werror  \
	-DKERNEL_MEMORY_NO_POISON=1 -I. -I../include \
	../common/boot_contract.c memory.c tests/test_memory.c -o build/test_memory
cc -std=c11 -Wall -Wextra -Werror  \
	-DKERNEL_PLATFORM_HOST_TEST=1 -I. -I../include \
	platform.c tests/test_platform.c -o build/test_platform
cc -std=c11 -Wall -Wextra -Werror  \
	-DKERNEL_MEMORY_NO_POISON=1 -I. -I../include \
	../common/boot_contract.c memory.c dma.c tests/test_dma.c -o build/test_dma
cc -std=c11 -Wall -Wextra -Werror  \
	-DKERNEL_MEMORY_NO_POISON=1 -I. -I../include \
	../common/boot_contract.c memory.c dma.c block.c \
	tests/test_block.c -o build/test_block
cc -std=c11 -Wall -Wextra -Werror  \
	-DKERNEL_MEMORY_NO_POISON=1 -DKERNEL_VM_HOST_TEST=1 \
	-I. -I../include ../common/boot_contract.c memory.c vm.c \
	tests/test_vm.c -o build/test_vm
cc -std=c11 -Wall -Wextra -Werror  -I. \
	exception.c tests/test_exception.c -o build/test_exception
cc -std=c11 -Wall -Wextra -Werror  \
	-DKERNEL_USER_COPY_HOST_TEST=1 -I. \
	exception.c user_copy.c tests/test_user_copy.c -o build/test_user_copy
cc -std=c11 -Wall -Wextra -Werror  -I. \
	handle.c tests/test_handle.c -o build/test_handle
cc -std=c11 -Wall -Wextra -Werror  -I. \
	bytes.c tests/test_bytes.c -o build/test_bytes
cc -std=c11 -Wall -Wextra -Werror  -I. \
	bytes.c exception.c context.c tests/test_context.c -o build/test_context
cc -std=c11 -Wall -Wextra -Werror  \
	-DKERNEL_PERFORMANCE_HOST_TEST=1 -I. \
	bytes.c performance.c tests/test_performance.c -o build/test_performance
cc -std=c11 -Wall -Wextra -Werror  \
	-DKERNEL_PERFORMANCE_HOST_TEST=1 -I. -I../include \
	bytes.c exception.c context.c performance.c thread.c \
	tests/test_thread.c -o build/test_thread
cc -std=c11 -Wall -Wextra -Werror  \
	-DKERNEL_PERFORMANCE_HOST_TEST=1 -I. -I../include \
	bytes.c exception.c context.c performance.c thread.c sync.c \
	tests/test_sync.c -o build/test_sync
cc -std=c11 -Wall -Wextra -Werror  \
	-DKERNEL_MEMORY_NO_POISON=1 -DKERNEL_VM_HOST_TEST=1 \
	-DKERNEL_USER_COPY_HOST_TEST=1 \
	-DKERNEL_PROCESS_HOST_TEST=1 -DKERNEL_PERFORMANCE_HOST_TEST=1 \
	-DASTRA_KERNEL_SOAK_SELFTEST=1 \
	-I. -I../include \
	../common/boot_contract.c memory.c dma.c block.c vm.c exception.c \
	user_copy.c \
	bytes.c context.c handle.c performance.c thread.c sync.c process.c \
	tests/test_process.c -o build/test_process
cc -std=c11 -Wall -Wextra -Werror  \
	-DKERNEL_WORKER_HOST_TEST=1 -I. -I../include \
	worker.c tests/test_worker.c -o build/test_worker
cc -std=c11 -Wall -Wextra -Werror  \
	-DKERNEL_PERFORMANCE_HOST_TEST=1 -I. -I../include \
	bytes.c exception.c performance.c dispatch.c \
	tests/test_dispatch.c -o build/test_dispatch
./build/test_boot_contract
BOOT CONTRACT PASS
./build/test_memory
KERNEL MEMORY PASS
./build/test_platform
platform tests passed
./build/test_dma
KERNEL DMA PASS
./build/test_block
KERNEL BLOCK PASS
./build/test_vm
KERNEL VM PASS
./build/test_exception
KERNEL EXCEPTION FRAME PASS
./build/test_user_copy
KERNEL USER COPY PASS
./build/test_handle
handle tests passed
./build/test_bytes
byte primitive tests passed
./build/test_context
context tests passed
./build/test_performance
performance tests passed
./build/test_thread
thread tests passed
./build/test_sync
sync tests passed
./build/test_process
process tests passed
./build/test_worker
worker tests passed
./build/test_dispatch
dispatch tests passed
make: Leaving directory '/tmp/astra68-k6-04524898-host-src/sw/kernel'
make: Entering directory '/tmp/astra68-k6-04524898-host-src/sw/kernel'
rm -rf build astra_kernel.elf astra_kernel.bin astra_kernel.map
make: Leaving directory '/tmp/astra68-k6-04524898-host-src/sw/kernel'
make: Entering directory '/tmp/astra68-k6-04524898-host-src/sw/kernel'
mkdir -p build
gcc -std=c11 -Wall -Wextra -Werror -fanalyzer -I../include \
	../common/boot_contract.c tests/test_boot_contract.c -o build/test_boot_contract
gcc -std=c11 -Wall -Wextra -Werror -fanalyzer \
	-DKERNEL_MEMORY_NO_POISON=1 -I. -I../include \
	../common/boot_contract.c memory.c tests/test_memory.c -o build/test_memory
gcc -std=c11 -Wall -Wextra -Werror -fanalyzer \
	-DKERNEL_PLATFORM_HOST_TEST=1 -I. -I../include \
	platform.c tests/test_platform.c -o build/test_platform
gcc -std=c11 -Wall -Wextra -Werror -fanalyzer \
	-DKERNEL_MEMORY_NO_POISON=1 -I. -I../include \
	../common/boot_contract.c memory.c dma.c tests/test_dma.c -o build/test_dma
gcc -std=c11 -Wall -Wextra -Werror -fanalyzer \
	-DKERNEL_MEMORY_NO_POISON=1 -I. -I../include \
	../common/boot_contract.c memory.c dma.c block.c \
	tests/test_block.c -o build/test_block
gcc -std=c11 -Wall -Wextra -Werror -fanalyzer \
	-DKERNEL_MEMORY_NO_POISON=1 -DKERNEL_VM_HOST_TEST=1 \
	-I. -I../include ../common/boot_contract.c memory.c vm.c \
	tests/test_vm.c -o build/test_vm
gcc -std=c11 -Wall -Wextra -Werror -fanalyzer -I. \
	exception.c tests/test_exception.c -o build/test_exception
gcc -std=c11 -Wall -Wextra -Werror -fanalyzer \
	-DKERNEL_USER_COPY_HOST_TEST=1 -I. \
	exception.c user_copy.c tests/test_user_copy.c -o build/test_user_copy
gcc -std=c11 -Wall -Wextra -Werror -fanalyzer -I. \
	handle.c tests/test_handle.c -o build/test_handle
gcc -std=c11 -Wall -Wextra -Werror -fanalyzer -I. \
	bytes.c tests/test_bytes.c -o build/test_bytes
gcc -std=c11 -Wall -Wextra -Werror -fanalyzer -I. \
	bytes.c exception.c context.c tests/test_context.c -o build/test_context
gcc -std=c11 -Wall -Wextra -Werror -fanalyzer \
	-DKERNEL_PERFORMANCE_HOST_TEST=1 -I. \
	bytes.c performance.c tests/test_performance.c -o build/test_performance
gcc -std=c11 -Wall -Wextra -Werror -fanalyzer \
	-DKERNEL_PERFORMANCE_HOST_TEST=1 -I. -I../include \
	bytes.c exception.c context.c performance.c thread.c \
	tests/test_thread.c -o build/test_thread
gcc -std=c11 -Wall -Wextra -Werror -fanalyzer \
	-DKERNEL_PERFORMANCE_HOST_TEST=1 -I. -I../include \
	bytes.c exception.c context.c performance.c thread.c sync.c \
	tests/test_sync.c -o build/test_sync
gcc -std=c11 -Wall -Wextra -Werror -fanalyzer \
	-DKERNEL_MEMORY_NO_POISON=1 -DKERNEL_VM_HOST_TEST=1 \
	-DKERNEL_USER_COPY_HOST_TEST=1 \
	-DKERNEL_PROCESS_HOST_TEST=1 -DKERNEL_PERFORMANCE_HOST_TEST=1 \
	-DASTRA_KERNEL_SOAK_SELFTEST=1 \
	-I. -I../include \
	../common/boot_contract.c memory.c dma.c block.c vm.c exception.c \
	user_copy.c \
	bytes.c context.c handle.c performance.c thread.c sync.c process.c \
	tests/test_process.c -o build/test_process
gcc -std=c11 -Wall -Wextra -Werror -fanalyzer \
	-DKERNEL_WORKER_HOST_TEST=1 -I. -I../include \
	worker.c tests/test_worker.c -o build/test_worker
gcc -std=c11 -Wall -Wextra -Werror -fanalyzer \
	-DKERNEL_PERFORMANCE_HOST_TEST=1 -I. -I../include \
	bytes.c exception.c performance.c dispatch.c \
	tests/test_dispatch.c -o build/test_dispatch
./build/test_boot_contract
BOOT CONTRACT PASS
./build/test_memory
KERNEL MEMORY PASS
./build/test_platform
platform tests passed
./build/test_dma
KERNEL DMA PASS
./build/test_block
KERNEL BLOCK PASS
./build/test_vm
KERNEL VM PASS
./build/test_exception
KERNEL EXCEPTION FRAME PASS
./build/test_user_copy
KERNEL USER COPY PASS
./build/test_handle
handle tests passed
./build/test_bytes
byte primitive tests passed
./build/test_context
context tests passed
./build/test_performance
performance tests passed
./build/test_thread
thread tests passed
./build/test_sync
sync tests passed
./build/test_process
process tests passed
./build/test_worker
worker tests passed
./build/test_dispatch
dispatch tests passed
make: Leaving directory '/tmp/astra68-k6-04524898-host-src/sw/kernel'
make: Entering directory '/tmp/astra68-k6-04524898-host-src/sw/kernel'
rm -rf build astra_kernel.elf astra_kernel.bin astra_kernel.map
make: Leaving directory '/tmp/astra68-k6-04524898-host-src/sw/kernel'
make: Entering directory '/tmp/astra68-k6-04524898-host-src/sw/kernel'
mkdir -p build
gcc -std=c11 -Wall -Wextra -Werror -fsanitize=address,undefined -fno-omit-frame-pointer -I../include \
	../common/boot_contract.c tests/test_boot_contract.c -o build/test_boot_contract
gcc -std=c11 -Wall -Wextra -Werror -fsanitize=address,undefined -fno-omit-frame-pointer \
	-DKERNEL_MEMORY_NO_POISON=1 -I. -I../include \
	../common/boot_contract.c memory.c tests/test_memory.c -o build/test_memory
gcc -std=c11 -Wall -Wextra -Werror -fsanitize=address,undefined -fno-omit-frame-pointer \
	-DKERNEL_PLATFORM_HOST_TEST=1 -I. -I../include \
	platform.c tests/test_platform.c -o build/test_platform
gcc -std=c11 -Wall -Wextra -Werror -fsanitize=address,undefined -fno-omit-frame-pointer \
	-DKERNEL_MEMORY_NO_POISON=1 -I. -I../include \
	../common/boot_contract.c memory.c dma.c tests/test_dma.c -o build/test_dma
gcc -std=c11 -Wall -Wextra -Werror -fsanitize=address,undefined -fno-omit-frame-pointer \
	-DKERNEL_MEMORY_NO_POISON=1 -I. -I../include \
	../common/boot_contract.c memory.c dma.c block.c \
	tests/test_block.c -o build/test_block
gcc -std=c11 -Wall -Wextra -Werror -fsanitize=address,undefined -fno-omit-frame-pointer \
	-DKERNEL_MEMORY_NO_POISON=1 -DKERNEL_VM_HOST_TEST=1 \
	-I. -I../include ../common/boot_contract.c memory.c vm.c \
	tests/test_vm.c -o build/test_vm
gcc -std=c11 -Wall -Wextra -Werror -fsanitize=address,undefined -fno-omit-frame-pointer -I. \
	exception.c tests/test_exception.c -o build/test_exception
gcc -std=c11 -Wall -Wextra -Werror -fsanitize=address,undefined -fno-omit-frame-pointer \
	-DKERNEL_USER_COPY_HOST_TEST=1 -I. \
	exception.c user_copy.c tests/test_user_copy.c -o build/test_user_copy
gcc -std=c11 -Wall -Wextra -Werror -fsanitize=address,undefined -fno-omit-frame-pointer -I. \
	handle.c tests/test_handle.c -o build/test_handle
gcc -std=c11 -Wall -Wextra -Werror -fsanitize=address,undefined -fno-omit-frame-pointer -I. \
	bytes.c tests/test_bytes.c -o build/test_bytes
gcc -std=c11 -Wall -Wextra -Werror -fsanitize=address,undefined -fno-omit-frame-pointer -I. \
	bytes.c exception.c context.c tests/test_context.c -o build/test_context
gcc -std=c11 -Wall -Wextra -Werror -fsanitize=address,undefined -fno-omit-frame-pointer \
	-DKERNEL_PERFORMANCE_HOST_TEST=1 -I. \
	bytes.c performance.c tests/test_performance.c -o build/test_performance
gcc -std=c11 -Wall -Wextra -Werror -fsanitize=address,undefined -fno-omit-frame-pointer \
	-DKERNEL_PERFORMANCE_HOST_TEST=1 -I. -I../include \
	bytes.c exception.c context.c performance.c thread.c \
	tests/test_thread.c -o build/test_thread
gcc -std=c11 -Wall -Wextra -Werror -fsanitize=address,undefined -fno-omit-frame-pointer \
	-DKERNEL_PERFORMANCE_HOST_TEST=1 -I. -I../include \
	bytes.c exception.c context.c performance.c thread.c sync.c \
	tests/test_sync.c -o build/test_sync
gcc -std=c11 -Wall -Wextra -Werror -fsanitize=address,undefined -fno-omit-frame-pointer \
	-DKERNEL_MEMORY_NO_POISON=1 -DKERNEL_VM_HOST_TEST=1 \
	-DKERNEL_USER_COPY_HOST_TEST=1 \
	-DKERNEL_PROCESS_HOST_TEST=1 -DKERNEL_PERFORMANCE_HOST_TEST=1 \
	-DASTRA_KERNEL_SOAK_SELFTEST=1 \
	-I. -I../include \
	../common/boot_contract.c memory.c dma.c block.c vm.c exception.c \
	user_copy.c \
	bytes.c context.c handle.c performance.c thread.c sync.c process.c \
	tests/test_process.c -o build/test_process
gcc -std=c11 -Wall -Wextra -Werror -fsanitize=address,undefined -fno-omit-frame-pointer \
	-DKERNEL_WORKER_HOST_TEST=1 -I. -I../include \
	worker.c tests/test_worker.c -o build/test_worker
gcc -std=c11 -Wall -Wextra -Werror -fsanitize=address,undefined -fno-omit-frame-pointer \
	-DKERNEL_PERFORMANCE_HOST_TEST=1 -I. -I../include \
	bytes.c exception.c performance.c dispatch.c \
	tests/test_dispatch.c -o build/test_dispatch
./build/test_boot_contract
BOOT CONTRACT PASS
./build/test_memory
KERNEL MEMORY PASS
./build/test_platform
platform tests passed
./build/test_dma
KERNEL DMA PASS
./build/test_block
KERNEL BLOCK PASS
./build/test_vm
KERNEL VM PASS
./build/test_exception
KERNEL EXCEPTION FRAME PASS
./build/test_user_copy
KERNEL USER COPY PASS
./build/test_handle
handle tests passed
./build/test_bytes
byte primitive tests passed
./build/test_context
context tests passed
./build/test_performance
performance tests passed
./build/test_thread
thread tests passed
./build/test_sync
sync tests passed
./build/test_process
process tests passed
./build/test_worker
worker tests passed
./build/test_dispatch
dispatch tests passed
make: Leaving directory '/tmp/astra68-k6-04524898-host-src/sw/kernel'
make: Entering directory '/tmp/astra68-k6-04524898-host-src/ndk'
rm -rf build
make: Leaving directory '/tmp/astra68-k6-04524898-host-src/ndk'
make: Entering directory '/tmp/astra68-k6-04524898-host-src/ndk'
cc -O2 -std=c11 -Wall -Wextra -Werror -DASTRA_NDK_TEST -Iinclude -Isrc/internal src/front_panel.c tests/test_front_panel.c -o build/host/test_front_panel
cc -O2 -std=c11 -Wall -Wextra -Werror -DASTRA_NDK_TEST -Iinclude -Isrc/internal src/font.c tests/test_font.c -o build/host/test_font
cc -O2 -std=c11 -Wall -Wextra -Werror -DASTRA_NDK_TEST -Iinclude -Isrc/internal src/graphics.c tests/test_graphics.c -o build/host/test_graphics
./build/host/test_front_panel
PASS Astra NDK front-panel API
./build/host/test_font
PASS Astra NDK font contract and unavailable backend
./build/host/test_graphics
PASS Astra NDK graphics contract and unavailable backend
cc -O2 -std=c11 -Wall -Wextra -Werror -DASTRA_NDK_TEST -Iinclude -Isrc/internal -fsanitize=address,undefined -fno-omit-frame-pointer src/front_panel.c tests/test_front_panel.c -o build/host/test_front_panel_sanitize
cc -O2 -std=c11 -Wall -Wextra -Werror -DASTRA_NDK_TEST -Iinclude -Isrc/internal -fsanitize=address,undefined -fno-omit-frame-pointer src/font.c tests/test_font.c -o build/host/test_font_sanitize
cc -O2 -std=c11 -Wall -Wextra -Werror -DASTRA_NDK_TEST -Iinclude -Isrc/internal -fsanitize=address,undefined -fno-omit-frame-pointer src/graphics.c tests/test_graphics.c -o build/host/test_graphics_sanitize
./build/host/test_front_panel_sanitize
PASS Astra NDK front-panel API
./build/host/test_font_sanitize
PASS Astra NDK font contract and unavailable backend
./build/host/test_graphics_sanitize
PASS Astra NDK graphics contract and unavailable backend
gcc -O2 -std=c11 -Wall -Wextra -Werror -DASTRA_NDK_TEST -Iinclude -Isrc/internal -fanalyzer -c src/front_panel.c -o build/analyzer/front_panel.o
gcc -O2 -std=c11 -Wall -Wextra -Werror -DASTRA_NDK_TEST -Iinclude -Isrc/internal -fanalyzer -c src/font.c -o build/analyzer/font.o
gcc -O2 -std=c11 -Wall -Wextra -Werror -DASTRA_NDK_TEST -Iinclude -Isrc/internal -fanalyzer -c src/graphics.c -o build/analyzer/graphics.o
m68k-linux-gnu-gcc -Iinclude -m68030 -msoft-float -Os -ffreestanding -fno-builtin -std=c11 -Wall -Wextra -Werror -MMD -MP -c src/front_panel.c -o build/m68k/front_panel.o
m68k-linux-gnu-gcc -Iinclude -m68030 -msoft-float -Os -ffreestanding -fno-builtin -std=c11 -Wall -Wextra -Werror -MMD -MP -c src/font.c -o build/m68k/font.o
m68k-linux-gnu-gcc -Iinclude -m68030 -msoft-float -Os -ffreestanding -fno-builtin -std=c11 -Wall -Wextra -Werror -MMD -MP -c src/graphics.c -o build/m68k/graphics.o
m68k-linux-gnu-ar rcs build/m68k/libastra.a build/m68k/front_panel.o build/m68k/font.o build/m68k/graphics.o
m68k-linux-gnu-gcc -Iinclude -m68030 -msoft-float -Os -ffreestanding -fno-builtin -std=c11 -Wall -Wextra -Werror -c examples/front_panel.c -o build/m68k/front_panel_example.o
m68k-linux-gnu-gcc -Iinclude -m68030 -msoft-float -Os -ffreestanding -fno-builtin -std=c11 -Wall -Wextra -Werror -c examples/font_layout.c -o build/m68k/font_layout_example.o
m68k-linux-gnu-gcc -Iinclude -m68030 -msoft-float -Os -ffreestanding -fno-builtin -std=c11 -Wall -Wextra -Werror -c examples/graphics_frame.c -o build/m68k/graphics_frame_example.o
make: Nothing to be done for 'all'.
make: Leaving directory '/tmp/astra68-k6-04524898-host-src/ndk'
