make: Entering directory '/tmp/astra68-k6-04524898-final/sw/boot'
rm -f *.elf *.bin *.map *.rom
rm -rf build
make -C ../kernel clean
make[1]: Entering directory '/tmp/astra68-k6-04524898-final/sw/kernel'
rm -rf build astra_kernel.elf astra_kernel.bin astra_kernel.map
make[1]: Leaving directory '/tmp/astra68-k6-04524898-final/sw/kernel'
make -C ../kernel all CROSS=m68k-linux-gnu- \
	KERNEL_VERSION=0.1.0-dev PANIC_SELFTEST=0 \
	SCHED_TRACE=0 SOAK_SELFTEST=0
make[1]: Entering directory '/tmp/astra68-k6-04524898-final/sw/kernel'
mkdir -p build
python3 gen_build_info.py --version "0.1.0-dev" \
	--panic-selftest "0" \
	--sched-trace "0" \
	--soak-selftest "0" --output "build/kernel_build_info.h"
m68k-linux-gnu-gcc -I../include -Ibuild -include build/kernel_build_info.h -m68030 -msoft-float -std=gnu11 -Os -ffreestanding -fno-builtin -fno-common -fno-pic -fno-pie -fno-stack-protector -Wa,--noexecstack -Wall -Wextra -Werror -c -o build/entry.o entry.S
m68k-linux-gnu-gcc -I../include -Ibuild -include build/kernel_build_info.h -m68030 -msoft-float -std=gnu11 -Os -ffreestanding -fno-builtin -fno-common -fno-pic -fno-pie -fno-stack-protector -Wa,--noexecstack -Wall -Wextra -Werror -c -o build/vectors.o vectors.S
m68k-linux-gnu-gcc -I../include -Ibuild -include build/kernel_build_info.h -m68030 -msoft-float -std=gnu11 -Os -ffreestanding -fno-builtin -fno-common -fno-pic -fno-pie -fno-stack-protector -Wa,--noexecstack -Wall -Wextra -Werror -c -o build/kernel.o kernel.c
m68k-linux-gnu-gcc -I../include -Ibuild -include build/kernel_build_info.h -m68030 -msoft-float -std=gnu11 -Os -ffreestanding -fno-builtin -fno-common -fno-pic -fno-pie -fno-stack-protector -Wa,--noexecstack -Wall -Wextra -Werror -c -o build/platform.o platform.c
m68k-linux-gnu-gcc -I../include -Ibuild -include build/kernel_build_info.h -m68030 -msoft-float -std=gnu11 -Os -ffreestanding -fno-builtin -fno-common -fno-pic -fno-pie -fno-stack-protector -Wa,--noexecstack -Wall -Wextra -Werror -c -o build/memory.o memory.c
m68k-linux-gnu-gcc -I../include -Ibuild -include build/kernel_build_info.h -m68030 -msoft-float -std=gnu11 -Os -ffreestanding -fno-builtin -fno-common -fno-pic -fno-pie -fno-stack-protector -Wa,--noexecstack -Wall -Wextra -Werror -c -o build/dma.o dma.c
m68k-linux-gnu-gcc -I../include -Ibuild -include build/kernel_build_info.h -m68030 -msoft-float -std=gnu11 -Os -ffreestanding -fno-builtin -fno-common -fno-pic -fno-pie -fno-stack-protector -Wa,--noexecstack -Wall -Wextra -Werror -c -o build/block.o block.c
m68k-linux-gnu-gcc -I../include -Ibuild -include build/kernel_build_info.h -m68030 -msoft-float -std=gnu11 -Os -ffreestanding -fno-builtin -fno-common -fno-pic -fno-pie -fno-stack-protector -Wa,--noexecstack -Wall -Wextra -Werror -c -o build/handle.o handle.c
m68k-linux-gnu-gcc -I../include -Ibuild -include build/kernel_build_info.h -m68030 -msoft-float -std=gnu11 -Os -ffreestanding -fno-builtin -fno-common -fno-pic -fno-pie -fno-stack-protector -Wa,--noexecstack -Wall -Wextra -Werror -c -o build/bytes.o bytes.c
m68k-linux-gnu-gcc -I../include -Ibuild -include build/kernel_build_info.h -m68030 -msoft-float -std=gnu11 -Os -ffreestanding -fno-builtin -fno-common -fno-pic -fno-pie -fno-stack-protector -Wa,--noexecstack -Wall -Wextra -Werror -c -o build/context.o context.c
m68k-linux-gnu-gcc -I../include -Ibuild -include build/kernel_build_info.h -m68030 -msoft-float -std=gnu11 -Os -ffreestanding -fno-builtin -fno-common -fno-pic -fno-pie -fno-stack-protector -Wa,--noexecstack -Wall -Wextra -Werror -c -o build/performance.o performance.c
m68k-linux-gnu-gcc -I../include -Ibuild -include build/kernel_build_info.h -m68030 -msoft-float -std=gnu11 -Os -ffreestanding -fno-builtin -fno-common -fno-pic -fno-pie -fno-stack-protector -Wa,--noexecstack -Wall -Wextra -Werror -c -o build/thread.o thread.c
m68k-linux-gnu-gcc -I../include -Ibuild -include build/kernel_build_info.h -m68030 -msoft-float -std=gnu11 -Os -ffreestanding -fno-builtin -fno-common -fno-pic -fno-pie -fno-stack-protector -Wa,--noexecstack -Wall -Wextra -Werror -c -o build/sync.o sync.c
m68k-linux-gnu-gcc -I../include -Ibuild -include build/kernel_build_info.h -m68030 -msoft-float -std=gnu11 -Os -ffreestanding -fno-builtin -fno-common -fno-pic -fno-pie -fno-stack-protector -Wa,--noexecstack -Wall -Wextra -Werror -c -o build/process.o process.c
m68k-linux-gnu-gcc -I../include -Ibuild -include build/kernel_build_info.h -m68030 -msoft-float -std=gnu11 -Os -ffreestanding -fno-builtin -fno-common -fno-pic -fno-pie -fno-stack-protector -Wa,--noexecstack -Wall -Wextra -Werror -c -o build/user_test.o user_test.S
m68k-linux-gnu-gcc -I../include -Ibuild -include build/kernel_build_info.h -m68030 -msoft-float -std=gnu11 -Os -ffreestanding -fno-builtin -fno-common -fno-pic -fno-pie -fno-stack-protector -Wa,--noexecstack -Wall -Wextra -Werror -c -o build/dispatch.o dispatch.c
m68k-linux-gnu-gcc -I../include -Ibuild -include build/kernel_build_info.h -m68030 -msoft-float -std=gnu11 -Os -ffreestanding -fno-builtin -fno-common -fno-pic -fno-pie -fno-stack-protector -Wa,--noexecstack -Wall -Wextra -Werror -c -o build/worker.o worker.c
m68k-linux-gnu-gcc -I../include -Ibuild -include build/kernel_build_info.h -m68030 -msoft-float -std=gnu11 -Os -ffreestanding -fno-builtin -fno-common -fno-pic -fno-pie -fno-stack-protector -Wa,--noexecstack -Wall -Wextra -Werror -c -o build/worker_asm.o worker.S
m68k-linux-gnu-gcc -I../include -Ibuild -include build/kernel_build_info.h -m68030 -msoft-float -std=gnu11 -Os -ffreestanding -fno-builtin -fno-common -fno-pic -fno-pie -fno-stack-protector -Wa,--noexecstack -Wall -Wextra -Werror -c -o build/pmmu.o pmmu.S
m68k-linux-gnu-gcc -I../include -Ibuild -include build/kernel_build_info.h -m68030 -msoft-float -std=gnu11 -Os -ffreestanding -fno-builtin -fno-common -fno-pic -fno-pie -fno-stack-protector -Wa,--noexecstack -Wall -Wextra -Werror -c -o build/vm.o vm.c
m68k-linux-gnu-gcc -I../include -Ibuild -include build/kernel_build_info.h -m68030 -msoft-float -std=gnu11 -Os -ffreestanding -fno-builtin -fno-common -fno-pic -fno-pie -fno-stack-protector -Wa,--noexecstack -Wall -Wextra -Werror -c -o build/exception.o exception.c
m68k-linux-gnu-gcc -I../include -Ibuild -include build/kernel_build_info.h -m68030 -msoft-float -std=gnu11 -Os -ffreestanding -fno-builtin -fno-common -fno-pic -fno-pie -fno-stack-protector -Wa,--noexecstack -Wall -Wextra -Werror -c -o build/user_copy.o user_copy.c
m68k-linux-gnu-gcc -I../include -Ibuild -include build/kernel_build_info.h -m68030 -msoft-float -std=gnu11 -Os -ffreestanding -fno-builtin -fno-common -fno-pic -fno-pie -fno-stack-protector -Wa,--noexecstack -Wall -Wextra -Werror -c -o build/user_copy_asm.o user_copy.S
m68k-linux-gnu-gcc -I../include -Ibuild -include build/kernel_build_info.h -m68030 -msoft-float -std=gnu11 -Os -ffreestanding -fno-builtin -fno-common -fno-pic -fno-pie -fno-stack-protector -Wa,--noexecstack -Wall -Wextra -Werror -c -o build/boot_contract.o ../common/boot_contract.c
m68k-linux-gnu-gcc -m68030 -msoft-float -std=gnu11 -Os -ffreestanding -fno-builtin -fno-common -fno-pic -fno-pie -fno-stack-protector -Wa,--noexecstack -Wall -Wextra -Werror -T kernel.ld -nostdlib -no-pie -Wl,--build-id=none,-Map=astra_kernel.map -o astra_kernel.elf build/entry.o build/vectors.o build/kernel.o build/platform.o build/memory.o build/dma.o build/block.o build/handle.o build/bytes.o build/context.o build/performance.o build/thread.o build/sync.o build/process.o build/user_test.o build/dispatch.o build/worker.o build/worker_asm.o build/pmmu.o build/vm.o build/exception.o build/user_copy.o build/user_copy_asm.o build/boot_contract.o
m68k-linux-gnu-objcopy -O binary astra_kernel.elf astra_kernel.bin
make[1]: Leaving directory '/tmp/astra68-k6-04524898-final/sw/kernel'
m68k-linux-gnu-gcc -m68030 -msoft-float -Os -ffreestanding -fno-builtin -nostdlib -Wa,--noexecstack -Wall -Wextra -I../include -I../../ndk/include -Ibuild  -T astra_st.ld -nostdlib -Wl,--build-id=none,-Map=astra_boot.map -o astra_boot.elf crt0.S kernel_blob.S boot.c \
	../common/boot_contract.c ../../ndk/src/front_panel.c
m68k-linux-gnu-objcopy -O binary astra_boot.elf astra_boot.bin
python3 package_rom.py astra_boot.bin astra68.rom
astra68.rom: 68860 payload bytes, crc32=80b0364c
== sections ==
Idx Name          Size      VMA       LMA       File off  Algn
  0 .vectors      00000400  ffe00000  ffe00000  00002000  2**2
  1 .text         000108fc  ffe00400  ffe00400  00002400  2**4
  3 .data         00000000  01ff8400  ffe10cfc  00014400  2**2
  4 .bss          00000134  01ff8400  ffe10d00  00014400  2**4
== reset vectors (SP @ +0, PC @ +4) ==

Contents of section .vectors:
== symbols ==
01ff8400 g       .bss	00000000 _bss_start
02000000 g       .vectors	00000000 _stack_top
ffe00400 g     F .text	00000000 _start
01ff8400 g       .data	00000000 _data_start
ffe103b4 g       .text	00000000 _kernel_blob_end
ffe00454 g     F .text	00000000 boot_kernel_handoff
ffe02370 g       .text	00000000 _kernel_blob_start
ffe00ab8 g     F .text	00001290 kmain
== embedded kernel ==
Idx Name          Size      VMA       LMA       File off  Algn
  0 .text.entry   00000050  02010000  02010000  00002000  2**0
  1 .vectors      00000400  02010400  02010400  00002400  2**10
  2 .text         0000d844  02010800  02010800  00002800  2**2
  3 .data         00000000  0201e044  0201e044  00010044  2**2
  4 .bss          00003168  0201e048  0201e048  00010044  2**3
  6 .kernel_stack 00003fd0  0203a030  0203a030  00010044  2**0
kernel payload: 57412 bytes
make: Leaving directory '/tmp/astra68-k6-04524898-final/sw/boot'
