make: Entering directory '/tmp/astra68-k9-0366001/sw/kernel'
mkdir -p build
gcc -std=c11 -Wall -Wextra -Werror -fanalyzer -I../include \
	../common/boot_contract.c tests/test_boot_contract.c -o build/test_boot_contract
gcc -std=c11 -Wall -Wextra -Werror -fanalyzer -I. \
	allocation.c object_cache.c tests/test_allocation.c -o build/test_allocation
gcc -std=c11 -Wall -Wextra -Werror -fanalyzer \
	-DKERNEL_MEMORY_NO_POISON=1 -I. -I../include \
	../common/boot_contract.c allocation.c memory.c \
	tests/test_memory.c -o build/test_memory
gcc -std=c11 -Wall -Wextra -Werror -fanalyzer \
	-DKERNEL_PLATFORM_HOST_TEST=1 -I. -I../include \
	platform.c tests/test_platform.c -o build/test_platform
gcc -std=c11 -Wall -Wextra -Werror -fanalyzer \
	-DKERNEL_MEMORY_NO_POISON=1 -I. -I../include \
	../common/boot_contract.c allocation.c object_cache.c memory.c \
	dma.c tests/test_dma.c -o build/test_dma
gcc -std=c11 -Wall -Wextra -Werror -fanalyzer \
	-DKERNEL_MEMORY_NO_POISON=1 -I. -I../include \
	../common/boot_contract.c allocation.c object_cache.c memory.c \
	dma.c block.c \
	tests/test_block.c -o build/test_block
gcc -std=c11 -Wall -Wextra -Werror -fanalyzer \
	-DKERNEL_MEMORY_NO_POISON=1 -DKERNEL_VM_HOST_TEST=1 \
	-I. -I../include ../common/boot_contract.c allocation.c memory.c vm.c \
	tests/test_vm.c -o build/test_vm
gcc -std=c11 -Wall -Wextra -Werror -fanalyzer -I. \
	exception.c tests/test_exception.c -o build/test_exception
gcc -std=c11 -Wall -Wextra -Werror -fanalyzer \
	-DKERNEL_USER_COPY_HOST_TEST=1 -I. \
	exception.c user_copy.c tests/test_user_copy.c -o build/test_user_copy
gcc -std=c11 -Wall -Wextra -Werror -fanalyzer -I. \
	allocation.c object_cache.c bytes.c handle.c tests/test_handle.c -o build/test_handle
gcc -std=c11 -Wall -Wextra -Werror -fanalyzer -I. \
	bytes.c tests/test_bytes.c -o build/test_bytes
gcc -std=c11 -Wall -Wextra -Werror -fanalyzer -I. \
	bytes.c exception.c context.c tests/test_context.c -o build/test_context
gcc -std=c11 -Wall -Wextra -Werror -fanalyzer \
	-DKERNEL_PERFORMANCE_HOST_TEST=1 -I. \
	bytes.c performance.c tests/test_performance.c -o build/test_performance
gcc -std=c11 -Wall -Wextra -Werror -fanalyzer \
	-DKERNEL_PERFORMANCE_HOST_TEST=1 -I. -I../include \
	allocation.c object_cache.c bytes.c exception.c context.c \
	performance.c thread.c \
	tests/test_thread.c -o build/test_thread
gcc -std=c11 -Wall -Wextra -Werror -fanalyzer \
	-DKERNEL_PERFORMANCE_HOST_TEST=1 -I. -I../include \
	allocation.c object_cache.c bytes.c exception.c context.c \
	performance.c thread.c sync.c \
	tests/test_sync.c -o build/test_sync
gcc -std=c11 -Wall -Wextra -Werror -fanalyzer \
	-DKERNEL_PERFORMANCE_HOST_TEST=1 -I. -I../include \
	allocation.c object_cache.c bytes.c exception.c context.c \
	handle.c performance.c thread.c \
	port.c tests/test_port.c -o build/test_port
gcc -std=c11 -Wall -Wextra -Werror -fanalyzer \
	-DKERNEL_MEMORY_NO_POISON=1 -DKERNEL_VM_HOST_TEST=1 \
	-DKERNEL_MEMORY_HOST_TEST=1 \
	-DKERNEL_AREA_HOST_TEST=1 -I. -I../include \
	../common/boot_contract.c allocation.c object_cache.c memory.c \
	bytes.c vm.c area.c \
	tests/test_area.c -o build/test_area
gcc -std=c11 -Wall -Wextra -Werror -fanalyzer \
	-DKERNEL_MEMORY_NO_POISON=1 -DKERNEL_VM_HOST_TEST=1 \
	-DKERNEL_MEMORY_HOST_TEST=1 \
	-DKERNEL_AREA_HOST_TEST=1 -DKERNEL_PERFORMANCE_HOST_TEST=1 \
	-DKERNEL_RING_HOST_TEST=1 \
	-I. -I../include ../common/boot_contract.c allocation.c \
	object_cache.c memory.c bytes.c \
	exception.c context.c performance.c thread.c vm.c area.c ring.c \
	tests/test_ring.c -o build/test_ring
gcc -std=c11 -Wall -Wextra -Werror -fanalyzer \
	-DKERNEL_MEMORY_NO_POISON=1 -DKERNEL_VM_HOST_TEST=1 \
	-DKERNEL_MEMORY_HOST_TEST=1 \
	-DKERNEL_AREA_HOST_TEST=1 \
	-DKERNEL_USER_COPY_HOST_TEST=1 \
	-DKERNEL_PROCESS_HOST_TEST=1 -DKERNEL_PERFORMANCE_HOST_TEST=1 \
	-DASTRA_KERNEL_SOAK_SELFTEST=1 \
	-I. -I../include \
	../common/boot_contract.c allocation.c object_cache.c memory.c \
	dma.c block.c vm.c exception.c \
	user_copy.c \
	bytes.c context.c handle.c performance.c thread.c sync.c port.c \
	area.c ring.c process.c \
	tests/test_process.c -o build/test_process
gcc -std=c11 -Wall -Wextra -Werror -fanalyzer \
	-DKERNEL_WORKER_HOST_TEST=1 -I. -I../include \
	worker.c tests/test_worker.c -o build/test_worker
gcc -std=c11 -Wall -Wextra -Werror -fanalyzer \
	-DKERNEL_PERFORMANCE_HOST_TEST=1 -I. -I../include \
	bytes.c exception.c performance.c dispatch.c \
	tests/test_dispatch.c -o build/test_dispatch
./build/test_boot_contract
BOOT CONTRACT PASS
./build/test_allocation
KERNEL ALLOCATION PASS
./build/test_memory
KERNEL MEMORY PASS
./build/test_platform
platform tests passed
./build/test_dma
KERNEL DMA PASS
./build/test_block
KERNEL BLOCK PASS
./build/test_vm
KERNEL VM PASS
./build/test_exception
KERNEL EXCEPTION FRAME PASS
./build/test_user_copy
KERNEL USER COPY PASS
./build/test_handle
handle tests passed
./build/test_bytes
byte primitive tests passed
./build/test_context
context tests passed
./build/test_performance
performance tests passed
./build/test_thread
thread tests passed
./build/test_sync
sync tests passed
./build/test_port
port tests passed
./build/test_area
area tests passed
./build/test_ring
ring tests passed
./build/test_process
process tests passed
./build/test_worker
worker tests passed
./build/test_dispatch
dispatch tests passed
make: Leaving directory '/tmp/astra68-k9-0366001/sw/kernel'
