make: Entering directory '/tmp/astra68-k9-0366001/emu'
rustup run 1.97.0 cargo fmt --all -- --check
rustup run 1.97.0 cargo clippy --workspace --all-targets -- -D warnings
   Compiling proc-macro2 v1.0.106
   Compiling unicode-ident v1.0.24
   Compiling quote v1.0.46
    Checking cfg-if v1.0.4
    Checking bitflags v2.13.0
    Checking log v0.4.33
    Checking smallvec v1.15.2
    Checking once_cell v1.21.4
   Compiling pkg-config v0.3.33
   Compiling shlex v2.0.1
   Compiling autocfg v1.5.1
   Compiling find-msvc-tools v0.1.9
   Compiling rustix v1.1.4
   Compiling libm v0.2.16
    Checking linux-raw-sys v0.12.1
   Compiling libc v0.2.186
   Compiling cfg_aliases v0.2.1
   Compiling thiserror v2.0.18
    Checking foldhash v0.2.0
    Checking arrayvec v0.7.8
    Checking stable_deref_trait v1.2.1
   Compiling zerocopy v0.8.54
    Checking downcast-rs v1.2.1
   Compiling memchr v2.8.3
    Checking scoped-tls v1.0.1
   Compiling parking_lot_core v0.9.12
    Checking scopeguard v1.2.0
   Compiling wayland-client v0.31.14
    Checking equivalent v1.0.2
    Checking allocator-api2 v0.2.21
    Checking raw-window-handle v0.6.2
    Checking writeable v0.6.3
    Checking libloading v0.8.9
    Checking litemap v0.8.2
   Compiling icu_properties_data v2.2.0
   Compiling naga v29.0.4
   Compiling ash v0.38.0+1.3.281
    Checking bit-vec v0.9.1
    Checking pin-project-lite v0.2.17
   Compiling cc v1.2.67
    Checking unicode-width v0.2.2
    Checking hashbrown v0.17.1
   Compiling icu_normalizer_data v2.2.0
    Checking utf8_iter v1.0.4
    Checking profiling v1.0.18
    Checking polycool v0.4.0
    Checking slab v0.4.12
    Checking lock_api v0.4.14
    Checking tracing-core v0.1.36
    Checking spirv v0.4.0+sdk-1.4.341.0
    Checking percent-encoding v2.3.2
    Checking foldhash v0.1.5
    Checking dlib v0.5.3
    Checking hexf-parse v0.2.1
    Checking rustc-hash v1.1.0
    Checking simd-adler32 v0.3.9
    Checking linebender_resource_handle v0.1.1
    Checking bit-set v0.9.1
    Checking kurbo v0.13.1
   Compiling crc32fast v1.5.0
   Compiling version_check v0.9.5
   Compiling khronos-egl v6.0.0
    Checking hashbrown v0.15.5
    Checking codespan-reporting v0.13.1
    Checking gpu-descriptor-types v0.2.0
   Compiling wgpu-hal v29.0.4
    Checking adler2 v2.0.1
    Checking cursor-icon v1.2.0
   Compiling num-traits v0.2.19
   Compiling rustix v0.38.44
   Compiling thiserror v1.0.69
    Checking fearless_simd v0.4.1
   Compiling unicode-general-category v1.1.0
    Checking hashbrown v0.16.1
    Checking xkeysym v0.2.1
    Checking presser v0.3.1
    Checking linux-raw-sys v0.4.15
    Checking as-raw-xcb-connection v1.0.1
    Checking miniz_oxide v0.8.9
    Checking renderdoc-sys v1.1.0
    Checking x11rb-protocol v0.13.2
    Checking glow v0.17.0
    Checking tracing v0.1.44
   Compiling wayland-sys v0.31.11
   Compiling x11-dl v2.21.0
   Compiling quick-xml v0.39.4
    Checking fdeflate v0.3.7
   Compiling winit v0.30.13
   Compiling ahash v0.8.12
   Compiling wgpu-core v29.0.4
    Checking either v1.16.0
    Checking self_cell v1.2.2
    Checking xcursor v0.3.10
    Checking pxfm v0.1.30
    Checking nohash-hasher v0.2.0
    Checking epaint_default_fonts v0.35.0
    Checking indexmap v2.14.0
   Compiling smithay-client-toolkit v0.20.0
    Checking unicode-segmentation v1.13.3
    Checking gpu-descriptor v0.3.2
   Compiling litrs v1.0.0
    Checking uuid v1.23.5
    Checking form_urlencoded v1.2.2
   Compiling wgpu v29.0.4
    Checking dpi v0.1.2
    Checking byteorder-lite v0.1.0
    Checking itertools v0.14.0
    Checking smol_str v0.2.2
    Checking static_assertions v1.1.0
    Checking rustc-hash v2.1.3
    Checking web-time v1.1.0
    Checking flate2 v1.1.9
   Compiling syn v2.0.118
    Checking pollster v0.4.0
    Checking type-map v0.5.1
    Checking accesskit v0.24.1
    Checking xkbcommon-dl v0.4.2
   Compiling wayland-backend v0.3.15
   Compiling astravm-machine v0.1.0 (/tmp/astra68-k9-0366001/emu/crates/astravm-machine)
    Checking png v0.18.1
   Compiling document-features v0.2.12
    Checking memmap2 v0.9.11
   Compiling wayland-scanner v0.31.10
    Checking parking_lot v0.12.5
    Checking euclid v0.22.14
    Checking ordered-float v5.3.0
    Checking guillotiere v0.7.0
    Checking moxcms v0.8.1
   Compiling synstructure v0.13.2
    Checking polling v3.11.0
    Checking gethostname v1.1.0
    Checking calloop v0.14.4
   Compiling bytemuck_derive v1.11.0
   Compiling zerofrom-derive v0.1.7
   Compiling thiserror-impl v2.0.18
   Compiling yoke-derive v0.8.2
   Compiling zerocopy-derive v0.8.54
   Compiling zerovec-derive v0.11.3
   Compiling displaydoc v0.2.6
   Compiling thiserror-impl v1.0.69
    Checking wayland-csd-frame v0.3.0
    Checking zerofrom v0.1.8
    Checking yoke v0.8.3
    Checking bytemuck v1.25.1
    Checking calloop v0.13.0
    Checking zerovec v0.11.6
    Checking zerotrie v0.2.4
    Checking color v0.3.3
    Checking font-types v0.11.3
    Checking wgpu-types v29.0.4
    Checking emath v0.35.0
    Checking image v0.25.10
    Checking ecolor v0.35.0
    Checking read-fonts v0.39.2
    Checking tinystr v0.8.3
    Checking potential_utf v0.1.5
    Checking peniko v0.6.1
    Checking icu_collections v2.2.0
    Checking icu_locale_core v2.2.0
    Checking wayland-protocols v0.32.13
    Checking wayland-cursor v0.31.14
    Checking calloop-wayland-source v0.4.1
    Checking vello_common v0.0.9
    Checking icu_provider v2.2.0
    Checking icu_normalizer v2.2.0
    Checking icu_properties v2.2.0
    Checking vello_cpu v0.0.9
    Checking idna_adapter v1.2.2
    Checking idna v1.1.0
    Checking url v2.5.8
    Checking webbrowser v1.2.1
    Checking half v2.7.1
    Checking x11rb v0.13.2
    Checking gpu-allocator v0.28.0
    Checking arboard v3.6.1
    Checking wayland-protocols-experimental v20250721.0.1
    Checking wayland-protocols-misc v0.3.12
    Checking wayland-protocols-wlr v0.3.12
    Checking harfrust v0.7.0
    Checking skrifa v0.42.1
    Checking smithay-clipboard v0.7.3
    Checking epaint v0.35.0
    Checking egui v0.35.0
    Checking wgpu-naga-bridge v29.0.4
    Checking egui-winit v0.35.0
    Checking wgpu-core-deps-windows-linux-android v29.0.4
    Checking egui-wgpu v0.35.0
    Checking eframe v0.35.0
    Checking astravm-app v0.1.0 (/tmp/astra68-k9-0366001/emu/crates/astravm-app)
    Finished `dev` profile [unoptimized + debuginfo] target(s) in 11.03s
rustup run 1.97.0 cargo build --release --workspace
   Compiling proc-macro2 v1.0.106
   Compiling quote v1.0.46
   Compiling unicode-ident v1.0.24
   Compiling cfg-if v1.0.4
   Compiling bitflags v2.13.0
   Compiling log v0.4.33
   Compiling smallvec v1.15.2
   Compiling once_cell v1.21.4
   Compiling pkg-config v0.3.33
   Compiling rustix v1.1.4
   Compiling libm v0.2.16
   Compiling autocfg v1.5.1
   Compiling linux-raw-sys v0.12.1
   Compiling libc v0.2.186
   Compiling cfg_aliases v0.2.1
   Compiling shlex v2.0.1
   Compiling find-msvc-tools v0.1.9
   Compiling thiserror v2.0.18
   Compiling foldhash v0.2.0
   Compiling arrayvec v0.7.8
   Compiling stable_deref_trait v1.2.1
   Compiling zerocopy v0.8.54
   Compiling memchr v2.8.3
   Compiling parking_lot_core v0.9.12
   Compiling downcast-rs v1.2.1
   Compiling scoped-tls v1.0.1
   Compiling scopeguard v1.2.0
   Compiling wayland-client v0.31.14
   Compiling equivalent v1.0.2
   Compiling litemap v0.8.2
   Compiling raw-window-handle v0.6.2
   Compiling writeable v0.6.3
   Compiling libloading v0.8.9
   Compiling allocator-api2 v0.2.21
   Compiling naga v29.0.4
   Compiling utf8_iter v1.0.4
   Compiling profiling v1.0.18
   Compiling hashbrown v0.17.1
   Compiling cc v1.2.67
   Compiling lock_api v0.4.14
   Compiling tracing-core v0.1.36
   Compiling unicode-width v0.2.2
   Compiling ash v0.38.0+1.3.281
   Compiling pin-project-lite v0.2.17
   Compiling slab v0.4.12
   Compiling dlib v0.5.3
   Compiling icu_properties_data v2.2.0
   Compiling bit-vec v0.9.1
   Compiling polycool v0.4.0
   Compiling icu_normalizer_data v2.2.0
   Compiling spirv v0.4.0+sdk-1.4.341.0
   Compiling khronos-egl v6.0.0
   Compiling linebender_resource_handle v0.1.1
   Compiling version_check v0.9.5
   Compiling simd-adler32 v0.3.9
   Compiling crc32fast v1.5.0
   Compiling hexf-parse v0.2.1
   Compiling percent-encoding v2.3.2
   Compiling rustc-hash v1.1.0
   Compiling foldhash v0.1.5
   Compiling num-traits v0.2.19
   Compiling gpu-descriptor-types v0.2.0
   Compiling wgpu-hal v29.0.4
   Compiling fearless_simd v0.4.1
   Compiling xkeysym v0.2.1
   Compiling cursor-icon v1.2.0
   Compiling unicode-general-category v1.1.0
   Compiling bit-set v0.9.1
   Compiling codespan-reporting v0.13.1
   Compiling hashbrown v0.16.1
   Compiling kurbo v0.13.1
   Compiling wayland-sys v0.31.11
   Compiling hashbrown v0.15.5
   Compiling rustix v0.38.44
   Compiling thiserror v1.0.69
   Compiling adler2 v2.0.1
   Compiling presser v0.3.1
   Compiling ahash v0.8.12
   Compiling x11-dl v2.21.0
   Compiling linux-raw-sys v0.4.15
   Compiling x11rb-protocol v0.13.2
   Compiling quick-xml v0.39.4
   Compiling miniz_oxide v0.8.9
   Compiling glow v0.17.0
   Compiling as-raw-xcb-connection v1.0.1
   Compiling tracing v0.1.44
   Compiling renderdoc-sys v1.1.0
   Compiling fdeflate v0.3.7
   Compiling winit v0.30.13
   Compiling wgpu-core v29.0.4
   Compiling either v1.16.0
   Compiling nohash-hasher v0.2.0
   Compiling epaint_default_fonts v0.35.0
   Compiling self_cell v1.2.2
   Compiling pxfm v0.1.30
   Compiling smithay-client-toolkit v0.20.0
   Compiling syn v2.0.118
   Compiling litrs v1.0.0
   Compiling unicode-segmentation v1.13.3
   Compiling xcursor v0.3.10
   Compiling uuid v1.23.5
   Compiling form_urlencoded v1.2.2
   Compiling indexmap v2.14.0
   Compiling flate2 v1.1.9
   Compiling itertools v0.14.0
   Compiling wgpu v29.0.4
   Compiling gpu-descriptor v0.3.2
   Compiling xkbcommon-dl v0.4.2
   Compiling byteorder-lite v0.1.0
   Compiling accesskit v0.24.1
   Compiling smol_str v0.2.2
   Compiling dpi v0.1.2
   Compiling static_assertions v1.1.0
   Compiling rustc-hash v2.1.3
   Compiling png v0.18.1
   Compiling memmap2 v0.9.11
   Compiling document-features v0.2.12
   Compiling web-time v1.1.0
   Compiling type-map v0.5.1
   Compiling pollster v0.4.0
   Compiling wayland-scanner v0.31.10
   Compiling parking_lot v0.12.5
   Compiling wayland-backend v0.3.15
   Compiling astravm-machine v0.1.0 (/tmp/astra68-k9-0366001/emu/crates/astravm-machine)
   Compiling euclid v0.22.14
   Compiling ordered-float v5.3.0
   Compiling guillotiere v0.7.0
   Compiling moxcms v0.8.1
   Compiling synstructure v0.13.2
   Compiling bytemuck_derive v1.11.0
   Compiling zerofrom-derive v0.1.7
   Compiling thiserror-impl v2.0.18
   Compiling yoke-derive v0.8.2
   Compiling zerocopy-derive v0.8.54
   Compiling zerovec-derive v0.11.3
   Compiling displaydoc v0.2.6
   Compiling thiserror-impl v1.0.69
   Compiling zerofrom v0.1.8
   Compiling yoke v0.8.3
   Compiling bytemuck v1.25.1
   Compiling zerovec v0.11.6
   Compiling zerotrie v0.2.4
   Compiling polling v3.11.0
   Compiling gethostname v1.1.0
   Compiling calloop v0.14.4
   Compiling calloop v0.13.0
   Compiling font-types v0.11.3
   Compiling color v0.3.3
   Compiling wgpu-types v29.0.4
   Compiling emath v0.35.0
   Compiling read-fonts v0.39.2
   Compiling ecolor v0.35.0
   Compiling tinystr v0.8.3
   Compiling potential_utf v0.1.5
   Compiling peniko v0.6.1
   Compiling icu_collections v2.2.0
   Compiling icu_locale_core v2.2.0
   Compiling vello_common v0.0.9
   Compiling wayland-csd-frame v0.3.0
   Compiling icu_provider v2.2.0
   Compiling icu_properties v2.2.0
   Compiling icu_normalizer v2.2.0
   Compiling image v0.25.10
   Compiling vello_cpu v0.0.9
   Compiling wayland-protocols v0.32.13
   Compiling calloop-wayland-source v0.4.1
   Compiling wayland-cursor v0.31.14
   Compiling idna_adapter v1.2.2
   Compiling idna v1.1.0
   Compiling url v2.5.8
   Compiling webbrowser v1.2.1
   Compiling half v2.7.1
   Compiling gpu-allocator v0.28.0
   Compiling x11rb v0.13.2
   Compiling skrifa v0.42.1
   Compiling harfrust v0.7.0
   Compiling wayland-protocols-misc v0.3.12
   Compiling wayland-protocols-experimental v20250721.0.1
   Compiling wayland-protocols-wlr v0.3.12
   Compiling arboard v3.6.1
   Compiling epaint v0.35.0
   Compiling smithay-clipboard v0.7.3
   Compiling egui v0.35.0
   Compiling wgpu-naga-bridge v29.0.4
   Compiling egui-winit v0.35.0
   Compiling wgpu-core-deps-windows-linux-android v29.0.4
   Compiling egui-wgpu v0.35.0
   Compiling eframe v0.35.0
   Compiling astravm-app v0.1.0 (/tmp/astra68-k9-0366001/emu/crates/astravm-app)
    Finished `release` profile [optimized] target(s) in 28.63s
make: Leaving directory '/tmp/astra68-k9-0366001/emu'
