ets Jul 29 2019 12:21:46

rst:0x1 (POWERON_RESET),boot:0x37 (SPI_FAST_FLASH_BOOT)
configsip: 0, SPIWP:0xee
clk_drv:0x00,q_drv:0x00,d_drv:0x00,cs0_drv:0x00,hd_drv:0x00,wp_drv:0x00
mode:DIO, clock div:2
load:0x3fff0030,len:6280
load:0x40078000,len:15864
load:0x40080400,len:3920
entry 0x40080644
I (27) boot: ESP-IDF v5.5.4-dirty 2nd stage bootloader
I (27) boot: compile time Jul 24 2026 02:47:09
I (28) boot: Multicore bootloader
I (29) boot: chip revision: v3.1
I (32) boot.esp32: SPI Speed      : 40MHz
I (36) boot.esp32: SPI Mode       : DIO
I (39) boot.esp32: SPI Flash Size : 4MB
I (43) boot: Enabling RNG early entropy source...
I (47) boot: Partition Table:
I (50) boot: ## Label            Usage          Type ST Offset   Length
I (56) boot:  0 nvs              WiFi data        01 02 00009000 00004000
I (63) boot:  1 otadata          OTA data         01 00 0000d000 00002000
I (69) boot:  2 phy_init         RF data          01 01 0000f000 00001000
I (76) boot:  3 factory          factory app      00 00 00010000 00100000
I (82) boot:  4 ota_0            OTA app          00 10 00110000 00100000
I (89) boot:  5 ota_1            OTA app          00 11 00210000 00100000
I (95) boot: End of partition table
I (99) boot: Defaulting to factory image
I (102) esp_image: segment 0: paddr=00010020 vaddr=3f400020 size=15dbch ( 89532) map
I (141) esp_image: segment 1: paddr=00025de4 vaddr=3ffb0000 size=051b8h ( 20920) load
I (149) esp_image: segment 2: paddr=0002afa4 vaddr=40080000 size=05074h ( 20596) load
I (157) esp_image: segment 3: paddr=00030020 vaddr=400d0020 size=22c88h (142472) map
I (206) esp_image: segment 4: paddr=00052cb0 vaddr=40085074 size=0877ch ( 34684) load
I (220) esp_image: segment 5: paddr=0005b434 vaddr=50000000 size=00020h (    32) load
I (227) boot: Loaded app from partition at offset 0x10000
I (227) boot: Disabling RNG early entropy source...
I (240) cpu_start: Multicore app
I (248) cpu_start: GPIO 3 and 1 are used as console UART I/O pins
I (248) cpu_start: Pro cpu start user code
I (248) cpu_start: cpu freq: 160000000 Hz
I (250) app_init: Application information:
I (254) app_init: Project name:     astrahost
I (258) app_init: App version:      0.1.0
I (262) app_init: Compile time:     Jul 24 2026 02:46:56
I (267) app_init: ELF file SHA256:  64ce26b9c...
I (271) app_init: ESP-IDF:          v5.5.4-dirty
I (275) efuse_init: Min chip rev:     v0.0
I (279) efuse_init: Max chip rev:     v3.99 
I (283) efuse_init: Chip rev:         v3.1
I (287) heap_init: Initializing. RAM available for dynamic allocation:
I (293) heap_init: At 3FFAE6E0 len 00001920 (6 KiB): DRAM
I (298) heap_init: At 3FFB5D90 len 0002A270 (168 KiB): DRAM
I (304) heap_init: At 3FFE0440 len 00003AE0 (14 KiB): D/IRAM
I (309) heap_init: At 3FFE4350 len 0001BCB0 (111 KiB): D/IRAM
I (315) heap_init: At 4008D7F0 len 00012810 (74 KiB): IRAM
I (321) spi_flash: detected chip: generic
I (323) spi_flash: flash io: dio
W (326) spi_flash: Detected size(16384k) larger than the size in the binary image header(4096k). Using the size in the binary image header.
I (339) main_task: Started on CPU0
I (342) main_task: Calling app_main()
I (345) AstraHost: AstraHost 0.1 starting
I (348) AstraHost: FPGA communication: SPI only, mode 0 at 20000000 Hz
I (397) sdspi_transaction: cmd=52, R1 response: command not supported
I (599) sdspi_transaction: cmd=5, R1 response: command not supported
I (1542) AstraHost: SD boot partition mounted
Name: SN256
Type: SDHC
Speed: 20.00 MHz (limit: 20.00 MHz)
Size: 244016MB
CSD: ver=2, sector_size=512, capacity=499744768 read_bl_len=9
SSR: bus_width=1
W (1630) AstraHost: native Astra volume unavailable: not a GPT disk
I (48474) AstraHost: updated /sdcard/ASTRA68.ROM: 38460 payload bytes CRC32=d21ef603
W (48727) AstraHost: waiting for FPGA SPI link: ESP_ERR_TIMEOUT
W (49078) AstraHost: waiting for FPGA SPI link: ESP_ERR_TIMEOUT
W (49429) AstraHost: waiting for FPGA SPI link: ESP_ERR_TIMEOUT
W (49780) AstraHost: waiting for FPGA SPI link: ESP_ERR_TIMEOUT
W (50131) AstraHost: waiting for FPGA SPI link: ESP_ERR_TIMEOUT
W (50482) AstraHost: waiting for FPGA SPI link: ESP_ERR_TIMEOUT
W (50833) AstraHost: waiting for FPGA SPI link: ESP_ERR_TIMEOUT
W (51184) AstraHost: waiting for FPGA SPI link: ESP_ERR_TIMEOUT
W (51535) AstraHost: waiting for FPGA SPI link: ESP_ERR_TIMEOUT
W (51886) AstraHost: waiting for FPGA SPI link: ESP_ERR_TIMEOUT
W (52237) AstraHost: waiting for FPGA SPI link: ESP_ERR_TIMEOUT
W (52588) AstraHost: waiting for FPGA SPI link: ESP_ERR_TIMEOUT
W (52939) AstraHost: waiting for FPGA SPI link: ESP_ERR_TIMEOUT
W (53290) AstraHost: waiting for FPGA SPI link: ESP_ERR_TIMEOUT
W (53641) AstraHost: waiting for FPGA SPI link: ESP_ERR_TIMEOUT
W (53992) AstraHost: waiting for FPGA SPI link: ESP_ERR_TIMEOUT
W (54343) AstraHost: waiting for FPGA SPI link: ESP_ERR_TIMEOUT
W (54694) AstraHost: waiting for FPGA SPI link: ESP_ERR_TIMEOUT
W (55045) AstraHost: waiting for FPGA SPI link: ESP_ERR_TIMEOUT
W (55396) AstraHost: waiting for FPGA SPI link: ESP_ERR_TIMEOUT
W (55747) AstraHost: waiting for FPGA SPI link: ESP_ERR_TIMEOUT
W (56098) AstraHost: waiting for FPGA SPI link: ESP_ERR_TIMEOUT
W (56449) AstraHost: waiting for FPGA SPI link: ESP_ERR_TIMEOUT
W (56800) AstraHost: waiting for FPGA SPI link: ESP_ERR_TIMEOUT
W (57151) AstraHost: waiting for FPGA SPI link: ESP_ERR_TIMEOUT
W (57502) AstraHost: waiting for FPGA SPI link: ESP_ERR_TIMEOUT
W (57853) AstraHost: waiting for FPGA SPI link: ESP_ERR_TIMEOUT
W (58204) AstraHost: waiting for FPGA SPI link: ESP_ERR_TIMEOUT
W (58555) AstraHost: waiting for FPGA SPI link: ESP_ERR_TIMEOUT
W (58906) AstraHost: waiting for FPGA SPI link: ESP_ERR_TIMEOUT
W (59257) AstraHost: waiting for FPGA SPI link: ESP_ERR_TIMEOUT
W (59608) AstraHost: waiting for FPGA SPI link: ESP_ERR_TIMEOUT
W (59959) AstraHost: waiting for FPGA SPI link: ESP_ERR_TIMEOUT
W (60310) AstraHost: waiting for FPGA SPI link: ESP_ERR_TIMEOUT
W (60661) AstraHost: waiting for FPGA SPI link: ESP_ERR_TIMEOUT
W (61012) AstraHost: waiting for FPGA SPI link: ESP_ERR_TIMEOUT
W (61363) AstraHost: waiting for FPGA SPI link: ESP_ERR_TIMEOUT
W (61714) AstraHost: waiting for FPGA SPI link: ESP_ERR_TIMEOUT
W (62065) AstraHost: waiting for FPGA SPI link: ESP_ERR_TIMEOUT
W (62416) AstraHost: waiting for FPGA SPI link: ESP_ERR_TIMEOUT
W (62767) AstraHost: waiting for FPGA SPI link: ESP_ERR_TIMEOUT
W (63118) AstraHost: waiting for FPGA SPI link: ESP_ERR_TIMEOUT
W (63469) AstraHost: waiting for FPGA SPI link: ESP_ERR_TIMEOUT
W (63820) AstraHost: waiting for FPGA SPI link: ESP_ERR_TIMEOUT
W (64171) AstraHost: waiting for FPGA SPI link: ESP_ERR_TIMEOUT
W (64522) AstraHost: waiting for FPGA SPI link: ESP_ERR_TIMEOUT
W (64873) AstraHost: waiting for FPGA SPI link: ESP_ERR_TIMEOUT
W (65224) AstraHost: waiting for FPGA SPI link: ESP_ERR_TIMEOUT
W (65575) AstraHost: waiting for FPGA SPI link: ESP_ERR_TIMEOUT
W (65926) AstraHost: waiting for FPGA SPI link: ESP_ERR_TIMEOUT
W (66277) AstraHost: waiting for FPGA SPI link: ESP_ERR_TIMEOUT
W (66628) AstraHost: waiting for FPGA SPI link: ESP_ERR_TIMEOUT
W (66979) AstraHost: waiting for FPGA SPI link: ESP_ERR_TIMEOUT
W (67330) AstraHost: waiting for FPGA SPI link: ESP_ERR_TIMEOUT
W (67681) AstraHost: waiting for FPGA SPI link: ESP_ERR_TIMEOUT
W (68032) AstraHost: waiting for FPGA SPI link: ESP_ERR_TIMEOUT
W (68383) AstraHost: waiting for FPGA SPI link: ESP_ERR_TIMEOUT
W (68734) AstraHost: waiting for FPGA SPI link: ESP_ERR_TIMEOUT
W (69085) AstraHost: waiting for FPGA SPI link: ESP_ERR_TIMEOUT
W (69436) AstraHost: waiting for FPGA SPI link: ESP_ERR_TIMEOUT
W (69787) AstraHost: waiting for FPGA SPI link: ESP_ERR_TIMEOUT
W (70138) AstraHost: waiting for FPGA SPI link: ESP_ERR_TIMEOUT
W (70489) AstraHost: waiting for FPGA SPI link: ESP_ERR_TIMEOUT
W (70840) AstraHost: waiting for FPGA SPI link: ESP_ERR_TIMEOUT
W (71191) AstraHost: waiting for FPGA SPI link: ESP_ERR_TIMEOUT
W (71542) AstraHost: waiting for FPGA SPI link: ESP_ERR_TIMEOUT
W (71893) AstraHost: waiting for FPGA SPI link: ESP_ERR_TIMEOUT
W (72244) AstraHost: waiting for FPGA SPI link: ESP_ERR_TIMEOUT
W (72595) AstraHost: waiting for FPGA SPI link: ESP_ERR_TIMEOUT
W (72946) AstraHost: waiting for FPGA SPI link: ESP_ERR_TIMEOUT
W (73297) AstraHost: waiting for FPGA SPI link: ESP_ERR_TIMEOUT
W (73648) AstraHost: waiting for FPGA SPI link: ESP_ERR_TIMEOUT
W (73999) AstraHost: waiting for FPGA SPI link: ESP_ERR_TIMEOUT
W (74350) AstraHost: waiting for FPGA SPI link: ESP_ERR_TIMEOUT
W (74701) AstraHost: waiting for FPGA SPI link: ESP_ERR_TIMEOUT
W (75052) AstraHost: waiting for FPGA SPI link: ESP_ERR_TIMEOUT
W (75403) AstraHost: waiting for FPGA SPI link: ESP_ERR_TIMEOUT
W (75754) AstraHost: waiting for FPGA SPI link: ESP_ERR_TIMEOUT
W (76105) AstraHost: waiting for FPGA SPI link: ESP_ERR_TIMEOUT
W (76456) AstraHost: waiting for FPGA SPI link: ESP_ERR_TIMEOUT
W (76807) AstraHost: waiting for FPGA SPI link: ESP_ERR_TIMEOUT
W (77158) AstraHost: waiting for FPGA SPI link: ESP_ERR_TIMEOUT
W (77509) AstraHost: waiting for FPGA SPI link: ESP_ERR_TIMEOUT
W (77860) AstraHost: waiting for FPGA SPI link: ESP_ERR_TIMEOUT
W (78211) AstraHost: waiting for FPGA SPI link: ESP_ERR_TIMEOUT
W (78562) AstraHost: waiting for FPGA SPI link: ESP_ERR_TIMEOUT
W (78913) AstraHost: waiting for FPGA SPI link: ESP_ERR_TIMEOUT
W (79264) AstraHost: waiting for FPGA SPI link: ESP_ERR_TIMEOUT
W (79615) AstraHost: waiting for FPGA SPI link: ESP_ERR_TIMEOUT
W (79966) AstraHost: waiting for FPGA SPI link: ESP_ERR_TIMEOUT
W (80317) AstraHost: waiting for FPGA SPI link: ESP_ERR_TIMEOUT
W (80668) AstraHost: waiting for FPGA SPI link: ESP_ERR_TIMEOUT
W (81019) AstraHost: waiting for FPGA SPI link: ESP_ERR_TIMEOUT
W (81370) AstraHost: waiting for FPGA SPI link: ESP_ERR_TIMEOUT
W (81721) AstraHost: waiting for FPGA SPI link: ESP_ERR_TIMEOUT
W (82072) AstraHost: waiting for FPGA SPI link: ESP_ERR_TIMEOUT
W (82423) AstraHost: waiting for FPGA SPI link: ESP_ERR_TIMEOUT
W (82774) AstraHost: waiting for FPGA SPI link: ESP_ERR_TIMEOUT
W (83125) AstraHost: waiting for FPGA SPI link: ESP_ERR_TIMEOUT
W (83476) AstraHost: waiting for FPGA SPI link: ESP_ERR_TIMEOUT
W (83827) AstraHost: waiting for FPGA SPI link: ESP_ERR_TIMEOUT
W (84178) AstraHost: waiting for FPGA SPI link: ESP_ERR_TIMEOUT
W (84529) AstraHost: waiting for FPGA SPI link: ESP_ERR_TIMEOUT
W (84880) AstraHost: waiting for FPGA SPI link: ESP_ERR_TIMEOUT
W (85231) AstraHost: waiting for FPGA SPI link: ESP_ERR_TIMEOUT
W (85582) AstraHost: waiting for FPGA SPI link: ESP_ERR_TIMEOUT
W (85933) AstraHost: waiting for FPGA SPI link: ESP_ERR_TIMEOUT
W (86284) AstraHost: waiting for FPGA SPI link: ESP_ERR_TIMEOUT
W (86635) AstraHost: waiting for FPGA SPI link: ESP_ERR_TIMEOUT
W (86986) AstraHost: waiting for FPGA SPI link: ESP_ERR_TIMEOUT
W (87337) AstraHost: waiting for FPGA SPI link: ESP_ERR_TIMEOUT
W (87688) AstraHost: waiting for FPGA SPI link: ESP_ERR_TIMEOUT
W (88039) AstraHost: waiting for FPGA SPI link: ESP_ERR_TIMEOUT
W (88390) AstraHost: waiting for FPGA SPI link: ESP_ERR_TIMEOUT
W (88741) AstraHost: waiting for FPGA SPI link: ESP_ERR_TIMEOUT
W (89092) AstraHost: waiting for FPGA SPI link: ESP_ERR_TIMEOUT
W (89443) AstraHost: waiting for FPGA SPI link: ESP_ERR_TIMEOUT
W (89794) AstraHost: waiting for FPGA SPI link: ESP_ERR_TIMEOUT
