OK
AstraHost ROM ..... OK
ROM CRC32 ........ 0xD21EF603
Starting system ROM
ASTRA 68 SYSTEM ROM v0.3
Built: 2026-07-24T02:32:35Z  Git: e108a3711befa08a309f068939dff226a21c869c

Vesta:  v1.0
CPU:    TG68K.C 68030 MMU2 @ 12500000 Hz
MMU:    integrated 68030 PMMU
RAM:    32 MiB @ 0x02000000
ROM:    256 KiB @ 0xFFE00000
BUILD:  0x25D9CB8E
Chips:  VSTA v1.0, ASTR v1.0, VEGA v1.0, OHCI v1.0
NVRAM:  not present; defaults active

POST
  SDRAM init ........ OK
  Front panel ....... OK
  Data/byte lanes .... OK
  Address lines ...... OK
  Cache coherence .... OK
  CPU BRAM cycles (256 bytes payload)
    8-bit  write=3898 read=4660
    16-bit write=1719 read=2103
    32-bit write=1143 read=1074
  CPU memory cycles (16384 bytes payload)
    8-bit  write=147513 read=189743
      write dmiss=0 rdreq=29 wrreq=16384 wait=88 lhit=16 lmiss=5 post=16384
      read  dmiss=1024 rdreq=1040 wrreq=0 wait=9569 lhit=15 lmiss=1033 post=0
      hot read=189740
    16-bit write=73765 read=99807
      write dmiss=0 rdreq=20 wrreq=8192 wait=84 lhit=14 lmiss=5 post=8192
      read  dmiss=1024 rdreq=1041 wrreq=0 wait=9736 lhit=18 lmiss=1030 post=0
      hot read=99846
    32-bit write=45092 read=49946
      write dmiss=0 rdreq=20 wrreq=4096 wait=62 lhit=12 lmiss=3 post=4096
      read  dmiss=1024 rdreq=1039 wrreq=0 wait=9022 lhit=15 lmiss=1031 post=0
      hot read=49944
  Astraea DMA (64 KiB)
    fill=9330 copy=21646
  Full-range BIST ... [stage0] OK

POST PASS
  Kernel image ...... OK
Starting Astra kernel
ASTRA 68 KERNEL v0.1.0-dev
Built: 2026-07-24T02:32:35Z
Git:   e108a3711befa08a309f068939dff226a21c869c

BootInfo ........... OK
Early log .......... OK @ 0x02000000
VBR ................ OK @ 0x02010400
Kernel image ....... 27048 bytes @ 0x02010000
CPU ................ MC68030 @ 12500000 Hz
PMMU ............... enabled, SRP 0x02004000
Physical pages ..... 7992 free / 8192 total
User copy .......... OK, fault recovery verified
Kernel worker ...... OK, guarded MSP
Vesta timer ........ OK @ 100 Hz
AstraHost runtime ... OK, media not provisioned
Input queue ......... OK
User processes ...... 2 ready, cache isolation armed

User tasks .......... OK, 100 Hz preemption
Fault containment ... OK, offender reaped
Context switches .... 3

K1 PROTECTED ENTRY PASS
POST capture elapsed=1.987s events=[(1.1632144255563617, 'R'), (1.164018850773573, '.'), (1.164054187014699, '.'), (1.1640762072056532, '.'), (1.1640946827828884, '.'), (1.1641127681359649, '.'), (1.3916095672175288, 'R'), (1.3917877404019237, 'R'), (1.3924588337540627, '.'), (1.392496345564723, '.'), (1.3925320683047175, '.'), (1.392623471096158, '.'), (1.3926595421507955, '.'), (1.3926951503381133, '.'), (1.3927313480526209, '.'), (1.3927665129303932, '.'), (1.3960515344515443, 'R'), (1.3995526060461998, 'R'), (1.4005639590322971, 'R'), (1.401412014849484, '.'), (1.4094338826835155, '.'), (1.4106626342982054, '.'), (1.4158437456935644, 'R'), (1.4185337293893099, 'R'), (1.4239236861467361, '.'), (1.424729079939425, 'R'), (1.4249764159321785, '.'), (1.4259084397926927, '.'), (1.4268604274839163, '.'), (1.4275626968592405, 'R'), (1.4316352382302284, 'R'), (1.4325380129739642, '.'), (1.4325880147516727, '.'), (1.4326433893293142, '.'), (1.4326933324337006, '.'), (1.4327430743724108, '.'), (1.432792349718511, '.'), (1.4328528782352805, '.'), (1.432902393862605, '.'), (1.4360288670286536, '.'), (1.4363672127947211, '.'), (1.4364373944699764, '.'), (1.4364905264228582, '.'), (1.4365416606888175, '.'), (1.4367266511544585, '.'), (1.436782630160451, '.'), (1.4385770056396723, '.'), (1.4386319825425744, '.'), (1.4386839410290122, '.'), (1.4387337137013674, '.'), (1.441357827745378, '.'), (1.441420336253941, '.'), (1.4414753150194883, '.'), (1.4415280129760504, '.'), (1.441579420119524, '.'), (1.4416299629956484, '.'), (1.4445313354954123, '.'), (1.4445838769897819, '.'), (1.4446362471207976, '.'), (1.4446876179426908, '.'), (1.4458519220352173, 'R'), (1.6270815962925553, '.'), (1.6271525770425797, '.'), (1.6272203819826245, '.'), (1.629246424883604, ']'), (1.6325698932632804, '.'), (1.6326394500210881, '.'), (1.6327191572636366, '.'), (1.6327886255457997, '.'), (1.6328662978485227, '.'), (1.632933197543025, '.'), (1.709307812154293, 'R'), (1.7102878475561738, 'R'), (1.711035150103271, '.'), (1.7111737318336964, '.'), (1.7898265831172466, '.'), (1.7898670928552747, '.'), (1.7899062363430858, '.'), (1.789952965453267, '.'), (1.789991481229663, '.'), (1.790028684772551, '.'), (1.790065378881991, '.'), (1.7901016352698207, '.'), (1.7901372872292995, '.'), (1.7901734374463558, '.'), (1.7902094135060906, '.'), (1.7919932939112186, '.'), (1.792037726379931, '.'), (1.7920778272673488, '.'), (1.7921152813360095, '.'), (1.7921523116528988, '.'), (1.792189328931272, '.'), (1.79222550150007, '.'), (1.79226269479841, '.'), (1.7922995956614614, '.'), (1.792336537502706, '.'), (1.7945147454738617, 'R'), (1.794662264175713, '.'), (1.7949542310088873, '.'), (1.7950421897694468, '.'), (1.7951357550919056, '.'), (1.7952497638761997, '.'), (1.795359737239778, '.'), (1.795468905940652, '.'), (1.7955775670707226, '.'), (1.7956861620768905, '.'), (1.7958680279552937, '.'), (1.7959305047988892, '.'), (1.795969939790666, '.'), (1.796008488163352, '.'), (1.7960458220914006, '.'), (1.7960822004824877, '.'), (1.796118558384478, '.'), (1.799053712747991, '.'), (1.799120674841106, '.'), (1.799185792915523, '.'), (1.799254666082561, '.'), (1.7993197161704302, '.'), (1.7993864743039012, '.'), (1.7994509441778064, '.'), (1.8023595968261361, '.'), (1.802425560541451, '.'), (1.8024901254102588, '.'), (1.8025545524433255, '.'), (1.8026226740330458, '.'), (1.8029330363497138, '.'), (1.8030064683407545, '.'), (1.8030762877315283, '.'), (1.8031456749886274, '.'), (1.8032138012349606, '.'), (1.80328263156116, '.'), (1.8033514507114887, '.'), (1.8034156151115894, '.'), (1.8034800933673978, '.'), (1.8035492757335305, '.'), (1.8036146694794297, '.'), (1.806420878507197, '.'), (1.8064874643459916, '.'), (1.8065553708001971, '.'), (1.8066217880696058, '.'), (1.8069031639024615, '.'), (1.8069836599752307, '.'), (1.8070510299876332, '.'), (1.8071209834888577, '.'), (1.8071869648993015, '.'), (1.8072535004466772, '.'), (1.8073194054886699, '.'), (1.8073889007791877, '.'), (1.8074579844251275, '.'), (1.8075252920389175, '.'), (1.8075966211035848, '.'), (1.809006524272263, 'R'), (1.8114277608692646, '.'), (1.8114924533292651, '.'), (1.811555647291243, '.'), (1.8116192612797022, '.'), (1.8119501862674952, '.'), (1.8153029549866915, '.'), (1.815342073328793, '.'), (1.8153796680271626, '.'), (1.8154166182503104, '.'), (1.8154743947088718, '.'), (1.8155877953395247, '.'), (1.8156998930498958, '.'), (1.815933451987803, '.'), (1.815979246981442, '.'), (1.8160180253908038, '.'), (1.8201523665338755, '.'), (1.8202796271070838, '.'), (1.820363494567573, '.'), (1.8205001205205917, '.'), (1.8206201028078794, '.'), (1.8207386499270797, '.'), (1.843319384381175, '.'), (1.8433583304286003, '.'), (1.8433970008045435, '.'), (1.8434348599985242, '.'), (1.8434721091762185, '.'), (1.843509105965495, '.'), (1.843990826047957, '.'), (1.844091970473528, '.'), (1.8472326034680009, '.'), (1.8472729558125138, '.'), (1.847311744466424, '.'), (1.8516742596402764, '.'), (1.8517155656591058, '.'), (1.8517555333673954, '.'), (1.8518196092918515, '.'), (1.8518836358562112, '.'), (1.8519261749461293, '.'), (1.8519984669983387, '.'), (1.8520916542038321, '.'), (1.85217538010329, '.'), (1.9205358009785414, '.'), (1.9205726850777864, '.'), (1.9211790934205055, '.'), (1.9212362179532647, '.'), (1.9213533122092485, '.'), (1.921472660265863, '.'), (1.975451503880322, '.'), (1.9754890678450465, '.'), (1.9755686754360795, '.'), (1.9756086468696594, '.'), (1.975645873695612, '.'), (1.9756829421967268, '.'), (1.9762348588556051, '.'), (1.9762926707044244, '.'), (1.976336371153593, '.'), (1.9763759700581431, '.'), (1.9803090170025826, '.'), (1.980405700393021, '.'), (1.9804653506726027, '.'), (1.9841832304373384, '.'), (1.9842992536723614, '.'), (1.9844146510586143, '.'), (1.984529827721417, '.'), (1.9852051949128509, 'R'), (1.9862591782584786, 'R')]
CPU memory 8-bit: write=52.540 MB/s read=43.948 MB/s
CPU memory 16-bit: write=119.139 MB/s read=97.385 MB/s
CPU memory 32-bit: write=179.178 MB/s read=190.689 MB/s
CPU memory 8-bit: write=1.388 MB/s read=1.079 MB/s
CPU memory 16-bit: write=2.776 MB/s read=2.052 MB/s
CPU memory 32-bit: write=4.542 MB/s read=4.100 MB/s
Astraea DMA: fill=87.803 MB/s copy=37.845 MB/s
