OK
AstraHost ROM ..... OK
ROM CRC32 ........ 0xD21EF603
Starting system ROM
ASTRA 68 SYSTEM ROM v0.3
Built: 2026-07-24T02:32:35Z  Git: e108a3711befa08a309f068939dff226a21c869c

Vesta:  v1.0
CPU:    TG68K.C 68030 MMU2 @ 12500000 Hz
MMU:    integrated 68030 PMMU
RAM:    32 MiB @ 0x02000000
ROM:    256 KiB @ 0xFFE00000
BUILD:  0x25D9CB8E
Chips:  VSTA v1.0, ASTR v1.0, VEGA v1.0, OHCI v1.0
NVRAM:  not present; defaults active

POST
  SDRAM init ........ OK
  Front panel ....... OK
  Data/byte lanes .... OK
  Address lines ...... OK
  Cache coherence .... OK
  CPU BRAM cycles (256 bytes payload)
    8-bit  write=3898 read=4660
    16-bit write=1719 read=2103
    32-bit write=1143 read=1074
  CPU memory cycles (16384 bytes payload)
    8-bit  write=147513 read=189743
      write dmiss=0 rdreq=29 wrreq=16384 wait=88 lhit=16 lmiss=5 post=16384
      read  dmiss=1024 rdreq=1040 wrreq=0 wait=9569 lhit=15 lmiss=1033 post=0
      hot read=189740
    16-bit write=73765 read=99807
      write dmiss=0 rdreq=20 wrreq=8192 wait=84 lhit=14 lmiss=5 post=8192
      read  dmiss=1024 rdreq=1041 wrreq=0 wait=9736 lhit=18 lmiss=1030 post=0
      hot read=99846
    32-bit write=45092 read=49946
      write dmiss=0 rdreq=20 wrreq=4096 wait=62 lhit=12 lmiss=3 post=4096
      read  dmiss=1024 rdreq=1039 wrreq=0 wait=9022 lhit=15 lmiss=1031 post=0
      hot read=49944
  Astraea DMA (64 KiB)
    fill=9330 copy=21646
  Full-range BIST ... [stage0] OK

POST PASS
  Kernel image ...... OK
Starting Astra kernel
ASTRA 68 KERNEL v0.1.0-dev
Built: 2026-07-24T02:32:35Z
Git:   e108a3711befa08a309f068939dff226a21c869c

BootInfo ........... OK
Early log .......... OK @ 0x02000000
VBR ................ OK @ 0x02010400
Kernel image ....... 27048 bytes @ 0x02010000
CPU ................ MC68030 @ 12500000 Hz
PMMU ............... enabled, SRP 0x02004000
Physical pages ..... 7992 free / 8192 total
User copy .......... OK, fault recovery verified
Kernel worker ...... OK, guarded MSP
Vesta timer ........ OK @ 100 Hz
AstraHost runtime ... OK, media not provisioned
Input queue ......... OK
User processes ...... 2 ready, cache isolation armed

User tasks .......... OK, 100 Hz preemption
Fault containment ... OK, offender reaped
Context switches .... 3

K1 PROTECTED ENTRY PASS
POST capture elapsed=1.984s events=[(1.1625750893726945, 'R'), (1.1626493968069553, '.'), (1.1634127330034971, '.'), (1.1634380538016558, '.'), (1.1634614886716008, '.'), (1.1634814506396651, '.'), (1.388886347413063, 'R'), (1.3890361096709967, 'R'), (1.3897155430167913, '.'), (1.3897469276562333, '.'), (1.3897855393588543, '.'), (1.389815873466432, '.'), (1.3898602491244674, '.'), (1.389890710823238, '.'), (1.389963824301958, '.'), (1.3899961039423943, '.'), (1.3929096488282084, 'R'), (1.3967837719246745, 'R'), (1.3978146286681294, 'R'), (1.3986217202618718, '.'), (1.406690277159214, '.'), (1.40792319457978, '.'), (1.4130826434120536, 'R'), (1.4158576857298613, 'R'), (1.421008444391191, '.'), (1.4219068000093102, 'R'), (1.4220318105071783, '.'), (1.4229275733232498, '.'), (1.4241051031276584, '.'), (1.424858114682138, 'R'), (1.4288336634635925, 'R'), (1.4298155596479774, '.'), (1.4298427114263177, '.'), (1.429867960512638, '.'), (1.4298917660489678, '.'), (1.4299151580780745, '.'), (1.4299383480101824, '.'), (1.4299613162875175, '.'), (1.4299839409068227, '.'), (1.43192745372653, '.'), (1.431951116770506, '.'), (1.4319744296371937, '.'), (1.431997667066753, '.'), (1.4326847614720464, '.'), (1.4327547159045935, '.'), (1.4328057523816824, '.'), (1.4350445149466395, '.'), (1.4350680047646165, '.'), (1.4350910615175962, '.'), (1.4351139571517706, '.'), (1.4377868827432394, '.'), (1.4378131106495857, '.'), (1.4378510592505336, '.'), (1.4378760941326618, '.'), (1.4379003625363111, '.'), (1.4379243524745107, '.'), (1.4417492663487792, '.'), (1.4417828861624002, '.'), (1.4418076407164335, '.'), (1.4418315486982465, '.'), (1.4429161977022886, 'R'), (1.6001024404540658, '.'), (1.60013391636312, '.'), (1.6001646518707275, '.'), (1.601075403392315, ']'), (1.6044659223407507, '.'), (1.6045228969305754, '.'), (1.6045819530263543, '.'), (1.604912488721311, '.'), (1.6049799425527453, '.'), (1.6050393721088767, '.'), (1.7064251070842147, 'R'), (1.7073367247357965, 'R'), (1.7082378044724464, '.'), (1.7083734832704067, '.'), (1.786826903000474, '.'), (1.7868893137201667, '.'), (1.786953522823751, '.'), (1.7870321655645967, '.'), (1.7870933003723621, '.'), (1.7871558694168925, '.'), (1.7872847178950906, '.'), (1.7873500864952803, '.'), (1.7874585445970297, '.'), (1.7875245455652475, '.'), (1.7875852258875966, '.'), (1.7890257760882378, '.'), (1.7890882333740592, '.'), (1.7891557607799768, '.'), (1.7892192928120494, '.'), (1.7892803885042667, '.'), (1.7893530204892159, '.'), (1.7894151965156198, '.'), (1.789476121775806, '.'), (1.7895993804559112, '.'), (1.7896636072546244, '.'), (1.792838454246521, 'R'), (1.7931013610213995, '.'), (1.7932062977924943, '.'), (1.7933127461001277, '.'), (1.793444698676467, '.'), (1.7935464940965176, '.'), (1.7936485968530178, '.'), (1.793750380165875, '.'), (1.7938726665452123, '.'), (1.7939898436889052, '.'), (1.7940920861437917, '.'), (1.794197310693562, '.'), (1.7943060817196965, '.'), (1.7943899370729923, '.'), (1.7944518020376563, '.'), (1.7945163305848837, '.'), (1.7945771683007479, '.'), (1.796934043057263, '.'), (1.7970105353742838, '.'), (1.7970670573413372, '.'), (1.7971546994522214, '.'), (1.7972387252375484, '.'), (1.7973435306921601, '.'), (1.7974215690046549, '.'), (1.8003708850592375, '.'), (1.8004492903128266, '.'), (1.8005204917863011, '.'), (1.8005895894020796, '.'), (1.800654610618949, '.'), (1.800720814615488, '.'), (1.8007959993556142, '.'), (1.8008641730993986, '.'), (1.8009365824982524, '.'), (1.8010157234966755, '.'), (1.801086618565023, '.'), (1.8011702299118042, '.'), (1.8012405382469296, '.'), (1.8013109182938933, '.'), (1.8013800401240587, '.'), (1.801448442041874, '.'), (1.8039684314280748, '.'), (1.804094348102808, '.'), (1.804219021461904, '.'), (1.8043347178027034, '.'), (1.804456259123981, '.'), (1.804579658433795, '.'), (1.8046729359775782, '.'), (1.8047921359539032, '.'), (1.8048805315047503, '.'), (1.804999964311719, '.'), (1.8051140997558832, '.'), (1.8052272647619247, '.'), (1.8053209399804473, '.'), (1.8054492101073265, '.'), (1.8055581841617823, '.'), (1.8068703478202224, 'R'), (1.809983629733324, '.'), (1.8100739028304815, '.'), (1.8101532133296132, '.'), (1.810227457433939, '.'), (1.8103004144504666, '.'), (1.8144192080944777, '.'), (1.8145455624908209, '.'), (1.8146818606182933, '.'), (1.814790896140039, '.'), (1.81483487598598, '.'), (1.8148756297305226, '.'), (1.8149159206077456, '.'), (1.814972396939993, '.'), (1.8150557624176145, '.'), (1.81517771538347, '.'), (1.820422848686576, '.'), (1.8205537060275674, '.'), (1.8206949047744274, '.'), (1.820849279873073, '.'), (1.820941916666925, '.'), (1.821057016029954, '.'), (1.8408158514648676, '.'), (1.840959352441132, '.'), (1.8411114756017923, '.'), (1.8412311738356948, '.'), (1.8413120340555906, '.'), (1.8414547741413116, '.'), (1.8415759867057204, '.'), (1.8417066531255841, '.'), (1.8459403431043029, '.'), (1.846082491800189, '.'), (1.8462238758802414, '.'), (1.8504943801090121, '.'), (1.8505374705418944, '.'), (1.8505799490958452, '.'), (1.8506219247356057, '.'), (1.8506641807034612, '.'), (1.8507066443562508, '.'), (1.8507488137111068, '.'), (1.8508743662387133, '.'), (1.8509667487815022, '.'), (1.91755027230829, '.'), (1.9175883019343019, '.'), (1.9181947512552142, '.'), (1.9182536778971553, '.'), (1.918298576027155, '.'), (1.9183397274464369, '.'), (1.972492222674191, '.'), (1.972531858831644, '.'), (1.972571449354291, '.'), (1.9726094119250774, '.'), (1.9726471276953816, '.'), (1.9726849207654595, '.'), (1.9732528254389763, '.'), (1.9733125688508153, '.'), (1.9733576057478786, '.'), (1.9733987795189023, '.'), (1.9773725317791104, '.'), (1.9774960223585367, '.'), (1.9776168363168836, '.'), (1.980937953107059, '.'), (1.9809784088283777, '.'), (1.9812763836234808, '.'), (1.9814176484942436, '.'), (1.9818344796076417, 'R'), (1.9832657044753432, 'R')]
CPU memory 8-bit: write=52.540 MB/s read=43.948 MB/s
CPU memory 16-bit: write=119.139 MB/s read=97.385 MB/s
CPU memory 32-bit: write=179.178 MB/s read=190.689 MB/s
CPU memory 8-bit: write=1.388 MB/s read=1.079 MB/s
CPU memory 16-bit: write=2.776 MB/s read=2.052 MB/s
CPU memory 32-bit: write=4.542 MB/s read=4.100 MB/s
Astraea DMA: fill=87.803 MB/s copy=37.845 MB/s
