OK
AstraHost ROM ..... OK
ROM CRC32 ........ 0xD21EF603
Starting system ROM
ASTRA 68 SYSTEM ROM v0.3
Built: 2026-07-24T02:32:35Z  Git: e108a3711befa08a309f068939dff226a21c869c

Vesta:  v1.0
CPU:    TG68K.C 68030 MMU2 @ 12500000 Hz
MMU:    integrated 68030 PMMU
RAM:    32 MiB @ 0x02000000
ROM:    256 KiB @ 0xFFE00000
BUILD:  0x25D9CB8E
Chips:  VSTA v1.0, ASTR v1.0, VEGA v1.0, OHCI v1.0
NVRAM:  not present; defaults active

POST
  SDRAM init ........ OK
  Front panel ....... OK
  Data/byte lanes .... OK
  Address lines ...... OK
  Cache coherence .... OK
  CPU BRAM cycles (256 bytes payload)
    8-bit  write=3898 read=4660
    16-bit write=1719 read=2103
    32-bit write=1143 read=1074
  CPU memory cycles (16384 bytes payload)
    8-bit  write=147513 read=189743
      write dmiss=0 rdreq=29 wrreq=16384 wait=88 lhit=16 lmiss=5 post=16384
      read  dmiss=1024 rdreq=1040 wrreq=0 wait=9569 lhit=15 lmiss=1033 post=0
      hot read=189740
    16-bit write=73765 read=99807
      write dmiss=0 rdreq=20 wrreq=8192 wait=84 lhit=14 lmiss=5 post=8192
      read  dmiss=1024 rdreq=1041 wrreq=0 wait=9736 lhit=18 lmiss=1030 post=0
      hot read=99846
    32-bit write=45092 read=49946
      write dmiss=0 rdreq=20 wrreq=4096 wait=62 lhit=12 lmiss=3 post=4096
      read  dmiss=1024 rdreq=1039 wrreq=0 wait=9022 lhit=15 lmiss=1031 post=0
      hot read=49944
  Astraea DMA (64 KiB)
    fill=9330 copy=21646
  Full-range BIST ... [stage0] OK

POST PASS
  Kernel image ...... OK
Starting Astra kernel
ASTRA 68 KERNEL v0.1.0-dev
Built: 2026-07-24T02:32:35Z
Git:   e108a3711befa08a309f068939dff226a21c869c

BootInfo ........... OK
Early log .......... OK @ 0x02000000
VBR ................ OK @ 0x02010400
Kernel image ....... 27048 bytes @ 0x02010000
CPU ................ MC68030 @ 12500000 Hz
PMMU ............... enabled, SRP 0x02004000
Physical pages ..... 7992 free / 8192 total
User copy .......... OK, fault recovery verified
Kernel worker ...... OK, guarded MSP
Vesta timer ........ OK @ 100 Hz
AstraHost runtime ... OK, media not provisioned
Input queue ......... OK
User processes ...... 2 ready, cache isolation armed

User tasks .......... OK, 100 Hz preemption
Fault containment ... OK, offender reaped
Context switches .... 3

K1 PROTECTED ENTRY PASS
POST capture elapsed=2.008s events=[(1.170834687538445, 'R'), (1.1717120865359902, '.'), (1.1717321379110217, '.'), (1.1717509347945452, '.'), (1.17176903039217, '.'), (1.171787865459919, '.'), (1.4119416801258922, 'R'), (1.4120543217286468, 'R'), (1.4128299532458186, '.'), (1.4128740597516298, '.'), (1.4129436444491148, '.'), (1.4129877127707005, '.'), (1.413030257448554, '.'), (1.4130760934203863, '.'), (1.4131094384938478, '.'), (1.4131333157420158, '.'), (1.416024330072105, 'R'), (1.4198565986007452, 'R'), (1.4210140267387033, 'R'), (1.4211520263925195, '.'), (1.4298672331497073, '.'), (1.4309596829116344, '.'), (1.4361085360869765, 'R'), (1.4389989348128438, 'R'), (1.444459542632103, '.'), (1.44515526201576, 'R'), (1.445271617732942, '.'), (1.4464681195095181, '.'), (1.4473394118249416, '.'), (1.4479381265118718, 'R'), (1.452062557451427, 'R'), (1.4530113181099296, '.'), (1.453043601475656, '.'), (1.4530804064124823, '.'), (1.4531116485595703, '.'), (1.4531419435516, '.'), (1.4531716611236334, '.'), (1.4532013908028603, '.'), (1.4532360630109906, '.'), (1.4551151329651475, '.'), (1.4551457604393363, '.'), (1.45517601352185, '.'), (1.4552055317908525, '.'), (1.455234738998115, '.'), (1.4557689549401402, '.'), (1.4558576354756951, '.'), (1.458071150816977, '.'), (1.4581011105328798, '.'), (1.4581306856125593, '.'), (1.4581600679084659, '.'), (1.4609655672684312, '.'), (1.4610462160781026, '.'), (1.4610844952985644, '.'), (1.4611170021817088, '.'), (1.461148239672184, '.'), (1.4611785905435681, '.'), (1.4648720053955913, '.'), (1.4649569541215897, '.'), (1.4649921702221036, '.'), (1.4650239814072847, '.'), (1.46613787766546, 'R'), (1.623962614685297, '.'), (1.6240778928622603, '.'), (1.6241861348971725, '.'), (1.6251716511324048, ']'), (1.6276155216619372, '.'), (1.6276534609496593, '.'), (1.6276905769482255, '.'), (1.6277281502261758, '.'), (1.6279926327988505, '.'), (1.6280398005619645, '.'), (1.7292282544076443, 'R'), (1.730612670071423, 'R'), (1.731243271380663, '.'), (1.7314651841297746, '.'), (1.8094854578375816, '.'), (1.8095259359106421, '.'), (1.8095669858157635, '.'), (1.8101421166211367, '.'), (1.8102063396945596, '.'), (1.810253937728703, '.'), (1.8102973895147443, '.'), (1.8103391686454415, '.'), (1.8103801710531116, '.'), (1.8104210942983627, '.'), (1.8104611970484257, '.'), (1.8121232828125358, '.'), (1.8121884483844042, '.'), (1.8122366666793823, '.'), (1.8122800821438432, '.'), (1.8123215092346072, '.'), (1.8123618206009269, '.'), (1.8124018786475062, '.'), (1.8124421564862132, '.'), (1.8124824399128556, '.'), (1.8125224094837904, '.'), (1.814482701011002, 'R'), (1.814571151509881, '.'), (1.815114808268845, '.'), (1.8151621771976352, '.'), (1.8152024308219552, '.'), (1.8152468483895063, '.'), (1.8152866996824741, '.'), (1.8153262054547668, '.'), (1.8153657633811235, '.'), (1.8154048826545477, '.'), (1.8154439879581332, '.'), (1.8154831379652023, '.'), (1.8155221156775951, '.'), (1.81615643016994, '.'), (1.8162219291552901, '.'), (1.8162700282409787, '.'), (1.816313974559307, '.'), (1.8192339409142733, '.'), (1.8193552792072296, '.'), (1.8194740656763315, '.'), (1.819591924548149, '.'), (1.8196362517774105, '.'), (1.8196773324161768, '.'), (1.8197174137458205, '.'), (1.8224510597065091, '.'), (1.8224920751526952, '.'), (1.8225320922210813, '.'), (1.8225717106834054, '.'), (1.8226325558498502, '.'), (1.8231635931879282, '.'), (1.8232292290776968, '.'), (1.8232782250270247, '.'), (1.8233227068558335, '.'), (1.8233657255768776, '.'), (1.8234070595353842, '.'), (1.8234478440135717, '.'), (1.8234883369877934, '.'), (1.8235285738483071, '.'), (1.8235688861459494, '.'), (1.8236087914556265, '.'), (1.8270213911309838, '.'), (1.827150646597147, '.'), (1.8272736072540283, '.'), (1.82739532366395, '.'), (1.827517039142549, '.'), (1.8276383709162474, '.'), (1.8277599234133959, '.'), (1.8278813855722547, '.'), (1.8280140180140734, '.'), (1.8281492115929723, '.'), (1.8282725540921092, '.'), (1.828394384123385, '.'), (1.8285160921514034, '.'), (1.82863833848387, '.'), (1.8287601908668876, '.'), (1.8293707994744182, 'R'), (1.8314891429618, '.'), (1.831531330011785, '.'), (1.8315726444125175, '.'), (1.8316132947802544, '.'), (1.8316537784412503, '.'), (1.8353228028863668, '.'), (1.8353672036901116, '.'), (1.83540999609977, '.'), (1.8354518488049507, '.'), (1.8354935385286808, '.'), (1.835534648038447, '.'), (1.835576324723661, '.'), (1.8356176959350705, '.'), (1.8362526316195726, '.'), (1.836319636553526, '.'), (1.8402049066498876, '.'), (1.8403206309303641, '.'), (1.8404068760573864, '.'), (1.8404921935871243, '.'), (1.8405753914266825, '.'), (1.8406539931893349, '.'), (1.8634938690811396, '.'), (1.8635372528806329, '.'), (1.8635812867432833, '.'), (1.863624139688909, '.'), (1.8636663742363453, '.'), (1.8637082800269127, '.'), (1.864246390759945, '.'), (1.8643137775361538, '.'), (1.8672036416828632, '.'), (1.867273373529315, '.'), (1.8673246391117573, '.'), (1.8719915244728327, '.'), (1.8720377618446946, '.'), (1.8720817537978292, '.'), (1.8721400061622262, '.'), (1.8722729180008173, '.'), (1.8724048100411892, '.'), (1.8725363239645958, '.'), (1.8726542051881552, '.'), (1.8727890942245722, '.'), (1.9407412754371762, '.'), (1.9407851565629244, '.'), (1.941249307245016, '.'), (1.9413401996716857, '.'), (1.941422819159925, '.'), (1.9415072472766042, '.'), (1.9963815761730075, '.'), (1.996469996869564, '.'), (1.9965648502111435, '.'), (1.9966561496257782, '.'), (1.9967654217034578, '.'), (1.9968484230339527, '.'), (1.9969445168972015, '.'), (1.997030645608902, '.'), (1.9971275981515646, '.'), (1.9972780523821712, '.'), (2.001145345158875, '.'), (2.001262156292796, '.'), (2.0013518007472157, '.'), (2.0042434418573976, '.'), (2.0043088709935546, '.'), (2.0043533677235246, '.'), (2.0044049322605133, '.'), (2.0054132072255015, 'R'), (2.0065442034974694, 'R')]
CPU memory 8-bit: write=52.540 MB/s read=43.948 MB/s
CPU memory 16-bit: write=119.139 MB/s read=97.385 MB/s
CPU memory 32-bit: write=179.178 MB/s read=190.689 MB/s
CPU memory 8-bit: write=1.388 MB/s read=1.079 MB/s
CPU memory 16-bit: write=2.776 MB/s read=2.052 MB/s
CPU memory 32-bit: write=4.542 MB/s read=4.100 MB/s
Astraea DMA: fill=87.803 MB/s copy=37.845 MB/s
