ets Jul 29 2019 12:21:46

rst:0x1 (POWERON_RESET),boot:0x37 (SPI_FAST_FLASH_BOOT)
configsip: 0, SPIWP:0xee
clk_drv:0x00,q_drv:0x00,d_drv:0x00,cs0_drv:0x00,hd_drv:0x00,wp_drv:0x00
mode:DIO, clock div:2
load:0x3fff0030,len:6280
load:0x40078000,len:15864
load:0x40080400,len:3920
entry 0x40080644
I (27) boot: ESP-IDF v5.5.4-dirty 2nd stage bootloader
I (27) boot: compile time Jul 23 2026 22:11:22
I (28) boot: Multicore bootloader
I (29) boot: chip revision: v3.1
I (32) boot.esp32: SPI Speed      : 40MHz
I (36) boot.esp32: SPI Mode       : DIO
I (39) boot.esp32: SPI Flash Size : 4MB
I (43) boot: Enabling RNG early entropy source...
I (47) boot: Partition Table:
I (50) boot: ## Label            Usage          Type ST Offset   Length
I (56) boot:  0 nvs              WiFi data        01 02 00009000 00004000
I (63) boot:  1 otadata          OTA data         01 00 0000d000 00002000
I (69) boot:  2 phy_init         RF data          01 01 0000f000 00001000
I (76) boot:  3 factory          factory app      00 00 00010000 00100000
I (82) boot:  4 ota_0            OTA app          00 10 00110000 00100000
I (89) boot:  5 ota_1            OTA app          00 11 00210000 00100000
I (95) boot: End of partition table
I (99) boot: Defaulting to factory image
I (102) esp_image: segment 0: paddr=00010020 vaddr=3f400020 size=1598ch ( 88460) map
I (140) esp_image: segment 1: paddr=000259b4 vaddr=3ffb0000 size=051b8h ( 20920) load
I (148) esp_image: segment 2: paddr=0002ab74 vaddr=40080000 size=054a4h ( 21668) load
I (157) esp_image: segment 3: paddr=00030020 vaddr=400d0020 size=22c88h (142472) map
I (206) esp_image: segment 4: paddr=00052cb0 vaddr=400854a4 size=0834ch ( 33612) load
I (219) esp_image: segment 5: paddr=0005b004 vaddr=50000000 size=00020h (    32) load
I (227) boot: Loaded app from partition at offset 0x10000
I (227) boot: Disabling RNG early entropy source...
I (239) cpu_start: Multicore app
I (248) cpu_start: GPIO 3 and 1 are used as console UART I/O pins
I (248) cpu_start: Pro cpu start user code
I (248) cpu_start: cpu freq: 160000000 Hz
I (250) app_init: Application information:
I (253) app_init: Project name:     astrahost
I (258) app_init: App version:      0.1.0
I (261) app_init: Compile time:     Jul 23 2026 22:11:07
I (266) app_init: ELF file SHA256:  6465aff4c...
I (271) app_init: ESP-IDF:          v5.5.4-dirty
I (275) efuse_init: Min chip rev:     v0.0
I (279) efuse_init: Max chip rev:     v3.99 
I (283) efuse_init: Chip rev:         v3.1
I (287) heap_init: Initializing. RAM available for dynamic allocation:
I (293) heap_init: At 3FFAE6E0 len 00001920 (6 KiB): DRAM
I (298) heap_init: At 3FFB5D90 len 0002A270 (168 KiB): DRAM
I (303) heap_init: At 3FFE0440 len 00003AE0 (14 KiB): D/IRAM
I (309) heap_init: At 3FFE4350 len 0001BCB0 (111 KiB): D/IRAM
I (314) heap_init: At 4008D7F0 len 00012810 (74 KiB): IRAM
I (321) spi_flash: detected chip: generic
I (323) spi_flash: flash io: dio
W (326) spi_flash: Detected size(16384k) larger than the size in the binary image header(4096k). Using the size in the binary image header.
I (339) main_task: Started on CPU0
I (342) main_task: Calling app_main()
I (345) AstraHost: AstraHost 0.1 starting
I (348) AstraHost: FPGA communication: SPI only, mode 0 at 20000000 Hz
I (397) sdspi_transaction: cmd=52, R1 response: command not supported
I (599) sdspi_transaction: cmd=5, R1 response: command not supported
I (1542) AstraHost: SD boot partition mounted
Name: SN256
Type: SDHC
Speed: 20.00 MHz (limit: 20.00 MHz)
Size: 244016MB
CSD: ver=2, sector_size=512, capacity=499744768 read_bl_len=9
SSR: bus_width=1
W (1630) AstraHost: native Astra volume unavailable: not a GPT disk
I (36106) AstraHost: /sdcard/ASTRA68.ROM already matches embedded ROM
W (36358) AstraHost: waiting for FPGA SPI link: ESP_ERR_TIMEOUT
W (36709) AstraHost: waiting for FPGA SPI link: ESP_ERR_TIMEOUT
W (37060) AstraHost: waiting for FPGA SPI link: ESP_ERR_TIMEOUT
W (37411) AstraHost: waiting for FPGA SPI link: ESP_ERR_TIMEOUT
W (37762) AstraHost: waiting for FPGA SPI link: ESP_ERR_TIMEOUT
W (38113) AstraHost: waiting for FPGA SPI link: ESP_ERR_TIMEOUT
W (38464) AstraHost: waiting for FPGA SPI link: ESP_ERR_TIMEOUT
W (38815) AstraHost: waiting for FPGA SPI link: ESP_ERR_TIMEOUT
W (39166) AstraHost: waiting for FPGA SPI link: ESP_ERR_TIMEOUT
W (39517) AstraHost: waiting for FPGA SPI link: ESP_ERR_TIMEOUT
W (39868) AstraHost: waiting for FPGA SPI link: ESP_ERR_TIMEOUT
W (40219) AstraHost: waiting for FPGA SPI link: ESP_ERR_TIMEOUT
W (40570) AstraHost: waiting for FPGA SPI link: ESP_ERR_TIMEOUT
W (40921) AstraHost: waiting for FPGA SPI link: ESP_ERR_TIMEOUT
W (41272) AstraHost: waiting for FPGA SPI link: ESP_ERR_TIMEOUT
W (41623) AstraHost: waiting for FPGA SPI link: ESP_ERR_TIMEOUT
W (41974) AstraHost: waiting for FPGA SPI link: ESP_ERR_TIMEOUT
W (42325) AstraHost: waiting for FPGA SPI link: ESP_ERR_TIMEOUT
W (42676) AstraHost: waiting for FPGA SPI link: ESP_ERR_TIMEOUT
W (43027) AstraHost: waiting for FPGA SPI link: ESP_ERR_TIMEOUT
W (43378) AstraHost: waiting for FPGA SPI link: ESP_ERR_TIMEOUT
W (43729) AstraHost: waiting for FPGA SPI link: ESP_ERR_TIMEOUT
W (44080) AstraHost: waiting for FPGA SPI link: ESP_ERR_TIMEOUT
W (44431) AstraHost: waiting for FPGA SPI link: ESP_ERR_TIMEOUT
W (44782) AstraHost: waiting for FPGA SPI link: ESP_ERR_TIMEOUT
W (45133) AstraHost: waiting for FPGA SPI link: ESP_ERR_TIMEOUT
W (45484) AstraHost: waiting for FPGA SPI link: ESP_ERR_TIMEOUT
W (45835) AstraHost: waiting for FPGA SPI link: ESP_ERR_TIMEOUT
W (46186) AstraHost: waiting for FPGA SPI link: ESP_ERR_TIMEOUT
W (46537) AstraHost: waiting for FPGA SPI link: ESP_ERR_TIMEOUT
W (46888) AstraHost: waiting for FPGA SPI link: ESP_ERR_TIMEOUT
W (47239) AstraHost: waiting for FPGA SPI link: ESP_ERR_TIMEOUT
W (47590) AstraHost: waiting for FPGA SPI link: ESP_ERR_TIMEOUT
W (47941) AstraHost: waiting for FPGA SPI link: ESP_ERR_TIMEOUT
W (48292) AstraHost: waiting for FPGA SPI link: ESP_ERR_TIMEOUT
W (48643) AstraHost: waiting for FPGA SPI link: ESP_ERR_TIMEOUT
W (48994) AstraHost: waiting for FPGA SPI link: ESP_ERR_TIMEOUT
W (49345) AstraHost: waiting for FPGA SPI link: ESP_ERR_TIMEOUT
W (49696) AstraHost: waiting for FPGA SPI link: ESP_ERR_TIMEOUT
W (50047) AstraHost: waiting for FPGA SPI link: ESP_ERR_TIMEOUT
W (50398) AstraHost: waiting for FPGA SPI link: ESP_ERR_TIMEOUT
W (50749) AstraHost: waiting for FPGA SPI link: ESP_ERR_TIMEOUT
W (51100) AstraHost: waiting for FPGA SPI link: ESP_ERR_TIMEOUT
W (51451) AstraHost: waiting for FPGA SPI link: ESP_ERR_TIMEOUT
W (51802) AstraHost: waiting for FPGA SPI link: ESP_ERR_TIMEOUT
W (52153) AstraHost: waiting for FPGA SPI link: ESP_ERR_TIMEOUT
W (52504) AstraHost: waiting for FPGA SPI link: ESP_ERR_TIMEOUT
W (52855) AstraHost: waiting for FPGA SPI link: ESP_ERR_TIMEOUT
W (53206) AstraHost: waiting for FPGA SPI link: ESP_ERR_TIMEOUT
W (53557) AstraHost: waiting for FPGA SPI link: ESP_ERR_TIMEOUT
W (53908) AstraHost: waiting for FPGA SPI link: ESP_ERR_TIMEOUT
W (54259) AstraHost: waiting for FPGA SPI link: ESP_ERR_TIMEOUT
W (54610) AstraHost: waiting for FPGA SPI link: ESP_ERR_TIMEOUT
W (54961) AstraHost: waiting for FPGA SPI link: ESP_ERR_TIMEOUT
W (55312) AstraHost: waiting for FPGA SPI link: ESP_ERR_TIMEOUT
W (55663) AstraHost: waiting for FPGA SPI link: ESP_ERR_TIMEOUT
W (56014) AstraHost: waiting for FPGA SPI link: ESP_ERR_TIMEOUT
W (56365) AstraHost: waiting for FPGA SPI link: ESP_ERR_TIMEOUT
W (56716) AstraHost: waiting for FPGA SPI link: ESP_ERR_TIMEOUT
W (57067) AstraHost: waiting for FPGA SPI link: ESP_ERR_TIMEOUT
W (57418) AstraHost: waiting for FPGA SPI link: ESP_ERR_TIMEOUT
W (57769) AstraHost: waiting for FPGA SPI link: ESP_ERR_TIMEOUT
W (58120) AstraHost: waiting for FPGA SPI link: ESP_ERR_TIMEOUT
W (58471) AstraHost: waiting for FPGA SPI link: ESP_ERR_TIMEOUT
W (58822) AstraHost: waiting for FPGA SPI link: ESP_ERR_TIMEOUT
W (59173) AstraHost: waiting for FPGA SPI link: ESP_ERR_TIMEOUT
W (59524) AstraHost: waiting for FPGA SPI link: ESP_ERR_TIMEOUT
W (59875) AstraHost: waiting for FPGA SPI link: ESP_ERR_TIMEOUT
W (60226) AstraHost: waiting for FPGA SPI link: ESP_ERR_TIMEOUT
W (60577) AstraHost: waiting for FPGA SPI link: ESP_ERR_TIMEOUT
W (60928) AstraHost: waiting for FPGA SPI link: ESP_ERR_TIMEOUT
W (61279) AstraHost: waiting for FPGA SPI link: ESP_ERR_TIMEOUT
W (61630) AstraHost: waiting for FPGA SPI link: ESP_ERR_TIMEOUT
W (61981) AstraHost: waiting for FPGA SPI link: ESP_ERR_TIMEOUT
W (62332) AstraHost: waiting for FPGA SPI link: ESP_ERR_TIMEOUT
W (62683) AstraHost: waiting for FPGA SPI link: ESP_ERR_TIMEOUT
W (63034) AstraHost: waiting for FPGA SPI link: ESP_ERR_TIMEOUT
W (63385) AstraHost: waiting for FPGA SPI link: ESP_ERR_TIMEOUT
W (63736) AstraHost: waiting for FPGA SPI link: ESP_ERR_TIMEOUT
W (64087) AstraHost: waiting for FPGA SPI link: ESP_ERR_TIMEOUT
W (64438) AstraHost: waiting for FPGA SPI link: ESP_ERR_TIMEOUT
W (64789) AstraHost: waiting for FPGA SPI link: ESP_ERR_TIMEOUT
W (65140) AstraHost: waiting for FPGA SPI link: ESP_ERR_TIMEOUT
W (65491) AstraHost: waiting for FPGA SPI link: ESP_ERR_TIMEOUT
W (65842) AstraHost: waiting for FPGA SPI link: ESP_ERR_TIMEOUT
W (66193) AstraHost: waiting for FPGA SPI link: ESP_ERR_TIMEOUT
W (66544) AstraHost: waiting for FPGA SPI link: ESP_ERR_TIMEOUT
W (66895) AstraHost: waiting for FPGA SPI link: ESP_ERR_TIMEOUT
W (67246) AstraHost: waiting for FPGA SPI link: ESP_ERR_TIMEOUT
W (67597) AstraHost: waiting for FPGA SPI link: ESP_ERR_TIMEOUT
W (67948) AstraHost: waiting for FPGA SPI link: ESP_ERR_TIMEOUT
W (68299) AstraHost: waiting for FPGA SPI link: ESP_ERR_TIMEOUT
W (68650) AstraHost: waiting for FPGA SPI link: ESP_ERR_TIMEOUT
W (69001) AstraHost: waiting for FPGA SPI link: ESP_ERR_TIMEOUT
W (69352) AstraHost: waiting for FPGA SPI link: ESP_ERR_TIMEOUT
W (69703) AstraHost: waiting for FPGA SPI link: ESP_ERR_TIMEOUT
