
ets Jul 29 2019 12:21:46

rst:0x1 (POWERON_RESET),boot:0x37 (SPI_FAST_FLASH_BOOT)
configsip: 0, SPIWP:0xee
clk_drv:0x00,q_drv:0x00,d_drv:0x00,cs0_drv:0x00,hd_drv:0x00,wp_drv:0x00
mode:DIO, clock div:2
load:0x3fff0030,len:6280
load:0x40078000,len:15864
load:0x40080400,len:3920
entry 0x40080644
I (27) boot: ESP-IDF v5.5.4-dirty 2nd stage bootloader
I (27) boot: compile time Jul 23 2026 21:20:04
I (28) boot: Multicore bootloader
I (29) boot: chip revision: v3.1
I (32) boot.esp32: SPI Speed      : 40MHz
I (36) boot.esp32: SPI Mode       : DIO
I (39) boot.esp32: SPI Flash Size : 4MB
I (43) boot: Enabling RNG early entropy source...
I (47) boot: Partition Table:
I (50) boot: ## Label            Usage          Type ST Offset   Length
I (56) boot:  0 nvs              WiFi data        01 02 00009000 00004000
I (63) boot:  1 otadata          OTA data         01 00 0000d000 00002000
I (69) boot:  2 phy_init         RF data          01 01 0000f000 00001000
I (76) boot:  3 factory          factory app      00 00 00010000 00100000
I (82) boot:  4 ota_0            OTA app          00 10 00110000 00100000
I (89) boot:  5 ota_1            OTA app          00 11 00210000 00100000
I (95) boot: End of partition table
I (99) boot: Defaulting to factory image
I (102) esp_image: segment 0: paddr=00010020 vaddr=3f400020 size=1591ch ( 88348) map
I (140) esp_image: segment 1: paddr=00025944 vaddr=3ffb0000 size=051b8h ( 20920) load
I (148) esp_image: segment 2: paddr=0002ab04 vaddr=40080000 size=05514h ( 21780) load
I (157) esp_image: segment 3: paddr=00030020 vaddr=400d0020 size=22c88h (142472) map
I (206) esp_image: segment 4: paddr=00052cb0 vaddr=40085514 size=082dch ( 33500) load
I (219) esp_image: segment 5: paddr=0005af94 vaddr=50000000 size=00020h (    32) load
I (227) boot: Loaded app from partition at offset 0x10000
I (227) boot: Disabling RNG early entropy source...
I (239) cpu_start: Multicore app
I (247) cpu_start: GPIO 3 and 1 are used as console UART I/O pins
I (248) cpu_start: Pro cpu start user code
I (248) cpu_start: cpu freq: 160000000 Hz
I (250) app_init: Application information:
I (253) app_init: Project name:     astrahost
I (258) app_init: App version:      0.1.0
I (261) app_init: Compile time:     Jul 23 2026 21:19:49
I (266) app_init: ELF file SHA256:  fc5dc400a...
I (271) app_init: ESP-IDF:          v5.5.4-dirty
I (275) efuse_init: Min chip rev:     v0.0
I (279) efuse_init: Max chip rev:     v3.99
I (283) efuse_init: Chip rev:         v3.1
I (287) heap_init: Initializing. RAM available for dynamic allocation:
I (293) heap_init: At 3FFAE6E0 len 00001920 (6 KiB): DRAM
I (298) heap_init: At 3FFB5D90 len 0002A270 (168 KiB): DRAM
I (303) heap_init: At 3FFE0440 len 00003AE0 (14 KiB): D/IRAM
I (309) heap_init: At 3FFE4350 len 0001BCB0 (111 KiB): D/IRAM
I (314) heap_init: At 4008D7F0 len 00012810 (74 KiB): IRAM
I (321) spi_flash: detected chip: generic
I (323) spi_flash: flash io: dio
W (326) spi_flash: Detected size(16384k) larger than the size in the binary image header(4096k). Using the size in the binary image header.
I (339) main_task: Started on CPU0
I (342) main_task: Calling app_main()
I (345) AstraHost: AstraHost 0.1 starting
I (348) AstraHost: FPGA communication: SPI only, mode 0 at 20000000 Hz
I (397) sdspi_transaction: cmd=52, R1 response: command not supported
I (599) sdspi_transaction: cmd=5, R1 response: command not supported
I (1542) AstraHost: SD boot partition mounted
Name: SN256
Type: SDHC
Speed: 20.00 MHz (limit: 20.00 MHz)
Size: 244016MB
CSD: ver=2, sector_size=512, capacity=499744768 read_bl_len=9
SSR: bus_width=1
W (1630) AstraHost: native Astra volume unavailable: not a GPT disk
I (35824) AstraHost: /sdcard/ASTRA68.ROM already matches embedded ROM
W (36076) AstraHost: waiting for FPGA SPI link: ESP_ERR_TIMEOUT
W (36427) AstraHost: waiting for FPGA SPI link: ESP_ERR_TIMEOUT
W (36778) AstraHost: waiting for FPGA SPI link: ESP_ERR_TIMEOUT
W (37129) AstraHost: waiting for FPGA SPI link: ESP_ERR_TIMEOUT
W (37480) AstraHost: waiting for FPGA SPI link: ESP_ERR_TIMEOUT
W (37831) AstraHost: waiting for FPGA SPI link: ESP_ERR_TIMEOUT
W (38182) AstraHost: waiting for FPGA SPI link: ESP_ERR_TIMEOUT
W (38533) AstraHost: waiting for FPGA SPI link: ESP_ERR_TIMEOUT
W (38884) AstraHost: waiting for FPGA SPI link: ESP_ERR_TIMEOUT
W (39235) AstraHost: waiting for FPGA SPI link: ESP_ERR_TIMEOUT
W (39586) AstraHost: waiting for FPGA SPI link: ESP_ERR_TIMEOUT
W (39937) AstraHost: waiting for FPGA SPI link: ESP_ERR_TIMEOUT
W (40288) AstraHost: waiting for FPGA SPI link: ESP_ERR_TIMEOUT
W (40639) AstraHost: waiting for FPGA SPI link: ESP_ERR_TIMEOUT
W (40990) AstraHost: waiting for FPGA SPI link: ESP_ERR_TIMEOUT
W (41341) AstraHost: waiting for FPGA SPI link: ESP_ERR_TIMEOUT
W (41692) AstraHost: waiting for FPGA SPI link: ESP_ERR_TIMEOUT
W (42043) AstraHost: waiting for FPGA SPI link: ESP_ERR_TIMEOUT
W (42394) AstraHost: waiting for FPGA SPI link: ESP_ERR_TIMEOUT
W (42745) AstraHost: waiting for FPGA SPI link: ESP_ERR_TIMEOUT
W (43096) AstraHost: waiting for FPGA SPI link: ESP_ERR_TIMEOUT
W (43447) AstraHost: waiting for FPGA SPI link: ESP_ERR_TIMEOUT
W (43798) AstraHost: waiting for FPGA SPI link: ESP_ERR_TIMEOUT
W (44149) AstraHost: waiting for FPGA SPI link: ESP_ERR_TIMEOUT
W (44500) AstraHost: waiting for FPGA SPI link: ESP_ERR_TIMEOUT
W (44851) AstraHost: waiting for FPGA SPI link: ESP_ERR_TIMEOUT
W (45202) AstraHost: waiting for FPGA SPI link: ESP_ERR_TIMEOUT
W (45553) AstraHost: waiting for FPGA SPI link: ESP_ERR_TIMEOUT
W (45904) AstraHost: waiting for FPGA SPI link: ESP_ERR_TIMEOUT
W (46255) AstraHost: waiting for FPGA SPI link: ESP_ERR_TIMEOUT
W (46606) AstraHost: waiting for FPGA SPI link: ESP_ERR_TIMEOUT
W (46957) AstraHost: waiting for FPGA SPI link: ESP_ERR_TIMEOUT
W (47308) AstraHost: waiting for FPGA SPI link: ESP_ERR_TIMEOUT
W (47659) AstraHost: waiting for FPGA SPI link: ESP_ERR_TIMEOUT
W (48010) AstraHost: waiting for FPGA SPI link: ESP_ERR_TIMEOUT
W (48361) AstraHost: waiting for FPGA SPI link: ESP_ERR_TIMEOUT
W (48712) AstraHost: waiting for FPGA SPI link: ESP_ERR_TIMEOUT
W (49063) AstraHost: waiting for FPGA SPI link: ESP_ERR_TIMEOUT
W (49414) AstraHost: waiting for FPGA SPI link: ESP_ERR_TIMEOUT
W (49765) AstraHost: waiting for FPGA SPI link: ESP_ERR_TIMEOUT
W (50116) AstraHost: waiting for FPGA SPI link: ESP_ERR_TIMEOUT
W (50467) AstraHost: waiting for FPGA SPI link: ESP_ERR_TIMEOUT
W (50818) AstraHost: waiting for FPGA SPI link: ESP_ERR_TIMEOUT
W (51169) AstraHost: waiting for FPGA SPI link: ESP_ERR_TIMEOUT
W (51520) AstraHost: waiting for FPGA SPI link: ESP_ERR_TIMEOUT
W (51871) AstraHost: waiting for FPGA SPI link: ESP_ERR_TIMEOUT
W (52222) AstraHost: waiting for FPGA SPI link: ESP_ERR_TIMEOUT
W (52573) AstraHost: waiting for FPGA SPI link: ESP_ERR_TIMEOUT
W (52924) AstraHost: waiting for FPGA SPI link: ESP_ERR_TIMEOUT
W (53275) AstraHost: waiting for FPGA SPI link: ESP_ERR_TIMEOUT
W (53626) AstraHost: waiting for FPGA SPI link: ESP_ERR_TIMEOUT
W (53977) AstraHost: waiting for FPGA SPI link: ESP_ERR_TIMEOUT
W (54328) AstraHost: waiting for FPGA SPI link: ESP_ERR_TIMEOUT
W (54679) AstraHost: waiting for FPGA SPI link: ESP_ERR_TIMEOUT
W (55030) AstraHost: waiting for FPGA SPI link: ESP_ERR_TIMEOUT
W (55381) AstraHost: waiting for FPGA SPI link: ESP_ERR_TIMEOUT
W (55732) AstraHost: waiting for FPGA SPI link: ESP_ERR_TIMEOUT
W (56083) AstraHost: waiting for FPGA SPI link: ESP_ERR_TIMEOUT
W (56434) AstraHost: waiting for FPGA SPI link: ESP_ERR_TIMEOUT
W (56785) AstraHost: waiting for FPGA SPI link: ESP_ERR_TIMEOUT
W (57136) AstraHost: waiting for FPGA SPI link: ESP_ERR_TIMEOUT
W (57487) AstraHost: waiting for FPGA SPI link: ESP_ERR_TIMEOUT
W (57838) AstraHost: waiting for FPGA SPI link: ESP_ERR_TIMEOUT
W (58189) AstraHost: waiting for FPGA SPI link: ESP_ERR_TIMEOUT
W (58540) AstraHost: waiting for FPGA SPI link: ESP_ERR_TIMEOUT
W (58891) AstraHost: waiting for FPGA SPI link: ESP_ERR_TIMEOUT
W (59242) AstraHost: waiting for FPGA SPI link: ESP_ERR_TIMEOUT
W (59593) AstraHost: waiting for FPGA SPI link: ESP_ERR_TIMEOUT
W (59944) AstraHost: waiting for FPGA SPI link: ESP_ERR_TIMEOUT
W (60295) AstraHost: waiting for FPGA SPI link: ESP_ERR_TIMEOUT
W (60646) AstraHost: waiting for FPGA SPI link: ESP_ERR_TIMEOUT
W (60997) AstraHost: waiting for FPGA SPI link: ESP_ERR_TIMEOUT
W (61348) AstraHost: waiting for FPGA SPI link: ESP_ERR_TIMEOUT
W (61699) AstraHost: waiting for FPGA SPI link: ESP_ERR_TIMEOUT
W (62050) AstraHost: waiting for FPGA SPI link: ESP_ERR_TIMEOUT
W (62401) AstraHost: waiting for FPGA SPI link: ESP_ERR_TIMEOUT
W (62752) AstraHost: waiting for FPGA SPI link: ESP_ERR_TIMEOUT
W (63103) AstraHost: waiting for FPGA SPI link: ESP_ERR_TIMEOUT
W (63454) AstraHost: waiting for FPGA SPI link: ESP_ERR_TIMEOUT
W (63805) AstraHost: waiting for FPGA SPI link: ESP_ERR_TIMEOUT
W (64156) AstraHost: waiting for FPGA SPI link: ESP_ERR_TIMEOUT
W (64507) AstraHost: waiting for FPGA SPI link: ESP_ERR_TIMEOUT
W (64858) AstraHost: waiting for FPGA SPI link: ESP_ERR_TIMEOUT
W (65209) AstraHost: waiting for FPGA SPI link: ESP_ERR_TIMEOUT
W (65560) AstraHost: waiting for FPGA SPI link: ESP_ERR_TIMEOUT
W (65911) AstraHost: waiting for FPGA SPI link: ESP_ERR_TIMEOUT
W (66262) AstraHost: waiting for FPGA SPI link: ESP_ERR_TIMEOUT
W (66613) AstraHost: waiting for FPGA SPI link: ESP_ERR_TIMEOUT
W (66964) AstraHost: waiting for FPGA SPI link: ESP_ERR_TIMEOUT
W (67315) AstraHost: waiting for FPGA SPI link: ESP_ERR_TIMEOUT
W (67666) AstraHost: waiting for FPGA SPI link: ESP_ERR_TIMEOUT
W (68017) AstraHost: waiting for FPGA SPI link: ESP_ERR_TIMEOUT
W (68368) AstraHost: waiting for FPGA SPI link: ESP_ERR_TIMEOUT
W (68719) AstraHost: waiting for FPGA SPI link: ESP_ERR_TIMEOUT
W (69070) AstraHost: waiting for FPGA SPI link: ESP_ERR_TIMEOUT
W (69421) AstraHost: waiting for FPGA SPI link: ESP_ERR_TIMEOUT
W (69772) AstraHost: waiting for FPGA SPI link: ESP_ERR_TIMEOUT
W (70123) AstraHost: waiting for FPGA SPI link: ESP_ERR_TIMEOUT
W (70474) AstraHost: waiting for FPGA SPI link: ESP_ERR_TIMEOUT
W (70825) AstraHost: waiting for FPGA SPI link: ESP_ERR_TIMEOUT
W (71176) AstraHost: waiting for FPGA SPI link: ESP_ERR_TIMEOUT
W (71527) AstraHost: waiting for FPGA SPI link: ESP_ERR_TIMEOUT
W (71878) AstraHost: waiting for FPGA SPI link: ESP_ERR_TIMEOUT
W (72229) AstraHost: waiting for FPGA SPI link: ESP_ERR_TIMEOUT
W (72580) AstraHost: waiting for FPGA SPI link: ESP_ERR_TIMEOUT
W (72931) AstraHost: waiting for FPGA SPI link: ESP_ERR_TIMEOUT
W (73282) AstraHost: waiting for FPGA SPI link: ESP_ERR_TIMEOUT
W (73633) AstraHost: waiting for FPGA SPI link: ESP_ERR_TIMEOUT
W (73984) AstraHost: waiting for FPGA SPI link: ESP_ERR_TIMEOUT
W (74335) AstraHost: waiting for FPGA SPI link: ESP_ERR_TIMEOUT
W (74686) AstraHost: waiting for FPGA SPI link: ESP_ERR_TIMEOUT
W (75037) AstraHost: waiting for FPGA SPI link: ESP_ERR_TIMEOUT
W (75388) AstraHost: waiting for FPGA SPI link: ESP_ERR_TIMEOUT
W (75739) AstraHost: waiting for FPGA SPI link: ESP_ERR_TIMEOUT
W (76090) AstraHost: waiting for FPGA SPI link: ESP_ERR_TIMEOUT
W (76441) AstraHost: waiting for FPGA SPI link: ESP_ERR_TIMEOUT
W (76792) AstraHost: waiting for FPGA SPI link: ESP_ERR_TIMEOUT
W (77143) AstraHost: waiting for FPGA SPI link: ESP_ERR_TIMEOUT
W (77494) AstraHost: waiting for FPGA SPI link: ESP_ERR_TIMEOUT
W (77845) AstraHost: waiting for FPGA SPI link: ESP_ERR_TIMEOUT
W (78196) AstraHost: waiting for FPGA SPI link: ESP_ERR_TIMEOUT
W (78547) AstraHost: waiting for FPGA SPI link: ESP_ERR_TIMEOUT
W (78898) AstraHost: waiting for FPGA SPI link: ESP_ERR_TIMEOUT
W (79249) AstraHost: waiting for FPGA SPI link: ESP_ERR_TIMEOUT
W (79600) AstraHost: waiting for FPGA SPI link: ESP_ERR_TIMEOUT
W (79951) AstraHost: waiting for FPGA SPI link: ESP_ERR_TIMEOUT
W (80302) AstraHost: waiting for FPGA SPI link: ESP_ERR_TIMEOUT
W (80653) AstraHost: waiting for FPGA SPI link: ESP_ERR_TIMEOUT
W (81004) AstraHost: waiting for FPGA SPI link: ESP_ERR_TIMEOUT
W (81355) AstraHost: waiting for FPGA SPI link: ESP_ERR_TIMEOUT
W (81706) AstraHost: waiting for FPGA SPI link: ESP_ERR_TIMEOUT
W (82057) AstraHost: waiting for FPGA SPI link: ESP_ERR_TIMEOUT
W (82408) AstraHost: waiting for FPGA SPI link: ESP_ERR_TIMEOUT
W (82759) AstraHost: waiting for FPGA SPI link: ESP_ERR_TIMEOUT
W (83110) AstraHost: waiting for FPGA SPI link: ESP_ERR_TIMEOUT
W (83461) AstraHost: waiting for FPGA SPI link: ESP_ERR_TIMEOUT
W (83812) AstraHost: waiting for FPGA SPI link: ESP_ERR_TIMEOUT
W (84163) AstraHost: waiting for FPGA SPI link: ESP_ERR_TIMEOUT
W (84514) AstraHost: waiting for FPGA SPI link: ESP_ERR_TIMEOUT
W (84865) AstraHost: waiting for FPGA SPI link: ESP_ERR_TIMEOUT
W (85216) AstraHost: waiting for FPGA SPI link: ESP_ERR_TIMEOUT
W (85567) AstraHost: waiting for FPGA SPI link: ESP_ERR_TIMEOUT
W (85918) AstraHost: waiting for FPGA SPI link: ESP_ERR_TIMEOUT
W (86269) AstraHost: waiting for FPGA SPI link: ESP_ERR_TIMEOUT
W (86620) AstraHost: waiting for FPGA SPI link: ESP_ERR_TIMEOUT
W (86971) AstraHost: waiting for FPGA SPI link: ESP_ERR_TIMEOUT
W (87322) AstraHost: waiting for FPGA SPI link: ESP_ERR_TIMEOUT
W (87673) AstraHost: waiting for FPGA SPI link: ESP_ERR_TIMEOUT
W (88024) AstraHost: waiting for FPGA SPI link: ESP_ERR_TIMEOUT
W (88375) AstraHost: waiting for FPGA SPI link: ESP_ERR_TIMEOUT
W (88726) AstraHost: waiting for FPGA SPI link: ESP_ERR_TIMEOUT
W (89077) AstraHost: waiting for FPGA SPI link: ESP_ERR_TIMEOUT
W (89428) AstraHost: waiting for FPGA SPI link: ESP_ERR_TIMEOUT
W (89779) AstraHost: waiting for FPGA SPI link: ESP_ERR_TIMEOUT
