OK
AstraHost ROM ..... OK
ROM CRC32 ........ 0xBBAB0AA1
Starting system ROM
ASTRA 68 SYSTEM ROM v0.3
Built: 2026-07-23T22:05:42Z  Git: 853ae66e300232dcbdf5f69903747faa42521114

Vesta:  v1.0
CPU:    TG68K.C 68030 MMU2 @ 12500000 Hz
MMU:    integrated 68030 PMMU
RAM:    32 MiB @ 0x02000000
ROM:    256 KiB @ 0xFFE00000
BUILD:  0x77B3CDC8
Chips:  VSTA v1.0, ASTR v1.0, VEGA v1.0, OHCI v1.0
NVRAM:  not present; defaults active

POST
  SDRAM init ........ OK
  Front panel ....... OK
  Data/byte lanes .... OK
  Address lines ...... OK
  Cache coherence .... OK
  CPU BRAM cycles (256 bytes payload)
    8-bit  write=3897 read=4660
    16-bit write=1720 read=2104
    32-bit write=1144 read=1074
  CPU memory cycles (16384 bytes payload)
    8-bit  write=147512 read=189736
      write dmiss=0 rdreq=29 wrreq=16384 wait=89 lhit=16 lmiss=5 post=16384
      read  dmiss=1024 rdreq=1040 wrreq=0 wait=9562 lhit=15 lmiss=1033 post=0
      hot read=189743
    16-bit write=73766 read=99847
      write dmiss=0 rdreq=20 wrreq=8192 wait=84 lhit=14 lmiss=5 post=8192
      read  dmiss=1024 rdreq=1041 wrreq=0 wait=9776 lhit=18 lmiss=1030 post=0
      hot read=99846
    32-bit write=45092 read=49958
      write dmiss=0 rdreq=20 wrreq=4096 wait=62 lhit=12 lmiss=3 post=4096
      read  dmiss=1024 rdreq=1039 wrreq=0 wait=9034 lhit=15 lmiss=1031 post=0
      hot read=49967
  Astraea DMA (64 KiB)
    fill=9327 copy=21647
  Full-range BIST ... [stage0] OK

POST PASS
  Kernel image ...... OK
Starting Astra kernel
ASTRA 68 KERNEL v0.1.0-dev
Built: 2026-07-23T22:05:42Z
Git:   853ae66e300232dcbdf5f69903747faa42521114

BootInfo ........... OK
Early log .......... OK @ 0x02000000
VBR ................ OK @ 0x02010400
Kernel image ....... 24880 bytes @ 0x02010000
CPU ................ MC68030 @ 12500000 Hz
PMMU ............... enabled, SRP 0x02004000
Physical pages ..... 7992 free / 8192 total
User copy .......... OK, fault recovery verified
Vesta timer ........ OK @ 100 Hz
AstraHost runtime ... OK, media not provisioned
Input queue ......... OK
User processes ...... 2 ready, cache isolation armed

User tasks .......... OK, 100 Hz preemption
Fault containment ... OK, offender reaped
Context switches .... 3

K1 PROTECTED ENTRY PASS
POST capture elapsed=1.955s events=[(1.1584148183465004, 'R'), (1.1592792700976133, '.'), (1.1593221575021744, '.'), (1.1593485260382295, '.'), (1.1593711534515023, '.'), (1.1593929808586836, '.'), (1.3744499329477549, 'R'), (1.3746607471257448, 'R'), (1.3753732880577445, '.'), (1.3754190625622869, '.'), (1.3754432098940015, '.'), (1.3754650764167309, '.'), (1.375486059114337, '.'), (1.3755067875608802, '.'), (1.3755274442955852, '.'), (1.375547886826098, '.'), (1.3785465583205223, 'R'), (1.38248504512012, 'R'), (1.383510896936059, 'R'), (1.3836587518453598, '.'), (1.39171492587775, '.'), (1.3935902044177055, '.'), (1.398685702122748, 'R'), (1.4014936527237296, 'R'), (1.4066609367728233, '.'), (1.4076211173087358, 'R'), (1.4077312741428614, '.'), (1.4088020659983158, '.'), (1.409635822288692, '.'), (1.4104471588507295, 'R'), (1.4145580707117915, 'R'), (1.4155525779351592, '.'), (1.4156223852187395, '.'), (1.415696400217712, '.'), (1.4157299790531397, '.'), (1.4157594265416265, '.'), (1.4157880125567317, '.'), (1.4158156448975205, '.'), (1.4158436739817262, '.'), (1.4176461528986692, '.'), (1.4176755119115114, '.'), (1.4177042860537767, '.'), (1.417732160538435, '.'), (1.4177599120885134, '.'), (1.417787428945303, '.'), (1.41781475674361, '.'), (1.420616521500051, '.'), (1.4206458572298288, '.'), (1.4206742169335485, '.'), (1.4207026241347194, '.'), (1.4230922609567642, '.'), (1.4234720040112734, '.'), (1.4235573997721076, '.'), (1.4236298957839608, '.'), (1.42369922157377, '.'), (1.4237679494544864, '.'), (1.4267823370173573, '.'), (1.4274714114144444, '.'), (1.42752190772444, '.'), (1.4275568081066012, '.'), (1.4287086967378855, 'R'), (1.5859397668391466, '.'), (1.58597993850708, '.'), (1.5860189404338598, '.'), (1.586903216317296, ']'), (1.58994469512254, '.'), (1.5899852579459548, '.'), (1.5900469431653619, '.'), (1.5900919120758772, '.'), (1.5901320995762944, '.'), (1.5901714349165559, '.'), (1.6848706062883139, 'R'), (1.6859735921025276, 'R'), (1.6864786250516772, '.'), (1.6865599611774087, '.'), (1.7606083350256085, '.'), (1.760721112601459, '.'), (1.7618019068613648, '.'), (1.761887727305293, '.'), (1.761964493431151, '.'), (1.762052619829774, '.'), (1.7621274469420314, '.'), (1.7621985645964742, '.'), (1.7622749274596572, '.'), (1.7623521853238344, '.'), (1.762426108121872, '.'), (1.7659592665731907, '.'), (1.7660609493032098, '.'), (1.7661667978391051, '.'), (1.766255565918982, '.'), (1.7663366422057152, '.'), (1.7664099102839828, '.'), (1.766483973711729, '.'), (1.7665566224604845, '.'), (1.7666334919631481, '.'), (1.7667098194360733, '.'), (1.7717974642291665, 'R'), (1.77280677203089, '.'), (1.7729239901527762, '.'), (1.773032738827169, '.'), (1.773118456825614, '.'), (1.7731939582154155, '.'), (1.7732686074450612, '.'), (1.7733482299372554, '.'), (1.7734262561425567, '.'), (1.7735154824331403, '.'), (1.7735942099243402, '.'), (1.7736685033887625, '.'), (1.7758548827841878, '.'), (1.775961841456592, '.'), (1.7760562375187874, '.'), (1.776134017854929, '.'), (1.7762121995911002, '.'), (1.7807379914447665, '.'), (1.7818852420896292, '.'), (1.7819897793233395, '.'), (1.782093595713377, '.'), (1.7821705024689436, '.'), (1.7822491945698857, '.'), (1.7823217138648033, '.'), (1.7899836720898747, '.'), (1.792141824029386, '.'), (1.792246856726706, '.'), (1.792330545373261, '.'), (1.7924240780994296, '.'), (1.792508477345109, '.'), (1.7925855005159974, '.'), (1.7926617544144392, '.'), (1.792735120281577, '.'), (1.7928335452452302, '.'), (1.792936909943819, '.'), (1.7930178362876177, '.'), (1.79312439635396, '.'), (1.793214145116508, '.'), (1.793298396281898, '.'), (1.7933822944760323, '.'), (1.7952499277889729, '.'), (1.7952932938933372, '.'), (1.795335358940065, '.'), (1.7953772023320198, '.'), (1.7954191081225872, '.'), (1.7954611601307988, '.'), (1.7955028330907226, '.'), (1.7955443244427443, '.'), (1.7955861035734415, '.'), (1.7956283893436193, '.'), (1.795670579187572, '.'), (1.79571255389601, '.'), (1.7957684667780995, '.'), (1.7958290129899979, '.'), (1.7958726454526186, '.'), (1.7963985865935683, 'R'), (1.7978329788893461, '.'), (1.7978804064914584, '.'), (1.7979252561926842, '.'), (1.7979691242799163, '.'), (1.7980124400928617, '.'), (1.7996313786134124, '.'), (1.7996751377359033, '.'), (1.799723906442523, '.'), (1.7998168943449855, '.'), (1.799885424785316, '.'), (1.7999566225335002, '.'), (1.8000433845445514, '.'), (1.8001196691766381, '.'), (1.8001974057406187, '.'), (1.8002723725512624, '.'), (1.8109812531620264, '.'), (1.8110662465915084, '.'), (1.8111185673624277, '.'), (1.8111648317426443, '.'), (1.811209180392325, '.'), (1.8112534880638123, '.'), (1.8112990157678723, '.'), (1.8113433690741658, '.'), (1.8144568465650082, '.'), (1.8145020147785544, '.'), (1.8149204980581999, '.'), (1.818589466623962, '.'), (1.818635675124824, '.'), (1.8186800070106983, '.'), (1.8187243845313787, '.'), (1.8189079873263836, '.'), (1.8189764274284244, '.'), (1.819049813784659, '.'), (1.8191023441031575, '.'), (1.8191493805497885, '.'), (1.8888850333169103, '.'), (1.8889930453151464, '.'), (1.8891121661290526, '.'), (1.8892195401713252, '.'), (1.8893250273540616, '.'), (1.8894549570977688, '.'), (1.9433111967518926, '.'), (1.9433586494997144, '.'), (1.9434043830260634, '.'), (1.9434500643983483, '.'), (1.9434952940791845, '.'), (1.9435400869697332, '.'), (1.9440143965184689, '.'), (1.944099023938179, '.'), (1.94415620341897, '.'), (1.9442052971571684, '.'), (1.9481149455532432, '.'), (1.9481708314269781, '.'), (1.9482203600928187, '.'), (1.951582035049796, '.'), (1.951972276903689, '.'), (1.9521913472563028, '.'), (1.9522884273901582, '.'), (1.9533755909651518, 'R'), (1.9541269093751907, 'R')]
CPU memory 8-bit: write=52.553 MB/s read=43.948 MB/s
CPU memory 16-bit: write=119.070 MB/s read=97.338 MB/s
CPU memory 32-bit: write=179.021 MB/s read=190.689 MB/s
CPU memory 8-bit: write=1.388 MB/s read=1.079 MB/s
CPU memory 16-bit: write=2.776 MB/s read=2.051 MB/s
CPU memory 32-bit: write=4.542 MB/s read=4.099 MB/s
Astraea DMA: fill=87.831 MB/s copy=37.844 MB/s
