ets Jul 29 2019 12:21:46

rst:0x1 (POWERON_RESET),boot:0x37 (SPI_FAST_FLASH_BOOT)
configsip: 0, SPIWP:0xee
clk_drv:0x00,q_drv:0x00,d_drv:0x00,cs0_drv:0x00,hd_drv:0x00,wp_drv:0x00
mode:DIO, clock div:2
load:0x3fff0030,len:6280
load:0x40078000,len:15864
load:0x40080400,len:3920
entry 0x40080644
I (27) boot: ESP-IDF v5.5.4-dirty 2nd stage bootloader
I (27) boot: compile time Jul 23 2026 21:20:04
I (28) boot: Multicore bootloader
I (29) boot: chip revision: v3.1
I (32) boot.esp32: SPI Speed      : 40MHz
I (36) boot.esp32: SPI Mode       : DIO
I (39) boot.esp32: SPI Flash Size : 4MB
I (43) boot: Enabling RNG early entropy source...
I (47) boot: Partition Table:
I (50) boot: ## Label            Usage          Type ST Offset   Length
I (56) boot:  0 nvs              WiFi data        01 02 00009000 00004000
I (63) boot:  1 otadata          OTA data         01 00 0000d000 00002000
I (69) boot:  2 phy_init         RF data          01 01 0000f000 00001000
I (76) boot:  3 factory          factory app      00 00 00010000 00100000
I (82) boot:  4 ota_0            OTA app          00 10 00110000 00100000
I (89) boot:  5 ota_1            OTA app          00 11 00210000 00100000
I (95) boot: End of partition table
I (99) boot: Defaulting to factory image
I (102) esp_image: segment 0: paddr=00010020 vaddr=3f400020 size=1552ch ( 87340) map
I (140) esp_image: segment 1: paddr=00025554 vaddr=3ffb0000 size=051b8h ( 20920) load
I (148) esp_image: segment 2: paddr=0002a714 vaddr=40080000 size=05904h ( 22788) load
I (157) esp_image: segment 3: paddr=00030020 vaddr=400d0020 size=22c88h (142472) map
I (206) esp_image: segment 4: paddr=00052cb0 vaddr=40085904 size=07eech ( 32492) load
I (219) esp_image: segment 5: paddr=0005aba4 vaddr=50000000 size=00020h (    32) load
I (226) boot: Loaded app from partition at offset 0x10000
I (227) boot: Disabling RNG early entropy source...
I (239) cpu_start: Multicore app
I (247) cpu_start: GPIO 3 and 1 are used as console UART I/O pins
I (247) cpu_start: Pro cpu start user code
I (247) cpu_start: cpu freq: 160000000 Hz
I (249) app_init: Application information:
I (253) app_init: Project name:     astrahost
I (257) app_init: App version:      0.1.0
I (261) app_init: Compile time:     Jul 23 2026 21:19:49
I (266) app_init: ELF file SHA256:  ae1ed1084...
I (270) app_init: ESP-IDF:          v5.5.4-dirty
I (275) efuse_init: Min chip rev:     v0.0
I (278) efuse_init: Max chip rev:     v3.99
I (282) efuse_init: Chip rev:         v3.1
I (287) heap_init: Initializing. RAM available for dynamic allocation:
I (293) heap_init: At 3FFAE6E0 len 00001920 (6 KiB): DRAM
I (298) heap_init: At 3FFB5D90 len 0002A270 (168 KiB): DRAM
I (303) heap_init: At 3FFE0440 len 00003AE0 (14 KiB): D/IRAM
I (308) heap_init: At 3FFE4350 len 0001BCB0 (111 KiB): D/IRAM
I (314) heap_init: At 4008D7F0 len 00012810 (74 KiB): IRAM
I (320) spi_flash: detected chip: generic
I (323) spi_flash: flash io: dio
W (326) spi_flash: Detected size(16384k) larger than the size in the binary image header(4096k). Using the size in the binary image header.
I (339) main_task: Started on CPU0
I (342) main_task: Calling app_main()
I (344) AstraHost: AstraHost 0.1 starting
I (348) AstraHost: FPGA communication: SPI only, mode 0 at 20000000 Hz
I (397) sdspi_transaction: cmd=52, R1 response: command not supported
I (599) sdspi_transaction: cmd=5, R1 response: command not supported
I (1542) AstraHost: SD boot partition mounted
Name: SN256
Type: SDHC
Speed: 20.00 MHz (limit: 20.00 MHz)
Size: 244016MB
CSD: ver=2, sector_size=512, capacity=499744768 read_bl_len=9
SSR: bus_width=1
W (1630) AstraHost: native Astra volume unavailable: not a GPT disk
I (47071) AstraHost: updated /sdcard/ASTRA68.ROM: 36268 payload bytes CRC32=c030b951
W (47324) AstraHost: waiting for FPGA SPI link: ESP_ERR_TIMEOUT
W (47675) AstraHost: waiting for FPGA SPI link: ESP_ERR_TIMEOUT
W (48026) AstraHost: waiting for FPGA SPI link: ESP_ERR_TIMEOUT
W (48377) AstraHost: waiting for FPGA SPI link: ESP_ERR_TIMEOUT
W (48728) AstraHost: waiting for FPGA SPI link: ESP_ERR_TIMEOUT
W (49079) AstraHost: waiting for FPGA SPI link: ESP_ERR_TIMEOUT
W (49430) AstraHost: waiting for FPGA SPI link: ESP_ERR_TIMEOUT
W (49781) AstraHost: waiting for FPGA SPI link: ESP_ERR_TIMEOUT
W (50132) AstraHost: waiting for FPGA SPI link: ESP_ERR_TIMEOUT
W (50483) AstraHost: waiting for FPGA SPI link: ESP_ERR_TIMEOUT
W (50834) AstraHost: waiting for FPGA SPI link: ESP_ERR_TIMEOUT
W (51185) AstraHost: waiting for FPGA SPI link: ESP_ERR_TIMEOUT
W (51536) AstraHost: waiting for FPGA SPI link: ESP_ERR_TIMEOUT
W (51887) AstraHost: waiting for FPGA SPI link: ESP_ERR_TIMEOUT
W (52238) AstraHost: waiting for FPGA SPI link: ESP_ERR_TIMEOUT
W (52589) AstraHost: waiting for FPGA SPI link: ESP_ERR_TIMEOUT
W (52940) AstraHost: waiting for FPGA SPI link: ESP_ERR_TIMEOUT
W (53291) AstraHost: waiting for FPGA SPI link: ESP_ERR_TIMEOUT
W (53642) AstraHost: waiting for FPGA SPI link: ESP_ERR_TIMEOUT
W (53993) AstraHost: waiting for FPGA SPI link: ESP_ERR_TIMEOUT
W (54344) AstraHost: waiting for FPGA SPI link: ESP_ERR_TIMEOUT
W (54695) AstraHost: waiting for FPGA SPI link: ESP_ERR_TIMEOUT
W (55046) AstraHost: waiting for FPGA SPI link: ESP_ERR_TIMEOUT
W (55397) AstraHost: waiting for FPGA SPI link: ESP_ERR_TIMEOUT
W (55748) AstraHost: waiting for FPGA SPI link: ESP_ERR_TIMEOUT
W (56099) AstraHost: waiting for FPGA SPI link: ESP_ERR_TIMEOUT
W (56450) AstraHost: waiting for FPGA SPI link: ESP_ERR_TIMEOUT
W (56801) AstraHost: waiting for FPGA SPI link: ESP_ERR_TIMEOUT
W (57152) AstraHost: waiting for FPGA SPI link: ESP_ERR_TIMEOUT
W (57503) AstraHost: waiting for FPGA SPI link: ESP_ERR_TIMEOUT
W (57854) AstraHost: waiting for FPGA SPI link: ESP_ERR_TIMEOUT
W (58205) AstraHost: waiting for FPGA SPI link: ESP_ERR_TIMEOUT
W (58556) AstraHost: waiting for FPGA SPI link: ESP_ERR_TIMEOUT
W (58907) AstraHost: waiting for FPGA SPI link: ESP_ERR_TIMEOUT
W (59258) AstraHost: waiting for FPGA SPI link: ESP_ERR_TIMEOUT
W (59609) AstraHost: waiting for FPGA SPI link: ESP_ERR_TIMEOUT
W (59960) AstraHost: waiting for FPGA SPI link: ESP_ERR_TIMEOUT
W (60311) AstraHost: waiting for FPGA SPI link: ESP_ERR_TIMEOUT
W (60662) AstraHost: waiting for FPGA SPI link: ESP_ERR_TIMEOUT
W (61013) AstraHost: waiting for FPGA SPI link: ESP_ERR_TIMEOUT
W (61364) AstraHost: waiting for FPGA SPI link: ESP_ERR_TIMEOUT
W (61715) AstraHost: waiting for FPGA SPI link: ESP_ERR_TIMEOUT
W (62066) AstraHost: waiting for FPGA SPI link: ESP_ERR_TIMEOUT
W (62417) AstraHost: waiting for FPGA SPI link: ESP_ERR_TIMEOUT
W (62768) AstraHost: waiting for FPGA SPI link: ESP_ERR_TIMEOUT
W (63119) AstraHost: waiting for FPGA SPI link: ESP_ERR_TIMEOUT
W (63470) AstraHost: waiting for FPGA SPI link: ESP_ERR_TIMEOUT
W (63821) AstraHost: waiting for FPGA SPI link: ESP_ERR_TIMEOUT
W (64172) AstraHost: waiting for FPGA SPI link: ESP_ERR_TIMEOUT
W (64523) AstraHost: waiting for FPGA SPI link: ESP_ERR_TIMEOUT
W (64874) AstraHost: waiting for FPGA SPI link: ESP_ERR_TIMEOUT
W (65225) AstraHost: waiting for FPGA SPI link: ESP_ERR_TIMEOUT
W (65576) AstraHost: waiting for FPGA SPI link: ESP_ERR_TIMEOUT
W (65927) AstraHost: waiting for FPGA SPI link: ESP_ERR_TIMEOUT
W (66278) AstraHost: waiting for FPGA SPI link: ESP_ERR_TIMEOUT
W (66629) AstraHost: waiting for FPGA SPI link: ESP_ERR_TIMEOUT
W (66980) AstraHost: waiting for FPGA SPI link: ESP_ERR_TIMEOUT
W (67331) AstraHost: waiting for FPGA SPI link: ESP_ERR_TIMEOUT
W (67682) AstraHost: waiting for FPGA SPI link: ESP_ERR_TIMEOUT
W (68033) AstraHost: waiting for FPGA SPI link: ESP_ERR_TIMEOUT
W (68384) AstraHost: waiting for FPGA SPI link: ESP_ERR_TIMEOUT
W (68735) AstraHost: waiting for FPGA SPI link: ESP_ERR_TIMEOUT
W (69086) AstraHost: waiting for FPGA SPI link: ESP_ERR_TIMEOUT
W (69437) AstraHost: waiting for FPGA SPI link: ESP_ERR_TIMEOUT
W (69788) AstraHost: waiting for FPGA SPI link: ESP_ERR_TIMEOUT
W (70139) AstraHost: waiting for FPGA SPI link: ESP_ERR_TIMEOUT
W (70490) AstraHost: waiting for FPGA SPI link: ESP_ERR_TIMEOUT
W (70841) AstraHost: waiting for FPGA SPI link: ESP_ERR_TIMEOUT
W (71192) AstraHost: waiting for FPGA SPI link: ESP_ERR_TIMEOUT
W (71543) AstraHost: waiting for FPGA SPI link: ESP_ERR_TIMEOUT
W (71894) AstraHost: waiting for FPGA SPI link: ESP_ERR_TIMEOUT
W (72245) AstraHost: waiting for FPGA SPI link: ESP_ERR_TIMEOUT
W (72596) AstraHost: waiting for FPGA SPI link: ESP_ERR_TIMEOUT
W (72947) AstraHost: waiting for FPGA SPI link: ESP_ERR_TIMEOUT
W (73298) AstraHost: waiting for FPGA SPI link: ESP_ERR_TIMEOUT
W (73649) AstraHost: waiting for FPGA SPI link: ESP_ERR_TIMEOUT
W (74000) AstraHost: waiting for FPGA SPI link: ESP_ERR_TIMEOUT
W (74351) AstraHost: waiting for FPGA SPI link: ESP_ERR_TIMEOUT
W (74702) AstraHost: waiting for FPGA SPI link: ESP_ERR_TIMEOUT
W (75053) AstraHost: waiting for FPGA SPI link: ESP_ERR_TIMEOUT
W (75404) AstraHost: waiting for FPGA SPI link: ESP_ERR_TIMEOUT
W (75755) AstraHost: waiting for FPGA SPI link: ESP_ERR_TIMEOUT
W (76106) AstraHost: waiting for FPGA SPI link: ESP_ERR_TIMEOUT
W (76457) AstraHost: waiting for FPGA SPI link: ESP_ERR_TIMEOUT
W (76808) AstraHost: waiting for FPGA SPI link: ESP_ERR_TIMEOUT
W (77159) AstraHost: waiting for FPGA SPI link: ESP_ERR_TIMEOUT
W (77510) AstraHost: waiting for FPGA SPI link: ESP_ERR_TIMEOUT
W (77861) AstraHost: waiting for FPGA SPI link: ESP_ERR_TIMEOUT
W (78212) AstraHost: waiting for FPGA SPI link: ESP_ERR_TIMEOUT
W (78563) AstraHost: waiting for FPGA SPI link: ESP_ERR_TIMEOUT
W (78914) AstraHost: waiting for FPGA SPI link: ESP_ERR_TIMEOUT
W (79265) AstraHost: waiting for FPGA SPI link: ESP_ERR_TIMEOUT
W (79616) AstraHost: waiting for FPGA SPI link: ESP_ERR_TIMEOUT
W (79967) AstraHost: waiting for FPGA SPI link: ESP_ERR_TIMEOUT
W (80318) AstraHost: waiting for FPGA SPI link: ESP_ERR_TIMEOUT
W (80669) AstraHost: waiting for FPGA SPI link: ESP_ERR_TIMEOUT
W (81020) AstraHost: waiting for FPGA SPI link: ESP_ERR_TIMEOUT
W (81371) AstraHost: waiting for FPGA SPI link: ESP_ERR_TIMEOUT
W (81722) AstraHost: waiting for FPGA SPI link: ESP_ERR_TIMEOUT
W (82073) AstraHost: waiting for FPGA SPI link: ESP_ERR_TIMEOUT
W (82424) AstraHost: waiting for FPGA SPI link: ESP_ERR_TIMEOUT
W (82775) AstraHost: waiting for FPGA SPI link: ESP_ERR_TIMEOUT
W (83126) AstraHost: waiting for FPGA SPI link: ESP_ERR_TIMEOUT
W (83477) AstraHost: waiting for FPGA SPI link: ESP_ERR_TIMEOUT
W (83828) AstraHost: waiting for FPGA SPI link: ESP_ERR_TIMEOUT
W (84179) AstraHost: waiting for FPGA SPI link: ESP_ERR_TIMEOUT
W (84530) AstraHost: waiting for FPGA SPI link: ESP_ERR_TIMEOUT
W (84881) AstraHost: waiting for FPGA SPI link: ESP_ERR_TIMEOUT
W (85232) AstraHost: waiting for FPGA SPI link: ESP_ERR_TIMEOUT
W (85583) AstraHost: waiting for FPGA SPI link: ESP_ERR_TIMEOUT
W (85934) AstraHost: waiting for FPGA SPI link: ESP_ERR_TIMEOUT
W (86285) AstraHost: waiting for FPGA SPI link: ESP_ERR_TIMEOUT
W (86636) AstraHost: waiting for FPGA SPI link: ESP_ERR_TIMEOUT
W (86987) AstraHost: waiting for FPGA SPI link: ESP_ERR_TIMEOUT
W (87338) AstraHost: waiting for FPGA SPI link: ESP_ERR_TIMEOUT
W (87689) AstraHost: waiting for FPGA SPI link: ESP_ERR_TIMEOUT
W (88040) AstraHost: waiting for FPGA SPI link: ESP_ERR_TIMEOUT
W (88391) AstraHost: waiting for FPGA SPI link: ESP_ERR_TIMEOUT
W (88742) AstraHost: waiting for FPGA SPI link: ESP_ERR_TIMEOUT
W (89093) AstraHost: waiting for FPGA SPI link: ESP_ERR_TIMEOUT
W (89444) AstraHost: waiting for FPGA SPI link: ESP_ERR_TIMEOUT
W (89795) AstraHost: waiting for FPGA SPI link: ESP_ERR_TIMEOUT
