OK
AstraHost ROM ..... OK
ROM CRC32 ........ 0xB138EB36
Starting system ROM
ASTRA 68 SYSTEM ROM v0.3
Built: 2026-07-23T06:08:32Z  Git: 77b3cdc8fddb984850073a2c2cb5998bbbe1d857

Vesta:  v1.0
CPU:    TG68K.C 68030 MMU2 @ 12500000 Hz
MMU:    integrated 68030 PMMU
RAM:    32 MiB @ 0x02000000
ROM:    256 KiB @ 0xFFE00000
BUILD:  0x77B3CDC8
Chips:  VSTA v1.0, ASTR v1.0, VEGA v1.0, OHCI v1.0
NVRAM:  not present; defaults active

POST
  SDRAM init ........ OK
  Front panel ....... OK
  Data/byte lanes .... OK
  Address lines ...... OK
  Cache coherence .... OK
  CPU BRAM cycles (256 bytes payload)
    8-bit  write=3897 read=4660
    16-bit write=1720 read=2104
    32-bit write=1143 read=1074
  CPU memory cycles (16384 bytes payload)
    8-bit  write=147513 read=189741
      write dmiss=0 rdreq=29 wrreq=16384 wait=88 lhit=16 lmiss=5 post=16384
      read  dmiss=1024 rdreq=1040 wrreq=0 wait=9568 lhit=15 lmiss=1033 post=0
      hot read=189748
    16-bit write=73766 read=99820
      write dmiss=0 rdreq=20 wrreq=8192 wait=85 lhit=14 lmiss=5 post=8192
      read  dmiss=1024 rdreq=1041 wrreq=0 wait=9749 lhit=18 lmiss=1030 post=0
      hot read=99867
    32-bit write=45092 read=49955
      write dmiss=0 rdreq=20 wrreq=4096 wait=62 lhit=12 lmiss=3 post=4096
      read  dmiss=1024 rdreq=1039 wrreq=0 wait=9031 lhit=15 lmiss=1031 post=0
      hot read=49969
  Astraea DMA (64 KiB)
    fill=9325 copy=21645
  Full-range BIST ... [stage0] OK

POST PASS
  Kernel image ...... OK
Starting Astra kernel
ASTRA 68 KERNEL v0.1.0-dev
Built: 2026-07-23T06:08:32Z
Git:   77b3cdc8fddb984850073a2c2cb5998bbbe1d857

BootInfo ........... OK
Early log .......... OK @ 0x02000000
VBR ................ OK @ 0x02010400
Kernel image ....... 24876 bytes @ 0x02010000
CPU ................ MC68030 @ 12500000 Hz
PMMU ............... enabled, SRP 0x02004000
Physical pages ..... 7992 free / 8192 total
User copy .......... OK, fault recovery verified
Vesta timer ........ OK @ 100 Hz
AstraHost runtime ... OK, media not provisioned
Input queue ......... OK
K1 soak ............. armed, baseline 7987 pages
User processes ...... 2 ready, cache isolation armed

User tasks .......... OK, 100 Hz preemption
Fault containment ... OK, offender reaped
Context switches .... 7

K1 PROTECTED ENTRY PASS
KERNEL MULTITASKING
K1 SOAK cycles=4 switches=11 ticks=24 syscalls=0x0000000000000078 free=7987
K1 SOAK cycles=10 switches=23 ticks=58 syscalls=0x0000000000000106 free=7987
K1 SOAK cycles=100 switches=203 ticks=558 syscalls=0x00000000000008EC free=7987
K1 SOAK cycles=1000 switches=2003 ticks=5536 syscalls=0x0000000000005717 free=7987
