OK
AstraHost ROM ..... OK
ROM CRC32 ........ 0xC030B951
Starting system ROM
ASTRA 68 SYSTEM ROM v0.3
Built: 2026-07-23T21:14:14Z  Git: bbb1616a1e65ef56619bffb11cb21e9ea1bc5202

Vesta:  v1.0
CPU:    TG68K.C 68030 MMU2 @ 12500000 Hz
MMU:    integrated 68030 PMMU
RAM:    32 MiB @ 0x02000000
ROM:    256 KiB @ 0xFFE00000
BUILD:  0x77B3CDC8
Chips:  VSTA v1.0, ASTR v1.0, VEGA v1.0, OHCI v1.0
NVRAM:  not present; defaults active

POST
  SDRAM init ........ OK
  Front panel ....... OK
  Data/byte lanes .... OK
  Address lines ...... OK
  Cache coherence .... OK
  CPU BRAM cycles (256 bytes payload)
    8-bit  write=3897 read=4663
    16-bit write=1720 read=2104
    32-bit write=1144 read=1074
  CPU memory cycles (16384 bytes payload)
    8-bit  write=147512 read=189735
      write dmiss=0 rdreq=29 wrreq=16384 wait=89 lhit=16 lmiss=5 post=16384
      read  dmiss=1024 rdreq=1040 wrreq=0 wait=9561 lhit=15 lmiss=1033 post=0
      hot read=189742
    16-bit write=73766 read=99826
      write dmiss=0 rdreq=20 wrreq=8192 wait=83 lhit=14 lmiss=5 post=8192
      read  dmiss=1024 rdreq=1041 wrreq=0 wait=9755 lhit=18 lmiss=1030 post=0
      hot read=99850
    32-bit write=45092 read=49953
      write dmiss=0 rdreq=20 wrreq=4096 wait=62 lhit=12 lmiss=3 post=4096
      read  dmiss=1024 rdreq=1039 wrreq=0 wait=9029 lhit=15 lmiss=1031 post=0
      hot read=49940
  Astraea DMA (64 KiB)
    fill=9323 copy=21642
  Full-range BIST ... [stage0] OK

POST PASS
  Kernel image ...... OK
Starting Astra kernel
ASTRA 68 KERNEL v0.1.0-dev
Built: 2026-07-23T21:14:14Z
Git:   bbb1616a1e65ef56619bffb11cb21e9ea1bc5202

BootInfo ........... OK
Early log .......... OK @ 0x02000000
VBR ................ OK @ 0x02010400
Kernel image ....... 24856 bytes @ 0x02010000
CPU ................ MC68030 @ 12500000 Hz
PMMU ............... enabled, SRP 0x02004000
Physical pages ..... 7992 free / 8192 total
User copy .......... OK, fault recovery verified
Vesta timer ........ OK @ 100 Hz
AstraHost runtime ... OK, media not provisioned
Input queue ......... OK
User processes ...... 2 ready, cache isolation armed

User tasks .......... OK, 100 Hz preemption
Fault containment ... OK, offender reaped
Context switches .... 3

K1 PROTECTED ENTRY PASS
POST capture elapsed=1.931s events=[(1.132944849319756, 'R'), (1.1338258236646652, '.'), (1.1338455956429243, '.'), (1.1338640907779336, '.'), (1.1338819097727537, '.'), (1.1339010065421462, '.'), (1.350096708163619, 'R'), (1.3510706657543778, 'R'), (1.3511618161574006, '.'), (1.3511809213086963, '.'), (1.3519440768286586, '.'), (1.3519801441580057, '.'), (1.3520033545792103, '.'), (1.352023265324533, '.'), (1.3520422633737326, '.'), (1.3520608227699995, '.'), (1.354998691007495, 'R'), (1.3580676317214966, 'R'), (1.3599859261885285, 'R'), (1.3601313093677163, '.'), (1.3682331275194883, '.'), (1.3700823886319995, '.'), (1.3752028094604611, 'R'), (1.3772946633398533, 'R'), (1.3831584909930825, '.'), (1.3840493625029922, 'R'), (1.3841701373457909, '.'), (1.3851589085534215, '.'), (1.3861616738140583, '.'), (1.3862836370244622, 'R'), (1.3910740381106734, 'R'), (1.3913010088726878, '.'), (1.3920445311814547, '.'), (1.39208740927279, '.'), (1.3921173615381122, '.'), (1.3921442981809378, '.'), (1.3921693405136466, '.'), (1.3921934086829424, '.'), (1.392217442393303, '.'), (1.3941438421607018, '.'), (1.3941696351394057, '.'), (1.3941947389394045, '.'), (1.3942188089713454, '.'), (1.3942427681759, '.'), (1.394266800954938, '.'), (1.3942907629534602, '.'), (1.3971358984708786, '.'), (1.3971631461754441, '.'), (1.3971885200589895, '.'), (1.3972130957990885, '.'), (1.3992865579202771, '.'), (1.3993115555495024, '.'), (1.3993360288441181, '.'), (1.4000190664082766, '.'), (1.400050868280232, '.'), (1.4000762831419706, '.'), (1.4033246412873268, '.'), (1.403351361863315, '.'), (1.4033772479742765, '.'), (1.4040724011138082, '.'), (1.4052105778828263, 'R'), (1.5624423222616315, '.'), (1.562505753710866, '.'), (1.5625543296337128, '.'), (1.5634591886773705, ']'), (1.566424504853785, '.'), (1.566470568999648, '.'), (1.566511402837932, '.'), (1.5665510818362236, '.'), (1.5665906881913543, '.'), (1.566629801876843, '.'), (1.6615257319062948, 'R'), (1.6620146054774523, 'R'), (1.662654078565538, '.'), (1.662735684774816, '.'), (1.7365619642660022, '.'), (1.7366048730909824, '.'), (1.7366473050788045, '.'), (1.7366889659315348, '.'), (1.7367302160710096, '.'), (1.7367709875106812, '.'), (1.7368119964376092, '.'), (1.7373743634670973, '.'), (1.7374662151560187, '.'), (1.7375165279954672, '.'), (1.7375614373013377, '.'), (1.7387405941262841, '.'), (1.7387825129553676, '.'), (1.7388236755505204, '.'), (1.738864573650062, '.'), (1.7393865063786507, '.'), (1.7394795576110482, '.'), (1.7395301517099142, '.'), (1.7395762763917446, '.'), (1.7396201146766543, '.'), (1.7396625895053148, '.'), (1.7415332356467843, 'R'), (1.741616907529533, '.'), (1.7416665218770504, '.'), (1.7417100071907043, '.'), (1.7417562957853079, '.'), (1.7417971193790436, '.'), (1.741837446577847, '.'), (1.7423775680363178, '.'), (1.742533807642758, '.'), (1.7425875728949904, '.'), (1.7426329627633095, '.'), (1.7426766296848655, '.'), (1.7427189741283655, '.'), (1.7427618689835072, '.'), (1.7428033174946904, '.'), (1.7428452745079994, '.'), (1.7428871719166636, '.'), (1.7457640301436186, '.'), (1.7458060244098306, '.'), (1.7458472466096282, '.'), (1.745888415724039, '.'), (1.7463515931740403, '.'), (1.7464407570660114, '.'), (1.746493212878704, '.'), (1.7496011201292276, '.'), (1.74964630138129, '.'), (1.7496888935565948, '.'), (1.7497310927137733, '.'), (1.749773575924337, '.'), (1.749815464951098, '.'), (1.7498574797064066, '.'), (1.7498993529006839, '.'), (1.7499412475153804, '.'), (1.749984048306942, '.'), (1.7503223484382033, '.'), (1.7503980416804552, '.'), (1.7504553720355034, '.'), (1.7505028694868088, '.'), (1.7505473839119077, '.'), (1.7505903244018555, '.'), (1.7535444488748908, '.'), (1.7535981955006719, '.'), (1.7536447811871767, '.'), (1.7536890106275678, '.'), (1.7537331031635404, '.'), (1.753776508383453, '.'), (1.7538194861263037, '.'), (1.7538618203252554, '.'), (1.753904148004949, '.'), (1.7539464998990297, '.'), (1.754386255517602, '.'), (1.7544803824275732, '.'), (1.754532833583653, '.'), (1.7545800358057022, '.'), (1.7546239383518696, '.'), (1.7556637721136212, 'R'), (1.7584983594715595, '.'), (1.7585501642897725, '.'), (1.7585966531187296, '.'), (1.7586407903581858, '.'), (1.7586839459836483, '.'), (1.76181557495147, '.'), (1.7618593191727996, '.'), (1.7619150811806321, '.'), (1.7624379554763436, '.'), (1.7625062558799982, '.'), (1.7625584620982409, '.'), (1.762605574913323, '.'), (1.7626506676897407, '.'), (1.7626947546377778, '.'), (1.762738497927785, '.'), (1.786731420084834, '.'), (1.7867757994681597, '.'), (1.7868191646412015, '.'), (1.7868622038513422, '.'), (1.786905118264258, '.'), (1.7874240139499307, '.'), (1.7874945411458611, '.'), (1.7875468004494905, '.'), (1.7905520079657435, '.'), (1.7905986085534096, '.'), (1.790643759071827, '.'), (1.7939445935189724, '.'), (1.7943847831338644, '.'), (1.7944752182811499, '.'), (1.7945293635129929, '.'), (1.7945777047425508, '.'), (1.7946240240707994, '.'), (1.7946689669042826, '.'), (1.7947135139256716, '.'), (1.794757858850062, '.'), (1.8637986611574888, '.'), (1.8638435611501336, '.'), (1.8638871321454644, '.'), (1.8639309210702777, '.'), (1.8644457990303636, '.'), (1.8645430859178305, '.'), (1.9189567668363452, '.'), (1.9190033171325922, '.'), (1.9195580929517746, '.'), (1.9196280371397734, '.'), (1.9196823984384537, '.'), (1.919731130823493, '.'), (1.9197781654074788, '.'), (1.9198236037045717, '.'), (1.9198705423623323, '.'), (1.9199539879336953, '.'), (1.9240152155980468, '.'), (1.9241008451208472, '.'), (1.9241831842809916, '.'), (1.9276422737166286, '.'), (1.927725862711668, '.'), (1.9278123565018177, '.'), (1.927892710082233, '.'), (1.9288306012749672, 'R'), (1.9298001630231738, 'R')]
CPU memory 8-bit: write=52.553 MB/s read=43.920 MB/s
CPU memory 16-bit: write=119.070 MB/s read=97.338 MB/s
CPU memory 32-bit: write=179.021 MB/s read=190.689 MB/s
CPU memory 8-bit: write=1.388 MB/s read=1.079 MB/s
CPU memory 16-bit: write=2.776 MB/s read=2.052 MB/s
CPU memory 32-bit: write=4.542 MB/s read=4.100 MB/s
Astraea DMA: fill=87.869 MB/s copy=37.852 MB/s
