OK
AstraHost ROM ..... OK
ROM CRC32 ........ 0xEB1B381F
Starting system ROM
ASTRA 68 SYSTEM ROM v0.3
Built: 2026-07-23T06:08:32Z  Git: 77b3cdc8fddb984850073a2c2cb5998bbbe1d857

Vesta:  v1.0
CPU:    TG68K.C 68030 MMU2 @ 12500000 Hz
MMU:    integrated 68030 PMMU
RAM:    32 MiB @ 0x02000000
ROM:    256 KiB @ 0xFFE00000
BUILD:  0x77B3CDC8
Chips:  VSTA v1.0, ASTR v1.0, VEGA v1.0, OHCI v1.0
NVRAM:  not present; defaults active

POST
  SDRAM init ........ OK
  Front panel ....... OK
  Data/byte lanes .... OK
  Address lines ...... OK
  Cache coherence .... OK
  CPU BRAM cycles (256 bytes payload)
    8-bit  write=3897 read=4663
    16-bit write=1719 read=2103
    32-bit write=1143 read=1074
  CPU memory cycles (16384 bytes payload)
    8-bit  write=147514 read=189736
      write dmiss=0 rdreq=29 wrreq=16384 wait=89 lhit=16 lmiss=5 post=16384
      read  dmiss=1024 rdreq=1040 wrreq=0 wait=9562 lhit=15 lmiss=1033 post=0
      hot read=189739
    16-bit write=73766 read=99832
      write dmiss=0 rdreq=20 wrreq=8192 wait=83 lhit=14 lmiss=5 post=8192
      read  dmiss=1024 rdreq=1041 wrreq=0 wait=9761 lhit=18 lmiss=1030 post=0
      hot read=99886
    32-bit write=45092 read=49956
      write dmiss=0 rdreq=20 wrreq=4096 wait=62 lhit=12 lmiss=3 post=4096
      read  dmiss=1024 rdreq=1039 wrreq=0 wait=9032 lhit=15 lmiss=1031 post=0
      hot read=49955
  Astraea DMA (64 KiB)
    fill=9329 copy=21645
  Full-range BIST ... [stage0] OK

POST PASS
  Kernel image ...... OK
Starting Astra kernel
ASTRA 68 KERNEL v0.1.0-dev
Built: 2026-07-23T06:08:32Z
Git:   77b3cdc8fddb984850073a2c2cb5998bbbe1d857

BootInfo ........... OK
Early log .......... OK @ 0x02000000
VBR ................ OK @ 0x02010400
Kernel image ....... 23948 bytes @ 0x02010000
CPU ................ MC68030 @ 12500000 Hz
PMMU ............... enabled, SRP 0x02004000
Physical pages ..... 7992 free / 8192 total
User copy .......... OK, fault recovery verified
Vesta timer ........ OK @ 100 Hz
AstraHost runtime ... OK, media not provisioned
Input queue ......... OK
User processes ...... 2 ready, cache isolation armed

User tasks .......... OK, 100 Hz preemption
Fault containment ... OK, offender reaped
Context switches .... 3

K1 PROTECTED ENTRY PASS
POST capture elapsed=2.132s events=[(1.1420703083276749, 'R'), (1.142147901467979, '.'), (1.1428345926105976, '.'), (1.142903447151184, '.'), (1.1429623533040285, '.'), (1.1430077776312828, '.'), (1.3613011166453362, 'R'), (1.3614032650366426, 'R'), (1.3622432313859463, '.'), (1.3622653279453516, '.'), (1.3622859856113791, '.'), (1.3623061822727323, '.'), (1.3623340083286166, '.'), (1.362375964410603, '.'), (1.3623993936926126, '.'), (1.3631260860711336, '.'), (1.365320879034698, 'R'), (1.3691971534863114, 'R'), (1.3703567776829004, 'R'), (1.3711879421025515, '.'), (1.3791851587593555, '.'), (1.380350923165679, '.'), (1.3854249874129891, 'R'), (1.3882544515654445, 'R'), (1.393459402024746, '.'), (1.3942995565012097, 'R'), (1.3944040797650814, '.'), (1.39543348364532, '.'), (1.3964295769110322, '.'), (1.397239119745791, 'R'), (1.4013300836086273, 'R'), (1.4023578949272633, '.'), (1.4023890802636743, '.'), (1.40241863951087, '.'), (1.4024612586945295, '.'), (1.4024906996637583, '.'), (1.4025183320045471, '.'), (1.402546119876206, '.'), (1.4031031783670187, '.'), (1.4043214535340667, '.'), (1.4043497247621417, '.'), (1.404377711005509, '.'), (1.4051020815968513, '.'), (1.4051521504297853, '.'), (1.405186084099114, '.'), (1.4052157988771796, '.'), (1.4074380546808243, '.'), (1.407481207512319, '.'), (1.4075105898082256, '.'), (1.4075384084135294, '.'), (1.410272704437375, '.'), (1.4103017505258322, '.'), (1.410330068320036, '.'), (1.4103585043922067, '.'), (1.4103863276541233, '.'), (1.4104139199480414, '.'), (1.4142458494752645, '.'), (1.4142770636826754, '.'), (1.4143062215298414, '.'), (1.4143344098702073, '.'), (1.4161665150895715, 'R'), (1.5727778133004904, '.'), (1.572891584597528, '.'), (1.5733431298285723, '.'), (1.5737781086936593, ']'), (1.576773352921009, '.'), (1.5768876345828176, '.'), (1.5773485405370593, '.'), (1.5774087132886052, '.'), (1.5774532249197364, '.'), (1.57749243080616, '.'), (1.6684774234890938, 'R'), (1.6695880023762584, 'R'), (1.6704790405929089, '.'), (1.6705417111515999, '.'), (1.726697564125061, '.'), (1.72672887891531, '.'), (1.72675924282521, '.'), (1.7274944204837084, '.'), (1.7275425596162677, '.'), (1.7275777021422982, '.'), (1.727609002031386, '.'), (1.7276386534795165, '.'), (1.7277052216231823, '.'), (1.7277371268719435, '.'), (1.7277674498036504, '.'), (1.7294953912496567, '.'), (1.729599746875465, '.'), (1.729705099016428, '.'), (1.7297395570203662, '.'), (1.7297706482931972, '.'), (1.7298003677278757, '.'), (1.7298296643421054, '.'), (1.7298596668988466, '.'), (1.7298892186954618, '.'), (1.7299186736345291, '.'), (1.7318676793947816, 'R'), (1.7319280598312616, '.'), (1.7325282590463758, '.'), (1.7325871093198657, '.'), (1.7326511535793543, '.'), (1.7327761063352227, '.'), (1.7328657442703843, '.'), (1.7329544993117452, '.'), (1.73304293025285, '.'), (1.733101704157889, '.'), (1.7331506507471204, '.'), (1.7331924373283982, '.'), (1.7332228999584913, '.'), (1.7335188323631883, '.'), (1.7335670376196504, '.'), (1.7336088381707668, '.'), (1.7336421450600028, '.'), (1.736564751714468, '.'), (1.7366012008860707, '.'), (1.736633856780827, '.'), (1.7366649424657226, '.'), (1.7367271771654487, '.'), (1.7367581203579903, '.'), (1.7367877941578627, '.'), (1.7398360315710306, '.'), (1.7398688700050116, '.'), (1.7399003133177757, '.'), (1.7399312667548656, '.'), (1.7399618979543447, '.'), (1.740513464435935, '.'), (1.7405634671449661, '.'), (1.7405998846516013, '.'), (1.740633119828999, '.'), (1.7407105909660459, '.'), (1.7408113647252321, '.'), (1.7408594666048884, '.'), (1.7408918933942914, '.'), (1.7409232398495078, '.'), (1.7409543739631772, '.'), (1.7409853730350733, '.'), (1.743783324956894, '.'), (1.7438152758404613, '.'), (1.7438463605940342, '.'), (1.743877143599093, '.'), (1.7445068703964353, '.'), (1.7445551585406065, '.'), (1.7445900561288, '.'), (1.7446217415854335, '.'), (1.7446520756930113, '.'), (1.7446971610188484, '.'), (1.7447283808141947, '.'), (1.7447583638131618, '.'), (1.744787558913231, '.'), (1.7448171507567167, '.'), (1.7448464995250106, '.'), (1.7464683903381228, 'R'), (1.7488798294216394, '.'), (1.7489538444206119, '.'), (1.7489885687828064, '.'), (1.7495091538876295, '.'), (1.7495603915303946, '.'), (1.752740703523159, '.'), (1.752788539044559, '.'), (1.7528205625712872, '.'), (1.752852383069694, '.'), (1.7528836326673627, '.'), (1.7535292273387313, '.'), (1.753580253571272, '.'), (1.7536181714385748, '.'), (1.753652767278254, '.'), (1.7537073846906424, '.'), (1.777720332145691, '.'), (1.7777536530047655, '.'), (1.7777851354330778, '.'), (1.777816322632134, '.'), (1.777847483754158, '.'), (1.777886701747775, '.'), (1.7779191695153713, '.'), (1.778520567342639, '.'), (1.781475986354053, '.'), (1.7815297385677695, '.'), (1.7815697807818651, '.'), (1.7848798092454672, '.'), (1.7855078978464007, '.'), (1.7855604579672217, '.'), (1.785599797964096, '.'), (1.7856353363022208, '.'), (1.7856868160888553, '.'), (1.785725375637412, '.'), (1.7857585540041327, '.'), (1.7857909817248583, '.'), (1.8538673305884004, '.'), (1.8539016880095005, '.'), (1.853935206308961, '.'), (1.8544955607503653, '.'), (1.8545313458889723, '.'), (1.8545644199475646, '.'), (2.1201687827706337, '.'), (2.1202950291335583, '.'), (2.1204181564971805, '.'), (2.120538143441081, '.'), (2.1206669909879565, '.'), (2.120810590684414, '.'), (2.120919009670615, '.'), (2.1210203040391207, '.'), (2.121122951619327, '.'), (2.1212235959246755, '.'), (2.124080764129758, '.'), (2.1241135839372873, '.'), (2.124145778827369, '.'), (2.1281959349289536, '.'), (2.1282296050339937, '.'), (2.1282623568549752, '.'), (2.128295429982245, '.'), (2.12906676158309, 'R'), (2.1301153916865587, 'R')]
CPU memory 8-bit: write=52.553 MB/s read=43.920 MB/s
CPU memory 16-bit: write=119.139 MB/s read=97.385 MB/s
CPU memory 32-bit: write=179.178 MB/s read=190.689 MB/s
CPU memory 8-bit: write=1.388 MB/s read=1.079 MB/s
CPU memory 16-bit: write=2.776 MB/s read=2.051 MB/s
CPU memory 32-bit: write=4.542 MB/s read=4.100 MB/s
Astraea DMA: fill=87.812 MB/s copy=37.847 MB/s
