OK
AstraHost ROM ..... OK
ROM CRC32 ........ 0xB138EB36
Starting system ROM
ASTRA 68 SYSTEM ROM v0.3
Built: 2026-07-23T06:08:32Z  Git: 77b3cdc8fddb984850073a2c2cb5998bbbe1d857

Vesta:  v1.0
CPU:    TG68K.C 68030 MMU2 @ 12500000 Hz
MMU:    integrated 68030 PMMU
RAM:    32 MiB @ 0x02000000
ROM:    256 KiB @ 0xFFE00000
BUILD:  0x77B3CDC8
Chips:  VSTA v1.0, ASTR v1.0, VEGA v1.0, OHCI v1.0
NVRAM:  not present; defaults active

POST
  SDRAM init ........ OK
  Front panel ....... OK
  Data/byte lanes .... OK
  Address lines ...... OK
  Cache coherence .... OK
  CPU BRAM cycles (256 bytes payload)
    8-bit  write=3897 read=4660
    16-bit write=1720 read=2104
    32-bit write=1144 read=1074
  CPU memory cycles (16384 bytes payload)
    8-bit  write=147513 read=189741
      write dmiss=0 rdreq=29 wrreq=16384 wait=88 lhit=16 lmiss=5 post=16384
      read  dmiss=1024 rdreq=1040 wrreq=0 wait=9568 lhit=15 lmiss=1033 post=0
      hot read=189745
    16-bit write=73766 read=99832
      write dmiss=0 rdreq=20 wrreq=8192 wait=83 lhit=14 lmiss=5 post=8192
      read  dmiss=1024 rdreq=1041 wrreq=0 wait=9761 lhit=18 lmiss=1030 post=0
      hot read=99862
    32-bit write=45092 read=49954
      write dmiss=0 rdreq=20 wrreq=4096 wait=62 lhit=12 lmiss=3 post=4096
      read  dmiss=1024 rdreq=1039 wrreq=0 wait=9030 lhit=15 lmiss=1031 post=0
      hot read=49944
  Astraea DMA (64 KiB)
    fill=9326 copy=21646
  Full-range BIST ... [stage0] OK

POST PASS
  Kernel image ...... OK
Starting Astra kernel
ASTRA 68 KERNEL v0.1.0-dev
Built: 2026-07-23T06:08:32Z
Git:   77b3cdc8fddb984850073a2c2cb5998bbbe1d857

BootInfo ........... OK
Early log .......... OK @ 0x02000000
VBR ................ OK @ 0x02010400
Kernel image ....... 24876 bytes @ 0x02010000
CPU ................ MC68030 @ 12500000 Hz
PMMU ............... enabled, SRP 0x02004000
Physical pages ..... 7992 free / 8192 total
User copy .......... OK, fault recovery verified
Vesta timer ........ OK @ 100 Hz
AstraHost runtime ... OK, media not provisioned
Input queue ......... OK
K1 soak ............. armed, baseline 7987 pages
User processes ...... 2 ready, cache isolation armed

User tasks .......... OK, 100 Hz preemption
Fault containment ... OK, offender reaped
Context switches .... 7

K1 PROTECTED ENTRY PASS
KERNEL MULTITASKING
K1 SOAK cycles=4 switches=11 ticks=24 syscalls=0x0000000000000078 free=7987
K1 SOAK cycles=10 switches=23 ticks=58 syscalls=0x0000000000000106 free=7987
K1 SOAK cycles=100 switches=203 ticks=558 syscalls=0x00000000000008EC free=7987
K1 soak capture elapsed=29.440s events=[(1.1361325783655047, 'R'), (1.136910037137568, '.'), (1.1369436215609312, '.'), (1.1369764460250735, '.'), (1.1370091047137976, '.'), (1.137042068876326, '.'), (1.360130119137466, 'R'), (1.3602624470368028, 'R'), (1.361110440455377, '.'), (1.3611294478178024, '.'), (1.3611483117565513, '.'), (1.3611670676618814, '.'), (1.3611861625686288, '.'), (1.361204414628446, '.'), (1.3612222895026207, '.'), (1.3620318556204438, '.'), (1.364244676195085, 'R'), (1.3681129403412342, 'R'), (1.3692960077896714, 'R'), (1.3700669258832932, '.'), (1.3781245155259967, '.'), (1.379256664775312, '.'), (1.3843017667531967, 'R'), (1.3872254667803645, 'R'), (1.3923186883330345, '.'), (1.3935363972559571, 'R'), (1.3936725296080112, '.'), (1.3948803842067719, '.'), (1.395344814285636, '.'), (1.3963737105950713, 'R'), (1.4003264335915446, 'R'), (1.401208421215415, '.'), (1.4012410743162036, '.'), (1.4012734182178974, '.'), (1.4013053812086582, '.'), (1.401337274350226, '.'), (1.4013688145205379, '.'), (1.4014006974175572, '.'), (1.402111116796732, '.'), (1.4032813413068652, '.'), (1.4033147571608424, '.'), (1.4033485185354948, '.'), (1.4040343072265387, '.'), (1.4040746064856648, '.'), (1.4041083017364144, '.'), (1.4041413851082325, '.'), (1.4063462521880865, '.'), (1.4063799502328038, '.'), (1.406412803567946, '.'), (1.4064459223300219, '.'), (1.4094143956899643, '.'), (1.4094975385814905, '.'), (1.4095350056886673, '.'), (1.4095708737149835, '.'), (1.4096054444089532, '.'), (1.4096396956592798, '.'), (1.4132998483255506, '.'), (1.4133364306762815, '.'), (1.4133717436343431, '.'), (1.4134069634601474, '.'), (1.4151478987187147, 'R'), (1.5718706315383315, '.'), (1.5719292797148228, '.'), (1.5723122134804726, '.'), (1.572917795740068, ']'), (1.5758927557617426, '.'), (1.575951986014843, '.'), (1.57628726772964, '.'), (1.5764894243329763, '.'), (1.5765522802248597, '.'), (1.576611884869635, '.'), (1.6706193163990974, 'R'), (1.671752579510212, 'R'), (1.6724884929135442, '.'), (1.6725963801145554, '.'), (1.728837164118886, '.'), (1.7288989163935184, '.'), (1.7289554672315717, '.'), (1.7290103761479259, '.'), (1.7290647448971868, '.'), (1.7294351905584335, '.'), (1.7295331517234445, '.'), (1.7296208664774895, '.'), (1.7296818858012557, '.'), (1.7297391323372722, '.'), (1.7297954643145204, '.'), (1.7309812093153596, '.'), (1.7310370272025466, '.'), (1.7314192112535238, '.'), (1.7315259641036391, '.'), (1.7315895445644855, '.'), (1.7316482467576861, '.'), (1.7317060017958283, '.'), (1.7317632250487804, '.'), (1.7318197572603822, '.'), (1.7318758452311158, '.'), (1.7337586991488934, 'R'), (1.7338717402890325, '.'), (1.7339278496801853, '.'), (1.7339934464544058, '.'), (1.7344211032614112, '.'), (1.7345279352739453, '.'), (1.7345920940861106, '.'), (1.7346571255475283, '.'), (1.734715805388987, '.'), (1.7347724651917815, '.'), (1.734828995540738, '.'), (1.7348849698901176, '.'), (1.7349409153684974, '.'), (1.734997664578259, '.'), (1.735052878037095, '.'), (1.73540248721838, '.'), (1.7355190962553024, '.'), (1.7380468705669045, '.'), (1.738422223366797, '.'), (1.738528455607593, '.'), (1.7385934386402369, '.'), (1.738653396256268, '.'), (1.7387119187042117, '.'), (1.7387697296217084, '.'), (1.741772323846817, '.'), (1.7418312141671777, '.'), (1.7418895121663809, '.'), (1.7419475242495537, '.'), (1.7420052718371153, '.'), (1.7420627158135176, '.'), (1.7424162598326802, '.'), (1.7425207663327456, '.'), (1.7425860753282905, '.'), (1.7426479756832123, '.'), (1.7427077358588576, '.'), (1.7427664250135422, '.'), (1.7428245833143592, '.'), (1.7428822899237275, '.'), (1.7429402461275458, '.'), (1.7429980542510748, '.'), (1.7472124146297574, '.'), (1.747273645363748, '.'), (1.7473342726007104, '.'), (1.7473948923870921, '.'), (1.7474631806835532, '.'), (1.7475252812728286, '.'), (1.7475858852267265, '.'), (1.7476643798872828, '.'), (1.7477264171466231, '.'), (1.7477871216833591, '.'), (1.7478475840762258, '.'), (1.747907916083932, '.'), (1.747968110255897, '.'), (1.7480281945317984, '.'), (1.7480875924229622, '.'), (1.7488193530589342, 'R'), (1.7515776343643665, '.'), (1.7517075035721064, '.'), (1.7518349140882492, '.'), (1.7519529266282916, '.'), (1.7520654015243053, '.'), (1.7546185096725821, '.'), (1.7546822894364595, '.'), (1.7547460570931435, '.'), (1.7548092743381858, '.'), (1.7548720324411988, '.'), (1.7549352264031768, '.'), (1.754998341202736, '.'), (1.7550618844106793, '.'), (1.7553739212453365, '.'), (1.7554425513371825, '.'), (1.7795762848109007, '.'), (1.7796606086194515, '.'), (1.7797662355005741, '.'), (1.7798727061599493, '.'), (1.7799793127924204, '.'), (1.7800461566075683, '.'), (1.7801116527989507, '.'), (1.780175226740539, '.'), (1.7830051388591528, '.'), (1.7830699374899268, '.'), (1.7831345302984118, '.'), (1.7869113320484757, '.'), (1.786986411549151, '.'), (1.7870527040213346, '.'), (1.7871180260553956, '.'), (1.7871827771887183, '.'), (1.7874866416677833, '.'), (1.7875742325559258, '.'), (1.787647197023034, '.'), (1.7877157730981708, '.'), (1.8548037884756923, '.'), (1.8548675468191504, '.'), (1.8549299743026495, '.'), (1.8549916427582502, '.'), (1.8550530541688204, '.'), (1.8551146676763892, '.'), (1.8554771589115262, '.'), (1.855559759773314, '.'), (1.8556285463273525, '.'), (1.8556940518319607, '.'), (1.8557575130835176, '.'), (1.8558203112334013, '.'), (1.855882697738707, '.'), (1.8602237310260534, '.'), (1.8602947071194649, '.'), (1.8603609865531325, '.'), (1.8605395453050733, '.'), (1.8607824081555009, '.'), (1.8608822142705321, '.'), (2.7020558957010508, '.'), (2.7021229350939393, '.'), (2.702278295531869, '.'), (2.7024988597258925, '.'), (2.702569111250341, '.'), (2.7026364225894213, '.'), (2.7027034778147936, '.'), (2.7027698485180736, '.'), (2.7028360283002257, '.'), (2.7029022220522165, '.'), (2.7066610055044293, '.'), (2.706731074489653, '.'), (2.706800414249301, '.'), (2.7105730390176177, '.'), (2.7106461571529508, '.'), (2.710717160254717, '.'), (2.710787434130907, '.'), (2.7117276741191745, 'R'), (2.712720073759556, 'R'), (2.7138124592602253, 'R')]
CPU memory 8-bit: write=52.553 MB/s read=43.948 MB/s
CPU memory 16-bit: write=119.070 MB/s read=97.338 MB/s
CPU memory 32-bit: write=179.021 MB/s read=190.689 MB/s
CPU memory 8-bit: write=1.388 MB/s read=1.079 MB/s
CPU memory 16-bit: write=2.776 MB/s read=2.051 MB/s
CPU memory 32-bit: write=4.542 MB/s read=4.100 MB/s
Astraea DMA: fill=87.840 MB/s copy=37.845 MB/s
