OK
AstraHost ROM ..... OK
ROM CRC32 ........ 0x6AAAEE00
Starting system ROM
ASTRA 68 SYSTEM ROM v0.3
Built: 2026-07-23T06:08:32Z  Git: 77b3cdc8fddb984850073a2c2cb5998bbbe1d857

Vesta:  v1.0
CPU:    TG68K.C 68030 MMU2 @ 12500000 Hz
MMU:    integrated 68030 PMMU
RAM:    32 MiB @ 0x02000000
ROM:    256 KiB @ 0xFFE00000
BUILD:  0x77B3CDC8
Chips:  VSTA v1.0, ASTR v1.0, VEGA v1.0, OHCI v1.0
NVRAM:  not present; defaults active

POST
  SDRAM init ........ OK
  Front panel ....... OK
  Data/byte lanes .... OK
  Address lines ...... OK
  Cache coherence .... OK
  CPU BRAM cycles (256 bytes payload)
    8-bit  write=3898 read=4660
    16-bit write=1720 read=2104
    32-bit write=1144 read=1076
  CPU memory cycles (16384 bytes payload)
    8-bit  write=147514 read=189734
      write dmiss=0 rdreq=29 wrreq=16384 wait=89 lhit=16 lmiss=5 post=16384
      read  dmiss=1024 rdreq=1040 wrreq=0 wait=9560 lhit=15 lmiss=1033 post=0
      hot read=189739
    16-bit write=73766 read=99820
      write dmiss=0 rdreq=20 wrreq=8192 wait=86 lhit=14 lmiss=5 post=8192
      read  dmiss=1024 rdreq=1041 wrreq=0 wait=9749 lhit=18 lmiss=1030 post=0
      hot read=99877
    32-bit write=45092 read=49963
      write dmiss=0 rdreq=20 wrreq=4096 wait=62 lhit=12 lmiss=3 post=4096
      read  dmiss=1024 rdreq=1039 wrreq=0 wait=9039 lhit=15 lmiss=1031 post=0
      hot read=49947
  Astraea DMA (64 KiB)
    fill=9330 copy=21643
  Full-range BIST ... [stage0] OK

POST PASS
  Kernel image ...... OK
Starting Astra kernel
ASTRA 68 KERNEL v0.1.0-dev
Built: 2026-07-23T06:08:32Z
Git:   77b3cdc8fddb984850073a2c2cb5998bbbe1d857

BootInfo ........... OK
Early log .......... OK @ 0x02000000
VBR ................ OK @ 0x02010400
Kernel image ....... 23700 bytes @ 0x02010000
CPU ................ MC68030 @ 12500000 Hz
PMMU ............... enabled, SRP 0x02004000
Physical pages ..... 7992 free / 8192 total
User copy .......... OK, fault recovery verified
Vesta timer ........ OK @ 100 Hz
AstraHost runtime ... OK, media not provisioned
Input queue ......... OK
Supervisor guard .... fault injection
*** ASTRA KERNEL PANIC ***

Reason: unhandled processor exception
Kernel: v0.1.0-dev
Built:  2026-07-23T06:08:32Z
Git:    77b3cdc8fddb984850073a2c2cb5998bbbe1d857
HW:     0x77B3CDC8
Vector: 2  Format: 0xA
SR:     0x00002000
PC:     0x02011328
SSW:    0x00000105
Fault:  0x02028000

SYSTEM HALTED
kernel panic capture elapsed=1.821s events=[(1.1519539235159755, 'R'), (1.152104577049613, '.'), (1.1521396301686764, '.'), (1.152173855341971, '.'), (1.1522084092721343, '.'), (1.152243833988905, '.'), (1.3601463278755546, 'R'), (1.360957769677043, 'R'), (1.3611201671883464, '.'), (1.361138554289937, '.'), (1.3611603984609246, '.'), (1.361178571358323, '.'), (1.3618684289976954, '.'), (1.361927810125053, '.'), (1.3619668316096067, '.'), (1.362019951455295, '.'), (1.3648620964959264, 'R'), (1.368036625906825, 'R'), (1.369142566807568, 'R'), (1.3700627945363522, '.'), (1.3780507342889905, '.'), (1.3791773347184062, '.'), (1.384975828230381, 'R'), (1.3871342977508903, 'R'), (1.3931104307994246, '.'), (1.3934949981048703, 'R'), (1.3939665779471397, '.'), (1.3949700323864818, '.'), (1.396035198122263, '.'), (1.3961578300222754, 'R'), (1.4004718633368611, 'R'), (1.4011575933545828, '.'), (1.4011821979656816, '.'), (1.4012078708037734, '.'), (1.401232129894197, '.'), (1.4019502894952893, '.'), (1.4019951401278377, '.'), (1.4020474581047893, '.'), (1.4020735938102007, '.'), (1.4039625544101, '.'), (1.4040262615308166, '.'), (1.4040600983425975, '.'), (1.4040867621079087, '.'), (1.4041112828999758, '.'), (1.404135505668819, '.'), (1.4041706137359142, '.'), (1.4062684029340744, '.'), (1.4069449920207262, '.'), (1.4070333801209927, '.'), (1.4070712169632316, '.'), (1.4092238750308752, '.'), (1.409249510616064, '.'), (1.4092740705236793, '.'), (1.4092989955097437, '.'), (1.4093232611194253, '.'), (1.4093475984409451, '.'), (1.4132296293973923, '.'), (1.413255630992353, '.'), (1.4132806546986103, '.'), (1.4133055256679654, '.'), (1.41515108384192, 'R'), (1.57213403750211, '.'), (1.5721810394898057, '.'), (1.5722168562933803, '.'), (1.5731382621452212, ']'), (1.5761538036167622, '.'), (1.5762201817706227, '.'), (1.576279817149043, '.'), (1.576337844133377, '.'), (1.5763976704329252, '.'), (1.5764580871909857, '.'), (1.667302081361413, 'R'), (1.6677256496623158, 'R'), (1.6684382716193795, '.'), (1.6685425313189626, '.'), (1.7253627078607678, '.'), (1.7254181010648608, '.'), (1.725474108941853, '.'), (1.725527673959732, '.'), (1.7255850872024894, '.'), (1.7256393153220415, '.'), (1.7256956864148378, '.'), (1.7257501911371946, '.'), (1.7258033193647861, '.'), (1.7261918149888515, '.'), (1.7262509148567915, '.'), (1.727474176324904, '.'), (1.727531798183918, '.'), (1.7275859881192446, '.'), (1.727642111480236, '.'), (1.7276972327381372, '.'), (1.727758419699967, '.'), (1.7282401733100414, '.'), (1.7283037267625332, '.'), (1.7283607395365834, '.'), (1.7284153560176492, '.'), (1.730322944931686, 'R'), (1.730445297434926, '.'), (1.7305007195100188, '.'), (1.7305591544136405, '.'), (1.730614211410284, '.'), (1.7306709960103035, '.'), (1.730726364068687, '.'), (1.730780504643917, '.'), (1.73122878652066, '.'), (1.731288150884211, '.'), (1.7313464973121881, '.'), (1.731400828808546, '.'), (1.7314553009346128, '.'), (1.7315158629789948, '.'), (1.7315727472305298, '.'), (1.731630589812994, '.'), (1.7316856486722827, '.'), (1.7345345495268703, '.'), (1.7345897508785129, '.'), (1.7346451757475734, '.'), (1.7347016967833042, '.'), (1.734757263213396, '.'), (1.735238067805767, '.'), (1.7353013399988413, '.'), (1.7382129011675715, '.'), (1.7382771307602525, '.'), (1.7383372383192182, '.'), (1.7383956257253885, '.'), (1.7384518766775727, '.'), (1.738507505506277, '.'), (1.738563529215753, '.'), (1.7386192558333278, '.'), (1.7386743947863579, '.'), (1.7387309428304434, '.'), (1.738787462003529, '.'), (1.739235726185143, '.'), (1.7392971348017454, '.'), (1.7393569881096482, '.'), (1.7394178109243512, '.'), (1.7394776782020926, '.'), (1.7422839840874076, '.'), (1.7423433614894748, '.'), (1.7424031384289265, '.'), (1.742460509762168, '.'), (1.7425209982320666, '.'), (1.7425793949514627, '.'), (1.742637349292636, '.'), (1.742698791436851, '.'), (1.7427562205120921, '.'), (1.7428139140829444, '.'), (1.743255278095603, '.'), (1.7433178136125207, '.'), (1.7433760426938534, '.'), (1.7434344636276364, '.'), (1.7434923192486167, '.'), (1.7444983460009098, 'R'), (1.7473128708079457, '.'), (1.7473720274865627, '.'), (1.747430482879281, '.'), (1.74749343842268, '.'), (1.7475510956719518, '.'), (1.7508267033845186, '.'), (1.751190584152937, '.'), (1.7512593539431691, '.'), (1.7513204254209995, '.'), (1.7513807080686092, '.'), (1.7514419350773096, '.'), (1.7515025343745947, '.'), (1.7515632417052984, '.'), (1.751623971387744, '.'), (1.7516843490302563, '.'), (1.775797632522881, '.'), (1.7758608246222138, '.'), (1.7759267343208194, '.'), (1.776279996149242, '.'), (1.7763503268361092, '.'), (1.7764205541461706, '.'), (1.7764840023592114, '.'), (1.7765453457832336, '.'), (1.7795354453846812, '.'), (1.7795995147898793, '.'), (1.7796619087457657, '.'), (1.7834869548678398, '.'), (1.7835552906617522, '.'), (1.7836178932338953, '.'), (1.78368057962507, '.'), (1.7837428264319897, '.'), (1.783809695392847, '.'), (1.7838745089247823, '.'), (1.7839378044009209, '.'), (1.7842852538451552, '.'), (1.7864132598042488, '.'), (1.7864772779867053, '.'), (1.7865405939519405, '.'), (1.7866043094545603, '.'), (1.7934738183394074, 'R'), (1.7942624669522047, 'R'), (1.7954624192789197, 'R'), (1.8003123858943582, '.'), (1.8004665756598115, '.'), (1.8084031259641051, 'W'), (1.811884037218988, 'R'), (1.8155005276203156, 'W')]
CPU memory 8-bit: write=52.540 MB/s read=43.948 MB/s
CPU memory 16-bit: write=119.070 MB/s read=97.338 MB/s
CPU memory 32-bit: write=179.021 MB/s read=190.335 MB/s
CPU memory 8-bit: write=1.388 MB/s read=1.079 MB/s
CPU memory 16-bit: write=2.776 MB/s read=2.052 MB/s
CPU memory 32-bit: write=4.542 MB/s read=4.099 MB/s
Astraea DMA: fill=87.803 MB/s copy=37.851 MB/s
