OK
AstraHost ROM ..... OK
ROM CRC32 ........ 0xEB1B381F
Starting system ROM
ASTRA 68 SYSTEM ROM v0.3
Built: 2026-07-23T06:08:32Z  Git: 77b3cdc8fddb984850073a2c2cb5998bbbe1d857

Vesta:  v1.0
CPU:    TG68K.C 68030 MMU2 @ 12500000 Hz
MMU:    integrated 68030 PMMU
RAM:    32 MiB @ 0x02000000
ROM:    256 KiB @ 0xFFE00000
BUILD:  0x77B3CDC8
Chips:  VSTA v1.0, ASTR v1.0, VEGA v1.0, OHCI v1.0
NVRAM:  not present; defaults active

POST
  SDRAM init ........ OK
  Front panel ....... OK
  Data/byte lanes .... OK
  Address lines ...... OK
  Cache coherence .... OK
  CPU BRAM cycles (256 bytes payload)
    8-bit  write=3897 read=4663
    16-bit write=1719 read=2103
    32-bit write=1143 read=1074
  CPU memory cycles (16384 bytes payload)
    8-bit  write=147514 read=189736
      write dmiss=0 rdreq=29 wrreq=16384 wait=89 lhit=16 lmiss=5 post=16384
      read  dmiss=1024 rdreq=1040 wrreq=0 wait=9562 lhit=15 lmiss=1033 post=0
      hot read=189739
    16-bit write=73766 read=99832
      write dmiss=0 rdreq=20 wrreq=8192 wait=83 lhit=14 lmiss=5 post=8192
      read  dmiss=1024 rdreq=1041 wrreq=0 wait=9761 lhit=18 lmiss=1030 post=0
      hot read=99886
    32-bit write=45092 read=49956
      write dmiss=0 rdreq=20 wrreq=4096 wait=62 lhit=12 lmiss=3 post=4096
      read  dmiss=1024 rdreq=1039 wrreq=0 wait=9032 lhit=15 lmiss=1031 post=0
      hot read=49955
  Astraea DMA (64 KiB)
    fill=9329 copy=21645
  Full-range BIST ... [stage0] OK

POST PASS
  Kernel image ...... OK
Starting Astra kernel
ASTRA 68 KERNEL v0.1.0-dev
Built: 2026-07-23T06:08:32Z
Git:   77b3cdc8fddb984850073a2c2cb5998bbbe1d857

BootInfo ........... OK
Early log .......... OK @ 0x02000000
VBR ................ OK @ 0x02010400
Kernel image ....... 23948 bytes @ 0x02010000
CPU ................ MC68030 @ 12500000 Hz
PMMU ............... enabled, SRP 0x02004000
Physical pages ..... 7992 free / 8192 total
User copy .......... OK, fault recovery verified
Vesta timer ........ OK @ 100 Hz
AstraHost runtime ... OK, media not provisioned
Input queue ......... OK
User processes ...... 2 ready, cache isolation armed

User tasks .......... OK, 100 Hz preemption
Fault containment ... OK, offender reaped
Context switches .... 3

K1 PROTECTED ENTRY PASS
POST capture elapsed=2.111s events=[(1.1295741107314825, 'R'), (1.1296524871140718, '.'), (1.1304257921874523, '.'), (1.1304671121761203, '.'), (1.1304928278550506, '.'), (1.130515020340681, '.'), (1.340754778124392, 'R'), (1.3408603090792894, 'R'), (1.3416819414123893, '.'), (1.341703905723989, '.'), (1.3417362300679088, '.'), (1.341758631169796, '.'), (1.3417790783569217, '.'), (1.3417989984154701, '.'), (1.341821476817131, '.'), (1.3418419929221272, '.'), (1.3447996135801077, 'R'), (1.3487378917634487, 'R'), (1.3497783420607448, 'R'), (1.3506173100322485, '.'), (1.3586713513359427, '.'), (1.3598384847864509, '.'), (1.364905790425837, 'R'), (1.3677345588803291, 'R'), (1.3730083471164107, '.'), (1.3738697050139308, 'R'), (1.3739767037332058, '.'), (1.3749475199729204, '.'), (1.375999078154564, '.'), (1.3767833579331636, 'R'), (1.3808308681473136, 'R'), (1.3818565979599953, '.'), (1.3818883262574673, '.'), (1.3819182692095637, '.'), (1.3819469539448619, '.'), (1.3819753108546138, '.'), (1.3820030335336924, '.'), (1.382031261920929, '.'), (1.3820588942617178, '.'), (1.3839943511411548, '.'), (1.384023418650031, '.'), (1.384051718749106, '.'), (1.384120156057179, '.'), (1.384646287187934, '.'), (1.3847077554091811, '.'), (1.3847767189145088, '.'), (1.3868825025856495, '.'), (1.386911096982658, '.'), (1.386953193694353, '.'), (1.3869819520041347, '.'), (1.3897880306467414, '.'), (1.3898195261135697, '.'), (1.3898484744131565, '.'), (1.3898771349340677, '.'), (1.3899048520252109, '.'), (1.3899326100945473, '.'), (1.393811789341271, '.'), (1.3938484210520983, '.'), (1.3938801689073443, '.'), (1.3939100243151188, '.'), (1.394961846061051, 'R'), (1.55217894166708, '.'), (1.5522156935185194, '.'), (1.5522512709721923, '.'), (1.5531416554003954, ']'), (1.5561261931434274, '.'), (1.556163310073316, '.'), (1.556199286133051, '.'), (1.5568072237074375, '.'), (1.556867771781981, '.'), (1.5569124650210142, '.'), (1.648098897188902, 'R'), (1.6490809498354793, 'R'), (1.6498609092086554, '.'), (1.649966673925519, '.'), (1.7061771741136909, '.'), (1.7062160251662135, '.'), (1.7062560729682446, '.'), (1.7063292479142547, '.'), (1.706933243200183, '.'), (1.707063715904951, '.'), (1.7071816241368651, '.'), (1.707296246662736, '.'), (1.7074130345135927, '.'), (1.7074711555615067, '.'), (1.7075113859027624, '.'), (1.7090233899652958, '.'), (1.7091372730210423, '.'), (1.7092505507171154, '.'), (1.7093658624216914, '.'), (1.7094385549426079, '.'), (1.709479508921504, '.'), (1.70951824542135, '.'), (1.7095568850636482, '.'), (1.7095954241231084, '.'), (1.709633445367217, '.'), (1.7113074632361531, 'R'), (1.7113832561299205, '.'), (1.711421251296997, '.'), (1.7120019448921084, '.'), (1.7120641702786088, '.'), (1.712109844200313, '.'), (1.7121511474251747, '.'), (1.7121908776462078, '.'), (1.7122297529131174, '.'), (1.7122683813795447, '.'), (1.7123067593201995, '.'), (1.7123446827754378, '.'), (1.7123821983113885, '.'), (1.7124210624024272, '.'), (1.7129045072942972, '.'), (1.7129675252363086, '.'), (1.7130211535841227, '.'), (1.7159369038417935, '.'), (1.7160005839541554, '.'), (1.7160483747720718, '.'), (1.7160914028063416, '.'), (1.71613160520792, '.'), (1.7161711798980832, '.'), (1.7162102842703462, '.'), (1.7192329727113247, '.'), (1.7192723592743278, '.'), (1.7193110967054963, '.'), (1.71934933681041, '.'), (1.7193874549120665, '.'), (1.7200079765170813, '.'), (1.7200714340433478, '.'), (1.7201180569827557, '.'), (1.7201597802340984, '.'), (1.7202008087188005, '.'), (1.720240170136094, '.'), (1.7202787157148123, '.'), (1.7203177912160754, '.'), (1.720356266014278, '.'), (1.7203946579247713, '.'), (1.7204330479726195, '.'), (1.723293256945908, '.'), (1.7233329582959414, '.'), (1.723371772095561, '.'), (1.7234103502705693, '.'), (1.7234487207606435, '.'), (1.7239256436005235, '.'), (1.7240681489929557, '.'), (1.724193506874144, '.'), (1.7243156135082245, '.'), (1.7244358761236072, '.'), (1.7245552549138665, '.'), (1.724666053429246, '.'), (1.7248011631891131, '.'), (1.7249277671799064, '.'), (1.7250446919351816, '.'), (1.7255151458084583, 'R'), (1.7283405475318432, '.'), (1.7283806670457125, '.'), (1.728419903665781, '.'), (1.7284590639173985, '.'), (1.729032819159329, '.'), (1.7322342032566667, '.'), (1.732275945134461, '.'), (1.7323165154084563, '.'), (1.7323566982522607, '.'), (1.7323967376723886, '.'), (1.7324365135282278, '.'), (1.7329906756058335, '.'), (1.733091794885695, '.'), (1.7331639742478728, '.'), (1.7332102209329605, '.'), (1.757225913926959, '.'), (1.7572689717635512, '.'), (1.757310537621379, '.'), (1.7573510641232133, '.'), (1.7573916018009186, '.'), (1.7574320621788502, '.'), (1.757473978213966, '.'), (1.757514363154769, '.'), (1.7604843182489276, '.'), (1.760979676619172, '.'), (1.7610493870452046, '.'), (1.7643828708678484, '.'), (1.7644249005243182, '.'), (1.7650505416095257, '.'), (1.7651166701689363, '.'), (1.7651660842821002, '.'), (1.7652100529521704, '.'), (1.7652522306889296, '.'), (1.7652939362451434, '.'), (1.7653350420296192, '.'), (1.833346650004387, '.'), (1.8333888556808233, '.'), (1.83342994004488, '.'), (1.833470780402422, '.'), (1.8340597171336412, '.'), (1.8341262601315975, '.'), (2.0987341860309243, '.'), (2.0987797463312745, '.'), (2.099303743802011, '.'), (2.099370699375868, '.'), (2.0994208976626396, '.'), (2.0995300011709332, '.'), (2.0996618196368217, '.'), (2.099794829264283, '.'), (2.0998439444229007, '.'), (2.099887336604297, '.'), (2.103646844625473, '.'), (2.1036896109580994, '.'), (2.103763190098107, '.'), (2.1075818007811904, '.'), (2.1076253233477473, '.'), (2.107667994685471, '.'), (2.1077102767303586, '.'), (2.1085874680429697, 'R'), (2.1096691209822893, 'R')]
CPU memory 8-bit: write=52.553 MB/s read=43.920 MB/s
CPU memory 16-bit: write=119.139 MB/s read=97.385 MB/s
CPU memory 32-bit: write=179.178 MB/s read=190.689 MB/s
CPU memory 8-bit: write=1.388 MB/s read=1.079 MB/s
CPU memory 16-bit: write=2.776 MB/s read=2.051 MB/s
CPU memory 32-bit: write=4.542 MB/s read=4.100 MB/s
Astraea DMA: fill=87.812 MB/s copy=37.847 MB/s
