OK
AstraHost ROM ..... OK
ROM CRC32 ........ 0x18776505
Starting system ROM
ASTRA 68 SYSTEM ROM v0.3
Built: 2026-07-23T21:14:14Z  Git: bbb1616a1e65ef56619bffb11cb21e9ea1bc5202

Vesta:  v1.0
CPU:    TG68K.C 68030 MMU2 @ 12500000 Hz
MMU:    integrated 68030 PMMU
RAM:    32 MiB @ 0x02000000
ROM:    256 KiB @ 0xFFE00000
BUILD:  0x77B3CDC8
Chips:  VSTA v1.0, ASTR v1.0, VEGA v1.0, OHCI v1.0
NVRAM:  not present; defaults active

POST
  SDRAM init ........ OK
  Front panel ....... OK
  Data/byte lanes .... OK
  Address lines ...... OK
  Cache coherence .... OK
  CPU BRAM cycles (256 bytes payload)
    8-bit  write=3897 read=4660
    16-bit write=1720 read=2104
    32-bit write=1144 read=1074
  CPU memory cycles (16384 bytes payload)
    8-bit  write=147513 read=189739
      write dmiss=0 rdreq=29 wrreq=16384 wait=88 lhit=16 lmiss=5 post=16384
      read  dmiss=1024 rdreq=1040 wrreq=0 wait=9566 lhit=15 lmiss=1033 post=0
      hot read=189738
    16-bit write=73769 read=99855
      write dmiss=0 rdreq=20 wrreq=8192 wait=87 lhit=14 lmiss=5 post=8192
      read  dmiss=1024 rdreq=1041 wrreq=0 wait=9784 lhit=18 lmiss=1030 post=0
      hot read=99844
    32-bit write=45092 read=49956
      write dmiss=0 rdreq=20 wrreq=4096 wait=62 lhit=12 lmiss=3 post=4096
      read  dmiss=1024 rdreq=1039 wrreq=0 wait=9032 lhit=15 lmiss=1031 post=0
      hot read=49973
  Astraea DMA (64 KiB)
    fill=9323 copy=21646
  Full-range BIST ... [stage0] OK

POST PASS
  Kernel image ...... OK
Starting Astra kernel
ASTRA 68 KERNEL v0.1.0-dev
Built: 2026-07-23T21:14:14Z
Git:   bbb1616a1e65ef56619bffb11cb21e9ea1bc5202

BootInfo ........... OK
Early log .......... OK @ 0x02000000
VBR ................ OK @ 0x02010400
Kernel image ....... 25856 bytes @ 0x02010000
CPU ................ MC68030 @ 12500000 Hz
PMMU ............... enabled, SRP 0x02004000
Physical pages ..... 7992 free / 8192 total
User copy .......... OK, fault recovery verified
Vesta timer ........ OK @ 100 Hz
AstraHost runtime ... OK, media not provisioned
Input queue ......... OK
K1 soak ............. armed, baseline 7987 pages
User processes ...... 2 ready, cache isolation armed

User tasks .......... OK, 100 Hz preemption
Fault containment ... OK, offender reaped
Context switches .... 9

K1 PROTECTED ENTRY PASS
KERNEL MULTITASKING
K1 LATENCY user_fault_irqoff_max=8834 cycles
K1 SOAK cycles=4 switches=13 ticks=30 syscalls=0x0000000000000079 free=7987
K1 LATENCY user_fault_irqoff_max=8834 cycles
K1 SOAK cycles=10 switches=25 ticks=70 syscalls=0x00000000000000EA free=7987
K1 LATENCY user_fault_irqoff_max=8834 cycles
K1 SOAK cycles=100 switches=205 ticks=636 syscalls=0x0000000000000689 free=7987
K1 soak capture elapsed=8.219s events=[(1.1278194524347782, 'R'), (1.128003228455782, '.'), (1.1280623013153672, '.'), (1.1281082015484571, '.'), (1.1281532365828753, '.'), (1.1281985267996788, '.'), (1.3488777577877045, 'R'), (1.348991242237389, 'R'), (1.349854189902544, '.'), (1.3498956616967916, '.'), (1.3499224297702312, '.'), (1.3499452732503414, '.'), (1.3499675979837775, '.'), (1.3499897494912148, '.'), (1.3500113217160106, '.'), (1.350032544694841, '.'), (1.3529384210705757, 'R'), (1.3568020267412066, 'R'), (1.3579071126878262, 'R'), (1.3581372937187552, '.'), (1.366208115592599, '.'), (1.3679866595193744, '.'), (1.3730636732652783, 'R'), (1.375836688093841, 'R'), (1.3812018241733313, '.'), (1.3819110877811909, 'R'), (1.3821281408891082, '.'), (1.3831264479085803, '.'), (1.3841804061084986, '.'), (1.3844663612544537, 'R'), (1.3889734232798219, 'R'), (1.3898520888760686, '.'), (1.3899149782955647, '.'), (1.389974519610405, '.'), (1.3900323584675789, '.'), (1.3900899896398187, '.'), (1.39014807716012, '.'), (1.3902058228850365, '.'), (1.390263312496245, '.'), (1.3920729868113995, '.'), (1.3921346105635166, '.'), (1.3921960964798927, '.'), (1.392256292514503, '.'), (1.3923177309334278, '.'), (1.392378693446517, '.'), (1.3924393085762858, '.'), (1.3950390182435513, '.'), (1.3951007733121514, '.'), (1.395161704160273, '.'), (1.3952231528237462, '.'), (1.3972852258011699, '.'), (1.3979077581316233, '.'), (1.3979638163000345, '.'), (1.3980055823922157, '.'), (1.398043094202876, '.'), (1.39807949680835, '.'), (1.4014305584132671, '.'), (1.401912285014987, '.'), (1.401971829123795, '.'), (1.4020175831392407, '.'), (1.4032295495271683, 'R'), (1.5608278382569551, '.'), (1.5609296662732959, '.'), (1.5610411744564772, '.'), (1.562046967446804, ']'), (1.5658277729526162, '.'), (1.5658823559060693, '.'), (1.5659619746729732, '.'), (1.5661629932001233, '.'), (1.5663383845239878, '.'), (1.5665109548717737, '.'), (1.662300180643797, 'R'), (1.6632952997460961, 'R'), (1.6638460494577885, '.'), (1.6641252916306257, '.'), (1.73741050157696, '.'), (1.7374676037579775, '.'), (1.737526091746986, '.'), (1.7376056015491486, '.'), (1.7376673379912972, '.'), (1.7377241775393486, '.'), (1.7377802412956953, '.'), (1.7381342900916934, '.'), (1.7381978817284107, '.'), (1.738256236538291, '.'), (1.738312571309507, '.'), (1.7396320318803191, '.'), (1.7396912211552262, '.'), (1.7397491531446576, '.'), (1.7398190265521407, '.'), (1.7401800015941262, '.'), (1.7402578042820096, '.'), (1.7403223924338818, '.'), (1.7403837349265814, '.'), (1.7404427649453282, '.'), (1.7405004166066647, '.'), (1.7423494486138225, 'R'), (1.7424844419583678, '.'), (1.7425416465848684, '.'), (1.7426263727247715, '.'), (1.7426861878484488, '.'), (1.7427437361329794, '.'), (1.7428006939589977, '.'), (1.7431828724220395, '.'), (1.743261436931789, '.'), (1.743325642310083, '.'), (1.7433858346194029, '.'), (1.7434438578784466, '.'), (1.7435015002265573, '.'), (1.7435596929863095, '.'), (1.7436418756842613, '.'), (1.7437017112970352, '.'), (1.743759110569954, '.'), (1.746669770218432, '.'), (1.7467314070090652, '.'), (1.746791709214449, '.'), (1.7468514433130622, '.'), (1.7471891669556499, '.'), (1.7472705328837037, '.'), (1.7473378386348486, '.'), (1.751622318290174, '.'), (1.7516827620565891, '.'), (1.751740518026054, '.'), (1.7517979266121984, '.'), (1.7518549552187324, '.'), (1.7519119139760733, '.'), (1.7519687172025442, '.'), (1.7520252419635653, '.'), (1.7520952532067895, '.'), (1.7521536499261856, '.'), (1.752210103906691, '.'), (1.752266637980938, '.'), (1.7523232009261847, '.'), (1.7523795971646905, '.'), (1.7524358658120036, '.'), (1.752491937018931, '.'), (1.75538622867316, '.'), (1.755612070672214, '.'), (1.755829426459968, '.'), (1.7559488331899047, '.'), (1.7560915192589164, '.'), (1.756308201700449, '.'), (1.756520837545395, '.'), (1.7567446241155267, '.'), (1.7569813877344131, '.'), (1.7572028040885925, '.'), (1.757429450750351, '.'), (1.757657284848392, '.'), (1.7578771244734526, '.'), (1.7580956760793924, '.'), (1.758307977579534, '.'), (1.7603511596098542, 'R'), (1.7651275834068656, '.'), (1.7653365330770612, '.'), (1.7655439861118793, '.'), (1.7657684050500393, '.'), (1.7659827657043934, '.'), (1.7716716639697552, '.'), (1.7718145744875073, '.'), (1.7719444232061505, '.'), (1.7720725387334824, '.'), (1.772222688421607, '.'), (1.7723518647253513, '.'), (1.7724796114489436, '.'), (1.772619565948844, '.'), (1.7727535422891378, '.'), (1.7728917989879847, '.'), (1.7893020613119006, '.'), (1.7894980069249868, '.'), (1.7897158674895763, '.'), (1.7899541025981307, '.'), (1.790178774856031, '.'), (1.790400492027402, '.'), (1.790636271238327, '.'), (1.790892457589507, '.'), (1.7946005202829838, '.'), (1.7946718595921993, '.'), (1.794740604236722, '.'), (1.7979528550058603, '.'), (1.798023364506662, '.'), (1.7981084547936916, '.'), (1.7981812236830592, '.'), (1.7982535660266876, '.'), (1.7983254780992866, '.'), (1.7983974078670144, '.'), (1.7984689120203257, '.'), (1.7985404888167977, '.'), (1.8648328697308898, '.'), (1.8649009736254811, '.'), (1.8649656251072884, '.'), (1.8650297205895185, '.'), (1.865093276835978, '.'), (1.8651564419269562, '.'), (1.8652190947905183, '.'), (1.8652815176174045, '.'), (1.8654148187488317, '.'), (1.8656055759638548, '.'), (1.8656721645966172, '.'), (1.86573616694659, '.'), (1.8657997651025653, '.'), (1.8713018530979753, '.'), (1.8714383291080594, '.'), (1.8715644432231784, '.'), (1.8717037802562118, '.'), (1.8718337044119835, '.'), (1.871960653923452, '.'), (2.0818392504006624, '.'), (2.0819683941081166, '.'), (2.0821006074547768, '.'), (2.0822283970192075, '.'), (2.0823600059375167, '.'), (2.082487950101495, '.'), (2.0826443191617727, '.'), (2.082774887792766, '.'), (2.082902355119586, '.'), (2.0830310843884945, '.'), (2.0887891380116343, '.'), (2.0889223339036107, '.'), (2.089058892801404, '.'), (2.09435382951051, '.'), (2.0944913802668452, '.'), (2.094638335518539, '.'), (2.0947771100327373, '.'), (2.0960518987849355, 'R'), (2.0977465277537704, 'R'), (2.099155050702393, 'R')]
CPU memory 8-bit: write=52.553 MB/s read=43.948 MB/s
CPU memory 16-bit: write=119.070 MB/s read=97.338 MB/s
CPU memory 32-bit: write=179.021 MB/s read=190.689 MB/s
CPU memory 8-bit: write=1.388 MB/s read=1.079 MB/s
CPU memory 16-bit: write=2.776 MB/s read=2.051 MB/s
CPU memory 32-bit: write=4.542 MB/s read=4.100 MB/s
Astraea DMA: fill=87.869 MB/s copy=37.845 MB/s
