OK
AstraHost ROM ..... OK
ROM CRC32 ........ 0x6E3E206E
Starting system ROM
ASTRA 68 SYSTEM ROM v0.3
Built: 2026-07-24T04:13:23Z  Git: unknown

Vesta:  v1.0
CPU:    TG68K.C 68030 MMU2 @ 12500000 Hz
MMU:    integrated 68030 PMMU
RAM:    32 MiB @ 0x02000000
ROM:    256 KiB @ 0xFFE00000
BUILD:  0x25D9CB8E
Chips:  VSTA v1.0, ASTR v1.0, VEGA v1.0, OHCI v1.0
NVRAM:  not present; defaults active

POST
  SDRAM init ........ OK
  Front panel ....... OK
  Data/byte lanes .... OK
  Address lines ...... OK
  Cache coherence .... OK
  CPU BRAM cycles (256 bytes payload)
    8-bit  write=3897 read=4660
    16-bit write=1719 read=2103
    32-bit write=1143 read=1074
  CPU memory cycles (16384 bytes payload)
    8-bit  write=147512 read=189737
      write dmiss=0 rdreq=29 wrreq=16384 wait=88 lhit=16 lmiss=5 post=16384
      read  dmiss=1024 rdreq=1040 wrreq=0 wait=9564 lhit=15 lmiss=1033 post=0
      hot read=189737
    16-bit write=73765 read=99877
      write dmiss=0 rdreq=20 wrreq=8192 wait=81 lhit=14 lmiss=5 post=8192
      read  dmiss=1024 rdreq=1041 wrreq=0 wait=9806 lhit=18 lmiss=1030 post=0
      hot read=99845
    32-bit write=45092 read=49963
      write dmiss=0 rdreq=20 wrreq=4096 wait=62 lhit=12 lmiss=3 post=4096
      read  dmiss=1024 rdreq=1039 wrreq=0 wait=9039 lhit=15 lmiss=1031 post=0
      hot read=49972
  Astraea DMA (64 KiB)
    fill=9328 copy=21651
  Full-range BIST ... [stage0] OK

POST PASS
  Kernel image ...... OK
Starting Astra kernel
ASTRA 68 KERNEL v0.1.0-dev
Built: 2026-07-24T04:13:23Z
Git:   be27074ff67005095c5ec4e6b516a5c0708df049-dirty

BootInfo ........... OK
Early log .......... OK @ 0x02000000
VBR ................ OK @ 0x02010400
Kernel image ....... 30676 bytes @ 0x02010000
CPU ................ MC68030 @ 12500000 Hz
PMMU ............... enabled, SRP 0x02004000
Physical pages ..... 7992 free / 8192 total
User copy .......... OK, fault recovery verified
Kernel worker ...... OK, guarded MSP
Vesta timer ........ OK @ 100 Hz
AstraHost runtime ... OK, media not provisioned
Input queue ......... OK
User processes ...... 2 ready, cache isolation armed
User threads ........ 3 ready, priority scheduler armed

User tasks .......... OK, 100 Hz preemption
Fault containment ... OK, offender reaped
Context switches .... 22
Thread scheduler .... 2 live, priority queues OK
Same-CRP switches ... 19

K2 THREAD SUBSTRATE PASS

K1 PROTECTED ENTRY PASS
K2 entry capture elapsed=2.119s events=[(1.1594349527731538, 'R'), (1.1595240728929639, '.'), (1.1595455091446638, '.'), (1.1595668038353324, '.'), (1.1595874847844243, '.'), (1.159608919173479, '.'), (1.4077268531545997, 'R'), (1.4078329028561711, 'R'), (1.4086493449285626, '.'), (1.4086714778095484, '.'), (1.4086928172037005, '.'), (1.4087155181914568, '.'), (1.408770346082747, '.'), (1.4088254095986485, '.'), (1.408865923061967, '.'), (1.409539652056992, '.'), (1.411758973263204, 'R'), (1.4156494764611125, 'R'), (1.4167151469737291, 'R'), (1.4175354903563857, '.'), (1.4226550422608852, '.'), (1.4238263294100761, '.'), (1.4295522598549724, 'R'), (1.4317413289099932, 'R'), (1.4376045418903232, '.'), (1.4380508866161108, 'R'), (1.4385796962305903, '.'), (1.4395794495940208, '.'), (1.4405770990997553, '.'), (1.4407563973218203, 'R'), (1.4448495050892234, 'R'), (1.445742042735219, '.'), (1.4457710245624185, '.'), (1.4457997614517808, '.'), (1.445827305316925, '.'), (1.4458550065755844, '.'), (1.4458823995664716, '.'), (1.446515110321343, '.'), (1.44659901317209, '.'), (1.4478477435186505, '.'), (1.4478756301105022, '.'), (1.4485104121267796, '.'), (1.4485611263662577, '.'), (1.4485953953117132, '.'), (1.448625628836453, '.'), (1.4486543480306864, '.'), (1.4508658340200782, '.'), (1.450921486131847, '.'), (1.450951937586069, '.'), (1.4515435844659805, '.'), (1.4537821970880032, '.'), (1.4538551522418857, '.'), (1.4539257967844605, '.'), (1.4539971509948373, '.'), (1.4540675403550267, '.'), (1.454138738103211, '.'), (1.4577672118321061, '.'), (1.4577969321981072, '.'), (1.4578255750238895, '.'), (1.457854132167995, '.'), (1.4596490608528256, 'R'), (1.6161235282197595, '.'), (1.616771413013339, '.'), (1.6168822590261698, '.'), (1.617860084399581, ']'), (1.620135867036879, '.'), (1.620772996917367, '.'), (1.6208338495343924, '.'), (1.620878136716783, '.'), (1.6209177542477846, '.'), (1.6209548776969314, '.'), (1.7349456241354346, 'R'), (1.7352463938295841, 'R'), (1.7361040683463216, '.'), (1.736179145053029, '.'), (1.8151136711239815, '.'), (1.8151434203609824, '.'), (1.8151727244257927, '.'), (1.8152012517675757, '.'), (1.815229824744165, '.'), (1.8152581863105297, '.'), (1.8159407023340464, '.'), (1.8159877378493547, '.'), (1.816022495739162, '.'), (1.816053668037057, '.'), (1.8160832095891237, '.'), (1.8172314884141088, '.'), (1.8172664400190115, '.'), (1.8179101971909404, '.'), (1.8180229999125004, '.'), (1.8180800508707762, '.'), (1.8181138643994927, '.'), (1.818144366145134, '.'), (1.8181748110800982, '.'), (1.8182037901133299, '.'), (1.8182325083762407, '.'), (1.8201193995773792, 'R'), (1.8202142342925072, '.'), (1.8202434945851564, '.'), (1.8202724000439048, '.'), (1.8203011257573962, '.'), (1.8209668369963765, '.'), (1.8210137384012341, '.'), (1.8210481591522694, '.'), (1.8210793640464544, '.'), (1.8211107812821865, '.'), (1.8211586195975542, '.'), (1.8211885653436184, '.'), (1.8212176924571395, '.'), (1.8212471697479486, '.'), (1.821276130154729, '.'), (1.821311105042696, '.'), (1.8219650322571397, '.'), (1.8242803225293756, '.'), (1.8249703869223595, '.'), (1.825017923489213, '.'), (1.8250530818477273, '.'), (1.8250848688185215, '.'), (1.8251148145645857, '.'), (1.8251443170011044, '.'), (1.8281243769451976, '.'), (1.8281551022082567, '.'), (1.8281848365440965, '.'), (1.8282140381634235, '.'), (1.8282430535182357, '.'), (1.8282722774893045, '.'), (1.8289706809446216, '.'), (1.8290429143235087, '.'), (1.82908024918288, '.'), (1.8291128473356366, '.'), (1.8291433649137616, '.'), (1.8291732324287295, '.'), (1.8292028494179249, '.'), (1.829287719912827, '.'), (1.829381019808352, '.'), (1.8294133758172393, '.'), (1.8321463027969003, '.'), (1.8321772422641516, '.'), (1.8322075009346008, '.'), (1.8322375630959868, '.'), (1.8322673114016652, '.'), (1.8329097367823124, '.'), (1.8329854663461447, '.'), (1.8330388274043798, '.'), (1.833073752000928, '.'), (1.8331060148775578, '.'), (1.8331372430548072, '.'), (1.833168188109994, '.'), (1.8331987503916025, '.'), (1.8332297513261437, '.'), (1.8332597753033042, '.'), (1.8348913053050637, 'R'), (1.8375625656917691, '.'), (1.8376268334686756, '.'), (1.8376624742522836, '.'), (1.8377607045695186, '.'), (1.837938624434173, '.'), (1.8411264903843403, '.'), (1.8411594862118363, '.'), (1.8411913039162755, '.'), (1.8412226755172014, '.'), (1.8412538189440966, '.'), (1.841285064816475, '.'), (1.841316245496273, '.'), (1.841965539380908, '.'), (1.8420166475698352, '.'), (1.8420548755675554, '.'), (1.8461394254118204, '.'), (1.8461734903976321, '.'), (1.8462068028748035, '.'), (1.8462396040558815, '.'), (1.8462722972035408, '.'), (1.8463046522811055, '.'), (1.8697242392227054, '.'), (1.8698356039822102, '.'), (1.8699408983811736, '.'), (1.8700525490567088, '.'), (1.870123764500022, '.'), (1.8702294388785958, '.'), (1.8703097309917212, '.'), (1.8704142272472382, '.'), (1.8739004004746675, '.'), (1.8740243734791875, '.'), (1.874109304510057, '.'), (1.8783731469884515, '.'), (1.8784427177160978, '.'), (1.8785311803221703, '.'), (1.8786410242319107, '.'), (1.878751183860004, '.'), (1.8788625160232186, '.'), (1.878984797745943, '.'), (1.8790984535589814, '.'), (1.8791966494172812, '.'), (1.9632417438551784, '.'), (1.9633513037115335, '.'), (1.963409318588674, '.'), (1.9634466720744967, '.'), (1.9635229278355837, '.'), (1.9636345030739903, '.'), (1.967750827781856, '.'), (1.968036312609911, '.'), (1.9681302141398191, '.'), (1.968205152079463, '.'), (1.9682754818350077, '.'), (1.9683499019593, '.'), (1.968440747819841, '.'), (1.9685410810634494, '.'), (2.082708951085806, '.'), (2.082826283760369, '.'), (2.082926196977496, '.'), (2.083000716753304, '.'), (2.0830807955935597, '.'), (2.0832036416977644, '.'), (2.0833101393654943, '.'), (2.083423721604049, '.'), (2.0835263803601265, '.'), (2.083635593764484, '.'), (2.0876900255680084, '.'), (2.087758354842663, '.'), (2.087829815223813, '.'), (2.0918212048709393, '.'), (2.0919467518106103, '.'), (2.092058839276433, '.'), (2.0921826185658574, '.'), (2.094534534960985, '.'), (2.094662355259061, '.'), (2.0947763361036777, '.'), (2.094901168718934, '.'), (2.0986503325402737, 'R'), (2.0998407248407602, '.'), (2.0999572882428765, '.'), (2.1000728653743863, '.'), (2.101294871419668, 'R'), (2.1020683189854026, 'R'), (2.116526871919632, 'R'), (2.1177093852311373, 'R')]
CPU memory 8-bit: write=52.553 MB/s read=43.948 MB/s
CPU memory 16-bit: write=119.139 MB/s read=97.385 MB/s
CPU memory 32-bit: write=179.178 MB/s read=190.689 MB/s
CPU memory 8-bit: write=1.388 MB/s read=1.079 MB/s
CPU memory 16-bit: write=2.776 MB/s read=2.051 MB/s
CPU memory 32-bit: write=4.542 MB/s read=4.099 MB/s
Astraea DMA: fill=87.822 MB/s copy=37.837 MB/s
