OK
AstraHost ROM ..... OK
ROM CRC32 ........ 0x99B5452A
Starting system ROM
ASTRA 68 SYSTEM ROM v0.3
Built: 2026-07-24T04:13:23Z  Git: be27074ff67005095c5ec4e6b516a5c0708df049-dirty

Vesta:  v1.0
CPU:    TG68K.C 68030 MMU2 @ 12500000 Hz
MMU:    integrated 68030 PMMU
RAM:    32 MiB @ 0x02000000
ROM:    256 KiB @ 0xFFE00000
BUILD:  0x25D9CB8E
Chips:  VSTA v1.0, ASTR v1.0, VEGA v1.0, OHCI v1.0
NVRAM:  not present; defaults active

POST
  SDRAM init ........ OK
  Front panel ....... OK
  Data/byte lanes .... OK
  Address lines ...... OK
  Cache coherence .... OK
  CPU BRAM cycles (256 bytes payload)
    8-bit  write=3897 read=4660
    16-bit write=1719 read=2103
    32-bit write=1143 read=1078
  CPU memory cycles (16384 bytes payload)
    8-bit  write=147514 read=189740
      write dmiss=0 rdreq=29 wrreq=16384 wait=89 lhit=16 lmiss=5 post=16384
      read  dmiss=1024 rdreq=1040 wrreq=0 wait=9566 lhit=15 lmiss=1033 post=0
      hot read=189741
    16-bit write=73765 read=99795
      write dmiss=0 rdreq=20 wrreq=8192 wait=81 lhit=14 lmiss=5 post=8192
      read  dmiss=1024 rdreq=1041 wrreq=0 wait=9724 lhit=18 lmiss=1030 post=0
      hot read=99854
    32-bit write=45092 read=49962
      write dmiss=0 rdreq=20 wrreq=4096 wait=62 lhit=12 lmiss=3 post=4096
      read  dmiss=1024 rdreq=1039 wrreq=0 wait=9038 lhit=15 lmiss=1031 post=0
      hot read=49939
  Astraea DMA (64 KiB)
    fill=9325 copy=21648
  Full-range BIST ... [stage0] OK

POST PASS
  Kernel image ...... OK
Starting Astra kernel
ASTRA 68 KERNEL v0.1.0-dev
Built: 2026-07-24T04:13:23Z
Git:   be27074ff67005095c5ec4e6b516a5c0708df049-dirty

BootInfo ........... OK
Early log .......... OK @ 0x02000000
VBR ................ OK @ 0x02010400
Kernel image ....... 36972 bytes @ 0x02010000
CPU ................ MC68030 @ 12500000 Hz
PMMU ............... enabled, SRP 0x02004000
Physical pages ..... 7992 free / 8192 total
User copy .......... OK, fault recovery verified
Kernel worker ...... OK, guarded MSP
Thread ISPs ........ 16 guarded, 8 KiB each
Vesta timer ........ OK @ 100 Hz
AstraHost runtime ... OK, media not provisioned
Input queue ......... OK
User processes ...... 2 ready, cache isolation armed
User threads ........ 3 ready, priority scheduler armed

User tasks .......... OK, 100 Hz preemption
Fault containment ... OK, offender reaped
Context switches .... 6
Thread scheduler .... 2 live, priority queues OK
Same-CRP switches ... 3
Wait/wake ........... 2 blocks, 1 wake, 1 priority handoff
Thread ISP max ...... 388 / 8192 bytes
K2 PERF irq syscall=29608/50000 timer=14255/50000 fault=19566/125000
K2 PERF sched pick=1455/10000 same=1572/15000 cross=2567/50000
K2 PERF wait block=1254/15000 wake=2423/15000 overruns=0
K2 PERFORMANCE PASS

K2 BLOCKING SUBSTRATE PASS

K2 THREAD SUBSTRATE PASS

K1 PROTECTED ENTRY PASS
K2 blocking capture elapsed=2.332s events=[(1.1307548424229026, 'R'), (1.130951096303761, '.'), (1.1309939343482256, '.'), (1.1310350485146046, '.'), (1.1310760965570807, '.'), (1.1311176652088761, '.'), (1.4116867268458009, 'R'), (1.4118129201233387, 'R'), (1.4126203060150146, '.'), (1.4126669205725193, '.'), (1.4126966185867786, '.'), (1.4127226267009974, '.'), (1.412747728638351, '.'), (1.4127718303352594, '.'), (1.4127959683537483, '.'), (1.4128203056752682, '.'), (1.4158301763236523, 'R'), (1.4196608904749155, 'R'), (1.4207420162856579, 'R'), (1.4212661674246192, '.'), (1.4297976456582546, '.'), (1.4309779182076454, '.'), (1.4366590678691864, 'R'), (1.4391350336372852, 'R'), (1.444981001317501, '.'), (1.4452518848702312, 'R'), (1.4457134930416942, '.'), (1.446721094660461, '.'), (1.447764559648931, '.'), (1.448013392277062, 'R'), (1.4521777499467134, 'R'), (1.4529732633382082, '.'), (1.4530150229111314, '.'), (1.4530566409230232, '.'), (1.453097453340888, '.'), (1.4531383141875267, '.'), (1.4536678064614534, '.'), (1.4537319131195545, '.'), (1.4537799069657922, '.'), (1.455147186294198, '.'), (1.4556631399318576, '.'), (1.4557290757074952, '.'), (1.455778299830854, '.'), (1.4558238415047526, '.'), (1.4558676416054368, '.'), (1.4559330213814974, '.'), (1.4580498775467277, '.'), (1.4580938033759594, '.'), (1.458659190684557, '.'), (1.4587253285571933, '.'), (1.460960529744625, '.'), (1.4610054744407535, '.'), (1.46105005312711, '.'), (1.4610946513712406, '.'), (1.4611386805772781, '.'), (1.4611831652000546, '.'), (1.4649794334545732, '.'), (1.4650251073762774, '.'), (1.4650701144710183, '.'), (1.4651150163263083, '.'), (1.4668467240408063, 'R'), (1.628763190470636, '.'), (1.628922670148313, '.'), (1.6290664002299309, '.'), (1.630364926531911, ']'), (1.6353104067966342, '.'), (1.6354559483006597, '.'), (1.6355997882783413, '.'), (1.6357537703588605, '.'), (1.6359079210087657, '.'), (1.6360563980415463, '.'), (1.7624189462512732, 'R'), (1.7639730982482433, 'R'), (1.7650403808802366, '.'), (1.7653441382572055, '.'), (1.8555458839982748, '.'), (1.8557078456506133, '.'), (1.8558697123080492, '.'), (1.8560380535200238, '.'), (1.8561929846182466, '.'), (1.856360969133675, '.'), (1.8565177284181118, '.'), (1.8566704150289297, '.'), (1.8568268418312073, '.'), (1.856996621005237, '.'), (1.8571602255105972, '.'), (1.8595728538930416, '.'), (1.8597294399514794, '.'), (1.8598978510126472, '.'), (1.860053644515574, '.'), (1.8602109886705875, '.'), (1.8603623323142529, '.'), (1.8605133686214685, '.'), (1.8606732347980142, '.'), (1.8608320336788893, '.'), (1.8609976954758167, '.'), (1.8642010679468513, 'R'), (1.864526780322194, '.'), (1.8646867414936423, '.'), (1.8648519748821855, '.'), (1.865017798729241, '.'), (1.8651749743148685, '.'), (1.8653404880315065, '.'), (1.8655003877356648, '.'), (1.865658601745963, '.'), (1.8658218253403902, '.'), (1.8659898228943348, '.'), (1.8661552583798766, '.'), (1.8663126789033413, '.'), (1.86646784003824, '.'), (1.866623256355524, '.'), (1.8667881144210696, '.'), (1.8669605404138565, '.'), (1.872009334154427, '.'), (1.8721716674044728, '.'), (1.8723374847322702, '.'), (1.8724993467330933, '.'), (1.8726604199036956, '.'), (1.8728196984156966, '.'), (1.8729865746572614, '.'), (1.8780813943594694, '.'), (1.8782433876767755, '.'), (1.8784047737717628, '.'), (1.878562893718481, '.'), (1.8787317955866456, '.'), (1.8789053428918123, '.'), (1.8790700668469071, '.'), (1.8792303148657084, '.'), (1.8793950183317065, '.'), (1.8795551685616374, '.'), (1.8797224564477801, '.'), (1.879894120618701, '.'), (1.8800556985661387, '.'), (1.880225507542491, '.'), (1.8803907744586468, '.'), (1.8805547384545207, '.'), (1.8849767995998263, '.'), (1.8850631406530738, '.'), (1.885148891247809, '.'), (1.8852339126169682, '.'), (1.8853185009211302, '.'), (1.8854030054062605, '.'), (1.8854877902194858, '.'), (1.8855722611770034, '.'), (1.8856566911563277, '.'), (1.8857414945960045, '.'), (1.8858260968700051, '.'), (1.8859367854893208, '.'), (1.8860236993059516, '.'), (1.8861109325662255, '.'), (1.8861974719911814, '.'), (1.8872353630140424, 'R'), (1.8898367807269096, '.'), (1.8899487238377333, '.'), (1.8900379808619618, '.'), (1.8901252392679453, '.'), (1.890212125144899, '.'), (1.8974110055714846, '.'), (1.89750075340271, '.'), (1.8975898623466492, '.'), (1.8976906305179, '.'), (1.897780517116189, '.'), (1.8978692702949047, '.'), (1.897982886992395, '.'), (1.8980735335499048, '.'), (1.8981631826609373, '.'), (1.8982520531862974, '.'), (1.9075464634224772, '.'), (1.907637964002788, '.'), (1.9077284652739763, '.'), (1.9078197246417403, '.'), (1.9079184271395206, '.'), (1.9080094825476408, '.'), (1.9107397040352225, '.'), (1.9108305172994733, '.'), (1.9109488362446427, '.'), (1.9110415149480104, '.'), (1.9111332455649972, '.'), (1.9112246967852116, '.'), (1.9113158825784922, '.'), (1.911407413892448, '.'), (1.9149843724444509, '.'), (1.9153457209467888, '.'), (1.9156061010435224, '.'), (1.9158617975190282, '.'), (1.9159801909700036, '.'), (1.916075749322772, '.'), (1.9161698976531625, '.'), (1.9162632832303643, '.'), (1.9197767367586493, '.'), (1.9198710303753614, '.'), (1.919991591013968, '.'), (1.9242057837545872, '.'), (1.9243925139307976, '.'), (1.9245821572840214, '.'), (1.9247709894552827, '.'), (1.9249795582145452, '.'), (1.925174480304122, '.'), (1.9253642372786999, '.'), (1.9255528654903173, '.'), (1.9257404431700706, '.'), (1.991612900979817, '.'), (1.9917108910158277, '.'), (1.9918074449524283, '.'), (1.9919332163408399, '.'), (1.9920322773978114, '.'), (1.9921394912526011, '.'), (1.9967491514980793, '.'), (1.996920743957162, '.'), (1.9970898004248738, '.'), (1.9971992056816816, '.'), (1.9973603440448642, '.'), (1.9974837275221944, '.'), (1.9976212419569492, '.'), (1.9977287547662854, '.'), (2.195019201375544, '.'), (2.19512190669775, '.'), (2.1952227540314198, '.'), (2.1953232400119305, '.'), (2.195423820987344, '.'), (2.195523806847632, '.'), (2.195622919127345, '.'), (2.1957220416516066, '.'), (2.195821365341544, '.'), (2.1959467558190227, '.'), (2.20027400739491, '.'), (2.2003752049058676, '.'), (2.200475838035345, '.'), (2.2047027237713337, '.'), (2.204804983921349, '.'), (2.20491274446249, '.'), (2.205015537329018, '.'), (2.2071766313165426, '.'), (2.207280575297773, '.'), (2.2073838151991367, '.'), (2.2074861638247967, '.'), (2.211105363443494, 'R'), (2.212352124042809, '.'), (2.212456957437098, '.'), (2.212561401538551, '.'), (2.213198493234813, 'W'), (2.2144342847168446, '.'), (2.2145400289446115, '.'), (2.2146454537287354, '.'), (2.2147508896887302, '.'), (2.2148564346134663, '.'), (2.2149682054296136, '.'), (2.2150741778314114, '.'), (2.2151798056438565, '.'), (2.215285051614046, '.'), (2.215389968827367, '.'), (2.215494990348816, '.'), (2.22567121591419, '.'), (2.225784443318844, '.'), (2.2259157858788967, '.'), (2.226026277989149, '.'), (2.2261346420273185, '.'), (2.226242615841329, '.'), (2.2355812089517713, 'R'), (2.2575244084000587, 'R'), (2.2711267406120896, 'R'), (2.2802654281258583, 'R'), (2.2806944586336613, 'R'), (2.294914720579982, 'R'), (2.3113337103277445, 'R'), (2.312695972621441, 'R'), (2.328341609798372, 'R'), (2.329974818043411, 'R')]
CPU memory 8-bit: write=52.553 MB/s read=43.948 MB/s
CPU memory 16-bit: write=119.139 MB/s read=97.385 MB/s
CPU memory 32-bit: write=179.178 MB/s read=189.981 MB/s
CPU memory 8-bit: write=1.388 MB/s read=1.079 MB/s
CPU memory 16-bit: write=2.776 MB/s read=2.052 MB/s
CPU memory 32-bit: write=4.542 MB/s read=4.099 MB/s
Astraea DMA: fill=87.850 MB/s copy=37.842 MB/s
