OK
AstraHost ROM ..... OK
ROM CRC32 ........ 0x99B5452A
Starting system ROM
ASTRA 68 SYSTEM ROM v0.3
Built: 2026-07-24T04:13:23Z  Git: be27074ff67005095c5ec4e6b516a5c0708df049-dirty

Vesta:  v1.0
CPU:    TG68K.C 68030 MMU2 @ 12500000 Hz
MMU:    integrated 68030 PMMU
RAM:    32 MiB @ 0x02000000
ROM:    256 KiB @ 0xFFE00000
BUILD:  0x25D9CB8E
Chips:  VSTA v1.0, ASTR v1.0, VEGA v1.0, OHCI v1.0
NVRAM:  not present; defaults active

POST
  SDRAM init ........ OK
  Front panel ....... OK
  Data/byte lanes .... OK
  Address lines ...... OK
  Cache coherence .... OK
  CPU BRAM cycles (256 bytes payload)
    8-bit  write=3897 read=4660
    16-bit write=1719 read=2103
    32-bit write=1143 read=1075
  CPU memory cycles (16384 bytes payload)
    8-bit  write=147514 read=189739
      write dmiss=0 rdreq=29 wrreq=16384 wait=89 lhit=16 lmiss=5 post=16384
      read  dmiss=1024 rdreq=1040 wrreq=0 wait=9565 lhit=15 lmiss=1033 post=0
      hot read=189737
    16-bit write=73766 read=99820
      write dmiss=0 rdreq=20 wrreq=8192 wait=86 lhit=14 lmiss=5 post=8192
      read  dmiss=1024 rdreq=1041 wrreq=0 wait=9749 lhit=18 lmiss=1030 post=0
      hot read=99860
    32-bit write=45092 read=49963
      write dmiss=0 rdreq=20 wrreq=4096 wait=62 lhit=12 lmiss=3 post=4096
      read  dmiss=1024 rdreq=1039 wrreq=0 wait=9039 lhit=15 lmiss=1031 post=0
      hot read=49943
  Astraea DMA (64 KiB)
    fill=9328 copy=21642
  Full-range BIST ... [stage0] OK

POST PASS
  Kernel image ...... OK
Starting Astra kernel
ASTRA 68 KERNEL v0.1.0-dev
Built: 2026-07-24T04:13:23Z
Git:   be27074ff67005095c5ec4e6b516a5c0708df049-dirty

BootInfo ........... OK
Early log .......... OK @ 0x02000000
VBR ................ OK @ 0x02010400
Kernel image ....... 36972 bytes @ 0x02010000
CPU ................ MC68030 @ 12500000 Hz
PMMU ............... enabled, SRP 0x02004000
Physical pages ..... 7992 free / 8192 total
User copy .......... OK, fault recovery verified
Kernel worker ...... OK, guarded MSP
Thread ISPs ........ 16 guarded, 8 KiB each
Vesta timer ........ OK @ 100 Hz
AstraHost runtime ... OK, media not provisioned
Input queue ......... OK
User processes ...... 2 ready, cache isolation armed
User threads ........ 3 ready, priority scheduler armed

User tasks .......... OK, 100 Hz preemption
Fault containment ... OK, offender reaped
Context switches .... 6
Thread scheduler .... 2 live, priority queues OK
Same-CRP switches ... 3
Wait/wake ........... 2 blocks, 1 wake, 1 priority handoff
Thread ISP max ...... 388 / 8192 bytes
K2 PERF irq syscall=29630/50000 timer=14265/50000 fault=19566/125000
K2 PERF sched pick=1455/10000 same=1565/15000 cross=2578/50000
K2 PERF wait block=1254/15000 wake=2423/15000 overruns=0
K2 PERFORMANCE PASS

K2 BLOCKING SUBSTRATE PASS

K2 THREAD SUBSTRATE PASS

K1 PROTECTED ENTRY PASS
K2 blocking capture elapsed=2.332s events=[(1.1325336899608374, 'R'), (1.1326366644352674, '.'), (1.1326606506481767, '.'), (1.1326837250962853, '.'), (1.1327068181708455, '.'), (1.1327307969331741, '.'), (1.4127268129959702, 'R'), (1.4129055682569742, 'R'), (1.4131008591502905, '.'), (1.4136915486305952, '.'), (1.413738344796002, '.'), (1.4137689098715782, '.'), (1.4137959172949195, '.'), (1.4138210555538535, '.'), (1.413845763541758, '.'), (1.4138703308999538, '.'), (1.4168300339952111, 'R'), (1.4198118057101965, 'R'), (1.421771221794188, 'R'), (1.4219450363889337, '.'), (1.430840041488409, '.'), (1.4320419346913695, '.'), (1.4377896469086409, 'R'), (1.4400073066353798, 'R'), (1.445776168256998, '.'), (1.4462603582069278, 'R'), (1.4467947790399194, '.'), (1.4477806836366653, '.'), (1.4487855890765786, '.'), (1.4490364640951157, 'R'), (1.4530440149828792, 'R'), (1.4540484491735697, '.'), (1.454090753570199, '.'), (1.454132942482829, '.'), (1.454173938371241, '.'), (1.4542149072512984, '.'), (1.4542559003457427, '.'), (1.454297044314444, '.'), (1.4547518957406282, '.'), (1.456227058544755, '.'), (1.4562694802880287, '.'), (1.4568212451413274, '.'), (1.456887947395444, '.'), (1.4569381242617965, '.'), (1.456984200514853, '.'), (1.4570282604545355, '.'), (1.4591856114566326, '.'), (1.4592297188937664, '.'), (1.4592733206227422, '.'), (1.4598078830167651, '.'), (1.4620229210704565, '.'), (1.4620684999972582, '.'), (1.4621132956817746, '.'), (1.4621579302474856, '.'), (1.4622021624818444, '.'), (1.462246861308813, '.'), (1.4659163756296039, '.'), (1.4659637492150068, '.'), (1.466009858995676, '.'), (1.466055610217154, '.'), (1.4678071793168783, 'R'), (1.624782420694828, '.'), (1.6249106926843524, '.'), (1.6249909959733486, '.'), (1.6256722044199705, ']'), (1.628978319466114, '.'), (1.629061664454639, '.'), (1.6291446257382631, '.'), (1.6292275972664356, '.'), (1.6293095545843244, '.'), (1.6293921330943704, '.'), (1.7634478015825152, 'R'), (1.7647067764773965, 'R'), (1.7653481094166636, '.'), (1.7655314216390252, '.'), (1.8566771987825632, '.'), (1.8567736083641648, '.'), (1.8568575512617826, '.'), (1.856938517652452, '.'), (1.8570193191990256, '.'), (1.857129936106503, '.'), (1.857212731614709, '.'), (1.857293613255024, '.'), (1.857373457401991, '.'), (1.8574664546176791, '.'), (1.8575477683916688, '.'), (1.859805939719081, '.'), (1.8601136105135083, '.'), (1.8604266932234168, '.'), (1.8605375196784735, '.'), (1.8606271333992481, '.'), (1.8607155112549663, '.'), (1.8610233776271343, '.'), (1.8612600034102798, '.'), (1.8615040434524417, '.'), (1.861765275709331, '.'), (1.8651131680235267, 'R'), (1.8655133340507746, '.'), (1.8655970366671681, '.'), (1.8656887980177999, '.'), (1.8657729225233197, '.'), (1.865855443291366, '.'), (1.8659378234297037, '.'), (1.8660203544422984, '.'), (1.86615508235991, '.'), (1.8663596771657467, '.'), (1.8665044633671641, '.'), (1.8665899774059653, '.'), (1.866672994568944, '.'), (1.8667558040469885, '.'), (1.8668377604335546, '.'), (1.8669199151918292, '.'), (1.867001660168171, '.'), (1.8701078360900283, '.'), (1.870195315219462, '.'), (1.8702794713899493, '.'), (1.8703631572425365, '.'), (1.8705561654642224, '.'), (1.8707821015268564, '.'), (1.8708694223314524, '.'), (1.8744963314384222, '.'), (1.8745843637734652, '.'), (1.8746708054095507, '.'), (1.8747563539072871, '.'), (1.87484213989228, '.'), (1.8749269871041179, '.'), (1.8750337325036526, '.'), (1.8751381691545248, '.'), (1.8752237437292933, '.'), (1.8753094403073192, '.'), (1.8753938851878047, '.'), (1.875702970661223, '.'), (1.8759967219084501, '.'), (1.8761660875752568, '.'), (1.8762554181739688, '.'), (1.876341786235571, '.'), (1.8796875663101673, '.'), (1.8798104710876942, '.'), (1.8799958853051066, '.'), (1.8801049059256911, '.'), (1.8802008051425219, '.'), (1.8804740672931075, '.'), (1.8807535246014595, '.'), (1.8810832109302282, '.'), (1.8814260121434927, '.'), (1.8815230568870902, '.'), (1.8816115390509367, '.'), (1.881698366254568, '.'), (1.8817851757630706, '.'), (1.8818738646805286, '.'), (1.8819604814052582, '.'), (1.883484902791679, 'R'), (1.8868339406326413, '.'), (1.886921713128686, '.'), (1.8870358895510435, '.'), (1.887169892899692, '.'), (1.8875108873471618, '.'), (1.892290418036282, '.'), (1.8923830837011337, '.'), (1.8924995679408312, '.'), (1.892590674571693, '.'), (1.892680044285953, '.'), (1.892798681743443, '.'), (1.8928970666602254, '.'), (1.892987634986639, '.'), (1.893077166751027, '.'), (1.8931850073859096, '.'), (1.8978978339582682, '.'), (1.897992292419076, '.'), (1.8980845399200916, '.'), (1.8984237415716052, '.'), (1.8985200114548206, '.'), (1.898611686192453, '.'), (1.9029122767969966, '.'), (1.9030058793723583, '.'), (1.903098277747631, '.'), (1.9033910585567355, '.'), (1.903592823073268, '.'), (1.9038400631397963, '.'), (1.9039359241724014, '.'), (1.9040298080071807, '.'), (1.913931136019528, '.'), (1.9140251008793712, '.'), (1.9141186522319913, '.'), (1.9142387993633747, '.'), (1.9143339060246944, '.'), (1.914438803680241, '.'), (1.9145336104556918, '.'), (1.9146276712417603, '.'), (1.9177686544135213, '.'), (1.9178634630516171, '.'), (1.9179576747119427, '.'), (1.922766556032002, '.'), (1.9228634387254715, '.'), (1.9230220476165414, '.'), (1.9231688054278493, '.'), (1.9232694376260042, '.'), (1.9233667515218258, '.'), (1.9234765050932765, '.'), (1.9235740136355162, '.'), (1.9236704325303435, '.'), (1.9925246071070433, '.'), (1.9925991417840123, '.'), (1.9926728876307607, '.'), (1.9927456947043538, '.'), (1.9928186582401395, '.'), (1.9928992660716176, '.'), (1.9970652684569359, '.'), (1.9971397472545505, '.'), (1.9972725920379162, '.'), (1.9974643187597394, '.'), (1.9975413642823696, '.'), (1.9976166607812047, '.'), (1.9976913379505277, '.'), (1.9977651657536626, '.'), (2.196458271704614, '.'), (2.196620603092015, '.'), (2.1967731630429626, '.'), (2.1969290524721146, '.'), (2.1970845917239785, '.'), (2.1972546027973294, '.'), (2.197426812723279, '.'), (2.197589040733874, '.'), (2.1977568734437227, '.'), (2.1979189226403832, '.'), (2.2048296043649316, '.'), (2.2049952261149883, '.'), (2.205188950523734, '.'), (2.2118575954809785, '.'), (2.2120280666276813, '.'), (2.2122037252411246, '.'), (2.212382387369871, '.'), (2.2161037661135197, '.'), (2.216274105012417, '.'), (2.216449378989637, '.'), (2.216620910912752, '.'), (2.2227287143468857, 'R'), (2.2247711326926947, '.'), (2.2248653825372458, '.'), (2.2249565282836556, '.'), (2.2253259606659412, 'W'), (2.2264781603589654, '.'), (2.2265718393027782, '.'), (2.2266621431335807, '.'), (2.226751744747162, '.'), (2.226841221563518, '.'), (2.226930510252714, '.'), (2.2270194869488478, '.'), (2.2271087504923344, '.'), (2.227197722531855, '.'), (2.227286887355149, '.'), (2.227375823073089, '.'), (2.232308566570282, '.'), (2.2324496721848845, '.'), (2.2326809018850327, '.'), (2.2327753622084856, '.'), (2.232863469980657, '.'), (2.2329501006752253, '.'), (2.2365063847973943, 'R'), (2.2506671342998743, 'R'), (2.2641601767390966, 'R'), (2.2786897365003824, 'R'), (2.2792023550719023, 'R'), (2.300174230709672, 'R'), (2.3128689834848046, 'R'), (2.315791423432529, 'R'), (2.329387885518372, 'R'), (2.3307099947705865, 'R')]
CPU memory 8-bit: write=52.553 MB/s read=43.948 MB/s
CPU memory 16-bit: write=119.139 MB/s read=97.385 MB/s
CPU memory 32-bit: write=179.178 MB/s read=190.512 MB/s
CPU memory 8-bit: write=1.388 MB/s read=1.079 MB/s
CPU memory 16-bit: write=2.776 MB/s read=2.052 MB/s
CPU memory 32-bit: write=4.542 MB/s read=4.099 MB/s
Astraea DMA: fill=87.822 MB/s copy=37.852 MB/s
