OK
AstraHost ROM ..... OK
ROM CRC32 ........ 0x6E3E206E
Starting system ROM
ASTRA 68 SYSTEM ROM v0.3
Built: 2026-07-24T04:13:23Z  Git: unknown

Vesta:  v1.0
CPU:    TG68K.C 68030 MMU2 @ 12500000 Hz
MMU:    integrated 68030 PMMU
RAM:    32 MiB @ 0x02000000
ROM:    256 KiB @ 0xFFE00000
BUILD:  0x25D9CB8E
Chips:  VSTA v1.0, ASTR v1.0, VEGA v1.0, OHCI v1.0
NVRAM:  not present; defaults active

POST
  SDRAM init ........ OK
  Front panel ....... OK
  Data/byte lanes .... OK
  Address lines ...... OK
  Cache coherence .... OK
  CPU BRAM cycles (256 bytes payload)
    8-bit  write=3897 read=4659
    16-bit write=1719 read=2104
    32-bit write=1143 read=1074
  CPU memory cycles (16384 bytes payload)
    8-bit  write=147513 read=189743
      write dmiss=0 rdreq=29 wrreq=16384 wait=88 lhit=16 lmiss=5 post=16384
      read  dmiss=1024 rdreq=1040 wrreq=0 wait=9571 lhit=15 lmiss=1033 post=0
      hot read=189743
    16-bit write=73765 read=99878
      write dmiss=0 rdreq=20 wrreq=8192 wait=81 lhit=14 lmiss=5 post=8192
      read  dmiss=1024 rdreq=1041 wrreq=0 wait=9807 lhit=18 lmiss=1030 post=0
      hot read=99846
    32-bit write=45092 read=49958
      write dmiss=0 rdreq=20 wrreq=4096 wait=62 lhit=12 lmiss=3 post=4096
      read  dmiss=1024 rdreq=1039 wrreq=0 wait=9034 lhit=15 lmiss=1031 post=0
      hot read=49973
  Astraea DMA (64 KiB)
    fill=9322 copy=21644
  Full-range BIST ... [stage0] OK

POST PASS
  Kernel image ...... OK
Starting Astra kernel
ASTRA 68 KERNEL v0.1.0-dev
Built: 2026-07-24T04:13:23Z
Git:   be27074ff67005095c5ec4e6b516a5c0708df049-dirty

BootInfo ........... OK
Early log .......... OK @ 0x02000000
VBR ................ OK @ 0x02010400
Kernel image ....... 30676 bytes @ 0x02010000
CPU ................ MC68030 @ 12500000 Hz
PMMU ............... enabled, SRP 0x02004000
Physical pages ..... 7992 free / 8192 total
User copy .......... OK, fault recovery verified
Kernel worker ...... OK, guarded MSP
Vesta timer ........ OK @ 100 Hz
AstraHost runtime ... OK, media not provisioned
Input queue ......... OK
User processes ...... 2 ready, cache isolation armed
User threads ........ 3 ready, priority scheduler armed

User tasks .......... OK, 100 Hz preemption
Fault containment ... OK, offender reaped
Context switches .... 22
Thread scheduler .... 2 live, priority queues OK
Same-CRP switches ... 19

K2 THREAD SUBSTRATE PASS

K1 PROTECTED ENTRY PASS
K2 entry capture elapsed=2.106s events=[(1.1273567350581288, 'R'), (1.1274201329797506, '.'), (1.1274362113326788, '.'), (1.1274519907310605, '.'), (1.1274676723405719, '.'), (1.1282404400408268, '.'), (1.3915984872728586, 'R'), (1.3917135633528233, 'R'), (1.392538569867611, '.'), (1.392581919208169, '.'), (1.3926313426345587, '.'), (1.3926550969481468, '.'), (1.392672598361969, '.'), (1.392689066939056, '.'), (1.3927055513486266, '.'), (1.392721907235682, '.'), (1.395709085278213, 'R'), (1.3996137427166104, 'R'), (1.4006849629804492, 'R'), (1.4007890038192272, '.'), (1.406521855853498, '.'), (1.4077089689671993, '.'), (1.4128835368901491, 'R'), (1.4156738044694066, 'R'), (1.4208037862554193, '.'), (1.4217277895659208, 'R'), (1.421809608116746, '.'), (1.4229227770119905, '.'), (1.4237684113904834, '.'), (1.4246437018737197, 'R'), (1.4287440814077854, 'R'), (1.4296835782006383, '.'), (1.4297266844660044, '.'), (1.4297663951292634, '.'), (1.429814174771309, '.'), (1.429853263311088, '.'), (1.4298922251909971, '.'), (1.4299309328198433, '.'), (1.4299693806096911, '.'), (1.4318274520337582, '.'), (1.431865744292736, '.'), (1.431903732009232, '.'), (1.4319415427744389, '.'), (1.4319798918440938, '.'), (1.4325429229065776, '.'), (1.4325840752571821, '.'), (1.434761768206954, '.'), (1.4348008958622813, '.'), (1.4348407229408622, '.'), (1.4348904630169272, '.'), (1.4375774627551436, '.'), (1.4376288587227464, '.'), (1.4376714415848255, '.'), (1.4377129040658474, '.'), (1.4377533812075853, '.'), (1.4377928283065557, '.'), (1.4415977792814374, '.'), (1.4416465600952506, '.'), (1.4416869645938277, '.'), (1.4417255008593202, '.'), (1.4429048458114266, 'R'), (1.6013499721884727, '.'), (1.6014594212174416, '.'), (1.6015470288693905, '.'), (1.60252826474607, ']'), (1.6059677563607693, '.'), (1.6061033746227622, '.'), (1.6062397053465247, '.'), (1.6063741985708475, '.'), (1.6065100710839033, '.'), (1.6066596051678061, '.'), (1.7181921284645796, 'R'), (1.7195698227733374, 'R'), (1.7200571168214083, '.'), (1.7201314372941852, '.'), (1.7991299219429493, '.'), (1.799256008118391, '.'), (1.7993437740951777, '.'), (1.799487479031086, '.'), (1.7996061965823174, '.'), (1.7997516263276339, '.'), (1.7998965242877603, '.'), (1.8000138821080327, '.'), (1.8001330690458417, '.'), (1.8002505982294679, '.'), (1.8003698103129864, '.'), (1.8030115505680442, '.'), (1.8030815348029137, '.'), (1.8031516512855887, '.'), (1.8032208699733019, '.'), (1.8032922437414527, '.'), (1.8033672804012895, '.'), (1.8034525383263826, '.'), (1.8035833137109876, '.'), (1.8036967143416405, '.'), (1.8037963770329952, '.'), (1.8062598379328847, 'R'), (1.8065333319827914, '.'), (1.8066842406988144, '.'), (1.806817926466465, '.'), (1.806960797868669, '.'), (1.807089064270258, '.'), (1.807172916829586, '.'), (1.8073028977960348, '.'), (1.807423117570579, '.'), (1.807551578618586, '.'), (1.8076835554093122, '.'), (1.807810246013105, '.'), (1.8079400546848774, '.'), (1.8080661660060287, '.'), (1.8081754632294178, '.'), (1.808297786861658, '.'), (1.8084332253783941, '.'), (1.8119159508496523, '.'), (1.8120335945859551, '.'), (1.8121579382568598, '.'), (1.812282931059599, '.'), (1.8123706486076117, '.'), (1.8125008372589946, '.'), (1.8126301169395447, '.'), (1.8160906927660108, '.'), (1.8161635734140873, '.'), (1.816242566332221, '.'), (1.8163701798766851, '.'), (1.816499112173915, '.'), (1.816640422679484, '.'), (1.8167692702263594, '.'), (1.8169093243777752, '.'), (1.8170376541092992, '.'), (1.8171653673052788, '.'), (1.8172945016995072, '.'), (1.817427821457386, '.'), (1.817544718272984, '.'), (1.8176473500207067, '.'), (1.8177362456917763, '.'), (1.8178631756454706, '.'), (1.821242367848754, '.'), (1.8213659785687923, '.'), (1.8214905243366957, '.'), (1.8216101787984371, '.'), (1.8216684330254793, '.'), (1.8217095276340842, '.'), (1.8217491013929248, '.'), (1.8217883622273803, '.'), (1.821827931329608, '.'), (1.8218675768002868, '.'), (1.8219264009967446, '.'), (1.8219669042155147, '.'), (1.8220063094049692, '.'), (1.822046616114676, '.'), (1.8220860250294209, '.'), (1.8232566006481647, 'R'), (1.825519034639001, '.'), (1.8255593944340944, '.'), (1.8255989281460643, '.'), (1.8256509322673082, '.'), (1.8256919467821717, '.'), (1.8281730059534311, '.'), (1.8282133573666215, '.'), (1.8282535402104259, '.'), (1.828293471597135, '.'), (1.8283329922705889, '.'), (1.828372404910624, '.'), (1.8284118762239814, '.'), (1.8284510876983404, '.'), (1.828490624204278, '.'), (1.8285302268341184, '.'), (1.8312599686905742, '.'), (1.8313749162480235, '.'), (1.8314268412068486, '.'), (1.831468528136611, '.'), (1.8315095221623778, '.'), (1.8315499499440193, '.'), (1.853194834664464, '.'), (1.8532362161204219, '.'), (1.8532771840691566, '.'), (1.8533432073891163, '.'), (1.8533858098089695, '.'), (1.8534267246723175, '.'), (1.8540143994614482, '.'), (1.8540806211531162, '.'), (1.8571372237056494, '.'), (1.857186977751553, '.'), (1.8572316439822316, '.'), (1.8609745288267732, '.'), (1.8610255038365722, '.'), (1.8610684219747782, '.'), (1.8611100045964122, '.'), (1.8611511178314686, '.'), (1.8611923130229115, '.'), (1.8612333247438073, '.'), (1.8612741585820913, '.'), (1.8613151777535677, '.'), (1.94678792078048, '.'), (1.9468336114659905, '.'), (1.9471376230940223, '.'), (1.9472042545676231, '.'), (1.9472539452835917, '.'), (1.9472999749705195, '.'), (1.9514023922383785, '.'), (1.951445304788649, '.'), (1.9514890909194946, '.'), (1.9515312630683184, '.'), (1.9515732573345304, '.'), (1.952177413739264, '.'), (1.9522445732727647, '.'), (1.952295232564211, '.'), (2.066286401823163, '.'), (2.066337746568024, '.'), (2.0663840482011437, '.'), (2.066428734920919, '.'), (2.0664718821644783, '.'), (2.066514825448394, '.'), (2.0665828362107277, '.'), (2.0666719740256667, '.'), (2.066718210466206, '.'), (2.0667622024193406, '.'), (2.070954928174615, '.'), (2.0710000647231936, '.'), (2.071186770685017, '.'), (2.0745657170191407, '.'), (2.0746099250391126, '.'), (2.0746780643239617, '.'), (2.07473305426538, '.'), (2.077224111184478, '.'), (2.077293870970607, '.'), (2.077346406877041, '.'), (2.0773938354104757, '.'), (2.0806005876511335, 'R'), (2.08163651637733, '.'), (2.0816871859133244, '.'), (2.081731952726841, '.'), (2.083208597265184, 'R'), (2.0845043137669563, 'R'), (2.1022697994485497, 'R'), (2.1045698123052716, 'R')]
CPU memory 8-bit: write=52.553 MB/s read=43.958 MB/s
CPU memory 16-bit: write=119.139 MB/s read=97.338 MB/s
CPU memory 32-bit: write=179.178 MB/s read=190.689 MB/s
CPU memory 8-bit: write=1.388 MB/s read=1.079 MB/s
CPU memory 16-bit: write=2.776 MB/s read=2.051 MB/s
CPU memory 32-bit: write=4.542 MB/s read=4.099 MB/s
Astraea DMA: fill=87.878 MB/s copy=37.849 MB/s
