ets Jul 29 2019 12:21:46

rst:0x1 (POWERON_RESET),boot:0x37 (SPI_FAST_FLASH_BOOT)
configsip: 0, SPIWP:0xee
clk_drv:0x00,q_drv:0x00,d_drv:0x00,cs0_drv:0x00,hd_drv:0x00,wp_drv:0x00
mode:DIO, clock div:2
load:0x3fff0030,len:6280
load:0x40078000,len:15864
load:0x40080400,len:3920
entry 0x40080644
I (27) boot: ESP-IDF v5.5.4-dirty 2nd stage bootloader
I (27) boot: compile time Jul 14 2026 18:45:58
I (28) boot: Multicore bootloader
I (29) boot: chip revision: v3.1
I (32) boot.esp32: SPI Speed      : 40MHz
I (36) boot.esp32: SPI Mode       : DIO
I (39) boot.esp32: SPI Flash Size : 4MB
I (43) boot: Enabling RNG early entropy source...
I (47) boot: Partition Table:
I (50) boot: ## Label            Usage          Type ST Offset   Length
I (56) boot:  0 nvs              WiFi data        01 02 00009000 00004000
I (63) boot:  1 otadata          OTA data         01 00 0000d000 00002000
I (69) boot:  2 phy_init         RF data          01 01 0000f000 00001000
I (76) boot:  3 factory          factory app      00 00 00010000 00100000
I (82) boot:  4 ota_0            OTA app          00 10 00110000 00100000
I (89) boot:  5 ota_1            OTA app          00 11 00210000 00100000
I (95) boot: End of partition table
I (99) boot: Defaulting to factory image
I (102) esp_image: segment 0: paddr=00010020 vaddr=3f400020 size=1847ch ( 99452) map
I (144) esp_image: segment 1: paddr=000284a4 vaddr=3ffb0000 size=051b8h ( 20920) load
I (152) esp_image: segment 2: paddr=0002d664 vaddr=40080000 size=029b4h ( 10676) load
I (156) esp_image: segment 3: paddr=00030020 vaddr=400d0020 size=22c88h (142472) map
I (206) esp_image: segment 4: paddr=00052cb0 vaddr=400829b4 size=0ae3ch ( 44604) load
I (224) esp_image: segment 5: paddr=0005daf4 vaddr=50000000 size=00020h (    32) load
I (232) boot: Loaded app from partition at offset 0x10000
I (232) boot: Disabling RNG early entropy source...
I (244) cpu_start: Multicore app
I (252) cpu_start: GPIO 3 and 1 are used as console UART I/O pins
I (253) cpu_start: Pro cpu start user code
I (253) cpu_start: cpu freq: 160000000 Hz
I (254) app_init: Application information:
I (258) app_init: Project name:     astrahost
I (262) app_init: App version:      0.1.0
I (266) app_init: Compile time:     Jul 14 2026 18:45:55
I (271) app_init: ELF file SHA256:  89b20e7ff...
I (275) app_init: ESP-IDF:          v5.5.4-dirty
I (280) efuse_init: Min chip rev:     v0.0
I (284) efuse_init: Max chip rev:     v3.99 
I (288) efuse_init: Chip rev:         v3.1
I (292) heap_init: Initializing. RAM available for dynamic allocation:
I (298) heap_init: At 3FFAE6E0 len 00001920 (6 KiB): DRAM
I (303) heap_init: At 3FFB5D90 len 0002A270 (168 KiB): DRAM
I (308) heap_init: At 3FFE0440 len 00003AE0 (14 KiB): D/IRAM
I (313) heap_init: At 3FFE4350 len 0001BCB0 (111 KiB): D/IRAM
I (319) heap_init: At 4008D7F0 len 00012810 (74 KiB): IRAM
I (325) spi_flash: detected chip: generic
I (328) spi_flash: flash io: dio
W (331) spi_flash: Detected size(16384k) larger than the size in the binary image header(4096k). Using the size in the binary image header.
I (344) main_task: Started on CPU0
I (347) main_task: Calling app_main()
I (350) AstraHost: AstraHost 0.1 starting
I (353) AstraHost: FPGA communication: SPI only, mode 0 at 20000000 Hz
I (402) sdspi_transaction: cmd=52, R1 response: command not supported
I (604) sdspi_transaction: cmd=5, R1 response: command not supported
I (1547) AstraHost: SD boot partition mounted
Name: SN256
Type: SDHC
Speed: 20.00 MHz (limit: 20.00 MHz)
Size: 244016MB
CSD: ver=2, sector_size=512, capacity=499744768 read_bl_len=9
SSR: bus_width=1
W (1635) AstraHost: native Astra volume unavailable: not a GPT disk
I (51382) AstraHost: updated /sdcard/ASTRA68.ROM: 48384 payload bytes CRC32=e28408b4
W (51634) AstraHost: waiting for FPGA SPI link: ESP_ERR_TIMEOUT
W (51985) AstraHost: waiting for FPGA SPI link: ESP_ERR_TIMEOUT
W (52336) AstraHost: waiting for FPGA SPI link: ESP_ERR_TIMEOUT
W (52687) AstraHost: waiting for FPGA SPI link: ESP_ERR_TIMEOUT
W (53038) AstraHost: waiting for FPGA SPI link: ESP_ERR_TIMEOUT
W (53389) AstraHost: waiting for FPGA SPI link: ESP_ERR_TIMEOUT
W (53740) AstraHost: waiting for FPGA SPI link: ESP_ERR_TIMEOUT
W (54091) AstraHost: waiting for FPGA SPI link: ESP_ERR_TIMEOUT
W (54442) AstraHost: waiting for FPGA SPI link: ESP_ERR_TIMEOUT
W (54793) AstraHost: waiting for FPGA SPI link: ESP_ERR_TIMEOUT
W (55144) AstraHost: waiting for FPGA SPI link: ESP_ERR_TIMEOUT
W (55495) AstraHost: waiting for FPGA SPI link: ESP_ERR_TIMEOUT
W (55846) AstraHost: waiting for FPGA SPI link: ESP_ERR_TIMEOUT
W (56197) AstraHost: waiting for FPGA SPI link: ESP_ERR_TIMEOUT
W (56548) AstraHost: waiting for FPGA SPI link: ESP_ERR_TIMEOUT
W (56899) AstraHost: waiting for FPGA SPI link: ESP_ERR_TIMEOUT
W (57250) AstraHost: waiting for FPGA SPI link: ESP_ERR_TIMEOUT
W (57601) AstraHost: waiting for FPGA SPI link: ESP_ERR_TIMEOUT
W (57952) AstraHost: waiting for FPGA SPI link: ESP_ERR_TIMEOUT
W (58303) AstraHost: waiting for FPGA SPI link: ESP_ERR_TIMEOUT
W (58654) AstraHost: waiting for FPGA SPI link: ESP_ERR_TIMEOUT
W (59005) AstraHost: waiting for FPGA SPI link: ESP_ERR_TIMEOUT
W (59356) AstraHost: waiting for FPGA SPI link: ESP_ERR_TIMEOUT
W (59707) AstraHost: waiting for FPGA SPI link: ESP_ERR_TIMEOUT
W (60058) AstraHost: waiting for FPGA SPI link: ESP_ERR_TIMEOUT
W (60409) AstraHost: waiting for FPGA SPI link: ESP_ERR_TIMEOUT
W (60760) AstraHost: waiting for FPGA SPI link: ESP_ERR_TIMEOUT
W (61111) AstraHost: waiting for FPGA SPI link: ESP_ERR_TIMEOUT
W (61462) AstraHost: waiting for FPGA SPI link: ESP_ERR_TIMEOUT
W (61813) AstraHost: waiting for FPGA SPI link: ESP_ERR_TIMEOUT
W (62164) AstraHost: waiting for FPGA SPI link: ESP_ERR_TIMEOUT
W (62515) AstraHost: waiting for FPGA SPI link: ESP_ERR_TIMEOUT
W (62866) AstraHost: waiting for FPGA SPI link: ESP_ERR_TIMEOUT
W (63217) AstraHost: waiting for FPGA SPI link: ESP_ERR_TIMEOUT
W (63568) AstraHost: waiting for FPGA SPI link: ESP_ERR_TIMEOUT
W (63919) AstraHost: waiting for FPGA SPI link: ESP_ERR_TIMEOUT
W (64270) AstraHost: waiting for FPGA SPI link: ESP_ERR_TIMEOUT
W (64621) AstraHost: waiting for FPGA SPI link: ESP_ERR_TIMEOUT
W (64972) AstraHost: waiting for FPGA SPI link: ESP_ERR_TIMEOUT
