OK
AstraHost ROM ..... OK
ROM CRC32 ........ 0xE28408B4
Starting system ROM
ASTRA 68 SYSTEM ROM v0.3
Built: 2026-07-24T04:13:23Z  Git: be27074ff67005095c5ec4e6b516a5c0708df049-dirty

Vesta:  v1.0
CPU:    TG68K.C 68030 MMU2 @ 12500000 Hz
MMU:    integrated 68030 PMMU
RAM:    32 MiB @ 0x02000000
ROM:    256 KiB @ 0xFFE00000
BUILD:  0x25D9CB8E
Chips:  VSTA v1.0, ASTR v1.0, VEGA v1.0, OHCI v1.0
NVRAM:  not present; defaults active

POST
  SDRAM init ........ OK
  Front panel ....... OK
  Data/byte lanes .... OK
  Address lines ...... OK
  Cache coherence .... OK
  CPU BRAM cycles (256 bytes payload)
    8-bit  write=3897 read=4659
    16-bit write=1719 read=2103
    32-bit write=1143 read=1074
  CPU memory cycles (16384 bytes payload)
    8-bit  write=147512 read=189737
      write dmiss=0 rdreq=29 wrreq=16384 wait=89 lhit=16 lmiss=5 post=16384
      read  dmiss=1024 rdreq=1040 wrreq=0 wait=9566 lhit=15 lmiss=1033 post=0
      hot read=189736
    16-bit write=73766 read=99841
      write dmiss=0 rdreq=20 wrreq=8192 wait=87 lhit=14 lmiss=5 post=8192
      read  dmiss=1024 rdreq=1041 wrreq=0 wait=9770 lhit=18 lmiss=1030 post=0
      hot read=99816
    32-bit write=45092 read=49944
      write dmiss=0 rdreq=20 wrreq=4096 wait=62 lhit=12 lmiss=3 post=4096
      read  dmiss=1024 rdreq=1039 wrreq=0 wait=9020 lhit=15 lmiss=1031 post=0
      hot read=49948
  Astraea DMA (64 KiB)
    fill=9328 copy=21646
  Full-range BIST ... [stage0] OK

POST PASS
  Kernel image ...... OK
Starting Astra kernel
ASTRA 68 KERNEL v0.1.0-dev
Built: 2026-07-24T04:13:23Z
Git:   be27074ff67005095c5ec4e6b516a5c0708df049-dirty

BootInfo ........... OK
Early log .......... OK @ 0x02000000
VBR ................ OK @ 0x02010400
Kernel image ....... 36960 bytes @ 0x02010000
CPU ................ MC68030 @ 12500000 Hz
PMMU ............... enabled, SRP 0x02004000
Physical pages ..... 7992 free / 8192 total
User copy .......... OK, fault recovery verified
Kernel worker ...... OK, guarded MSP
Thread ISPs ........ 16 guarded, 8 KiB each
Vesta timer ........ OK @ 100 Hz
AstraHost runtime ... OK, media not provisioned
Input queue ......... OK
User processes ...... 2 ready, cache isolation armed
User threads ........ 3 ready, priority scheduler armed

User tasks .......... OK, 100 Hz preemption
Fault containment ... OK, offender reaped
Context switches .... 6
Thread scheduler .... 2 live, priority queues OK
Same-CRP switches ... 3
Wait/wake ........... 2 blocks, 1 wake, 1 priority handoff
Thread ISP max ...... 388 / 8192 bytes
K2 PERF irq syscall=29685/50000 timer=14335/50000 fault=19635/125000
K2 PERF sched pick=1444/10000 same=1569/15000 cross=2527/50000
K2 PERF wait block=1264/15000 wake=2428/15000 overruns=0
K2 PERFORMANCE PASS

K2 BLOCKING SUBSTRATE PASS

K2 THREAD SUBSTRATE PASS

K1 PROTECTED ENTRY PASS
K2 blocking capture elapsed=2.338s events=[(1.1353233410045505, 'R'), (1.1359166260808706, '.'), (1.1359628373757005, '.'), (1.1359916822984815, '.'), (1.1360164070501924, '.'), (1.136066117323935, '.'), (1.416406943462789, 'R'), (1.4165566675364971, 'R'), (1.4172768145799637, '.'), (1.417301612906158, '.'), (1.4173250710591674, '.'), (1.4173485236242414, '.'), (1.4173720497637987, '.'), (1.417395332828164, '.'), (1.4174188748002052, '.'), (1.4181622304022312, '.'), (1.4205599687993526, 'R'), (1.4244658667594194, 'R'), (1.4255858734250069, 'R'), (1.4262162577360868, '.'), (1.4344667037948966, '.'), (1.436275484971702, '.'), (1.4413977628573775, 'R'), (1.4435568759217858, 'R'), (1.4496350921690464, '.'), (1.450245006941259, 'R'), (1.4504031324759126, '.'), (1.451553063467145, '.'), (1.452416516840458, '.'), (1.4526264313608408, 'R'), (1.4582763332873583, 'R'), (1.4586400790140033, '.'), (1.4586812118068337, '.'), (1.4587225848808885, '.'), (1.4587635640054941, '.'), (1.4588044760748744, '.'), (1.4588452568277717, '.'), (1.4588861549273133, '.'), (1.4589274795725942, '.'), (1.4603829411789775, '.'), (1.4604260744526982, '.'), (1.4604687886312604, '.'), (1.4605108126997948, '.'), (1.4605525471270084, '.'), (1.4605941586196423, '.'), (1.4606355717405677, '.'), (1.4637726629152894, '.'), (1.463816030882299, '.'), (1.4638593439012766, '.'), (1.4639024827629328, '.'), (1.4657223708927631, '.'), (1.4657666431739926, '.'), (1.46615603659302, '.'), (1.466307319700718, '.'), (1.4664375381544232, '.'), (1.4665110185742378, '.'), (1.4697436755523086, '.'), (1.469790336675942, '.'), (1.4702562363818288, '.'), (1.4703249838203192, '.'), (1.471560724079609, 'R'), (1.6394914211705327, '.'), (1.6396338986232877, '.'), (1.6397718247026205, '.'), (1.641070363111794, ']'), (1.6461954675614834, '.'), (1.6463396633043885, '.'), (1.646487190388143, '.'), (1.646632494404912, '.'), (1.6467768177390099, '.'), (1.6469242181628942, '.'), (1.7679490186274052, 'R'), (1.7691817916929722, 'R'), (1.7702607475221157, '.'), (1.7705629114061594, '.'), (1.859061561524868, '.'), (1.8591444743797183, '.'), (1.8592262640595436, '.'), (1.8593054730445147, '.'), (1.8593847835436463, '.'), (1.859475958161056, '.'), (1.8595572551712394, '.'), (1.8596364920958877, '.'), (1.8597156284376979, '.'), (1.8597943615168333, '.'), (1.859873078763485, '.'), (1.8613237049430609, '.'), (1.861405829899013, '.'), (1.8614870179444551, '.'), (1.8615682497620583, '.'), (1.861648223362863, '.'), (1.8617278998717666, '.'), (1.8618069207295775, '.'), (1.8618869539350271, '.'), (1.8619662523269653, '.'), (1.862066670320928, '.'), (1.8638947196304798, 'R'), (1.8641247814521194, '.'), (1.8642135681584477, '.'), (1.8642959091812372, '.'), (1.8643775321543217, '.'), (1.8644589325413108, '.'), (1.8645403003320098, '.'), (1.8646213049069047, '.'), (1.8647023783996701, '.'), (1.8647830914705992, '.'), (1.865097101777792, '.'), (1.8654183959588408, '.'), (1.8657333217561245, '.'), (1.866020169109106, '.'), (1.8662300081923604, '.'), (1.8664428247138858, '.'), (1.8665998578071594, '.'), (1.8744995100423694, '.'), (1.8748467210680246, '.'), (1.8751871595159173, '.'), (1.8754632975906134, '.'), (1.8757683094590902, '.'), (1.8760947780683637, '.'), (1.876430488191545, '.'), (1.8855287674814463, '.'), (1.8858495242893696, '.'), (1.8861745251342654, '.'), (1.886490005068481, '.'), (1.8868094347417355, '.'), (1.887079257518053, '.'), (1.8871659571304917, '.'), (1.8872510623186827, '.'), (1.8873356049880385, '.'), (1.8874207884073257, '.'), (1.8875050386413932, '.'), (1.887599503621459, '.'), (1.8876848947256804, '.'), (1.8877688255161047, '.'), (1.8878525514155626, '.'), (1.8879364747554064, '.'), (1.8907289123162627, '.'), (1.8908146088942885, '.'), (1.8908998798578978, '.'), (1.8909850595518947, '.'), (1.891098321415484, '.'), (1.8911846354603767, '.'), (1.8912698784843087, '.'), (1.891354932449758, '.'), (1.8914395337924361, '.'), (1.8915240103378892, '.'), (1.8916204748675227, '.'), (1.891706483438611, '.'), (1.8917912524193525, '.'), (1.8918893039226532, '.'), (1.891975930891931, '.'), (1.8930695494636893, 'R'), (1.895577390678227, '.'), (1.895664095878601, '.'), (1.8957504006102681, '.'), (1.8958367416635156, '.'), (1.8959231171756983, '.'), (1.9016279894858599, '.'), (1.9019688088446856, '.'), (1.9021172635257244, '.'), (1.9022075766697526, '.'), (1.9022967414930463, '.'), (1.9023856213316321, '.'), (1.9024746734648943, '.'), (1.9025631695985794, '.'), (1.9026510566473007, '.'), (1.90273907314986, '.'), (1.906689994968474, '.'), (1.9067797549068928, '.'), (1.9068691423162818, '.'), (1.9069581683725119, '.'), (1.9070571875199676, '.'), (1.907147852703929, '.'), (1.909954727627337, '.'), (1.9101301971822977, '.'), (1.9102235520258546, '.'), (1.9103152174502611, '.'), (1.9104066081345081, '.'), (1.910497690550983, '.'), (1.9105889685451984, '.'), (1.9106798628345132, '.'), (1.9169695917516947, '.'), (1.917096933349967, '.'), (1.917192260734737, '.'), (1.917285312898457, '.'), (1.917377708479762, '.'), (1.9174700872972608, '.'), (1.9175625601783395, '.'), (1.9176549408584833, '.'), (1.920996773056686, '.'), (1.9210974993184209, '.'), (1.921191561035812, '.'), (1.9273657789453864, '.'), (1.9274610662832856, '.'), (1.9275559429079294, '.'), (1.9276509135961533, '.'), (1.9277455108240247, '.'), (1.9278399785980582, '.'), (1.9279341464862227, '.'), (1.9280286002904177, '.'), (1.9281322183087468, '.'), (1.995538947172463, '.'), (1.9956363765522838, '.'), (1.995732749812305, '.'), (1.9958282010629773, '.'), (1.995923818089068, '.'), (1.9962318716570735, '.'), (2.0026102997362614, '.'), (2.002719035372138, '.'), (2.0028176307678223, '.'), (2.002915021032095, '.'), (2.003012119792402, '.'), (2.003121692687273, '.'), (2.003239848650992, '.'), (2.0033390121534467, '.'), (2.198531120084226, '.'), (2.1986369835212827, '.'), (2.1987367616966367, '.'), (2.1988357827067375, '.'), (2.1989345541223884, '.'), (2.199042810127139, '.'), (2.19920293148607, '.'), (2.199307450093329, '.'), (2.199409089051187, '.'), (2.19950966630131, '.'), (2.204047007486224, '.'), (2.2041510436683893, '.'), (2.2042521461844444, '.'), (2.208305017091334, '.'), (2.2084075333550572, '.'), (2.2085094805806875, '.'), (2.208611107431352, '.'), (2.2109672371298075, '.'), (2.2110845176503062, '.'), (2.211189014837146, '.'), (2.21129191480577, '.'), (2.2158810598775744, 'R'), (2.217666401527822, '.'), (2.217780609615147, '.'), (2.2180671393871307, '.'), (2.2185336938127875, 'W'), (2.2197849061340094, '.'), (2.2198984641581774, '.'), (2.2200114680454135, '.'), (2.220135508105159, '.'), (2.220249243080616, '.'), (2.220361601561308, '.'), (2.2204742785543203, '.'), (2.2205872740596533, '.'), (2.2207006849348545, '.'), (2.2208133563399315, '.'), (2.2209256133064628, '.'), (2.2293361639603972, '.'), (2.2294927248731256, '.'), (2.2296128207817674, '.'), (2.2297296449542046, '.'), (2.229845310561359, '.'), (2.2299613067880273, '.'), (2.2407252974808216, 'R'), (2.255754399113357, 'R'), (2.2678966699168086, 'R'), (2.2802431350573897, 'R'), (2.280790046788752, 'R'), (2.3011910812929273, 'R'), (2.316021884791553, 'R'), (2.3197505800053477, 'R'), (2.332572376355529, 'R'), (2.3357802825048566, 'R')]
CPU memory 8-bit: write=52.553 MB/s read=43.958 MB/s
CPU memory 16-bit: write=119.139 MB/s read=97.385 MB/s
CPU memory 32-bit: write=179.178 MB/s read=190.689 MB/s
CPU memory 8-bit: write=1.388 MB/s read=1.079 MB/s
CPU memory 16-bit: write=2.776 MB/s read=2.051 MB/s
CPU memory 32-bit: write=4.542 MB/s read=4.101 MB/s
Astraea DMA: fill=87.822 MB/s copy=37.845 MB/s
