ets Jul 29 2019 12:21:46

rst:0x1 (POWERON_RESET),boot:0x37 (SPI_FAST_FLASH_BOOT)
configsip: 0, SPIWP:0xee
clk_drv:0x00,q_drv:0x00,d_drv:0x00,cs0_drv:0x00,hd_drv:0x00,wp_drv:0x00
mode:DIO, clock div:2
load:0x3fff0030,len:6280
load:0x40078000,len:15864
load:0x40080400,len:3920
entry 0x40080644
I (27) boot: ESP-IDF v5.5.4-dirty 2nd stage bootloader
I (27) boot: compile time Jul 24 2026 17:29:37
I (28) boot: Multicore bootloader
I (29) boot: chip revision: v3.1
I (32) boot.esp32: SPI Speed      : 40MHz
I (36) boot.esp32: SPI Mode       : DIO
I (39) boot.esp32: SPI Flash Size : 4MB
I (43) boot: Enabling RNG early entropy source...
I (47) boot: Partition Table:
I (50) boot: ## Label            Usage          Type ST Offset   Length
I (56) boot:  0 nvs              WiFi data        01 02 00009000 00004000
I (63) boot:  1 otadata          OTA data         01 00 0000d000 00002000
I (69) boot:  2 phy_init         RF data          01 01 0000f000 00001000
I (76) boot:  3 factory          factory app      00 00 00010000 00100000
I (82) boot:  4 ota_0            OTA app          00 10 00110000 00100000
I (89) boot:  5 ota_1            OTA app          00 11 00210000 00100000
I (95) boot: End of partition table
I (99) boot: Defaulting to factory image
I (102) esp_image: segment 0: paddr=00010020 vaddr=3f400020 size=1945ch (103516) map
I (145) esp_image: segment 1: paddr=00029484 vaddr=3ffb0000 size=051b8h ( 20920) load
I (153) esp_image: segment 2: paddr=0002e644 vaddr=40080000 size=019d4h (  6612) load
I (156) esp_image: segment 3: paddr=00030020 vaddr=400d0020 size=22c88h (142472) map
I (208) esp_image: segment 4: paddr=00052cb0 vaddr=400819d4 size=0be1ch ( 48668) load
I (227) esp_image: segment 5: paddr=0005ead4 vaddr=50000000 size=00020h (    32) load
I (235) boot: Loaded app from partition at offset 0x10000
I (235) boot: Disabling RNG early entropy source...
I (247) cpu_start: Multicore app
I (255) cpu_start: GPIO 3 and 1 are used as console UART I/O pins
I (255) cpu_start: Pro cpu start user code
I (256) cpu_start: cpu freq: 160000000 Hz
I (257) app_init: Application information:
I (261) app_init: Project name:     astrahost
I (265) app_init: App version:      0.1.0
I (269) app_init: Compile time:     Jul 24 2026 17:29:24
I (274) app_init: ELF file SHA256:  28287349b...
I (278) app_init: ESP-IDF:          v5.5.4-dirty
I (283) efuse_init: Min chip rev:     v0.0
I (287) efuse_init: Max chip rev:     v3.99 
I (291) efuse_init: Chip rev:         v3.1
I (295) heap_init: Initializing. RAM available for dynamic allocation:
I (301) heap_init: At 3FFAE6E0 len 00001920 (6 KiB): DRAM
I (306) heap_init: At 3FFB5D90 len 0002A270 (168 KiB): DRAM
I (311) heap_init: At 3FFE0440 len 00003AE0 (14 KiB): D/IRAM
I (316) heap_init: At 3FFE4350 len 0001BCB0 (111 KiB): D/IRAM
I (322) heap_init: At 4008D7F0 len 00012810 (74 KiB): IRAM
I (328) spi_flash: detected chip: generic
I (331) spi_flash: flash io: dio
W (334) spi_flash: Detected size(16384k) larger than the size in the binary image header(4096k). Using the size in the binary image header.
I (347) main_task: Started on CPU0
I (350) main_task: Calling app_main()
I (353) AstraHost: AstraHost 0.1 starting
I (356) AstraHost: FPGA communication: SPI only, mode 0 at 20000000 Hz
I (405) sdspi_transaction: cmd=52, R1 response: command not supported
I (607) sdspi_transaction: cmd=5, R1 response: command not supported
I (1550) AstraHost: SD boot partition mounted
Name: SN256
Type: SDHC
Speed: 20.00 MHz (limit: 20.00 MHz)
Size: 244016MB
CSD: ver=2, sector_size=512, capacity=499744768 read_bl_len=9
SSR: bus_width=1
W (1638) AstraHost: native Astra volume unavailable: not a GPT disk
I (53660) AstraHost: updated /sdcard/ASTRA68.ROM: 52444 payload bytes CRC32=baef4d0b
W (53913) AstraHost: waiting for FPGA SPI link: ESP_ERR_TIMEOUT
W (54264) AstraHost: waiting for FPGA SPI link: ESP_ERR_TIMEOUT
W (54615) AstraHost: waiting for FPGA SPI link: ESP_ERR_TIMEOUT
W (54966) AstraHost: waiting for FPGA SPI link: ESP_ERR_TIMEOUT
W (55317) AstraHost: waiting for FPGA SPI link: ESP_ERR_TIMEOUT
W (55668) AstraHost: waiting for FPGA SPI link: ESP_ERR_TIMEOUT
W (56019) AstraHost: waiting for FPGA SPI link: ESP_ERR_TIMEOUT
W (56370) AstraHost: waiting for FPGA SPI link: ESP_ERR_TIMEOUT
W (56721) AstraHost: waiting for FPGA SPI link: ESP_ERR_TIMEOUT
W (57072) AstraHost: waiting for FPGA SPI link: ESP_ERR_TIMEOUT
W (57423) AstraHost: waiting for FPGA SPI link: ESP_ERR_TIMEOUT
W (57774) AstraHost: waiting for FPGA SPI link: ESP_ERR_TIMEOUT
W (58125) AstraHost: waiting for FPGA SPI link: ESP_ERR_TIMEOUT
W (58476) AstraHost: waiting for FPGA SPI link: ESP_ERR_TIMEOUT
W (58827) AstraHost: waiting for FPGA SPI link: ESP_ERR_TIMEOUT
W (59178) AstraHost: waiting for FPGA SPI link: ESP_ERR_TIMEOUT
W (59529) AstraHost: waiting for FPGA SPI link: ESP_ERR_TIMEOUT
W (59880) AstraHost: waiting for FPGA SPI link: ESP_ERR_TIMEOUT
W (60231) AstraHost: waiting for FPGA SPI link: ESP_ERR_TIMEOUT
W (60582) AstraHost: waiting for FPGA SPI link: ESP_ERR_TIMEOUT
W (60933) AstraHost: waiting for FPGA SPI link: ESP_ERR_TIMEOUT
W (61284) AstraHost: waiting for FPGA SPI link: ESP_ERR_TIMEOUT
W (61635) AstraHost: waiting for FPGA SPI link: ESP_ERR_TIMEOUT
W (61986) AstraHost: waiting for FPGA SPI link: ESP_ERR_TIMEOUT
W (62337) AstraHost: waiting for FPGA SPI link: ESP_ERR_TIMEOUT
W (62688) AstraHost: waiting for FPGA SPI link: ESP_ERR_TIMEOUT
W (63039) AstraHost: waiting for FPGA SPI link: ESP_ERR_TIMEOUT
W (63390) AstraHost: waiting for FPGA SPI link: ESP_ERR_TIMEOUT
W (63741) AstraHost: waiting for FPGA SPI link: ESP_ERR_TIMEOUT
W (64092) AstraHost: waiting for FPGA SPI link: ESP_ERR_TIMEOUT
W (64443) AstraHost: waiting for FPGA SPI link: ESP_ERR_TIMEOUT
W (64794) AstraHost: waiting for FPGA SPI link: ESP_ERR_TIMEOUT
W (65145) AstraHost: waiting for FPGA SPI link: ESP_ERR_TIMEOUT
W (65496) AstraHost: waiting for FPGA SPI link: ESP_ERR_TIMEOUT
W (65847) AstraHost: waiting for FPGA SPI link: ESP_ERR_TIMEOUT
W (66198) AstraHost: waiting for FPGA SPI link: ESP_ERR_TIMEOUT
W (66549) AstraHost: waiting for FPGA SPI link: ESP_ERR_TIMEOUT
W (66900) AstraHost: waiting for FPGA SPI link: ESP_ERR_TIMEOUT
W (67251) AstraHost: waiting for FPGA SPI link: ESP_ERR_TIMEOUT
W (67602) AstraHost: waiting for FPGA SPI link: ESP_ERR_TIMEOUT
W (67953) AstraHost: waiting for FPGA SPI link: ESP_ERR_TIMEOUT
W (68304) AstraHost: waiting for FPGA SPI link: ESP_ERR_TIMEOUT
W (68655) AstraHost: waiting for FPGA SPI link: ESP_ERR_TIMEOUT
W (69006) AstraHost: waiting for FPGA SPI link: ESP_ERR_TIMEOUT
W (69357) AstraHost: waiting for FPGA SPI link: ESP_ERR_TIMEOUT
W (69708) AstraHost: waiting for FPGA SPI link: ESP_ERR_TIMEOUT
W (70059) AstraHost: waiting for FPGA SPI link: ESP_ERR_TIMEOUT
W (70410) AstraHost: waiting for FPGA SPI link: ESP_ERR_TIMEOUT
W (70761) AstraHost: waiting for FPGA SPI link: ESP_ERR_TIMEOUT
W (71112) AstraHost: waiting for FPGA SPI link: ESP_ERR_TIMEOUT
W (71463) AstraHost: waiting for FPGA SPI link: ESP_ERR_TIMEOUT
W (71814) AstraHost: waiting for FPGA SPI link: ESP_ERR_TIMEOUT
W (72165) AstraHost: waiting for FPGA SPI link: ESP_ERR_TIMEOUT
W (72516) AstraHost: waiting for FPGA SPI link: ESP_ERR_TIMEOUT
W (72867) AstraHost: waiting for FPGA SPI link: ESP_ERR_TIMEOUT
W (73218) AstraHost: waiting for FPGA SPI link: ESP_ERR_TIMEOUT
W (73569) AstraHost: waiting for FPGA SPI link: ESP_ERR_TIMEOUT
W (73920) AstraHost: waiting for FPGA SPI link: ESP_ERR_TIMEOUT
W (74271) AstraHost: waiting for FPGA SPI link: ESP_ERR_TIMEOUT
W (74622) AstraHost: waiting for FPGA SPI link: ESP_ERR_TIMEOUT
W (74973) AstraHost: waiting for FPGA SPI link: ESP_ERR_TIMEOUT
