OK
AstraHost ROM ..... OK
ROM CRC32 ........ 0xBAEF4D0B
Starting system ROM
ASTRA 68 SYSTEM ROM v0.3
Built: 2026-07-24T15:26:12Z  Git: 8929c063cdd24c8f4f526be330549e2eb5038fc8-dirty

Vesta:  v1.0
CPU:    TG68K.C 68030 MMU2 @ 12500000 Hz
MMU:    integrated 68030 PMMU
RAM:    32 MiB @ 0x02000000
ROM:    256 KiB @ 0xFFE00000
BUILD:  0x25D9CB8E
Chips:  VSTA v1.0, ASTR v1.0, VEGA v1.0, OHCI v1.0
NVRAM:  not present; defaults active

POST
  SDRAM init ........ OK
  Front panel ....... OK
  Data/byte lanes .... OK
  Address lines ...... OK
  Cache coherence .... OK
  CPU BRAM cycles (256 bytes payload)
    8-bit  write=3898 read=4660
    16-bit write=1719 read=2104
    32-bit write=1144 read=1074
  CPU memory cycles (16384 bytes payload)
    8-bit  write=147513 read=189734
      write dmiss=0 rdreq=29 wrreq=16384 wait=89 lhit=16 lmiss=5 post=16384
      read  dmiss=1024 rdreq=1040 wrreq=0 wait=9560 lhit=15 lmiss=1033 post=0
      hot read=189740
    16-bit write=73766 read=99817
      write dmiss=0 rdreq=20 wrreq=8192 wait=84 lhit=14 lmiss=5 post=8192
      read  dmiss=1024 rdreq=1041 wrreq=0 wait=9746 lhit=18 lmiss=1030 post=0
      hot read=99832
    32-bit write=45092 read=49973
      write dmiss=0 rdreq=20 wrreq=4096 wait=62 lhit=12 lmiss=3 post=4096
      read  dmiss=1024 rdreq=1039 wrreq=0 wait=9049 lhit=15 lmiss=1031 post=0
      hot read=49971
  Astraea DMA (64 KiB)
    fill=9326 copy=21646
  Full-range BIST ... [stage0] OK

POST PASS
  Kernel image ...... OK
Starting Astra kernel
ASTRA 68 KERNEL v0.1.0-dev
Built: 2026-07-24T15:26:12Z
Git:   8929c063cdd24c8f4f526be330549e2eb5038fc8-dirty

BootInfo ........... OK
Early log .......... OK @ 0x02000000
VBR ................ OK @ 0x02010400
Kernel image ....... 41020 bytes @ 0x02010000
CPU ................ MC68030 @ 12500000 Hz
PMMU ............... enabled, SRP 0x02004000
Physical pages ..... 7992 free / 8192 total
User copy .......... OK, fault recovery verified
Kernel worker ...... OK, guarded MSP
Thread ISPs ........ 16 guarded, 8 KiB each
Vesta timer ........ OK, one-shot 5 ms
AstraHost runtime ... OK, media not provisioned
Input queue ......... OK
User processes ...... 2 ready, cache isolation armed
User threads ........ 3 ready, priority scheduler armed

User tasks .......... OK, 5 ms one-shot quantum
Fault containment ... OK, offender reaped
Context switches .... 20
Thread scheduler .... 2 live, priority queues OK
Same-CRP switches ... 3
Wait/wake ........... 3 blocks, 1 wake, 1 priority handoff
Deadlines ........... 1 expired, 1 priority handoff
Thread ISP max ...... 428 / 8192 bytes
K2 PERF irq syscall=23873/50000 timer=25099/50000 fault=24763/125000
K2 PERF sched pick=1482/10000 same=2873/15000 cross=4133/50000
K2 PERF wait block=2256/15000 wake=3410/15000 overruns=0
K3 PERF deadline expire=6177/20000 overruns=0
K2 PERFORMANCE PASS

K3 ONE-SHOT SCHEDULER PASS

K3 DEADLINE QUEUE PASS

K2 BLOCKING SUBSTRATE PASS

K2 THREAD SUBSTRATE PASS

K1 PROTECTED ENTRY PASS
K3 scheduler capture elapsed=2.478s events=[(1.141771875321865, 'R'), (1.1418390506878495, '.'), (1.1418558536097407, '.'), (1.1426751846447587, '.'), (1.1427082931622863, '.'), (1.142729395069182, '.'), (1.451999882236123, 'R'), (1.4520909618586302, 'R'), (1.4529041033238173, '.'), (1.4529390698298812, '.'), (1.4529609829187393, '.'), (1.452979912981391, '.'), (1.4529981212690473, '.'), (1.4530153749510646, '.'), (1.453032643534243, '.'), (1.453050329349935, '.'), (1.4560647746548057, 'R'), (1.4599425960332155, 'R'), (1.460997217334807, 'R'), (1.4611091343685985, '.'), (1.4700675448402762, '.'), (1.4711381467059255, '.'), (1.4769864873960614, 'R'), (1.4791725045070052, 'R'), (1.4850382525473833, '.'), (1.485210777260363, 'R'), (1.4860667260363698, '.'), (1.487039121799171, '.'), (1.4880257695913315, '.'), (1.4881685068830848, 'R'), (1.4922932628542185, 'R'), (1.4931632596999407, '.'), (1.493189542554319, '.'), (1.4932157788425684, '.'), (1.4932413948699832, '.'), (1.4932668274268508, '.'), (1.4939864948391914, '.'), (1.4940300276502967, '.'), (1.4940608451142907, '.'), (1.4953003535047174, '.'), (1.4959927340969443, '.'), (1.496037332341075, '.'), (1.4960689740255475, '.'), (1.496097207069397, '.'), (1.4961239602416754, '.'), (1.496150323189795, '.'), (1.498305489309132, '.'), (1.498332436196506, '.'), (1.4989332342520356, '.'), (1.4989778194576502, '.'), (1.501120399683714, '.'), (1.501148029230535, '.'), (1.5011753486469388, '.'), (1.5012026876211166, '.'), (1.5012290384620428, '.'), (1.501256164163351, '.'), (1.5051020523533225, '.'), (1.505130029283464, '.'), (1.5051573468372226, '.'), (1.5051844231784344, '.'), (1.5070806927978992, 'R'), (1.6641714852303267, '.'), (1.6642186474055052, '.'), (1.6642582016065717, '.'), (1.6646018493920565, ']'), (1.668495461344719, '.'), (1.6686257356777787, '.'), (1.668700990267098, '.'), (1.6687429267913103, '.'), (1.668782570399344, '.'), (1.6688226256519556, '.'), (1.8164373645558953, 'R'), (1.8172542285174131, 'R'), (1.8176474496722221, '.'), (1.8177519300952554, '.'), (1.9067814406007528, '.'), (1.9068354209885001, '.'), (1.9068891424685717, '.'), (1.906941200606525, '.'), (1.9069933965802193, '.'), (1.9070451483130455, '.'), (1.9070965191349387, '.'), (1.9073402769863605, '.'), (1.9074165550991893, '.'), (1.907476338557899, '.'), (1.9075315780937672, '.'), (1.9087595231831074, '.'), (1.9088125368580222, '.'), (1.9088648976758122, '.'), (1.9089169036597013, '.'), (1.9093331471085548, '.'), (1.9094092585146427, '.'), (1.9094691658392549, '.'), (1.9095257613807917, '.'), (1.909579910337925, '.'), (1.909633096307516, '.'), (1.9115995075553656, 'R'), (1.9117308091372252, '.'), (1.9117846405133605, '.'), (1.9118381533771753, '.'), (1.9118910590186715, '.'), (1.9119437178596854, '.'), (1.9123324323445559, '.'), (1.912410226650536, '.'), (1.9124721242114902, '.'), (1.9125287169590592, '.'), (1.9125829543918371, '.'), (1.912637091241777, '.'), (1.9127132063731551, '.'), (1.9127673795446754, '.'), (1.9128201976418495, '.'), (1.912873238325119, '.'), (1.9129256131127477, '.'), (1.9158439533784986, '.'), (1.9158982411026955, '.'), (1.9159522829577327, '.'), (1.916352778673172, '.'), (1.9164307992905378, '.'), (1.9164921045303345, '.'), (1.9165488919243217, '.'), (1.9194639269262552, '.'), (1.9195216428488493, '.'), (1.9195769354701042, '.'), (1.9196316050365567, '.'), (1.91970350779593, '.'), (1.9197580646723509, '.'), (1.919811419211328, '.'), (1.9198646852746606, '.'), (1.9199175834655762, '.'), (1.920360424555838, '.'), (1.920440479181707, '.'), (1.9205394452437758, '.'), (1.920599308796227, '.'), (1.9206680841743946, '.'), (1.920724717900157, '.'), (1.9207867430523038, '.'), (1.9235641434788704, '.'), (1.923620531335473, '.'), (1.9237761721014977, '.'), (1.9239025292918086, '.'), (1.9239787822589278, '.'), (1.9240359673276544, '.'), (1.924091538414359, '.'), (1.924146675504744, '.'), (1.924361078068614, '.'), (1.9244405990466475, '.'), (1.9245028365403414, '.'), (1.924561019986868, '.'), (1.9246179098263383, '.'), (1.9247697684913874, '.'), (1.9249587813392282, '.'), (1.9257986498996615, 'R'), (1.9285614462569356, '.'), (1.9286179468035698, '.'), (1.9286912456154823, '.'), (1.928747721016407, '.'), (1.9288034681230783, '.'), (1.9323874190449715, '.'), (1.9324681982398033, '.'), (1.9325320655480027, '.'), (1.9325916161760688, '.'), (1.932668812572956, '.'), (1.9327287105843425, '.'), (1.932785416021943, '.'), (1.9328420208767056, '.'), (1.932898098602891, '.'), (1.932953934185207, '.'), (1.9369861409068108, '.'), (1.937043753452599, '.'), (1.9374190084636211, '.'), (1.9375000670552254, '.'), (1.9375650081783533, '.'), (1.9376255432143807, '.'), (1.9405788034200668, '.'), (1.940637151710689, '.'), (1.9407063405960798, '.'), (1.9407643042504787, '.'), (1.9408220835030079, '.'), (1.9409527480602264, '.'), (1.9410758297890425, '.'), (1.9411661764606833, '.'), (1.9549543345347047, '.'), (1.955014143139124, '.'), (1.955072870478034, '.'), (1.9551319442689419, '.'), (1.9551910227164626, '.'), (1.95544992107898, '.'), (1.955577064305544, '.'), (1.9557087421417236, '.'), (1.9588567512109876, '.'), (1.958943915553391, '.'), (1.9593797754496336, '.'), (1.9650035966187716, '.'), (1.9651150964200497, '.'), (1.9652292542159557, '.'), (1.965357905253768, '.'), (1.965472949668765, '.'), (1.965584821999073, '.'), (1.965719266794622, '.'), (1.9658976616337895, '.'), (1.9659886229783297, '.'), (2.0345365004613996, '.'), (2.034606001339853, '.'), (2.0346827330067754, '.'), (2.034745968878269, '.'), (2.0348068019375205, '.'), (2.0348672159016132, '.'), (2.0389664070680737, '.'), (2.039028220809996, '.'), (2.039089374244213, '.'), (2.0394180230796337, '.'), (2.0395036172121763, '.'), (2.0395727502182126, '.'), (2.0396374510601163, '.'), (2.039721363224089, '.'), (2.2776931719854474, '.'), (2.277758287265897, '.'), (2.277820536866784, '.'), (2.277882049791515, '.'), (2.2779430858790874, '.'), (2.278004467487335, '.'), (2.2780656814575195, '.'), (2.278126997873187, '.'), (2.2781884483993053, '.'), (2.2782499343156815, '.'), (2.2827523490414023, '.'), (2.282836747355759, '.'), (2.2829414010047913, '.'), (2.28629990760237, '.'), (2.2867170749232173, '.'), (2.2868050429970026, '.'), (2.2868766570463777, '.'), (2.2889705216512084, '.'), (2.2890363931655884, '.'), (2.2891009859740734, '.'), (2.289165262132883, '.'), (2.292390054091811, 'R'), (2.293348543345928, '.'), (2.2934133550152183, '.'), (2.2937188232317567, '.'), (2.294168525375426, 'W'), (2.295154409483075, '.'), (2.295220290310681, '.'), (2.295285342261195, '.'), (2.295350399799645, '.'), (2.2954153791069984, '.'), (2.2956386264413595, '.'), (2.295720113441348, '.'), (2.2957873763516545, '.'), (2.295853551477194, '.'), (2.295919058844447, '.'), (2.2959841480478644, '.'), (2.308085327036679, '.'), (2.3081529466435313, '.'), (2.3082192046567798, '.'), (2.3082851646468043, '.'), (2.3083504922688007, '.'), (2.308749448508024, '.'), (2.3089536214247346, '.'), (2.3091789120808244, '.'), (2.309253537096083, '.'), (2.309323568828404, '.'), (2.3093926552683115, '.'), (2.3211147179827094, '.'), (2.3211829755455256, '.'), (2.3212501415982842, '.'), (2.3213166799396276, '.'), (2.3213832937180996, '.'), (2.321449871174991, '.'), (2.3314900873228908, 'R'), (2.3455703370273113, 'R'), (2.3591605024412274, 'R'), (2.3721620151773095, 'R'), (2.384789471514523, 'R'), (2.3857125770300627, 'R'), (2.406235257163644, 'R'), (2.4404888059943914, 'R'), (2.4547239169478416, 'R'), (2.457881194539368, 'R'), (2.471518867649138, 'R'), (2.4753152215853333, 'R')]
CPU memory 8-bit: write=52.540 MB/s read=43.948 MB/s
CPU memory 16-bit: write=119.139 MB/s read=97.338 MB/s
CPU memory 32-bit: write=179.021 MB/s read=190.689 MB/s
CPU memory 8-bit: write=1.388 MB/s read=1.079 MB/s
CPU memory 16-bit: write=2.776 MB/s read=2.052 MB/s
CPU memory 32-bit: write=4.542 MB/s read=4.098 MB/s
Astraea DMA: fill=87.840 MB/s copy=37.845 MB/s
