OK
AstraHost ROM ..... OK
ROM CRC32 ........ 0xBAEF4D0B
Starting system ROM
ASTRA 68 SYSTEM ROM v0.3
Built: 2026-07-24T15:26:12Z  Git: 8929c063cdd24c8f4f526be330549e2eb5038fc8-dirty

Vesta:  v1.0
CPU:    TG68K.C 68030 MMU2 @ 12500000 Hz
MMU:    integrated 68030 PMMU
RAM:    32 MiB @ 0x02000000
ROM:    256 KiB @ 0xFFE00000
BUILD:  0x25D9CB8E
Chips:  VSTA v1.0, ASTR v1.0, VEGA v1.0, OHCI v1.0
NVRAM:  not present; defaults active

POST
  SDRAM init ........ OK
  Front panel ....... OK
  Data/byte lanes .... OK
  Address lines ...... OK
  Cache coherence .... OK
  CPU BRAM cycles (256 bytes payload)
    8-bit  write=3898 read=4660
    16-bit write=1719 read=2104
    32-bit write=1144 read=1074
  CPU memory cycles (16384 bytes payload)
    8-bit  write=147513 read=189734
      write dmiss=0 rdreq=29 wrreq=16384 wait=89 lhit=16 lmiss=5 post=16384
      read  dmiss=1024 rdreq=1040 wrreq=0 wait=9560 lhit=15 lmiss=1033 post=0
      hot read=189740
    16-bit write=73766 read=99817
      write dmiss=0 rdreq=20 wrreq=8192 wait=84 lhit=14 lmiss=5 post=8192
      read  dmiss=1024 rdreq=1041 wrreq=0 wait=9746 lhit=18 lmiss=1030 post=0
      hot read=99832
    32-bit write=45092 read=49973
      write dmiss=0 rdreq=20 wrreq=4096 wait=62 lhit=12 lmiss=3 post=4096
      read  dmiss=1024 rdreq=1039 wrreq=0 wait=9049 lhit=15 lmiss=1031 post=0
      hot read=49971
  Astraea DMA (64 KiB)
    fill=9326 copy=21646
  Full-range BIST ... [stage0] OK

POST PASS
  Kernel image ...... OK
Starting Astra kernel
ASTRA 68 KERNEL v0.1.0-dev
Built: 2026-07-24T15:26:12Z
Git:   8929c063cdd24c8f4f526be330549e2eb5038fc8-dirty

BootInfo ........... OK
Early log .......... OK @ 0x02000000
VBR ................ OK @ 0x02010400
Kernel image ....... 41020 bytes @ 0x02010000
CPU ................ MC68030 @ 12500000 Hz
PMMU ............... enabled, SRP 0x02004000
Physical pages ..... 7992 free / 8192 total
User copy .......... OK, fault recovery verified
Kernel worker ...... OK, guarded MSP
Thread ISPs ........ 16 guarded, 8 KiB each
Vesta timer ........ OK, one-shot 5 ms
AstraHost runtime ... OK, media not provisioned
Input queue ......... OK
User processes ...... 2 ready, cache isolation armed
User threads ........ 3 ready, priority scheduler armed

User tasks .......... OK, 5 ms one-shot quantum
Fault containment ... OK, offender reaped
Context switches .... 20
Thread scheduler .... 2 live, priority queues OK
Same-CRP switches ... 3
Wait/wake ........... 3 blocks, 1 wake, 1 priority handoff
Deadlines ........... 1 expired, 1 priority handoff
Thread ISP max ...... 428 / 8192 bytes
K2 PERF irq syscall=23873/50000 timer=25099/50000 fault=24793/125000
K2 PERF sched pick=1482/10000 same=2874/15000 cross=4133/50000
K2 PERF wait block=2256/15000 wake=3410/15000 overruns=0
K3 PERF deadline expire=6177/20000 overruns=0
K2 PERFORMANCE PASS

K3 ONE-SHOT SCHEDULER PASS

K3 DEADLINE QUEUE PASS

K2 BLOCKING SUBSTRATE PASS

K2 THREAD SUBSTRATE PASS

K1 PROTECTED ENTRY PASS
K3 scheduler capture elapsed=2.496s events=[(1.1648638918995857, 'R'), (1.1657410291954875, '.'), (1.165774967521429, '.'), (1.1658090995624661, '.'), (1.1658435510471463, '.'), (1.1658773990347981, '.'), (1.4692242853343487, 'R'), (1.4701354652643204, 'R'), (1.470224790275097, '.'), (1.470243507064879, '.'), (1.4702617172151804, '.'), (1.470279430039227, '.'), (1.4710161909461021, '.'), (1.4710635617375374, '.'), (1.4711016127839684, '.'), (1.4711378524079919, '.'), (1.4739968916401267, 'R'), (1.4770953692495823, 'R'), (1.4783048490062356, 'R'), (1.4792210748419166, '.'), (1.4880266096442938, '.'), (1.4892964903265238, '.'), (1.4945815447717905, 'R'), (1.4972062474116683, 'R'), (1.5028684213757515, '.'), (1.503395102918148, 'R'), (1.5038095088675618, '.'), (1.505004096776247, '.'), (1.5054040430113673, '.'), (1.506137389689684, 'R'), (1.5102093070745468, 'R'), (1.511140437796712, '.'), (1.5111733647063375, '.'), (1.511204993352294, '.'), (1.5112356375902891, '.'), (1.5112657640129328, '.'), (1.5112957619130611, '.'), (1.511325554922223, '.'), (1.5113552026450634, '.'), (1.5133211547508836, '.'), (1.51335144136101, '.'), (1.5133817493915558, '.'), (1.5134116392582655, '.'), (1.513441395945847, '.'), (1.5141431139782071, '.'), (1.5141940815374255, '.'), (1.5162879657000303, '.'), (1.516319254413247, '.'), (1.5163497542962432, '.'), (1.516379902139306, '.'), (1.5191205274313688, '.'), (1.5191890029236674, '.'), (1.519228896126151, '.'), (1.519262014888227, '.'), (1.519293694756925, '.'), (1.5193257490172982, '.'), (1.5231174593791366, '.'), (1.523186738602817, '.'), (1.5232326360419393, '.'), (1.5233215671032667, '.'), (1.5243663676083088, 'R'), (1.6815578127279878, '.'), (1.6815999187529087, '.'), (1.68164078053087, '.'), (1.682522725313902, ']'), (1.6855835122987628, '.'), (1.6856399308890104, '.'), (1.6856844052672386, '.'), (1.68572764005512, '.'), (1.686238957569003, '.'), (1.6863038931041956, '.'), (1.8336102981120348, 'R'), (1.8347622519358993, 'R'), (1.8355668522417545, '.'), (1.83567282743752, '.'), (1.9242012752220035, '.'), (1.9245053520426154, '.'), (1.9245835058391094, '.'), (1.9246440967544913, '.'), (1.9246999910101295, '.'), (1.9247540524229407, '.'), (1.924807102419436, '.'), (1.9248600229620934, '.'), (1.9249120764434338, '.'), (1.9249642761424184, '.'), (1.9251374853774905, '.'), (1.926654820330441, '.'), (1.9267098028212786, '.'), (1.9267634330317378, '.'), (1.9268160667270422, '.'), (1.9268683698028326, '.'), (1.9269203068688512, '.'), (1.9269899325445294, '.'), (1.9270486030727625, '.'), (1.9275067020207644, '.'), (1.927585169672966, '.'), (1.9291125051677227, 'R'), (1.9295852528885007, '.'), (1.929646915756166, '.'), (1.9297043746337295, '.'), (1.9297596868127584, '.'), (1.9298138422891498, '.'), (1.9298683004453778, '.'), (1.9299219455569983, '.'), (1.9299924047663808, '.'), (1.9300499446690083, '.'), (1.9301042361184955, '.'), (1.9305026726797223, '.'), (1.9305815678089857, '.'), (1.9306440521031618, '.'), (1.9307009624317288, '.'), (1.9307562317699194, '.'), (1.9308106545358896, '.'), (1.9337227093055844, '.'), (1.9337795274332166, '.'), (1.933834582567215, '.'), (1.9338895417749882, '.'), (1.9339437410235405, '.'), (1.9340182188898325, '.'), (1.9340728325769305, '.'), (1.9370296830311418, '.'), (1.937086435034871, '.'), (1.9371413830667734, '.'), (1.9375341357663274, '.'), (1.9376137936487794, '.'), (1.9376756008714437, '.'), (1.93773406278342, '.'), (1.9377898322418332, '.'), (1.9378456268459558, '.'), (1.9379007695242763, '.'), (1.9379694620147347, '.'), (1.93804847355932, '.'), (1.9381038583815098, '.'), (1.9385317489504814, '.'), (1.938610926270485, '.'), (1.9386733891442418, '.'), (1.941088791936636, '.'), (1.941144441254437, '.'), (1.9414929887279868, '.'), (1.9417124968022108, '.'), (1.9419463751837611, '.'), (1.9421767191961408, '.'), (1.9423024980351329, '.'), (1.9423753339797258, '.'), (1.9424829250201583, '.'), (1.9425431890413165, '.'), (1.9426001282408834, '.'), (1.9426566790789366, '.'), (1.9428038969635963, '.'), (1.942895932123065, '.'), (1.9429543353617191, '.'), (1.9443221157416701, 'R'), (1.9461768232285976, '.'), (1.946531449444592, '.'), (1.9466124223545194, '.'), (1.9466947130858898, '.'), (1.9467565957456827, '.'), (1.9499177290126681, '.'), (1.9499930497258902, '.'), (1.9500538371503353, '.'), (1.9501108322292566, '.'), (1.950504588894546, '.'), (1.9505862053483725, '.'), (1.9506520675495267, '.'), (1.950712357647717, '.'), (1.9507710421457887, '.'), (1.9508285420015454, '.'), (1.9548536259680986, '.'), (1.9549123393371701, '.'), (1.9549706242978573, '.'), (1.955170520581305, '.'), (1.9552322756499052, '.'), (1.9552915813401341, '.'), (1.9580456260591745, '.'), (1.9581054570153356, '.'), (1.9581643706187606, '.'), (1.9582223938778043, '.'), (1.9585552047938108, '.'), (1.9586775982752442, '.'), (1.9587457394227386, '.'), (1.958807605318725, '.'), (1.9726290497928858, '.'), (1.9726961879059672, '.'), (1.9727594554424286, '.'), (1.972820209339261, '.'), (1.9728801222518086, '.'), (1.9729396309703588, '.'), (1.973026585765183, '.'), (1.9730884609743953, '.'), (1.9768833545967937, '.'), (1.976944380439818, '.'), (1.9770346339792013, '.'), (1.9808458182960749, '.'), (1.9809073554351926, '.'), (1.9810046879574656, '.'), (1.981227400712669, '.'), (1.9814485926181078, '.'), (1.9816718269139528, '.'), (1.9818837400525808, '.'), (1.98210524674505, '.'), (1.9823168301954865, '.'), (2.0521304896101356, '.'), (2.0521931601688266, '.'), (2.052254192531109, '.'), (2.0523145105689764, '.'), (2.052658084779978, '.'), (2.052748636342585, '.'), (2.05696262139827, '.'), (2.0570539087057114, '.'), (2.057118163444102, '.'), (2.0571805043146014, '.'), (2.057243015617132, '.'), (2.057304953224957, '.'), (2.0573666589334607, '.'), (2.05759343970567, '.'), (2.295470126904547, '.'), (2.2955335387960076, '.'), (2.29559594579041, '.'), (2.295657861046493, '.'), (2.29578778706491, '.'), (2.295853122137487, '.'), (2.2959155989810824, '.'), (2.295993278734386, '.'), (2.2960612662136555, '.'), (2.296124493703246, '.'), (2.300489153712988, '.'), (2.3005534475669265, '.'), (2.3006167113780975, '.'), (2.305856266990304, '.'), (2.305920772254467, '.'), (2.3059956962242723, '.'), (2.3060609102249146, '.'), (2.308172455057502, '.'), (2.3082389906048775, '.'), (2.3083040695637465, '.'), (2.308368935249746, '.'), (2.3133389176800847, 'R'), (2.314126428216696, '.'), (2.3141917884349823, '.'), (2.3142562992870808, '.'), (2.314522609114647, 'W'), (2.31517996173352, '.'), (2.3152450444176793, '.'), (2.315309935249388, '.'), (2.315375446341932, '.'), (2.3154402170330286, '.'), (2.315505470149219, '.'), (2.3155704233795404, '.'), (2.315637230873108, '.'), (2.315787050873041, '.'), (2.3159871408715844, '.'), (2.3160612070932984, '.'), (2.325956874527037, '.'), (2.3260459480807185, '.'), (2.326117480173707, '.'), (2.3261868208646774, '.'), (2.3262543668970466, '.'), (2.326321312226355, '.'), (2.326402216218412, '.'), (2.3264714665710926, '.'), (2.3265616158023477, '.'), (2.3266315441578627, '.'), (2.326867184601724, '.'), (2.340770121663809, '.'), (2.3410271275788546, '.'), (2.3412710539996624, '.'), (2.3415133180096745, '.'), (2.3417547764256597, '.'), (2.342006118968129, '.'), (2.3491443004459143, 'R'), (2.3634333480149508, 'R'), (2.3767774449661374, 'R'), (2.3898648973554373, 'R'), (2.402820414863527, 'R'), (2.4037317894399166, 'R'), (2.4244238939136267, 'R'), (2.4586452823132277, 'R'), (2.4720572931692004, 'R'), (2.475225865840912, 'R'), (2.489687317982316, 'R'), (2.4934414606541395, 'R')]
CPU memory 8-bit: write=52.540 MB/s read=43.948 MB/s
CPU memory 16-bit: write=119.139 MB/s read=97.338 MB/s
CPU memory 32-bit: write=179.021 MB/s read=190.689 MB/s
CPU memory 8-bit: write=1.388 MB/s read=1.079 MB/s
CPU memory 16-bit: write=2.776 MB/s read=2.052 MB/s
CPU memory 32-bit: write=4.542 MB/s read=4.098 MB/s
Astraea DMA: fill=87.840 MB/s copy=37.845 MB/s
