make: Entering directory '/tmp/astra68-k3-oneshot-dev/emu'
rustup run 1.97.0 cargo run --release -p astravm-machine --example soak -- \
	../sw/boot/astra_boot.bin 1000 675000000
    Finished `release` profile [optimized] target(s) in 0.04s
     Running `target/release/examples/soak ../sw/boot/astra_boot.bin 1000 675000000`
soak progress=8/1000 cycles=23750242 wall=0.192s
soak progress=10/1000 cycles=25750252 wall=0.216s
soak progress=100/1000 cycles=78500913 wall=0.747s
soak progress=1000/1000 cycles=596507297 wall=5.886s
ASTRA 68 SYSTEM ROM v0.3
Built: 2026-07-24T15:26:12Z  Git: 8929c063cdd24c8f4f526be330549e2eb5038fc8-dirty

Vesta:  v1.0
CPU:    TG68K.C 68030 MMU2 @ 12500000 Hz
MMU:    integrated 68030 PMMU
RAM:    32 MiB @ 0x02000000
ROM:    256 KiB @ 0xFFE00000
BUILD:  0x18EBE2E1
Chips:  VSTA v1.0, ASTR v1.0, VEGA v1.0
NVRAM:  not present; defaults active

POST
  SDRAM init ........ OK
  Front panel ....... OK
  Data/byte lanes .... OK
  Address lines ...... OK
  Cache coherence .... OK
  CPU BRAM cycles (256 bytes payload)
    8-bit  write=5139 read=7688
    16-bit write=2067 read=2574
    32-bit write=1299 read=1294
  CPU memory cycles (16384 bytes payload)
    8-bit  write=229393 read=294922
      write dmiss=0 rdreq=0 wrreq=0 wait=0 lhit=0 lmiss=0 post=0
      read  dmiss=0 rdreq=0 wrreq=0 wait=0 lhit=0 lmiss=0 post=0
      hot read=294927
    16-bit write=114696 read=147466
      write dmiss=0 rdreq=0 wrreq=0 wait=0 lhit=0 lmiss=0 post=0
      read  dmiss=0 rdreq=0 wrreq=0 wait=0 lhit=0 lmiss=0 post=0
      hot read=147471
    32-bit write=65544 read=65549
      write dmiss=0 rdreq=0 wrreq=0 wait=0 lhit=0 lmiss=0 post=0
      read  dmiss=0 rdreq=0 wrreq=0 wait=0 lhit=0 lmiss=0 post=0
      hot read=65551
  Astraea DMA (64 KiB)
    fill=102 copy=102
  Full-range BIST ... [W................................R................................W................................R................................] OK

POST PASS
  Kernel image ...... OK
Starting Astra kernel
ASTRA 68 KERNEL v0.1.0-dev
Built: 2026-07-24T15:26:12Z
Git:   8929c063cdd24c8f4f526be330549e2eb5038fc8-dirty

BootInfo ........... OK
Early log .......... OK @ 0x02000000
VBR ................ OK @ 0x02010400
Kernel image ....... 42468 bytes @ 0x02010000
CPU ................ MC68030 @ 12500000 Hz
PMMU ............... enabled, SRP 0x02004000
Physical pages ..... 7992 free / 8192 total
User copy .......... OK, fault recovery verified
Kernel worker ...... OK, guarded MSP
Thread ISPs ........ 16 guarded, 8 KiB each
Vesta timer ........ OK, one-shot 5 ms
AstraHost runtime ... not present
K1 soak ............. armed, baseline 7986 pages
User processes ...... 2 ready, cache isolation armed
User threads ........ 3 ready, priority scheduler armed

User tasks .......... OK, 5 ms one-shot quantum
Fault containment ... OK, offender reaped
Context switches .... 50
Thread scheduler .... 3 live, priority queues OK
Same-CRP switches ... 3
Wait/wake ........... 3 blocks, 1 wake, 1 priority handoff
Deadlines ........... 1 expired, 1 priority handoff
Thread ISP max ...... 428 / 8192 bytes
K2 PERF irq syscall=15398/50000 timer=12588/50000 fault=20991/125000
K2 PERF sched pick=768/10000 same=1268/15000 cross=1573/50000
K2 PERF wait block=1131/15000 wake=1712/15000 overruns=0
K3 PERF deadline expire=3644/20000 overruns=0
K2 PERFORMANCE PASS

K3 ONE-SHOT SCHEDULER PASS

K3 DEADLINE QUEUE PASS

K2 BLOCKING SUBSTRATE PASS

K2 THREAD SUBSTRATE PASS

K1 PROTECTED ENTRY PASS
KERNEL MULTITASKING
K1 LATENCY user_fault_irqoff_max=20649 cycles
K1 SOAK cycles=8 switches=52 ticks=60 syscalls=0x0000000000000085 free=7986 elapsed_cycles=0x00000000008EAC71
K2 PERF irq syscall=15398/50000 timer=12588/50000 fault=20991/125000
K2 PERF sched pick=768/10000 same=1268/15000 cross=1573/50000
K2 PERF wait block=1131/15000 wake=1712/15000 overruns=0
K3 PERF deadline expire=3644/20000 overruns=0
K2 PERFORMANCE SOAK PASS cycle=8
K1 LATENCY user_fault_irqoff_max=20649 cycles
K1 SOAK cycles=10 switches=56 ticks=71 syscalls=0x0000000000000095 free=7986 elapsed_cycles=0x0000000000AF6DD1
K2 PERF irq syscall=15398/50000 timer=12588/50000 fault=20991/125000
K2 PERF sched pick=768/10000 same=1268/15000 cross=1573/50000
K2 PERF wait block=1131/15000 wake=1712/15000 overruns=0
K3 PERF deadline expire=3644/20000 overruns=0
K2 PERFORMANCE SOAK PASS cycle=10
K1 LATENCY user_fault_irqoff_max=20649 cycles
K1 SOAK cycles=100 switches=236 ticks=350 syscalls=0x0000000000000365 free=7986 elapsed_cycles=0x0000000003D36691
K2 PERF irq syscall=15398/50000 timer=12588/50000 fault=20991/125000
K2 PERF sched pick=768/10000 same=1268/15000 cross=1573/50000
K2 PERF wait block=1131/15000 wake=1712/15000 overruns=0
K3 PERF deadline expire=3644/20000 overruns=0
K2 PERFORMANCE SOAK PASS cycle=100
K1 LATENCY user_fault_irqoff_max=20649 cycles
K1 SOAK cycles=1000 switches=2036 ticks=3103 syscalls=0x0000000000001F85 free=7986 elapsed_cycles=0x0000000022B1FB27
K2 PERF irq syscall=15398/50000 timer=12588/50000 fault=20991/125000
K2 PERF sched pick=768/10000 same=1268/15000 cross=1573/50000
K2 PERF wait block=1131/15000 wake=1712/15000 overruns=0
K3 PERF deadline expire=3644/20000 overruns=0
K2 PERFORMANCE SOAK PASS cycle=1000
backend=MUSASHI 68030 / REAL ROM cycles=596507297 pc=0x020125FA build=0x18EBE2E1 soak=1000/1000
make: Leaving directory '/tmp/astra68-k3-oneshot-dev/emu'
