OK
AstraHost ROM ..... OK
ROM CRC32 ........ 0x2F9B149C
Starting system ROM
ASTRA 68 SYSTEM ROM v0.3
Built: 2026-07-24T19:44:18Z  Git: 662aa04ef807d6c74ea1a8d0c3a95b8eb78931e7

Vesta:  v1.0
CPU:    TG68K.C 68030 MMU2 @ 12500000 Hz
MMU:    integrated 68030 PMMU
RAM:    32 MiB @ 0x02000000
ROM:    256 KiB @ 0xFFE00000
BUILD:  0x25D9CB8E
Chips:  VSTA v1.0, ASTR v1.0, VEGA v1.0, OHCI v1.0
NVRAM:  not present; defaults active

POST
  SDRAM init ........ OK
  Front panel ....... OK
  Data/byte lanes .... OK
  Address lines ...... OK
  Cache coherence .... OK
  CPU BRAM cycles (256 bytes payload)
    8-bit  write=3897 read=4660
    16-bit write=1719 read=2103
    32-bit write=1143 read=1074
  CPU memory cycles (16384 bytes payload)
    8-bit  write=147512 read=189737
      write dmiss=0 rdreq=29 wrreq=16384 wait=89 lhit=16 lmiss=5 post=16384
      read  dmiss=1024 rdreq=1040 wrreq=0 wait=9563 lhit=15 lmiss=1033 post=0
      hot read=189743
    16-bit write=73765 read=99874
      write dmiss=0 rdreq=20 wrreq=8192 wait=81 lhit=14 lmiss=5 post=8192
      read  dmiss=1024 rdreq=1041 wrreq=0 wait=9803 lhit=18 lmiss=1030 post=0
      hot read=99884
    32-bit write=45092 read=49944
      write dmiss=0 rdreq=20 wrreq=4096 wait=62 lhit=12 lmiss=3 post=4096
      read  dmiss=1024 rdreq=1039 wrreq=0 wait=9020 lhit=15 lmiss=1031 post=0
      hot read=49972
  Astraea DMA (64 KiB)
    fill=9322 copy=21643
  Full-range BIST ... [stage0] OK

POST PASS
  Kernel image ...... OK
Starting Astra kernel
ASTRA 68 KERNEL v0.1.0-dev
Built: 2026-07-24T19:44:18Z
Git:   662aa04ef807d6c74ea1a8d0c3a95b8eb78931e7

BootInfo ........... OK
Early log .......... OK @ 0x02000000
VBR ................ OK @ 0x02010400
Kernel image ....... 44740 bytes @ 0x02010000
CPU ................ MC68030 @ 12500000 Hz
PMMU ............... enabled, SRP 0x02004000
Physical pages ..... 7992 free / 8192 total
User copy .......... OK, fault recovery verified
Kernel worker ...... OK, guarded MSP
Thread ISPs ........ 16 guarded, 8 KiB each
Vesta timer ........ OK, one-shot 5 ms
AstraHost runtime ... OK, media not provisioned
Input queue ......... OK
User processes ...... 2 ready, cache isolation armed
User threads ........ 3 ready, priority scheduler armed

User tasks .......... OK, 5 ms one-shot quantum
Fault containment ... OK, offender reaped
Context switches .... 27
Thread scheduler .... 2 live, priority queues OK
Same-CRP switches ... 6
Wait/wake ........... 6 blocks, 2 wake, 3 priority handoff
Deadlines ........... 1 expired, 1 priority handoff
Sync objects ........ 4 event, 1 sem; cancel/close/death 1/1/1
Thread ISP max ...... 500 / 8192 bytes
K2 PERF irq syscall=39683/50000 timer=25038/50000 fault=44037/125000
K2 PERF sched pick=1480/10000 same=2839/15000 cross=4063/50000
K2 PERF wait block=2294/15000 wake=3435/15000 overruns=0
K3 PERF deadline expire=6164/20000 overruns=0
K2 PERFORMANCE PASS

K4 HANDLE SYNCHRONIZATION PASS

K3 ONE-SHOT SCHEDULER PASS

K3 DEADLINE QUEUE PASS

K2 BLOCKING SUBSTRATE PASS

K2 THREAD SUBSTRATE PASS

K1 PROTECTED ENTRY PASS
K4 synchronization capture elapsed=2.661s events=[(1.1393138021230698, 'R'), (1.139392384327948, '.'), (1.1394106522202492, '.'), (1.1394285652786493, '.'), (1.1394459614530206, '.'), (1.1394642172381282, '.'), (1.4647083841264248, 'R'), (1.4648612588644028, 'R'), (1.4656512215733528, '.'), (1.4656823594123125, '.'), (1.4657272258773446, '.'), (1.4657629448920488, '.'), (1.465815506875515, '.'), (1.4658347349613905, '.'), (1.4658527607098222, '.'), (1.4658707175403833, '.'), (1.4686971539631486, 'R'), (1.4726443951949477, 'R'), (1.47368083614856, 'R'), (1.4738102899864316, '.'), (1.4825864471495152, '.'), (1.483714216388762, '.'), (1.4889580346643925, 'R'), (1.4918046854436398, 'R'), (1.4968662457540631, '.'), (1.4977336395531893, 'R'), (1.4979110350832343, '.'), (1.498868933878839, '.'), (1.499857172369957, '.'), (1.500715465284884, 'R'), (1.5048834951594472, 'R'), (1.505741871893406, '.'), (1.5057682879269123, '.'), (1.505811708047986, '.'), (1.505837299861014, '.'), (1.505862258374691, '.'), (1.5058873621746898, '.'), (1.5059125497937202, '.'), (1.5059411861002445, '.'), (1.5079273106530309, '.'), (1.5079539567232132, '.'), (1.5079806232824922, '.'), (1.5080067198723555, '.'), (1.5080325463786721, '.'), (1.5086530297994614, '.'), (1.5087362742051482, '.'), (1.5109088448807597, '.'), (1.5109358662739396, '.'), (1.5109621724113822, '.'), (1.510988399386406, '.'), (1.5136860748752952, '.'), (1.5137655027210712, '.'), (1.5138394674286246, '.'), (1.5138741619884968, '.'), (1.5139027582481503, '.'), (1.5139306541532278, '.'), (1.5177007298916578, '.'), (1.517763065174222, '.'), (1.5178334945812821, '.'), (1.5179170202463865, '.'), (1.5189438881352544, 'R'), (1.6763592660427094, '.'), (1.6764355013146996, '.'), (1.6765109170228243, '.'), (1.677329558879137, ']'), (1.680381253361702, '.'), (1.68046345282346, '.'), (1.6805391861125827, '.'), (1.6806148691102862, '.'), (1.6807946972548962, '.'), (1.6808933690190315, '.'), (1.8410957790911198, 'R'), (1.841955941170454, 'R'), (1.8422610526904464, '.'), (1.8423400418832898, '.'), (1.9303142679855227, '.'), (1.9303565956652164, '.'), (1.9303989745676517, '.'), (1.9304398549720645, '.'), (1.9304804503917694, '.'), (1.9305212376639247, '.'), (1.9310745801776648, '.'), (1.9311348022893071, '.'), (1.93118183221668, '.'), (1.9312251564115286, '.'), (1.9312674198299646, '.'), (1.9324539173394442, '.'), (1.9324972787871957, '.'), (1.9325388576835394, '.'), (1.9330483442172408, '.'), (1.9331081211566925, '.'), (1.9331558151170611, '.'), (1.9331995658576488, '.'), (1.9332426078617573, '.'), (1.9332844894379377, '.'), (1.9333258653059602, '.'), (1.935330674983561, 'R'), (1.9354161331430078, '.'), (1.9354580324143171, '.'), (1.9354998851194978, '.'), (1.9355416214093566, '.'), (1.935592319816351, '.'), (1.9360705632716417, '.'), (1.9361335597932339, '.'), (1.9361826218664646, '.'), (1.9362287586554885, '.'), (1.9362730840221047, '.'), (1.9363165898248553, '.'), (1.9363601757213473, '.'), (1.9364041006192565, '.'), (1.936446932144463, '.'), (1.9364895159378648, '.'), (1.936531919054687, '.'), (1.9394890759140253, '.'), (1.9395329635590315, '.'), (1.9400730971246958, '.'), (1.9401357676833868, '.'), (1.9401852050796151, '.'), (1.9402311174198985, '.'), (1.9402751782909036, '.'), (1.9432791946455836, '.'), (1.9433252522721887, '.'), (1.9433700665831566, '.'), (1.9434145530685782, '.'), (1.9434587564319372, '.'), (1.943502507172525, '.'), (1.9435463566333055, '.'), (1.9435899322852492, '.'), (1.9436335442587733, '.'), (1.9440602837130427, '.'), (1.9442374603822827, '.'), (1.9443748779594898, '.'), (1.9445197191089392, '.'), (1.944662045687437, '.'), (1.9447958627715707, '.'), (1.944840218871832, '.'), (1.9472314398735762, '.'), (1.947276302613318, '.'), (1.9473200580105186, '.'), (1.947363069280982, '.'), (1.9474062789231539, '.'), (1.9474492855370045, '.'), (1.9474922055378556, '.'), (1.947535002604127, '.'), (1.9480695454403758, '.'), (1.9481335738673806, '.'), (1.9481849875301123, '.'), (1.948232414200902, '.'), (1.9482780462130904, '.'), (1.9483238542452455, '.'), (1.9483685297891498, '.'), (1.9494105717167258, 'R'), (1.9522237880155444, '.'), (1.9522721087560058, '.'), (1.9523227903991938, '.'), (1.952369187027216, '.'), (1.9524147054180503, '.'), (1.9555512024089694, '.'), (1.956107610836625, '.'), (1.956172768957913, '.'), (1.9562248857691884, '.'), (1.9562733061611652, '.'), (1.9563202671706676, '.'), (1.9563664756715298, '.'), (1.9564123339951038, '.'), (1.9564669281244278, '.'), (1.956513922661543, '.'), (1.9606837574392557, '.'), (1.9607307836413383, '.'), (1.9607846392318606, '.'), (1.960832493379712, '.'), (1.9610456610098481, '.'), (1.9611120093613863, '.'), (1.9635482039302588, '.'), (1.9635948119685054, '.'), (1.9641090193763375, '.'), (1.964174116961658, '.'), (1.964226247742772, '.'), (1.9642745172604918, '.'), (1.9643212482333183, '.'), (1.9643673934042454, '.'), (1.9782440504059196, '.'), (1.9782913271337748, '.'), (1.9783369340002537, '.'), (1.9783823136240244, '.'), (1.9784274566918612, '.'), (1.97847234364599, '.'), (1.9785170145332813, '.'), (1.9785618158057332, '.'), (1.98239238653332, '.'), (1.9824401121586561, '.'), (1.9824870135635138, '.'), (1.9863093942403793, '.'), (1.9863591073080897, '.'), (1.9864081628620625, '.'), (1.9864572221413255, '.'), (1.9865058967843652, '.'), (1.9865550100803375, '.'), (1.9870714591816068, '.'), (1.9872012259438634, '.'), (1.9872937221080065, '.'), (2.0594250671565533, '.'), (2.059486798942089, '.'), (2.059547602199018, '.'), (2.0596074843779206, '.'), (2.05966720264405, '.'), (2.059727373532951, '.'), (2.064358999952674, '.'), (2.064475421793759, '.'), (2.0645922366529703, '.'), (2.064707240089774, '.'), (2.064853470772505, '.'), (2.064968549646437, '.'), (2.065093900077045, '.'), (2.0652077170088887, '.'), (2.431873694062233, '.'), (2.431938028894365, '.'), (2.432000852189958, '.'), (2.4320675237104297, '.'), (2.4321293057873845, '.'), (2.4321907544508576, '.'), (2.432252150028944, '.'), (2.43248472455889, '.'), (2.432655669748783, '.'), (2.4328848738223314, '.'), (2.4428332401439548, '.'), (2.442899925634265, '.'), (2.442963821813464, '.'), (2.447502155788243, '.'), (2.4477345468476415, '.'), (2.447980827651918, '.'), (2.448214373551309, '.'), (2.451014216057956, '.'), (2.451146461069584, '.'), (2.4512750888243318, '.'), (2.4514040257781744, '.'), (2.455780992284417, 'R'), (2.458026062697172, '.'), (2.458158298395574, '.'), (2.4582828329876065, '.'), (2.45895185880363, 'W'), (2.4614002062007785, '.'), (2.4615665348246694, '.'), (2.4616346834227443, '.'), (2.4617004357278347, '.'), (2.4617659533396363, '.'), (2.4620095901191235, '.'), (2.462245212867856, '.'), (2.4623135309666395, '.'), (2.462379701435566, '.'), (2.4624638380482793, '.'), (2.462530503049493, '.'), (2.4677622551098466, '.'), (2.4678412256762385, '.'), (2.4679073793813586, '.'), (2.4679727302864194, '.'), (2.4680611956864595, '.'), (2.4681280609220266, '.'), (2.4681937228888273, '.'), (2.468259070068598, '.'), (2.4683239217847586, '.'), (2.468388899229467, '.'), (2.468539111316204, '.'), (2.4751858776435256, '.'), (2.4752532932907343, '.'), (2.4753198977559805, '.'), (2.475386280566454, '.'), (2.475506597198546, '.'), (2.4757477110251784, '.'), (2.475848632864654, '.'), (2.475917416624725, '.'), (2.4892646903172135, '.'), (2.4893589233979583, '.'), (2.4894579518586397, '.'), (2.489562443457544, '.'), (2.489656255580485, '.'), (2.4897494493052363, '.'), (2.4979795310646296, 'R'), (2.5121721141040325, 'R'), (2.5258624823763967, 'R'), (2.538625182583928, 'R'), (2.551504209637642, 'R'), (2.5520718144252896, 'R'), (2.5700017204508185, 'R'), (2.5898209949955344, 'R'), (2.6233007702976465, 'R'), (2.638986431993544, 'R'), (2.6408627592027187, 'R'), (2.6558578349649906, 'R'), (2.6581873698160052, 'R')]
CPU memory 8-bit: write=52.553 MB/s read=43.948 MB/s
CPU memory 16-bit: write=119.139 MB/s read=97.385 MB/s
CPU memory 32-bit: write=179.178 MB/s read=190.689 MB/s
CPU memory 8-bit: write=1.388 MB/s read=1.079 MB/s
CPU memory 16-bit: write=2.776 MB/s read=2.051 MB/s
CPU memory 32-bit: write=4.542 MB/s read=4.101 MB/s
Astraea DMA: fill=87.878 MB/s copy=37.851 MB/s
