OK
AstraHost ROM ..... OK
ROM CRC32 ........ 0x2F9B149C
Starting system ROM
ASTRA 68 SYSTEM ROM v0.3
Built: 2026-07-24T19:44:18Z  Git: 662aa04ef807d6c74ea1a8d0c3a95b8eb78931e7

Vesta:  v1.0
CPU:    TG68K.C 68030 MMU2 @ 12500000 Hz
MMU:    integrated 68030 PMMU
RAM:    32 MiB @ 0x02000000
ROM:    256 KiB @ 0xFFE00000
BUILD:  0x25D9CB8E
Chips:  VSTA v1.0, ASTR v1.0, VEGA v1.0, OHCI v1.0
NVRAM:  not present; defaults active

POST
  SDRAM init ........ OK
  Front panel ....... OK
  Data/byte lanes .... OK
  Address lines ...... OK
  Cache coherence .... OK
  CPU BRAM cycles (256 bytes payload)
    8-bit  write=3898 read=4660
    16-bit write=1719 read=2104
    32-bit write=1143 read=1075
  CPU memory cycles (16384 bytes payload)
    8-bit  write=147514 read=189740
      write dmiss=0 rdreq=29 wrreq=16384 wait=89 lhit=16 lmiss=5 post=16384
      read  dmiss=1024 rdreq=1040 wrreq=0 wait=9566 lhit=15 lmiss=1033 post=0
      hot read=189749
    16-bit write=73765 read=99797
      write dmiss=0 rdreq=20 wrreq=8192 wait=81 lhit=14 lmiss=5 post=8192
      read  dmiss=1024 rdreq=1041 wrreq=0 wait=9726 lhit=18 lmiss=1030 post=0
      hot read=99868
    32-bit write=45092 read=49948
      write dmiss=0 rdreq=20 wrreq=4096 wait=62 lhit=12 lmiss=3 post=4096
      read  dmiss=1024 rdreq=1039 wrreq=0 wait=9024 lhit=15 lmiss=1031 post=0
      hot read=49962
  Astraea DMA (64 KiB)
    fill=9321 copy=21642
  Full-range BIST ... [stage0] OK

POST PASS
  Kernel image ...... OK
Starting Astra kernel
ASTRA 68 KERNEL v0.1.0-dev
Built: 2026-07-24T19:44:18Z
Git:   662aa04ef807d6c74ea1a8d0c3a95b8eb78931e7

BootInfo ........... OK
Early log .......... OK @ 0x02000000
VBR ................ OK @ 0x02010400
Kernel image ....... 44740 bytes @ 0x02010000
CPU ................ MC68030 @ 12500000 Hz
PMMU ............... enabled, SRP 0x02004000
Physical pages ..... 7992 free / 8192 total
User copy .......... OK, fault recovery verified
Kernel worker ...... OK, guarded MSP
Thread ISPs ........ 16 guarded, 8 KiB each
Vesta timer ........ OK, one-shot 5 ms
AstraHost runtime ... OK, media not provisioned
Input queue ......... OK
User processes ...... 2 ready, cache isolation armed
User threads ........ 3 ready, priority scheduler armed

User tasks .......... OK, 5 ms one-shot quantum
Fault containment ... OK, offender reaped
Context switches .... 27
Thread scheduler .... 2 live, priority queues OK
Same-CRP switches ... 6
Wait/wake ........... 6 blocks, 2 wake, 3 priority handoff
Deadlines ........... 1 expired, 1 priority handoff
Sync objects ........ 4 event, 1 sem; cancel/close/death 1/1/1
Thread ISP max ...... 500 / 8192 bytes
K2 PERF irq syscall=39683/50000 timer=25038/50000 fault=44037/125000
K2 PERF sched pick=1480/10000 same=2839/15000 cross=4063/50000
K2 PERF wait block=2294/15000 wake=3435/15000 overruns=0
K3 PERF deadline expire=6164/20000 overruns=0
K2 PERFORMANCE PASS

K4 HANDLE SYNCHRONIZATION PASS

K3 ONE-SHOT SCHEDULER PASS

K3 DEADLINE QUEUE PASS

K2 BLOCKING SUBSTRATE PASS

K2 THREAD SUBSTRATE PASS

K1 PROTECTED ENTRY PASS
K4 synchronization capture elapsed=2.672s events=[(1.1444890890270472, 'R'), (1.144693966023624, '.'), (1.1447359155863523, '.'), (1.1447763638570905, '.'), (1.1448166649788618, '.'), (1.1448577027767897, '.'), (1.4754403522238135, 'R'), (1.4756378792226315, 'R'), (1.4764006426557899, '.'), (1.476425581611693, '.'), (1.4764477023854852, '.'), (1.476469226181507, '.'), (1.476490231230855, '.'), (1.4765111999586225, '.'), (1.476532000117004, '.'), (1.476553383283317, '.'), (1.4796158345416188, 'R'), (1.483442927710712, 'R'), (1.4845270290970802, 'R'), (1.4848336894065142, '.'), (1.4933648640289903, '.'), (1.4945386499166489, '.'), (1.49960305262357, 'R'), (1.5025111977010965, 'R'), (1.507688857614994, '.'), (1.5085337301716208, 'R'), (1.50865544565022, '.'), (1.5096595026552677, '.'), (1.5106352251023054, '.'), (1.5114921443164349, 'R'), (1.5155767975375056, 'R'), (1.516488866880536, '.'), (1.5165236983448267, '.'), (1.5165569633245468, '.'), (1.5165891172364354, '.'), (1.5166210643947124, '.'), (1.5166527163237333, '.'), (1.516684614121914, '.'), (1.5167161133140326, '.'), (1.518625701777637, '.'), (1.518658678047359, '.'), (1.5186912138015032, '.'), (1.5187232745811343, '.'), (1.5187551584094763, '.'), (1.519406688399613, '.'), (1.5194939551874995, '.'), (1.5215857541188598, '.'), (1.5216193506494164, '.'), (1.5216520139947534, '.'), (1.5216847825795412, '.'), (1.5243719667196274, '.'), (1.5244457991793752, '.'), (1.5244873203337193, '.'), (1.524527620524168, '.'), (1.5245928848162293, '.'), (1.5246536070480943, '.'), (1.5283490987494588, '.'), (1.528405942954123, '.'), (1.528446489945054, '.'), (1.5284832092002034, '.'), (1.5296728499233723, 'R'), (1.6870203223079443, '.'), (1.687070146203041, '.'), (1.6871186923235655, '.'), (1.687981908209622, ']'), (1.6911445278674364, '.'), (1.6911969035863876, '.'), (1.691246885806322, '.'), (1.6912962812930346, '.'), (1.6915498105809093, '.'), (1.6916235471144319, '.'), (1.8519579013809562, 'R'), (1.8526329956948757, 'R'), (1.8531507551670074, '.'), (1.853251595981419, '.'), (1.9415951622650027, '.'), (1.9418004136532545, '.'), (1.9419230837374926, '.'), (1.9419865580275655, '.'), (1.9421688625589013, '.'), (1.9423493472859263, '.'), (1.9425313100218773, '.'), (1.9427341232076287, '.'), (1.9429314341396093, '.'), (1.9430970018729568, '.'), (1.9432814801111817, '.'), (1.946075176820159, '.'), (1.946264379657805, '.'), (1.9464567992836237, '.'), (1.9466442903503776, '.'), (1.9468429367989302, '.'), (1.947047833353281, '.'), (1.9472319595515728, '.'), (1.9474175367504358, '.'), (1.9475794797763228, '.'), (1.9477847693488002, '.'), (1.9496910860762, 'R'), (1.9499062038958073, '.'), (1.9500996628776193, '.'), (1.950289772823453, '.'), (1.9504746375605464, '.'), (1.9506603609770536, '.'), (1.9508747234940529, '.'), (1.9510703375563025, '.'), (1.9512644996866584, '.'), (1.9514550166204572, '.'), (1.9516459358856082, '.'), (1.951849726960063, '.'), (1.9520470388233662, '.'), (1.9522368488833308, '.'), (1.9524256028234959, '.'), (1.9525741813704371, '.'), (1.9527480965480208, '.'), (1.9565334217622876, '.'), (1.956587141379714, '.'), (1.956640069372952, '.'), (1.9567094333469868, '.'), (1.956763536669314, '.'), (1.9568160539492965, '.'), (1.956886475905776, '.'), (1.9600895904004574, '.'), (1.9601453300565481, '.'), (1.9602077286690474, '.'), (1.9604053543880582, '.'), (1.9605924896895885, '.'), (1.9607998905703425, '.'), (1.9609109796583652, '.'), (1.9609676403924823, '.'), (1.9610226145014167, '.'), (1.9610786326229572, '.'), (1.9611330712214112, '.'), (1.9611868113279343, '.'), (1.9612406753003597, '.'), (1.9613906210288405, '.'), (1.9615787640213966, '.'), (1.9617983559146523, '.'), (1.9640796072781086, '.'), (1.9641348868608475, '.'), (1.9641893152147532, '.'), (1.9642436439171433, '.'), (1.9642982352524996, '.'), (1.9643524736166, '.'), (1.964406411163509, '.'), (1.964460321702063, '.'), (1.9645145945250988, '.'), (1.964568522758782, '.'), (1.9646228328347206, '.'), (1.9646771168336272, '.'), (1.9647483928129077, '.'), (1.9648040076717734, '.'), (1.9648587657138705, '.'), (1.96551981754601, 'R'), (1.9671839773654938, '.'), (1.967239827848971, '.'), (1.96729526668787, '.'), (1.967350504361093, '.'), (1.9674051962792873, '.'), (1.9693852877244353, '.'), (1.9694414110854268, '.'), (1.969510616734624, '.'), (1.9695672951638699, '.'), (1.969622677192092, '.'), (1.9696781197562814, '.'), (1.9697492439299822, '.'), (1.9698056150227785, '.'), (1.9698749268427491, '.'), (1.9699345137923956, '.'), (1.9729427760466933, '.'), (1.9730014093220234, '.'), (1.973058900795877, '.'), (1.973115960136056, '.'), (1.973172684200108, '.'), (1.973228926770389, '.'), (1.97614112123847, '.'), (1.9763530241325498, '.'), (1.9765650602057576, '.'), (1.9767971588298678, '.'), (1.9769752509891987, '.'), (1.9771207505837083, '.'), (1.977251679636538, '.'), (1.977463441900909, '.'), (1.9889259170740843, '.'), (1.9889861578121781, '.'), (1.9890451077371836, '.'), (1.989103983156383, '.'), (1.9891627198085189, '.'), (1.98922124132514, '.'), (1.989279587753117, '.'), (1.9893370885401964, '.'), (1.9939632853493094, '.'), (1.9941030452027917, '.'), (1.99416540004313, '.'), (1.9973396863788366, '.'), (1.9974001217633486, '.'), (1.9974603466689587, '.'), (1.9975374285131693, '.'), (1.9975991938263178, '.'), (1.9976593190804124, '.'), (1.9977938486263156, '.'), (1.9979342399165034, '.'), (1.997997310012579, '.'), (2.0700042862445116, '.'), (2.0700527792796493, '.'), (2.0701000140979886, '.'), (2.070147347636521, '.'), (2.070194679312408, '.'), (2.0702416244894266, '.'), (2.0744130732491612, '.'), (2.0748890759423375, '.'), (2.075016983784735, '.'), (2.0750973569229245, '.'), (2.075146852992475, '.'), (2.07519587688148, '.'), (2.0752446381375194, '.'), (2.075293314643204, '.'), (2.4412856297567487, '.'), (2.441360373981297, '.'), (2.441430363804102, '.'), (2.4414842957630754, '.'), (2.441536031663418, '.'), (2.4415873615071177, '.'), (2.4416380915790796, '.'), (2.441688568331301, '.'), (2.441749091260135, '.'), (2.4418012723326683, '.'), (2.446282126940787, '.'), (2.4463536897674203, '.'), (2.4464111318811774, '.'), (2.4497651550918818, '.'), (2.4498174535110593, '.'), (2.450280224904418, '.'), (2.4503576140850782, '.'), (2.452379590831697, '.'), (2.452436016872525, '.'), (2.4524897299706936, '.'), (2.4525426710024476, '.'), (2.456897685304284, 'R'), (2.4576063845306635, '.'), (2.4576580319553614, '.'), (2.457709268666804, '.'), (2.4580438062548637, 'W'), (2.458561214618385, '.'), (2.45861101616174, '.'), (2.458660751581192, '.'), (2.45871030818671, '.'), (2.458759999834001, '.'), (2.458809391595423, '.'), (2.4588587963953614, '.'), (2.4592598723247647, '.'), (2.459332245402038, '.'), (2.4593906719237566, '.'), (2.4594452548772097, '.'), (2.4716050876304507, '.'), (2.4716584803536534, '.'), (2.471711093559861, '.'), (2.471763653680682, '.'), (2.4718159940093756, '.'), (2.471956480294466, '.'), (2.4723022608086467, '.'), (2.4723762506619096, '.'), (2.472436072304845, '.'), (2.472493076696992, '.'), (2.4725482128560543, '.'), (2.484441009350121, '.'), (2.484498832374811, '.'), (2.484554458409548, '.'), (2.484609412960708, '.'), (2.4846641775220633, '.'), (2.484718468040228, '.'), (2.484898518770933, '.'), (2.4849567897617817, '.'), (2.4983307542279363, '.'), (2.498428207822144, '.'), (2.4985116813331842, '.'), (2.4985908530652523, '.'), (2.498668466694653, '.'), (2.49874559417367, '.'), (2.5086613185703754, 'R'), (2.5227220840752125, 'R'), (2.536417620256543, 'R'), (2.5493388483300805, 'R'), (2.561453544534743, 'R'), (2.561904455535114, 'R'), (2.58005528524518, 'R'), (2.5987026253715158, 'R'), (2.6331179393455386, 'R'), (2.6511230804026127, 'R'), (2.652916339226067, 'R'), (2.6666100956499577, 'R'), (2.668836671859026, 'R')]
CPU memory 8-bit: write=52.540 MB/s read=43.948 MB/s
CPU memory 16-bit: write=119.139 MB/s read=97.338 MB/s
CPU memory 32-bit: write=179.178 MB/s read=190.512 MB/s
CPU memory 8-bit: write=1.388 MB/s read=1.079 MB/s
CPU memory 16-bit: write=2.776 MB/s read=2.052 MB/s
CPU memory 32-bit: write=4.542 MB/s read=4.100 MB/s
Astraea DMA: fill=87.888 MB/s copy=37.852 MB/s
