
ets Jul 29 2019 12:21:46

rst:0x1 (POWERON_RESET),boot:0x37 (SPI_FAST_FLASH_BOOT)
configsip: 0, SPIWP:0xee
clk_drv:0x00,q_drv:0x00,d_drv:0x00,cs0_drv:0x00,hd_drv:0x00,wp_drv:0x00
mode:DIO, clock div:2
load:0x3fff0030,len:6280
load:0x40078000,len:15864
load:0x40080400,len:3920
entry 0x40080644
I (27) boot: ESP-IDF v5.5.4-dirty 2nd stage bootloader
I (27) boot: compile time Jul 24 2026 19:58:20
I (28) boot: Multicore bootloader
I (29) boot: chip revision: v3.1
I (32) boot.esp32: SPI Speed      : 40MHz
I (36) boot.esp32: SPI Mode       : DIO
I (39) boot.esp32: SPI Flash Size : 4MB
I (43) boot: Enabling RNG early entropy source...
I (47) boot: Partition Table:
I (50) boot: ## Label            Usage          Type ST Offset   Length
I (56) boot:  0 nvs              WiFi data        01 02 00009000 00004000
I (63) boot:  1 otadata          OTA data         01 00 0000d000 00002000
I (69) boot:  2 phy_init         RF data          01 01 0000f000 00001000
I (76) boot:  3 factory          factory app      00 00 00010000 00100000
I (82) boot:  4 ota_0            OTA app          00 10 00110000 00100000
I (89) boot:  5 ota_1            OTA app          00 11 00210000 00100000
I (95) boot: End of partition table
I (99) boot: Defaulting to factory image
I (102) esp_image: segment 0: paddr=00010020 vaddr=3f400020 size=1a2dch (107228) map
I (147) esp_image: segment 1: paddr=0002a304 vaddr=3ffb0000 size=051b8h ( 20920) load
I (155) esp_image: segment 2: paddr=0002f4c4 vaddr=40080000 size=00b54h (  2900) load
I (156) esp_image: segment 3: paddr=00030020 vaddr=400d0020 size=22c88h (142472) map
I (209) esp_image: segment 4: paddr=00052cb0 vaddr=40080b54 size=0cc9ch ( 52380) load
I (230) esp_image: segment 5: paddr=0005f954 vaddr=50000000 size=00020h (    32) load
I (237) boot: Loaded app from partition at offset 0x10000
I (237) boot: Disabling RNG early entropy source...
I (250) cpu_start: Multicore app
I (258) cpu_start: GPIO 3 and 1 are used as console UART I/O pins
I (258) cpu_start: Pro cpu start user code
I (258) cpu_start: cpu freq: 160000000 Hz
I (260) app_init: Application information:
I (264) app_init: Project name:     astrahost
I (268) app_init: App version:      0.1.0
I (272) app_init: Compile time:     Jul 24 2026 19:58:05
I (277) app_init: ELF file SHA256:  c8a1e7e9f...
I (281) app_init: ESP-IDF:          v5.5.4-dirty
I (285) efuse_init: Min chip rev:     v0.0
I (289) efuse_init: Max chip rev:     v3.99
I (293) efuse_init: Chip rev:         v3.1
I (297) heap_init: Initializing. RAM available for dynamic allocation:
I (303) heap_init: At 3FFAE6E0 len 00001920 (6 KiB): DRAM
I (308) heap_init: At 3FFB5D90 len 0002A270 (168 KiB): DRAM
I (314) heap_init: At 3FFE0440 len 00003AE0 (14 KiB): D/IRAM
I (319) heap_init: At 3FFE4350 len 0001BCB0 (111 KiB): D/IRAM
I (325) heap_init: At 4008D7F0 len 00012810 (74 KiB): IRAM
I (331) spi_flash: detected chip: generic
I (334) spi_flash: flash io: dio
W (336) spi_flash: Detected size(16384k) larger than the size in the binary image header(4096k). Using the size in the binary image header.
I (349) main_task: Started on CPU0
I (352) main_task: Calling app_main()
I (355) AstraHost: AstraHost 0.1 starting
I (358) AstraHost: FPGA communication: SPI only, mode 0 at 20000000 Hz
I (407) sdspi_transaction: cmd=52, R1 response: command not supported
I (609) sdspi_transaction: cmd=5, R1 response: command not supported
I (1552) AstraHost: SD boot partition mounted
Name: SN256
Type: SDHC
Speed: 20.00 MHz (limit: 20.00 MHz)
Size: 244016MB
CSD: ver=2, sector_size=512, capacity=499744768 read_bl_len=9
SSR: bus_width=1
W (1640) AstraHost: native Astra volume unavailable: not a GPT disk
I (57428) AstraHost: updated /sdcard/ASTRA68.ROM: 56152 payload bytes CRC32=2f9b149c
W (57680) AstraHost: waiting for FPGA SPI link: ESP_ERR_TIMEOUT
W (58031) AstraHost: waiting for FPGA SPI link: ESP_ERR_TIMEOUT
W (58382) AstraHost: waiting for FPGA SPI link: ESP_ERR_TIMEOUT
W (58733) AstraHost: waiting for FPGA SPI link: ESP_ERR_TIMEOUT
W (59084) AstraHost: waiting for FPGA SPI link: ESP_ERR_TIMEOUT
W (59435) AstraHost: waiting for FPGA SPI link: ESP_ERR_TIMEOUT
W (59786) AstraHost: waiting for FPGA SPI link: ESP_ERR_TIMEOUT
W (60137) AstraHost: waiting for FPGA SPI link: ESP_ERR_TIMEOUT
W (60488) AstraHost: waiting for FPGA SPI link: ESP_ERR_TIMEOUT
W (60839) AstraHost: waiting for FPGA SPI link: ESP_ERR_TIMEOUT
W (61190) AstraHost: waiting for FPGA SPI link: ESP_ERR_TIMEOUT
W (61541) AstraHost: waiting for FPGA SPI link: ESP_ERR_TIMEOUT
W (61892) AstraHost: waiting for FPGA SPI link: ESP_ERR_TIMEOUT
W (62243) AstraHost: waiting for FPGA SPI link: ESP_ERR_TIMEOUT
W (62594) AstraHost: waiting for FPGA SPI link: ESP_ERR_TIMEOUT
W (62945) AstraHost: waiting for FPGA SPI link: ESP_ERR_TIMEOUT
W (63296) AstraHost: waiting for FPGA SPI link: ESP_ERR_TIMEOUT
W (63647) AstraHost: waiting for FPGA SPI link: ESP_ERR_TIMEOUT
W (63998) AstraHost: waiting for FPGA SPI link: ESP_ERR_TIMEOUT
W (64349) AstraHost: waiting for FPGA SPI link: ESP_ERR_TIMEOUT
W (64700) AstraHost: waiting for FPGA SPI link: ESP_ERR_TIMEOUT
W (65051) AstraHost: waiting for FPGA SPI link: ESP_ERR_TIMEOUT
W (65402) AstraHost: waiting for FPGA SPI link: ESP_ERR_TIMEOUT
W (65753) AstraHost: waiting for FPGA SPI link: ESP_ERR_TIMEOUT
W (66104) AstraHost: waiting for FPGA SPI link: ESP_ERR_TIMEOUT
W (66455) AstraHost: waiting for FPGA SPI link: ESP_ERR_TIMEOUT
W (66806) AstraHost: waiting for FPGA SPI link: ESP_ERR_TIMEOUT
W (67157) AstraHost: waiting for FPGA SPI link: ESP_ERR_TIMEOUT
W (67508) AstraHost: waiting for FPGA SPI link: ESP_ERR_TIMEOUT
W (67859) AstraHost: waiting for FPGA SPI link: ESP_ERR_TIMEOUT
W (68210) AstraHost: waiting for FPGA SPI link: ESP_ERR_TIMEOUT
W (68561) AstraHost: waiting for FPGA SPI link: ESP_ERR_TIMEOUT
W (68912) AstraHost: waiting for FPGA SPI link: ESP_ERR_TIMEOUT
W (69263) AstraHost: waiting for FPGA SPI link: ESP_ERR_TIMEOUT
W (69614) AstraHost: waiting for FPGA SPI link: ESP_ERR_TIMEOUT
W (69965) AstraHost: waiting for FPGA SPI link: ESP_ERR_TIMEOUT
W (70316) AstraHost: waiting for FPGA SPI link: ESP_ERR_TIMEOUT
W (70667) AstraHost: waiting for FPGA SPI link: ESP_ERR_TIMEOUT
W (71018) AstraHost: waiting for FPGA SPI link: ESP_ERR_TIMEOUT
W (71369) AstraHost: waiting for FPGA SPI link: ESP_ERR_TIMEOUT
W (71720) AstraHost: waiting for FPGA SPI link: ESP_ERR_TIMEOUT
W (72071) AstraHost: waiting for FPGA SPI link: ESP_ERR_TIMEOUT
W (72422) AstraHost: waiting for FPGA SPI link: ESP_ERR_TIMEOUT
W (72773) AstraHost: waiting for FPGA SPI link: ESP_ERR_TIMEOUT
W (73124) AstraHost: waiting for FPGA SPI link: ESP_ERR_TIMEOUT
W (73475) AstraHost: waiting for FPGA SPI link: ESP_ERR_TIMEOUT
W (73826) AstraHost: waiting for FPGA SPI link: ESP_ERR_TIMEOUT
W (74177) AstraHost: waiting for FPGA SPI link: ESP_ERR_TIMEOUT
W (74528) AstraHost: waiting for FPGA SPI link: ESP_ERR_TIMEOUT
W (74879) AstraHost: waiting for FPGA SPI link: ESP_ERR_TIMEOUT
W (75230) AstraHost: waiting for FPGA SPI link: ESP_ERR_TIMEOUT
W (75581) AstraHost: waiting for FPGA SPI link: ESP_ERR_TIMEOUT
W (75932) AstraHost: waiting for FPGA SPI link: ESP_ERR_TIMEOUT
W (76283) AstraHost: waiting for FPGA SPI link: ESP_ERR_TIMEOUT
W (76634) AstraHost: waiting for FPGA SPI link: ESP_ERR_TIMEOUT
W (76985) AstraHost: waiting for FPGA SPI link: ESP_ERR_TIMEOUT
W (77336) AstraHost: waiting for FPGA SPI link: ESP_ERR_TIMEOUT
W (77687) AstraHost: waiting for FPGA SPI link: ESP_ERR_TIMEOUT
W (78038) AstraHost: waiting for FPGA SPI link: ESP_ERR_TIMEOUT
W (78389) AstraHost: waiting for FPGA SPI link: ESP_ERR_TIMEOUT
W (78740) AstraHost: waiting for FPGA SPI link: ESP_ERR_TIMEOUT
W (79091) AstraHost: waiting for FPGA SPI link: ESP_ERR_TIMEOUT
W (79442) AstraHost: waiting for FPGA SPI link: ESP_ERR_TIMEOUT
W (79793) AstraHost: waiting for FPGA SPI link: ESP_ERR_TIMEOUT
W (80144) AstraHost: waiting for FPGA SPI link: ESP_ERR_TIMEOUT
W (80495) AstraHost: waiting for FPGA SPI link: ESP_ERR_TIMEOUT
W (80846) AstraHost: waiting for FPGA SPI link: ESP_ERR_TIMEOUT
W (81197) AstraHost: waiting for FPGA SPI link: ESP_ERR_TIMEOUT
W (81548) AstraHost: waiting for FPGA SPI link: ESP_ERR_TIMEOUT
W (81899) AstraHost: waiting for FPGA SPI link: ESP_ERR_TIMEOUT
W (82250) AstraHost: waiting for FPGA SPI link: ESP_ERR_TIMEOUT
W (82601) AstraHost: waiting for FPGA SPI link: ESP_ERR_TIMEOUT
W (82952) AstraHost: waiting for FPGA SPI link: ESP_ERR_TIMEOUT
W (83303) AstraHost: waiting for FPGA SPI link: ESP_ERR_TIMEOUT
W (83654) AstraHost: waiting for FPGA SPI link: ESP_ERR_TIMEOUT
W (84005) AstraHost: waiting for FPGA SPI link: ESP_ERR_TIMEOUT
W (84356) AstraHost: waiting for FPGA SPI link: ESP_ERR_TIMEOUT
W (84707) AstraHost: waiting for FPGA SPI link: ESP_ERR_TIMEOUT
W (85058) AstraHost: waiting for FPGA SPI link: ESP_ERR_TIMEOUT
W (85409) AstraHost: waiting for FPGA SPI link: ESP_ERR_TIMEOUT
W (85760) AstraHost: waiting for FPGA SPI link: ESP_ERR_TIMEOUT
W (86111) AstraHost: waiting for FPGA SPI link: ESP_ERR_TIMEOUT
W (86462) AstraHost: waiting for FPGA SPI link: ESP_ERR_TIMEOUT
W (86813) AstraHost: waiting for FPGA SPI link: ESP_ERR_TIMEOUT
W (87164) AstraHost: waiting for FPGA SPI link: ESP_ERR_TIMEOUT
W (87515) AstraHost: waiting for FPGA SPI link: ESP_ERR_TIMEOUT
W (87866) AstraHost: waiting for FPGA SPI link: ESP_ERR_TIMEOUT
W (88217) AstraHost: waiting for FPGA SPI link: ESP_ERR_TIMEOUT
W (88568) AstraHost: waiting for FPGA SPI link: ESP_ERR_TIMEOUT
W (88919) AstraHost: waiting for FPGA SPI link: ESP_ERR_TIMEOUT
W (89270) AstraHost: waiting for FPGA SPI link: ESP_ERR_TIMEOUT
W (89621) AstraHost: waiting for FPGA SPI link: ESP_ERR_TIMEOUT
W (89972) AstraHost: waiting for FPGA SPI link: ESP_ERR_TIMEOUT
